[2026-02-17T19:59:23.159+0530][gc] Using G1
[2026-02-17T19:59:23.171+0530][gc,init] Version: 17.0.18+8-Ubuntu-124.04.1 (release)
[2026-02-17T19:59:23.171+0530][gc,init] CPUs: 1 total, 1 available
[2026-02-17T19:59:23.171+0530][gc,init] Memory: 15805M
[2026-02-17T19:59:23.171+0530][gc,init] Large Page Support: Disabled
[2026-02-17T19:59:23.171+0530][gc,init] NUMA Support: Disabled
[2026-02-17T19:59:23.171+0530][gc,init] Compressed Oops: Enabled (32-bit)
[2026-02-17T19:59:23.171+0530][gc,init] Heap Region Size: 1M
[2026-02-17T19:59:23.171+0530][gc,init] Heap Min Capacity: 1G
[2026-02-17T19:59:23.171+0530][gc,init] Heap Initial Capacity: 1G
[2026-02-17T19:59:23.171+0530][gc,init] Heap Max Capacity: 1G
[2026-02-17T19:59:23.171+0530][gc,init] Pre-touch: Disabled
[2026-02-17T19:59:23.171+0530][gc,init] Parallel Workers: 1
[2026-02-17T19:59:23.171+0530][gc,init] Concurrent Workers: 1
[2026-02-17T19:59:23.171+0530][gc,init] Concurrent Refinement Workers: 1
[2026-02-17T19:59:23.171+0530][gc,init] Periodic GC: Disabled
[2026-02-17T19:59:23.180+0530][gc,metaspace] CDS archive(s) mapped at: [0x0000741703000000-0x0000741703bca000-0x0000741703bca000), size 12361728, SharedBaseAddress: 0x0000741703000000, ArchiveRelocationMode: 1.
[2026-02-17T19:59:23.180+0530][gc,metaspace] Compressed class space mapped at: 0x0000741704000000-0x0000741744000000, reserved size: 1073741824
[2026-02-17T19:59:23.180+0530][gc,metaspace] Narrow klass base: 0x0000741703000000, Narrow klass shift: 0, Narrow klass range: 0x100000000
[2026-02-17T19:59:25.830+0530][gc,start    ] GC(0) Pause Young (Normal) (G1 Evacuation Pause)
[2026-02-17T19:59:25.830+0530][gc,task     ] GC(0) Using 1 workers of 1 for evacuation
[2026-02-17T19:59:25.861+0530][gc,mmu      ] GC(0) MMU target violated: 21.0ms (20.0ms/21.0ms)
[2026-02-17T19:59:25.861+0530][gc,phases   ] GC(0)   Pre Evacuate Collection Set: 0.07ms
[2026-02-17T19:59:25.861+0530][gc,phases   ] GC(0)   Merge Heap Roots: 0.03ms
[2026-02-17T19:59:25.861+0530][gc,phases   ] GC(0)   Evacuate Collection Set: 28.43ms
[2026-02-17T19:59:25.861+0530][gc,phases   ] GC(0)   Post Evacuate Collection Set: 2.90ms
[2026-02-17T19:59:25.861+0530][gc,phases   ] GC(0)   Other: 0.09ms
[2026-02-17T19:59:25.861+0530][gc,heap     ] GC(0) Eden regions: 51->0(44)
[2026-02-17T19:59:25.861+0530][gc,heap     ] GC(0) Survivor regions: 0->7(7)
[2026-02-17T19:59:25.861+0530][gc,heap     ] GC(0) Old regions: 0->2
[2026-02-17T19:59:25.861+0530][gc,heap     ] GC(0) Archive regions: 2->2
[2026-02-17T19:59:25.861+0530][gc,heap     ] GC(0) Humongous regions: 0->0
[2026-02-17T19:59:25.861+0530][gc,metaspace] GC(0) Metaspace: 18390K(18560K)->18390K(18560K) NonClass: 16354K(16448K)->16354K(16448K) Class: 2035K(2112K)->2035K(2112K)
[2026-02-17T19:59:25.861+0530][gc          ] GC(0) Pause Young (Normal) (G1 Evacuation Pause) 51M->9M(1024M) 31.554ms
[2026-02-17T19:59:25.861+0530][gc,cpu      ] GC(0) User=0.01s Sys=0.00s Real=0.03s
[2026-02-17T19:59:26.565+0530][gc,start    ] GC(1) Pause Young (Concurrent Start) (Metadata GC Threshold)
[2026-02-17T19:59:26.565+0530][gc,task     ] GC(1) Using 1 workers of 1 for evacuation
[2026-02-17T19:59:26.607+0530][gc,mmu      ] GC(1) MMU target violated: 21.0ms (20.0ms/21.0ms)
[2026-02-17T19:59:26.607+0530][gc,phases   ] GC(1)   Pre Evacuate Collection Set: 1.91ms
[2026-02-17T19:59:26.607+0530][gc,phases   ] GC(1)   Merge Heap Roots: 0.03ms
[2026-02-17T19:59:26.607+0530][gc,phases   ] GC(1)   Evacuate Collection Set: 35.58ms
[2026-02-17T19:59:26.607+0530][gc,phases   ] GC(1)   Post Evacuate Collection Set: 4.44ms
[2026-02-17T19:59:26.607+0530][gc,phases   ] GC(1)   Other: 0.14ms
[2026-02-17T19:59:26.607+0530][gc,heap     ] GC(1) Eden regions: 12->0(50)
[2026-02-17T19:59:26.607+0530][gc,heap     ] GC(1) Survivor regions: 7->1(7)
[2026-02-17T19:59:26.607+0530][gc,heap     ] GC(1) Old regions: 2->9
[2026-02-17T19:59:26.607+0530][gc,heap     ] GC(1) Archive regions: 2->2
[2026-02-17T19:59:26.607+0530][gc,heap     ] GC(1) Humongous regions: 0->0
[2026-02-17T19:59:26.607+0530][gc,metaspace] GC(1) Metaspace: 21313K(21504K)->21313K(21504K) NonClass: 18919K(19008K)->18919K(19008K) Class: 2394K(2496K)->2394K(2496K)
[2026-02-17T19:59:26.607+0530][gc          ] GC(1) Pause Young (Concurrent Start) (Metadata GC Threshold) 20M->10M(1024M) 42.143ms
[2026-02-17T19:59:26.607+0530][gc,cpu      ] GC(1) User=0.00s Sys=0.00s Real=0.05s
[2026-02-17T19:59:26.608+0530][gc          ] GC(2) Concurrent Mark Cycle
[2026-02-17T19:59:26.608+0530][gc,marking  ] GC(2) Concurrent Clear Claimed Marks
[2026-02-17T19:59:26.608+0530][gc,marking  ] GC(2) Concurrent Clear Claimed Marks 0.009ms
[2026-02-17T19:59:26.608+0530][gc,marking  ] GC(2) Concurrent Scan Root Regions
[2026-02-17T19:59:26.621+0530][gc,marking  ] GC(2) Concurrent Scan Root Regions 12.968ms
[2026-02-17T19:59:26.621+0530][gc,marking  ] GC(2) Concurrent Mark
[2026-02-17T19:59:26.621+0530][gc,marking  ] GC(2) Concurrent Mark From Roots
[2026-02-17T19:59:26.621+0530][gc,task     ] GC(2) Using 1 workers of 1 for marking
[2026-02-17T19:59:26.645+0530][gc,marking  ] GC(2) Concurrent Mark From Roots 23.588ms
[2026-02-17T19:59:26.645+0530][gc,marking  ] GC(2) Concurrent Preclean
[2026-02-17T19:59:26.645+0530][gc,marking  ] GC(2) Concurrent Preclean 0.023ms
[2026-02-17T19:59:26.648+0530][gc,start    ] GC(2) Pause Remark
[2026-02-17T19:59:26.654+0530][gc          ] GC(2) Pause Remark 11M->11M(1024M) 5.759ms
[2026-02-17T19:59:26.654+0530][gc,cpu      ] GC(2) User=0.00s Sys=0.00s Real=0.00s
[2026-02-17T19:59:26.655+0530][gc,marking  ] GC(2) Concurrent Mark 34.089ms
[2026-02-17T19:59:26.655+0530][gc,marking  ] GC(2) Concurrent Rebuild Remembered Sets
[2026-02-17T19:59:26.670+0530][gc,marking  ] GC(2) Concurrent Rebuild Remembered Sets 14.652ms
[2026-02-17T19:59:26.673+0530][gc,start    ] GC(2) Pause Cleanup
[2026-02-17T19:59:26.674+0530][gc          ] GC(2) Pause Cleanup 11M->11M(1024M) 0.134ms
[2026-02-17T19:59:26.674+0530][gc,cpu      ] GC(2) User=0.00s Sys=0.00s Real=0.00s
[2026-02-17T19:59:26.674+0530][gc,marking  ] GC(2) Concurrent Cleanup for Next Mark
[2026-02-17T19:59:26.709+0530][gc,marking  ] GC(2) Concurrent Cleanup for Next Mark 35.164ms
[2026-02-17T19:59:26.709+0530][gc          ] GC(2) Concurrent Mark Cycle 100.688ms
[2026-02-17T19:59:28.786+0530][gc,start    ] GC(3) Pause Young (Normal) (G1 Evacuation Pause)
[2026-02-17T19:59:28.787+0530][gc,task     ] GC(3) Using 1 workers of 1 for evacuation
[2026-02-17T19:59:28.843+0530][gc,mmu      ] GC(3) MMU target violated: 21.0ms (20.0ms/21.0ms)
[2026-02-17T19:59:28.843+0530][gc,phases   ] GC(3)   Pre Evacuate Collection Set: 0.80ms
[2026-02-17T19:59:28.843+0530][gc,phases   ] GC(3)   Merge Heap Roots: 0.03ms
[2026-02-17T19:59:28.843+0530][gc,phases   ] GC(3)   Evacuate Collection Set: 49.56ms
[2026-02-17T19:59:28.843+0530][gc,phases   ] GC(3)   Post Evacuate Collection Set: 6.44ms
[2026-02-17T19:59:28.843+0530][gc,phases   ] GC(3)   Other: 0.11ms
[2026-02-17T19:59:28.843+0530][gc,heap     ] GC(3) Eden regions: 50->0(47)
[2026-02-17T19:59:28.843+0530][gc,heap     ] GC(3) Survivor regions: 1->4(7)
[2026-02-17T19:59:28.843+0530][gc,heap     ] GC(3) Old regions: 9->9
[2026-02-17T19:59:28.843+0530][gc,heap     ] GC(3) Archive regions: 2->2
[2026-02-17T19:59:28.843+0530][gc,heap     ] GC(3) Humongous regions: 0->0
[2026-02-17T19:59:28.843+0530][gc,metaspace] GC(3) Metaspace: 30515K(30720K)->30515K(30720K) NonClass: 27081K(27200K)->27081K(27200K) Class: 3434K(3520K)->3434K(3520K)
[2026-02-17T19:59:28.843+0530][gc          ] GC(3) Pause Young (Normal) (G1 Evacuation Pause) 60M->12M(1024M) 56.969ms
[2026-02-17T19:59:28.843+0530][gc,cpu      ] GC(3) User=0.01s Sys=0.00s Real=0.05s
[2026-02-17T19:59:33.921+0530][gc,start    ] GC(4) Pause Young (Concurrent Start) (Metadata GC Threshold)
[2026-02-17T19:59:33.921+0530][gc,task     ] GC(4) Using 1 workers of 1 for evacuation
[2026-02-17T19:59:34.026+0530][gc,mmu      ] GC(4) MMU target violated: 21.0ms (20.0ms/21.0ms)
[2026-02-17T19:59:34.026+0530][gc,phases   ] GC(4)   Pre Evacuate Collection Set: 1.87ms
[2026-02-17T19:59:34.026+0530][gc,phases   ] GC(4)   Merge Heap Roots: 0.15ms
[2026-02-17T19:59:34.026+0530][gc,phases   ] GC(4)   Evacuate Collection Set: 98.35ms
[2026-02-17T19:59:34.026+0530][gc,phases   ] GC(4)   Post Evacuate Collection Set: 4.60ms
[2026-02-17T19:59:34.026+0530][gc,phases   ] GC(4)   Other: 0.12ms
[2026-02-17T19:59:34.026+0530][gc,heap     ] GC(4) Eden regions: 33->0(44)
[2026-02-17T19:59:34.026+0530][gc,heap     ] GC(4) Survivor regions: 4->7(7)
[2026-02-17T19:59:34.026+0530][gc,heap     ] GC(4) Old regions: 9->9
[2026-02-17T19:59:34.026+0530][gc,heap     ] GC(4) Archive regions: 2->2
[2026-02-17T19:59:34.026+0530][gc,heap     ] GC(4) Humongous regions: 9->9
[2026-02-17T19:59:34.026+0530][gc,metaspace] GC(4) Metaspace: 35653K(35968K)->35653K(35968K) NonClass: 31702K(31872K)->31702K(31872K) Class: 3951K(4096K)->3951K(4096K)
[2026-02-17T19:59:34.026+0530][gc          ] GC(4) Pause Young (Concurrent Start) (Metadata GC Threshold) 53M->24M(1024M) 105.131ms
[2026-02-17T19:59:34.026+0530][gc,cpu      ] GC(4) User=0.01s Sys=0.00s Real=0.10s
[2026-02-17T19:59:34.028+0530][gc          ] GC(5) Concurrent Mark Cycle
[2026-02-17T19:59:34.028+0530][gc,marking  ] GC(5) Concurrent Clear Claimed Marks
[2026-02-17T19:59:34.028+0530][gc,marking  ] GC(5) Concurrent Clear Claimed Marks 0.017ms
[2026-02-17T19:59:34.028+0530][gc,marking  ] GC(5) Concurrent Scan Root Regions
[2026-02-17T19:59:34.069+0530][gc,marking  ] GC(5) Concurrent Scan Root Regions 40.633ms
[2026-02-17T19:59:34.069+0530][gc,marking  ] GC(5) Concurrent Mark
[2026-02-17T19:59:34.069+0530][gc,marking  ] GC(5) Concurrent Mark From Roots
[2026-02-17T19:59:34.069+0530][gc,task     ] GC(5) Using 1 workers of 1 for marking
[2026-02-17T19:59:34.147+0530][gc,marking  ] GC(5) Concurrent Mark From Roots 78.491ms
[2026-02-17T19:59:34.148+0530][gc,marking  ] GC(5) Concurrent Preclean
[2026-02-17T19:59:34.148+0530][gc,marking  ] GC(5) Concurrent Preclean 0.037ms
[2026-02-17T19:59:34.150+0530][gc,start    ] GC(5) Pause Remark
[2026-02-17T19:59:34.177+0530][gc,mmu      ] GC(5) MMU target violated: 21.0ms (20.0ms/21.0ms)
[2026-02-17T19:59:34.177+0530][gc          ] GC(5) Pause Remark 28M->28M(1024M) 27.845ms
[2026-02-17T19:59:34.177+0530][gc,cpu      ] GC(5) User=0.01s Sys=0.00s Real=0.03s
[2026-02-17T19:59:34.177+0530][gc,marking  ] GC(5) Concurrent Mark 108.479ms
[2026-02-17T19:59:34.177+0530][gc,marking  ] GC(5) Concurrent Rebuild Remembered Sets
[2026-02-17T19:59:34.227+0530][gc,marking  ] GC(5) Concurrent Rebuild Remembered Sets 50.007ms
[2026-02-17T19:59:34.632+0530][gc,start    ] GC(5) Pause Cleanup
[2026-02-17T19:59:34.632+0530][gc          ] GC(5) Pause Cleanup 158M->158M(1024M) 0.149ms
[2026-02-17T19:59:34.632+0530][gc,cpu      ] GC(5) User=0.00s Sys=0.00s Real=0.00s
[2026-02-17T19:59:34.634+0530][gc,marking  ] GC(5) Concurrent Cleanup for Next Mark
[2026-02-17T19:59:34.708+0530][gc,marking  ] GC(5) Concurrent Cleanup for Next Mark 74.175ms
[2026-02-17T19:59:34.709+0530][gc          ] GC(5) Concurrent Mark Cycle 680.966ms
[2026-02-17T20:03:42.827+0530][gc,start    ] GC(6) Pause Young (Concurrent Start) (G1 Evacuation Pause)
[2026-02-17T20:03:42.827+0530][gc,task     ] GC(6) Using 1 workers of 1 for evacuation
[2026-02-17T20:03:42.844+0530][gc,phases   ] GC(6)   Pre Evacuate Collection Set: 0.45ms
[2026-02-17T20:03:42.844+0530][gc,phases   ] GC(6)   Merge Heap Roots: 0.05ms
[2026-02-17T20:03:42.844+0530][gc,phases   ] GC(6)   Evacuate Collection Set: 16.12ms
[2026-02-17T20:03:42.844+0530][gc,phases   ] GC(6)   Post Evacuate Collection Set: 0.38ms
[2026-02-17T20:03:42.844+0530][gc,phases   ] GC(6)   Other: 0.11ms
[2026-02-17T20:03:42.844+0530][gc,heap     ] GC(6) Eden regions: 44->0(45)
[2026-02-17T20:03:42.844+0530][gc,heap     ] GC(6) Survivor regions: 7->6(7)
[2026-02-17T20:03:42.844+0530][gc,heap     ] GC(6) Old regions: 9->12
[2026-02-17T20:03:42.844+0530][gc,heap     ] GC(6) Archive regions: 2->2
[2026-02-17T20:03:42.844+0530][gc,heap     ] GC(6) Humongous regions: 138->138
[2026-02-17T20:03:42.844+0530][gc,metaspace] GC(6) Metaspace: 38644K(38976K)->38644K(38976K) NonClass: 34474K(34624K)->34474K(34624K) Class: 4169K(4352K)->4169K(4352K)
[2026-02-17T20:03:42.844+0530][gc          ] GC(6) Pause Young (Concurrent Start) (G1 Evacuation Pause) 197M->156M(1024M) 17.166ms
[2026-02-17T20:03:42.844+0530][gc,cpu      ] GC(6) User=0.01s Sys=0.00s Real=0.01s
[2026-02-17T20:03:42.844+0530][gc          ] GC(7) Concurrent Mark Cycle
[2026-02-17T20:03:42.844+0530][gc,marking  ] GC(7) Concurrent Clear Claimed Marks
[2026-02-17T20:03:42.844+0530][gc,marking  ] GC(7) Concurrent Clear Claimed Marks 0.013ms
[2026-02-17T20:03:42.844+0530][gc,marking  ] GC(7) Concurrent Scan Root Regions
[2026-02-17T20:03:42.852+0530][gc,marking  ] GC(7) Concurrent Scan Root Regions 8.120ms
[2026-02-17T20:03:42.852+0530][gc,marking  ] GC(7) Concurrent Mark
[2026-02-17T20:03:42.852+0530][gc,marking  ] GC(7) Concurrent Mark From Roots
[2026-02-17T20:03:42.852+0530][gc,task     ] GC(7) Using 1 workers of 1 for marking
[2026-02-17T20:03:42.860+0530][gc,marking  ] GC(7) Concurrent Mark From Roots 8.037ms
[2026-02-17T20:03:42.860+0530][gc,marking  ] GC(7) Concurrent Preclean
[2026-02-17T20:03:42.860+0530][gc,marking  ] GC(7) Concurrent Preclean 0.030ms
[2026-02-17T20:03:42.860+0530][gc,start    ] GC(7) Pause Remark
[2026-02-17T20:03:42.865+0530][gc          ] GC(7) Pause Remark 157M->157M(1024M) 4.627ms
[2026-02-17T20:03:42.865+0530][gc,cpu      ] GC(7) User=0.01s Sys=0.00s Real=0.00s
[2026-02-17T20:03:42.865+0530][gc,marking  ] GC(7) Concurrent Mark 13.091ms
[2026-02-17T20:03:42.865+0530][gc,marking  ] GC(7) Concurrent Rebuild Remembered Sets
[2026-02-17T20:03:42.869+0530][gc,marking  ] GC(7) Concurrent Rebuild Remembered Sets 4.189ms
[2026-02-17T20:03:42.870+0530][gc,start    ] GC(7) Pause Cleanup
[2026-02-17T20:03:42.870+0530][gc          ] GC(7) Pause Cleanup 157M->157M(1024M) 0.096ms
[2026-02-17T20:03:42.870+0530][gc,cpu      ] GC(7) User=0.00s Sys=0.00s Real=0.00s
[2026-02-17T20:03:42.870+0530][gc,marking  ] GC(7) Concurrent Cleanup for Next Mark
[2026-02-17T20:03:42.871+0530][gc,marking  ] GC(7) Concurrent Cleanup for Next Mark 1.367ms
[2026-02-17T20:03:42.871+0530][gc          ] GC(7) Concurrent Mark Cycle 27.007ms
[2026-02-17T20:09:12.495+0530][gc,start    ] GC(8) Pause Young (Normal) (G1 Evacuation Pause)
[2026-02-17T20:09:12.495+0530][gc,task     ] GC(8) Using 1 workers of 1 for evacuation
[2026-02-17T20:09:12.510+0530][gc,phases   ] GC(8)   Pre Evacuate Collection Set: 0.18ms
[2026-02-17T20:09:12.510+0530][gc,phases   ] GC(8)   Merge Heap Roots: 0.05ms
[2026-02-17T20:09:12.510+0530][gc,phases   ] GC(8)   Evacuate Collection Set: 13.78ms
[2026-02-17T20:09:12.510+0530][gc,phases   ] GC(8)   Post Evacuate Collection Set: 0.27ms
[2026-02-17T20:09:12.510+0530][gc,phases   ] GC(8)   Other: 0.09ms
[2026-02-17T20:09:12.510+0530][gc,heap     ] GC(8) Eden regions: 45->0(48)
[2026-02-17T20:09:12.510+0530][gc,heap     ] GC(8) Survivor regions: 6->3(7)
[2026-02-17T20:09:12.510+0530][gc,heap     ] GC(8) Old regions: 12->15
[2026-02-17T20:09:12.510+0530][gc,heap     ] GC(8) Archive regions: 2->2
[2026-02-17T20:09:12.510+0530][gc,heap     ] GC(8) Humongous regions: 138->138
[2026-02-17T20:09:12.510+0530][gc,metaspace] GC(8) Metaspace: 38831K(39232K)->38831K(39232K) NonClass: 34662K(34880K)->34662K(34880K) Class: 4169K(4352K)->4169K(4352K)
[2026-02-17T20:09:12.510+0530][gc          ] GC(8) Pause Young (Normal) (G1 Evacuation Pause) 201M->156M(1024M) 14.421ms
[2026-02-17T20:09:12.510+0530][gc,cpu      ] GC(8) User=0.01s Sys=0.00s Real=0.02s
[2026-02-17T20:12:46.432+0530][gc,start    ] GC(9) Pause Young (Normal) (G1 Evacuation Pause)
[2026-02-17T20:12:46.433+0530][gc,task     ] GC(9) Using 1 workers of 1 for evacuation
[2026-02-17T20:12:46.575+0530][gc,mmu      ] GC(9) MMU target violated: 21.0ms (20.0ms/21.0ms)
[2026-02-17T20:12:46.575+0530][gc,phases   ] GC(9)   Pre Evacuate Collection Set: 5.13ms
[2026-02-17T20:12:46.575+0530][gc,phases   ] GC(9)   Merge Heap Roots: 0.06ms
[2026-02-17T20:12:46.575+0530][gc,phases   ] GC(9)   Evacuate Collection Set: 126.59ms
[2026-02-17T20:12:46.575+0530][gc,phases   ] GC(9)   Post Evacuate Collection Set: 10.91ms
[2026-02-17T20:12:46.575+0530][gc,phases   ] GC(9)   Other: 0.54ms
[2026-02-17T20:12:46.575+0530][gc,heap     ] GC(9) Eden regions: 48->0(46)
[2026-02-17T20:12:46.575+0530][gc,heap     ] GC(9) Survivor regions: 3->5(7)
[2026-02-17T20:12:46.575+0530][gc,heap     ] GC(9) Old regions: 15->15
[2026-02-17T20:12:46.575+0530][gc,heap     ] GC(9) Archive regions: 2->2
[2026-02-17T20:12:46.575+0530][gc,heap     ] GC(9) Humongous regions: 138->138
[2026-02-17T20:12:46.575+0530][gc,metaspace] GC(9) Metaspace: 41218K(41728K)->41218K(41728K) NonClass: 36655K(36928K)->36655K(36928K) Class: 4562K(4800K)->4562K(4800K)
[2026-02-17T20:12:46.575+0530][gc          ] GC(9) Pause Young (Normal) (G1 Evacuation Pause) 204M->158M(1024M) 143.294ms
[2026-02-17T20:12:46.575+0530][gc,cpu      ] GC(9) User=0.01s Sys=0.00s Real=0.14s
[2026-02-17T20:14:04.461+0530][gc,start    ] GC(10) Pause Young (Normal) (G1 Evacuation Pause)
[2026-02-17T20:14:04.461+0530][gc,task     ] GC(10) Using 1 workers of 1 for evacuation
[2026-02-17T20:14:04.494+0530][gc,mmu      ] GC(10) MMU target violated: 21.0ms (20.0ms/21.0ms)
[2026-02-17T20:14:04.494+0530][gc,phases   ] GC(10)   Pre Evacuate Collection Set: 0.24ms
[2026-02-17T20:14:04.494+0530][gc,phases   ] GC(10)   Merge Heap Roots: 0.14ms
[2026-02-17T20:14:04.494+0530][gc,phases   ] GC(10)   Evacuate Collection Set: 30.37ms
[2026-02-17T20:14:04.494+0530][gc,phases   ] GC(10)   Post Evacuate Collection Set: 2.49ms
[2026-02-17T20:14:04.494+0530][gc,phases   ] GC(10)   Other: 0.13ms
[2026-02-17T20:14:04.494+0530][gc,heap     ] GC(10) Eden regions: 46->0(45)
[2026-02-17T20:14:04.494+0530][gc,heap     ] GC(10) Survivor regions: 5->6(7)
[2026-02-17T20:14:04.494+0530][gc,heap     ] GC(10) Old regions: 15->16
[2026-02-17T20:14:04.494+0530][gc,heap     ] GC(10) Archive regions: 2->2
[2026-02-17T20:14:04.494+0530][gc,heap     ] GC(10) Humongous regions: 138->138
[2026-02-17T20:14:04.494+0530][gc,metaspace] GC(10) Metaspace: 42633K(43072K)->42633K(43072K) NonClass: 37865K(38080K)->37865K(38080K) Class: 4767K(4992K)->4767K(4992K)
[2026-02-17T20:14:04.494+0530][gc          ] GC(10) Pause Young (Normal) (G1 Evacuation Pause) 204M->160M(1024M) 33.468ms
[2026-02-17T20:14:04.494+0530][gc,cpu      ] GC(10) User=0.01s Sys=0.00s Real=0.03s
[2026-02-17T20:15:49.908+0530][gc,start    ] GC(11) Pause Young (Normal) (G1 Evacuation Pause)
[2026-02-17T20:15:49.908+0530][gc,task     ] GC(11) Using 1 workers of 1 for evacuation
[2026-02-17T20:15:49.929+0530][gc,mmu      ] GC(11) MMU target violated: 20.3ms (20.0ms/21.0ms)
[2026-02-17T20:15:49.929+0530][gc,phases   ] GC(11)   Pre Evacuate Collection Set: 0.19ms
[2026-02-17T20:15:49.929+0530][gc,phases   ] GC(11)   Merge Heap Roots: 0.05ms
[2026-02-17T20:15:49.929+0530][gc,phases   ] GC(11)   Evacuate Collection Set: 18.51ms
[2026-02-17T20:15:49.929+0530][gc,phases   ] GC(11)   Post Evacuate Collection Set: 1.61ms
[2026-02-17T20:15:49.929+0530][gc,phases   ] GC(11)   Other: 0.31ms
[2026-02-17T20:15:49.929+0530][gc,heap     ] GC(11) Eden regions: 45->0(47)
[2026-02-17T20:15:49.929+0530][gc,heap     ] GC(11) Survivor regions: 6->4(7)
[2026-02-17T20:15:49.929+0530][gc,heap     ] GC(11) Old regions: 16->18
[2026-02-17T20:15:49.929+0530][gc,heap     ] GC(11) Archive regions: 2->2
[2026-02-17T20:15:49.929+0530][gc,heap     ] GC(11) Humongous regions: 138->138
[2026-02-17T20:15:49.929+0530][gc,metaspace] GC(11) Metaspace: 42942K(43392K)->42942K(43392K) NonClass: 38149K(38400K)->38149K(38400K) Class: 4792K(4992K)->4792K(4992K)
[2026-02-17T20:15:49.929+0530][gc          ] GC(11) Pause Young (Normal) (G1 Evacuation Pause) 205M->160M(1024M) 20.703ms
[2026-02-17T20:15:49.929+0530][gc,cpu      ] GC(11) User=0.01s Sys=0.00s Real=0.02s
[2026-02-17T20:17:46.202+0530][gc,start    ] GC(12) Pause Young (Normal) (G1 Evacuation Pause)
[2026-02-17T20:17:46.202+0530][gc,task     ] GC(12) Using 1 workers of 1 for evacuation
[2026-02-17T20:17:46.214+0530][gc,phases   ] GC(12)   Pre Evacuate Collection Set: 0.11ms
[2026-02-17T20:17:46.214+0530][gc,phases   ] GC(12)   Merge Heap Roots: 0.12ms
[2026-02-17T20:17:46.214+0530][gc,phases   ] GC(12)   Evacuate Collection Set: 9.55ms
[2026-02-17T20:17:46.214+0530][gc,phases   ] GC(12)   Post Evacuate Collection Set: 1.75ms
[2026-02-17T20:17:46.214+0530][gc,phases   ] GC(12)   Other: 0.32ms
[2026-02-17T20:17:46.214+0530][gc,heap     ] GC(12) Eden regions: 47->0(47)
[2026-02-17T20:17:46.214+0530][gc,heap     ] GC(12) Survivor regions: 4->4(7)
[2026-02-17T20:17:46.214+0530][gc,heap     ] GC(12) Old regions: 18->20
[2026-02-17T20:17:46.214+0530][gc,heap     ] GC(12) Archive regions: 2->2
[2026-02-17T20:17:46.214+0530][gc,heap     ] GC(12) Humongous regions: 138->138
[2026-02-17T20:17:46.214+0530][gc,metaspace] GC(12) Metaspace: 43014K(43456K)->43014K(43456K) NonClass: 38220K(38464K)->38220K(38464K) Class: 4793K(4992K)->4793K(4992K)
[2026-02-17T20:17:46.214+0530][gc          ] GC(12) Pause Young (Normal) (G1 Evacuation Pause) 207M->161M(1024M) 11.906ms
[2026-02-17T20:17:46.214+0530][gc,cpu      ] GC(12) User=0.01s Sys=0.00s Real=0.01s
[2026-02-17T20:19:42.951+0530][gc,start    ] GC(13) Pause Young (Normal) (G1 Evacuation Pause)
[2026-02-17T20:19:42.951+0530][gc,task     ] GC(13) Using 1 workers of 1 for evacuation
[2026-02-17T20:19:42.970+0530][gc,phases   ] GC(13)   Pre Evacuate Collection Set: 0.17ms
[2026-02-17T20:19:42.970+0530][gc,phases   ] GC(13)   Merge Heap Roots: 0.05ms
[2026-02-17T20:19:42.970+0530][gc,phases   ] GC(13)   Evacuate Collection Set: 18.03ms
[2026-02-17T20:19:42.970+0530][gc,phases   ] GC(13)   Post Evacuate Collection Set: 0.25ms
[2026-02-17T20:19:42.970+0530][gc,phases   ] GC(13)   Other: 0.09ms
[2026-02-17T20:19:42.970+0530][gc,heap     ] GC(13) Eden regions: 47->0(44)
[2026-02-17T20:19:42.970+0530][gc,heap     ] GC(13) Survivor regions: 4->7(7)
[2026-02-17T20:19:42.970+0530][gc,heap     ] GC(13) Old regions: 20->20
[2026-02-17T20:19:42.970+0530][gc,heap     ] GC(13) Archive regions: 2->2
[2026-02-17T20:19:42.970+0530][gc,heap     ] GC(13) Humongous regions: 138->138
[2026-02-17T20:19:42.970+0530][gc,metaspace] GC(13) Metaspace: 43092K(43520K)->43092K(43520K) NonClass: 38298K(38528K)->38298K(38528K) Class: 4793K(4992K)->4793K(4992K)
[2026-02-17T20:19:42.970+0530][gc          ] GC(13) Pause Young (Normal) (G1 Evacuation Pause) 208M->165M(1024M) 18.817ms
[2026-02-17T20:19:42.970+0530][gc,cpu      ] GC(13) User=0.02s Sys=0.00s Real=0.02s
[2026-02-17T20:21:31.743+0530][gc,start    ] GC(14) Pause Young (Normal) (G1 Evacuation Pause)
[2026-02-17T20:21:31.743+0530][gc,task     ] GC(14) Using 1 workers of 1 for evacuation
[2026-02-17T20:21:31.765+0530][gc,mmu      ] GC(14) MMU target violated: 21.0ms (20.0ms/21.0ms)
[2026-02-17T20:21:31.765+0530][gc,phases   ] GC(14)   Pre Evacuate Collection Set: 0.48ms
[2026-02-17T20:21:31.765+0530][gc,phases   ] GC(14)   Merge Heap Roots: 0.07ms
[2026-02-17T20:21:31.765+0530][gc,phases   ] GC(14)   Evacuate Collection Set: 20.87ms
[2026-02-17T20:21:31.765+0530][gc,phases   ] GC(14)   Post Evacuate Collection Set: 0.34ms
[2026-02-17T20:21:31.765+0530][gc,phases   ] GC(14)   Other: 0.19ms
[2026-02-17T20:21:31.765+0530][gc,heap     ] GC(14) Eden regions: 44->0(47)
[2026-02-17T20:21:31.765+0530][gc,heap     ] GC(14) Survivor regions: 7->4(7)
[2026-02-17T20:21:31.765+0530][gc,heap     ] GC(14) Old regions: 20->25
[2026-02-17T20:21:31.765+0530][gc,heap     ] GC(14) Archive regions: 2->2
[2026-02-17T20:21:31.765+0530][gc,heap     ] GC(14) Humongous regions: 138->138
[2026-02-17T20:21:31.765+0530][gc,metaspace] GC(14) Metaspace: 43137K(43584K)->43137K(43584K) NonClass: 38341K(38592K)->38341K(38592K) Class: 4796K(4992K)->4796K(4992K)
[2026-02-17T20:21:31.765+0530][gc          ] GC(14) Pause Young (Normal) (G1 Evacuation Pause) 209M->166M(1024M) 21.975ms
[2026-02-17T20:21:31.765+0530][gc,cpu      ] GC(14) User=0.01s Sys=0.00s Real=0.02s
[2026-02-17T20:23:28.863+0530][gc,start    ] GC(15) Pause Young (Normal) (G1 Evacuation Pause)
[2026-02-17T20:23:28.863+0530][gc,task     ] GC(15) Using 1 workers of 1 for evacuation
[2026-02-17T20:23:28.872+0530][gc,phases   ] GC(15)   Pre Evacuate Collection Set: 0.14ms
[2026-02-17T20:23:28.872+0530][gc,phases   ] GC(15)   Merge Heap Roots: 0.07ms
[2026-02-17T20:23:28.872+0530][gc,phases   ] GC(15)   Evacuate Collection Set: 8.46ms
[2026-02-17T20:23:28.872+0530][gc,phases   ] GC(15)   Post Evacuate Collection Set: 0.26ms
[2026-02-17T20:23:28.872+0530][gc,phases   ] GC(15)   Other: 0.10ms
[2026-02-17T20:23:28.872+0530][gc,heap     ] GC(15) Eden regions: 47->0(46)
[2026-02-17T20:23:28.872+0530][gc,heap     ] GC(15) Survivor regions: 4->5(7)
[2026-02-17T20:23:28.872+0530][gc,heap     ] GC(15) Old regions: 25->25
[2026-02-17T20:23:28.872+0530][gc,heap     ] GC(15) Archive regions: 2->2
[2026-02-17T20:23:28.872+0530][gc,heap     ] GC(15) Humongous regions: 138->138
[2026-02-17T20:23:28.872+0530][gc,metaspace] GC(15) Metaspace: 43187K(43648K)->43187K(43648K) NonClass: 38390K(38656K)->38390K(38656K) Class: 4796K(4992K)->4796K(4992K)
[2026-02-17T20:23:28.872+0530][gc          ] GC(15) Pause Young (Normal) (G1 Evacuation Pause) 213M->167M(1024M) 9.081ms
[2026-02-17T20:23:28.872+0530][gc,cpu      ] GC(15) User=0.01s Sys=0.00s Real=0.01s
[2026-02-17T20:25:24.853+0530][gc,start    ] GC(16) Pause Young (Normal) (G1 Evacuation Pause)
[2026-02-17T20:25:24.853+0530][gc,task     ] GC(16) Using 1 workers of 1 for evacuation
[2026-02-17T20:25:24.868+0530][gc,phases   ] GC(16)   Pre Evacuate Collection Set: 0.15ms
[2026-02-17T20:25:24.868+0530][gc,phases   ] GC(16)   Merge Heap Roots: 0.08ms
[2026-02-17T20:25:24.868+0530][gc,phases   ] GC(16)   Evacuate Collection Set: 13.89ms
[2026-02-17T20:25:24.868+0530][gc,phases   ] GC(16)   Post Evacuate Collection Set: 0.25ms
[2026-02-17T20:25:24.868+0530][gc,phases   ] GC(16)   Other: 0.08ms
[2026-02-17T20:25:24.868+0530][gc,heap     ] GC(16) Eden regions: 46->0(44)
[2026-02-17T20:25:24.868+0530][gc,heap     ] GC(16) Survivor regions: 5->7(7)
[2026-02-17T20:25:24.868+0530][gc,heap     ] GC(16) Old regions: 25->27
[2026-02-17T20:25:24.868+0530][gc,heap     ] GC(16) Archive regions: 2->2
[2026-02-17T20:25:24.868+0530][gc,heap     ] GC(16) Humongous regions: 138->138
[2026-02-17T20:25:24.868+0530][gc,metaspace] GC(16) Metaspace: 43195K(43648K)->43195K(43648K) NonClass: 38399K(38656K)->38399K(38656K) Class: 4796K(4992K)->4796K(4992K)
[2026-02-17T20:25:24.868+0530][gc          ] GC(16) Pause Young (Normal) (G1 Evacuation Pause) 213M->171M(1024M) 14.499ms
[2026-02-17T20:25:24.868+0530][gc,cpu      ] GC(16) User=0.02s Sys=0.00s Real=0.02s
[2026-02-17T20:27:15.872+0530][gc,start    ] GC(17) Pause Young (Normal) (G1 Evacuation Pause)
[2026-02-17T20:27:15.872+0530][gc,task     ] GC(17) Using 1 workers of 1 for evacuation
[2026-02-17T20:27:15.888+0530][gc,phases   ] GC(17)   Pre Evacuate Collection Set: 0.21ms
[2026-02-17T20:27:15.888+0530][gc,phases   ] GC(17)   Merge Heap Roots: 0.16ms
[2026-02-17T20:27:15.888+0530][gc,phases   ] GC(17)   Evacuate Collection Set: 15.21ms
[2026-02-17T20:27:15.888+0530][gc,phases   ] GC(17)   Post Evacuate Collection Set: 0.20ms
[2026-02-17T20:27:15.888+0530][gc,phases   ] GC(17)   Other: 0.14ms
[2026-02-17T20:27:15.888+0530][gc,heap     ] GC(17) Eden regions: 44->0(47)
[2026-02-17T20:27:15.888+0530][gc,heap     ] GC(17) Survivor regions: 7->4(7)
[2026-02-17T20:27:15.888+0530][gc,heap     ] GC(17) Old regions: 27->31
[2026-02-17T20:27:15.888+0530][gc,heap     ] GC(17) Archive regions: 2->2
[2026-02-17T20:27:15.888+0530][gc,heap     ] GC(17) Humongous regions: 138->138
[2026-02-17T20:27:15.888+0530][gc,metaspace] GC(17) Metaspace: 43203K(43648K)->43203K(43648K) NonClass: 38406K(38656K)->38406K(38656K) Class: 4796K(4992K)->4796K(4992K)
[2026-02-17T20:27:15.888+0530][gc          ] GC(17) Pause Young (Normal) (G1 Evacuation Pause) 215M->172M(1024M) 15.920ms
[2026-02-17T20:27:15.888+0530][gc,cpu      ] GC(17) User=0.01s Sys=0.00s Real=0.02s
[2026-02-17T20:29:14.319+0530][gc,start    ] GC(18) Pause Young (Normal) (G1 Evacuation Pause)
[2026-02-17T20:29:14.319+0530][gc,task     ] GC(18) Using 1 workers of 1 for evacuation
[2026-02-17T20:29:14.328+0530][gc,phases   ] GC(18)   Pre Evacuate Collection Set: 0.35ms
[2026-02-17T20:29:14.328+0530][gc,phases   ] GC(18)   Merge Heap Roots: 0.07ms
[2026-02-17T20:29:14.328+0530][gc,phases   ] GC(18)   Evacuate Collection Set: 8.46ms
[2026-02-17T20:29:14.328+0530][gc,phases   ] GC(18)   Post Evacuate Collection Set: 0.20ms
[2026-02-17T20:29:14.328+0530][gc,phases   ] GC(18)   Other: 0.15ms
[2026-02-17T20:29:14.328+0530][gc,heap     ] GC(18) Eden regions: 47->0(46)
[2026-02-17T20:29:14.328+0530][gc,heap     ] GC(18) Survivor regions: 4->5(7)
[2026-02-17T20:29:14.328+0530][gc,heap     ] GC(18) Old regions: 31->31
[2026-02-17T20:29:14.328+0530][gc,heap     ] GC(18) Archive regions: 2->2
[2026-02-17T20:29:14.328+0530][gc,heap     ] GC(18) Humongous regions: 138->138
[2026-02-17T20:29:14.328+0530][gc,metaspace] GC(18) Metaspace: 43210K(43712K)->43210K(43712K) NonClass: 38413K(38720K)->38413K(38720K) Class: 4796K(4992K)->4796K(4992K)
[2026-02-17T20:29:14.328+0530][gc          ] GC(18) Pause Young (Normal) (G1 Evacuation Pause) 219M->173M(1024M) 9.268ms
[2026-02-17T20:29:14.328+0530][gc,cpu      ] GC(18) User=0.01s Sys=0.00s Real=0.01s
[2026-02-17T20:31:09.657+0530][gc,start    ] GC(19) Pause Young (Normal) (G1 Evacuation Pause)
[2026-02-17T20:31:09.657+0530][gc,task     ] GC(19) Using 1 workers of 1 for evacuation
[2026-02-17T20:31:09.676+0530][gc,phases   ] GC(19)   Pre Evacuate Collection Set: 0.66ms
[2026-02-17T20:31:09.676+0530][gc,phases   ] GC(19)   Merge Heap Roots: 0.15ms
[2026-02-17T20:31:09.676+0530][gc,phases   ] GC(19)   Evacuate Collection Set: 17.75ms
[2026-02-17T20:31:09.676+0530][gc,phases   ] GC(19)   Post Evacuate Collection Set: 1.02ms
[2026-02-17T20:31:09.676+0530][gc,phases   ] GC(19)   Other: 0.14ms
[2026-02-17T20:31:09.676+0530][gc,heap     ] GC(19) Eden regions: 46->0(44)
[2026-02-17T20:31:09.676+0530][gc,heap     ] GC(19) Survivor regions: 5->7(7)
[2026-02-17T20:31:09.676+0530][gc,heap     ] GC(19) Old regions: 31->33
[2026-02-17T20:31:09.676+0530][gc,heap     ] GC(19) Archive regions: 2->2
[2026-02-17T20:31:09.676+0530][gc,heap     ] GC(19) Humongous regions: 138->138
[2026-02-17T20:31:09.676+0530][gc,metaspace] GC(19) Metaspace: 43218K(43712K)->43218K(43712K) NonClass: 38421K(38720K)->38421K(38720K) Class: 4796K(4992K)->4796K(4992K)
[2026-02-17T20:31:09.676+0530][gc          ] GC(19) Pause Young (Normal) (G1 Evacuation Pause) 219M->178M(1024M) 19.784ms
[2026-02-17T20:31:09.676+0530][gc,cpu      ] GC(19) User=0.02s Sys=0.00s Real=0.02s
[2026-02-17T20:32:59.120+0530][gc,start    ] GC(20) Pause Young (Normal) (G1 Evacuation Pause)
[2026-02-17T20:32:59.120+0530][gc,task     ] GC(20) Using 1 workers of 1 for evacuation
[2026-02-17T20:32:59.163+0530][gc,mmu      ] GC(20) MMU target violated: 21.0ms (20.0ms/21.0ms)
[2026-02-17T20:32:59.163+0530][gc,phases   ] GC(20)   Pre Evacuate Collection Set: 2.02ms
[2026-02-17T20:32:59.163+0530][gc,phases   ] GC(20)   Merge Heap Roots: 0.07ms
[2026-02-17T20:32:59.163+0530][gc,phases   ] GC(20)   Evacuate Collection Set: 39.16ms
[2026-02-17T20:32:59.163+0530][gc,phases   ] GC(20)   Post Evacuate Collection Set: 2.33ms
[2026-02-17T20:32:59.163+0530][gc,phases   ] GC(20)   Other: 0.18ms
[2026-02-17T20:32:59.163+0530][gc,heap     ] GC(20) Eden regions: 44->0(47)
[2026-02-17T20:32:59.163+0530][gc,heap     ] GC(20) Survivor regions: 7->4(7)
[2026-02-17T20:32:59.163+0530][gc,heap     ] GC(20) Old regions: 33->37
[2026-02-17T20:32:59.163+0530][gc,heap     ] GC(20) Archive regions: 2->2
[2026-02-17T20:32:59.163+0530][gc,heap     ] GC(20) Humongous regions: 138->138
[2026-02-17T20:32:59.163+0530][gc,metaspace] GC(20) Metaspace: 43229K(43712K)->43229K(43712K) NonClass: 38432K(38720K)->38432K(38720K) Class: 4796K(4992K)->4796K(4992K)
[2026-02-17T20:32:59.163+0530][gc          ] GC(20) Pause Young (Normal) (G1 Evacuation Pause) 222M->178M(1024M) 43.812ms
[2026-02-17T20:32:59.163+0530][gc,cpu      ] GC(20) User=0.02s Sys=0.00s Real=0.04s
[2026-02-17T20:34:56.596+0530][gc,start    ] GC(21) Pause Young (Normal) (G1 Evacuation Pause)
[2026-02-17T20:34:56.596+0530][gc,task     ] GC(21) Using 1 workers of 1 for evacuation
[2026-02-17T20:34:56.623+0530][gc,mmu      ] GC(21) MMU target violated: 21.0ms (20.0ms/21.0ms)
[2026-02-17T20:34:56.623+0530][gc,phases   ] GC(21)   Pre Evacuate Collection Set: 0.15ms
[2026-02-17T20:34:56.623+0530][gc,phases   ] GC(21)   Merge Heap Roots: 0.08ms
[2026-02-17T20:34:56.623+0530][gc,phases   ] GC(21)   Evacuate Collection Set: 26.94ms
[2026-02-17T20:34:56.623+0530][gc,phases   ] GC(21)   Post Evacuate Collection Set: 0.21ms
[2026-02-17T20:34:56.623+0530][gc,phases   ] GC(21)   Other: 0.15ms
[2026-02-17T20:34:56.623+0530][gc,heap     ] GC(21) Eden regions: 47->0(46)
[2026-02-17T20:34:56.623+0530][gc,heap     ] GC(21) Survivor regions: 4->5(7)
[2026-02-17T20:34:56.623+0530][gc,heap     ] GC(21) Old regions: 37->37
[2026-02-17T20:34:56.623+0530][gc,heap     ] GC(21) Archive regions: 2->2
[2026-02-17T20:34:56.623+0530][gc,heap     ] GC(21) Humongous regions: 138->138
[2026-02-17T20:34:56.623+0530][gc,metaspace] GC(21) Metaspace: 43240K(43712K)->43240K(43712K) NonClass: 38443K(38720K)->38443K(38720K) Class: 4796K(4992K)->4796K(4992K)
[2026-02-17T20:34:56.623+0530][gc          ] GC(21) Pause Young (Normal) (G1 Evacuation Pause) 225M->180M(1024M) 27.573ms
[2026-02-17T20:34:56.623+0530][gc,cpu      ] GC(21) User=0.01s Sys=0.00s Real=0.03s
[2026-02-17T20:36:53.159+0530][gc,start    ] GC(22) Pause Young (Normal) (G1 Evacuation Pause)
[2026-02-17T20:36:53.159+0530][gc,task     ] GC(22) Using 1 workers of 1 for evacuation
[2026-02-17T20:36:53.183+0530][gc,mmu      ] GC(22) MMU target violated: 21.0ms (20.0ms/21.0ms)
[2026-02-17T20:36:53.183+0530][gc,phases   ] GC(22)   Pre Evacuate Collection Set: 0.28ms
[2026-02-17T20:36:53.183+0530][gc,phases   ] GC(22)   Merge Heap Roots: 0.07ms
[2026-02-17T20:36:53.183+0530][gc,phases   ] GC(22)   Evacuate Collection Set: 23.79ms
[2026-02-17T20:36:53.183+0530][gc,phases   ] GC(22)   Post Evacuate Collection Set: 0.24ms
[2026-02-17T20:36:53.183+0530][gc,phases   ] GC(22)   Other: 0.19ms
[2026-02-17T20:36:53.183+0530][gc,heap     ] GC(22) Eden regions: 46->0(44)
[2026-02-17T20:36:53.183+0530][gc,heap     ] GC(22) Survivor regions: 5->7(7)
[2026-02-17T20:36:53.183+0530][gc,heap     ] GC(22) Old regions: 37->39
[2026-02-17T20:36:53.183+0530][gc,heap     ] GC(22) Archive regions: 2->2
[2026-02-17T20:36:53.183+0530][gc,heap     ] GC(22) Humongous regions: 138->138
[2026-02-17T20:36:53.183+0530][gc,metaspace] GC(22) Metaspace: 43245K(43712K)->43245K(43712K) NonClass: 38448K(38720K)->38448K(38720K) Class: 4796K(4992K)->4796K(4992K)
[2026-02-17T20:36:53.183+0530][gc          ] GC(22) Pause Young (Normal) (G1 Evacuation Pause) 226M->184M(1024M) 24.603ms
[2026-02-17T20:36:53.183+0530][gc,cpu      ] GC(22) User=0.01s Sys=0.00s Real=0.02s
[2026-02-17T20:38:44.687+0530][gc,start    ] GC(23) Pause Young (Normal) (G1 Evacuation Pause)
[2026-02-17T20:38:44.687+0530][gc,task     ] GC(23) Using 1 workers of 1 for evacuation
[2026-02-17T20:38:44.703+0530][gc,phases   ] GC(23)   Pre Evacuate Collection Set: 0.25ms
[2026-02-17T20:38:44.703+0530][gc,phases   ] GC(23)   Merge Heap Roots: 0.06ms
[2026-02-17T20:38:44.703+0530][gc,phases   ] GC(23)   Evacuate Collection Set: 15.40ms
[2026-02-17T20:38:44.703+0530][gc,phases   ] GC(23)   Post Evacuate Collection Set: 0.28ms
[2026-02-17T20:38:44.703+0530][gc,phases   ] GC(23)   Other: 0.08ms
[2026-02-17T20:38:44.703+0530][gc,heap     ] GC(23) Eden regions: 44->0(47)
[2026-02-17T20:38:44.703+0530][gc,heap     ] GC(23) Survivor regions: 7->4(7)
[2026-02-17T20:38:44.703+0530][gc,heap     ] GC(23) Old regions: 39->43
[2026-02-17T20:38:44.704+0530][gc,heap     ] GC(23) Archive regions: 2->2
[2026-02-17T20:38:44.704+0530][gc,heap     ] GC(23) Humongous regions: 138->138
[2026-02-17T20:38:44.704+0530][gc,metaspace] GC(23) Metaspace: 43258K(43712K)->43258K(43712K) NonClass: 38461K(38720K)->38461K(38720K) Class: 4796K(4992K)->4796K(4992K)
[2026-02-17T20:38:44.704+0530][gc          ] GC(23) Pause Young (Normal) (G1 Evacuation Pause) 228M->185M(1024M) 16.416ms
[2026-02-17T20:38:44.704+0530][gc,cpu      ] GC(23) User=0.01s Sys=0.00s Real=0.01s
[2026-02-17T20:40:42.778+0530][gc,start    ] GC(24) Pause Young (Normal) (G1 Evacuation Pause)
[2026-02-17T20:40:42.778+0530][gc,task     ] GC(24) Using 1 workers of 1 for evacuation
[2026-02-17T20:40:42.791+0530][gc,phases   ] GC(24)   Pre Evacuate Collection Set: 0.17ms
[2026-02-17T20:40:42.791+0530][gc,phases   ] GC(24)   Merge Heap Roots: 0.24ms
[2026-02-17T20:40:42.791+0530][gc,phases   ] GC(24)   Evacuate Collection Set: 12.59ms
[2026-02-17T20:40:42.791+0530][gc,phases   ] GC(24)   Post Evacuate Collection Set: 0.21ms
[2026-02-17T20:40:42.791+0530][gc,phases   ] GC(24)   Other: 0.08ms
[2026-02-17T20:40:42.791+0530][gc,heap     ] GC(24) Eden regions: 47->0(48)
[2026-02-17T20:40:42.791+0530][gc,heap     ] GC(24) Survivor regions: 4->3(7)
[2026-02-17T20:40:42.791+0530][gc,heap     ] GC(24) Old regions: 43->45
[2026-02-17T20:40:42.791+0530][gc,heap     ] GC(24) Archive regions: 2->2
[2026-02-17T20:40:42.791+0530][gc,heap     ] GC(24) Humongous regions: 138->138
[2026-02-17T20:40:42.791+0530][gc,metaspace] GC(24) Metaspace: 43271K(43712K)->43271K(43712K) NonClass: 38474K(38720K)->38474K(38720K) Class: 4796K(4992K)->4796K(4992K)
[2026-02-17T20:40:42.791+0530][gc          ] GC(24) Pause Young (Normal) (G1 Evacuation Pause) 232M->186M(1024M) 13.565ms
[2026-02-17T20:40:42.791+0530][gc,cpu      ] GC(24) User=0.01s Sys=0.00s Real=0.01s
[2026-02-17T20:42:44.257+0530][gc,start    ] GC(25) Pause Young (Normal) (G1 Evacuation Pause)
[2026-02-17T20:42:44.257+0530][gc,task     ] GC(25) Using 1 workers of 1 for evacuation
[2026-02-17T20:42:44.305+0530][gc,mmu      ] GC(25) MMU target violated: 21.0ms (20.0ms/21.0ms)
[2026-02-17T20:42:44.305+0530][gc,phases   ] GC(25)   Pre Evacuate Collection Set: 0.14ms
[2026-02-17T20:42:44.305+0530][gc,phases   ] GC(25)   Merge Heap Roots: 0.07ms
[2026-02-17T20:42:44.305+0530][gc,phases   ] GC(25)   Evacuate Collection Set: 46.50ms
[2026-02-17T20:42:44.305+0530][gc,phases   ] GC(25)   Post Evacuate Collection Set: 1.04ms
[2026-02-17T20:42:44.305+0530][gc,phases   ] GC(25)   Other: 0.12ms
[2026-02-17T20:42:44.305+0530][gc,heap     ] GC(25) Eden regions: 48->0(44)
[2026-02-17T20:42:44.305+0530][gc,heap     ] GC(25) Survivor regions: 3->7(7)
[2026-02-17T20:42:44.305+0530][gc,heap     ] GC(25) Old regions: 45->45
[2026-02-17T20:42:44.305+0530][gc,heap     ] GC(25) Archive regions: 2->2
[2026-02-17T20:42:44.305+0530][gc,heap     ] GC(25) Humongous regions: 138->138
[2026-02-17T20:42:44.305+0530][gc,metaspace] GC(25) Metaspace: 43292K(43712K)->43292K(43712K) NonClass: 38495K(38720K)->38495K(38720K) Class: 4796K(4992K)->4796K(4992K)
[2026-02-17T20:42:44.305+0530][gc          ] GC(25) Pause Young (Normal) (G1 Evacuation Pause) 234M->190M(1024M) 47.896ms
[2026-02-17T20:42:44.305+0530][gc,cpu      ] GC(25) User=0.01s Sys=0.00s Real=0.04s
[2026-02-17T20:44:34.398+0530][gc,start    ] GC(26) Pause Young (Normal) (G1 Evacuation Pause)
[2026-02-17T20:44:34.398+0530][gc,task     ] GC(26) Using 1 workers of 1 for evacuation
[2026-02-17T20:44:34.414+0530][gc,phases   ] GC(26)   Pre Evacuate Collection Set: 0.08ms
[2026-02-17T20:44:34.414+0530][gc,phases   ] GC(26)   Merge Heap Roots: 0.06ms
[2026-02-17T20:44:34.414+0530][gc,phases   ] GC(26)   Evacuate Collection Set: 15.48ms
[2026-02-17T20:44:34.414+0530][gc,phases   ] GC(26)   Post Evacuate Collection Set: 0.23ms
[2026-02-17T20:44:34.414+0530][gc,phases   ] GC(26)   Other: 0.17ms
[2026-02-17T20:44:34.414+0530][gc,heap     ] GC(26) Eden regions: 44->0(47)
[2026-02-17T20:44:34.414+0530][gc,heap     ] GC(26) Survivor regions: 7->4(7)
[2026-02-17T20:44:34.414+0530][gc,heap     ] GC(26) Old regions: 45->49
[2026-02-17T20:44:34.414+0530][gc,heap     ] GC(26) Archive regions: 2->2
[2026-02-17T20:44:34.414+0530][gc,heap     ] GC(26) Humongous regions: 138->138
[2026-02-17T20:44:34.414+0530][gc,metaspace] GC(26) Metaspace: 43309K(43776K)->43309K(43776K) NonClass: 38512K(38784K)->38512K(38784K) Class: 4797K(4992K)->4797K(4992K)
[2026-02-17T20:44:34.414+0530][gc          ] GC(26) Pause Young (Normal) (G1 Evacuation Pause) 234M->191M(1024M) 16.080ms
[2026-02-17T20:44:34.414+0530][gc,cpu      ] GC(26) User=0.02s Sys=0.00s Real=0.01s
[2026-02-17T20:46:32.966+0530][gc,start    ] GC(27) Pause Young (Normal) (G1 Evacuation Pause)
[2026-02-17T20:46:32.966+0530][gc,task     ] GC(27) Using 1 workers of 1 for evacuation
[2026-02-17T20:46:32.985+0530][gc,phases   ] GC(27)   Pre Evacuate Collection Set: 0.41ms
[2026-02-17T20:46:32.985+0530][gc,phases   ] GC(27)   Merge Heap Roots: 0.09ms
[2026-02-17T20:46:32.985+0530][gc,phases   ] GC(27)   Evacuate Collection Set: 17.39ms
[2026-02-17T20:46:32.985+0530][gc,phases   ] GC(27)   Post Evacuate Collection Set: 0.23ms
[2026-02-17T20:46:32.985+0530][gc,phases   ] GC(27)   Other: 0.08ms
[2026-02-17T20:46:32.985+0530][gc,heap     ] GC(27) Eden regions: 47->0(47)
[2026-02-17T20:46:32.985+0530][gc,heap     ] GC(27) Survivor regions: 4->4(7)
[2026-02-17T20:46:32.985+0530][gc,heap     ] GC(27) Old regions: 49->51
[2026-02-17T20:46:32.985+0530][gc,heap     ] GC(27) Archive regions: 2->2
[2026-02-17T20:46:32.985+0530][gc,heap     ] GC(27) Humongous regions: 138->138
[2026-02-17T20:46:32.985+0530][gc,metaspace] GC(27) Metaspace: 43317K(43776K)->43317K(43776K) NonClass: 38520K(38784K)->38520K(38784K) Class: 4797K(4992K)->4797K(4992K)
[2026-02-17T20:46:32.985+0530][gc          ] GC(27) Pause Young (Normal) (G1 Evacuation Pause) 238M->193M(1024M) 18.289ms
[2026-02-17T20:46:32.985+0530][gc,cpu      ] GC(27) User=0.01s Sys=0.00s Real=0.01s
[2026-02-17T20:48:32.321+0530][gc,start    ] GC(28) Pause Young (Normal) (G1 Evacuation Pause)
[2026-02-17T20:48:32.321+0530][gc,task     ] GC(28) Using 1 workers of 1 for evacuation
[2026-02-17T20:48:32.332+0530][gc,phases   ] GC(28)   Pre Evacuate Collection Set: 0.37ms
[2026-02-17T20:48:32.333+0530][gc,phases   ] GC(28)   Merge Heap Roots: 0.07ms
[2026-02-17T20:48:32.333+0530][gc,phases   ] GC(28)   Evacuate Collection Set: 10.33ms
[2026-02-17T20:48:32.333+0530][gc,phases   ] GC(28)   Post Evacuate Collection Set: 0.20ms
[2026-02-17T20:48:32.333+0530][gc,phases   ] GC(28)   Other: 0.09ms
[2026-02-17T20:48:32.333+0530][gc,heap     ] GC(28) Eden regions: 47->0(46)
[2026-02-17T20:48:32.333+0530][gc,heap     ] GC(28) Survivor regions: 4->5(7)
[2026-02-17T20:48:32.333+0530][gc,heap     ] GC(28) Old regions: 51->51
[2026-02-17T20:48:32.333+0530][gc,heap     ] GC(28) Archive regions: 2->2
[2026-02-17T20:48:32.333+0530][gc,heap     ] GC(28) Humongous regions: 138->138
[2026-02-17T20:48:32.333+0530][gc,metaspace] GC(28) Metaspace: 43325K(43776K)->43325K(43776K) NonClass: 38528K(38784K)->38528K(38784K) Class: 4797K(4992K)->4797K(4992K)
[2026-02-17T20:48:32.333+0530][gc          ] GC(28) Pause Young (Normal) (G1 Evacuation Pause) 240M->194M(1024M) 11.114ms
[2026-02-17T20:48:32.333+0530][gc,cpu      ] GC(28) User=0.01s Sys=0.00s Real=0.01s
[2026-02-17T20:50:29.514+0530][gc,start    ] GC(29) Pause Young (Normal) (G1 Evacuation Pause)
[2026-02-17T20:50:29.514+0530][gc,task     ] GC(29) Using 1 workers of 1 for evacuation
[2026-02-17T20:50:29.534+0530][gc,mmu      ] GC(29) MMU target violated: 20.6ms (20.0ms/21.0ms)
[2026-02-17T20:50:29.534+0530][gc,phases   ] GC(29)   Pre Evacuate Collection Set: 0.22ms
[2026-02-17T20:50:29.534+0530][gc,phases   ] GC(29)   Merge Heap Roots: 0.20ms
[2026-02-17T20:50:29.534+0530][gc,phases   ] GC(29)   Evacuate Collection Set: 19.86ms
[2026-02-17T20:50:29.534+0530][gc,phases   ] GC(29)   Post Evacuate Collection Set: 0.29ms
[2026-02-17T20:50:29.534+0530][gc,phases   ] GC(29)   Other: 0.26ms
[2026-02-17T20:50:29.534+0530][gc,heap     ] GC(29) Eden regions: 46->0(44)
[2026-02-17T20:50:29.534+0530][gc,heap     ] GC(29) Survivor regions: 5->7(7)
[2026-02-17T20:50:29.534+0530][gc,heap     ] GC(29) Old regions: 51->53
[2026-02-17T20:50:29.534+0530][gc,heap     ] GC(29) Archive regions: 2->2
[2026-02-17T20:50:29.534+0530][gc,heap     ] GC(29) Humongous regions: 138->138
[2026-02-17T20:50:29.534+0530][gc,metaspace] GC(29) Metaspace: 43329K(43776K)->43329K(43776K) NonClass: 38531K(38784K)->38531K(38784K) Class: 4797K(4992K)->4797K(4992K)
[2026-02-17T20:50:29.534+0530][gc          ] GC(29) Pause Young (Normal) (G1 Evacuation Pause) 240M->198M(1024M) 20.864ms
[2026-02-17T20:50:29.534+0530][gc,cpu      ] GC(29) User=0.01s Sys=0.00s Real=0.02s
[2026-02-17T20:52:21.153+0530][gc,start    ] GC(30) Pause Young (Normal) (G1 Evacuation Pause)
[2026-02-17T20:52:21.153+0530][gc,task     ] GC(30) Using 1 workers of 1 for evacuation
[2026-02-17T20:52:21.168+0530][gc,phases   ] GC(30)   Pre Evacuate Collection Set: 0.53ms
[2026-02-17T20:52:21.168+0530][gc,phases   ] GC(30)   Merge Heap Roots: 0.14ms
[2026-02-17T20:52:21.168+0530][gc,phases   ] GC(30)   Evacuate Collection Set: 14.65ms
[2026-02-17T20:52:21.168+0530][gc,phases   ] GC(30)   Post Evacuate Collection Set: 0.31ms
[2026-02-17T20:52:21.168+0530][gc,phases   ] GC(30)   Other: 0.11ms
[2026-02-17T20:52:21.168+0530][gc,heap     ] GC(30) Eden regions: 44->0(49)
[2026-02-17T20:52:21.168+0530][gc,heap     ] GC(30) Survivor regions: 7->4(7)
[2026-02-17T20:52:21.168+0530][gc,heap     ] GC(30) Old regions: 53->57
[2026-02-17T20:52:21.168+0530][gc,heap     ] GC(30) Archive regions: 2->2
[2026-02-17T20:52:21.168+0530][gc,heap     ] GC(30) Humongous regions: 138->138
[2026-02-17T20:52:21.168+0530][gc,metaspace] GC(30) Metaspace: 43391K(43904K)->43391K(43904K) NonClass: 38581K(38848K)->38581K(38848K) Class: 4809K(5056K)->4809K(5056K)
[2026-02-17T20:52:21.168+0530][gc          ] GC(30) Pause Young (Normal) (G1 Evacuation Pause) 242M->199M(1024M) 15.781ms
[2026-02-17T20:52:21.168+0530][gc,cpu      ] GC(30) User=0.02s Sys=0.00s Real=0.02s
[2026-02-17T20:54:36.778+0530][gc,start    ] GC(31) Pause Young (Normal) (G1 Evacuation Pause)
[2026-02-17T20:54:36.778+0530][gc,task     ] GC(31) Using 1 workers of 1 for evacuation
[2026-02-17T20:54:36.873+0530][gc,mmu      ] GC(31) MMU target violated: 21.0ms (20.0ms/21.0ms)
[2026-02-17T20:54:36.873+0530][gc,phases   ] GC(31)   Pre Evacuate Collection Set: 0.15ms
[2026-02-17T20:54:36.873+0530][gc,phases   ] GC(31)   Merge Heap Roots: 5.65ms
[2026-02-17T20:54:36.873+0530][gc,phases   ] GC(31)   Evacuate Collection Set: 88.98ms
[2026-02-17T20:54:36.873+0530][gc,phases   ] GC(31)   Post Evacuate Collection Set: 1.02ms
[2026-02-17T20:54:36.873+0530][gc,phases   ] GC(31)   Other: 0.11ms
[2026-02-17T20:54:36.873+0530][gc,heap     ] GC(31) Eden regions: 49->0(44)
[2026-02-17T20:54:36.873+0530][gc,heap     ] GC(31) Survivor regions: 4->7(7)
[2026-02-17T20:54:36.873+0530][gc,heap     ] GC(31) Old regions: 57->58
[2026-02-17T20:54:36.873+0530][gc,heap     ] GC(31) Archive regions: 2->2
[2026-02-17T20:54:36.873+0530][gc,heap     ] GC(31) Humongous regions: 138->138
[2026-02-17T20:54:36.873+0530][gc,metaspace] GC(31) Metaspace: 43397K(43904K)->43397K(43904K) NonClass: 38588K(38848K)->38588K(38848K) Class: 4809K(5056K)->4809K(5056K)
[2026-02-17T20:54:36.873+0530][gc          ] GC(31) Pause Young (Normal) (G1 Evacuation Pause) 248M->203M(1024M) 95.941ms
[2026-02-17T20:54:36.873+0530][gc,cpu      ] GC(31) User=0.02s Sys=0.00s Real=0.09s
[2026-02-17T20:56:27.889+0530][gc,start    ] GC(32) Pause Young (Normal) (G1 Evacuation Pause)
[2026-02-17T20:56:27.889+0530][gc,task     ] GC(32) Using 1 workers of 1 for evacuation
[2026-02-17T20:56:27.931+0530][gc,mmu      ] GC(32) MMU target violated: 21.0ms (20.0ms/21.0ms)
[2026-02-17T20:56:27.931+0530][gc,phases   ] GC(32)   Pre Evacuate Collection Set: 0.34ms
[2026-02-17T20:56:27.931+0530][gc,phases   ] GC(32)   Merge Heap Roots: 0.16ms
[2026-02-17T20:56:27.931+0530][gc,phases   ] GC(32)   Evacuate Collection Set: 41.61ms
[2026-02-17T20:56:27.931+0530][gc,phases   ] GC(32)   Post Evacuate Collection Set: 0.26ms
[2026-02-17T20:56:27.931+0530][gc,phases   ] GC(32)   Other: 0.11ms
[2026-02-17T20:56:27.931+0530][gc,heap     ] GC(32) Eden regions: 44->0(47)
[2026-02-17T20:56:27.931+0530][gc,heap     ] GC(32) Survivor regions: 7->4(7)
[2026-02-17T20:56:27.931+0530][gc,heap     ] GC(32) Old regions: 58->61
[2026-02-17T20:56:27.931+0530][gc,heap     ] GC(32) Archive regions: 2->2
[2026-02-17T20:56:27.931+0530][gc,heap     ] GC(32) Humongous regions: 138->138
[2026-02-17T20:56:27.931+0530][gc,metaspace] GC(32) Metaspace: 43414K(43968K)->43414K(43968K) NonClass: 38603K(38912K)->38603K(38912K) Class: 4811K(5056K)->4811K(5056K)
[2026-02-17T20:56:27.931+0530][gc          ] GC(32) Pause Young (Normal) (G1 Evacuation Pause) 247M->203M(1024M) 42.510ms
[2026-02-17T20:56:27.931+0530][gc,cpu      ] GC(32) User=0.01s Sys=0.00s Real=0.04s
[2026-02-17T20:58:25.148+0530][gc,start    ] GC(33) Pause Young (Normal) (G1 Evacuation Pause)
[2026-02-17T20:58:25.148+0530][gc,task     ] GC(33) Using 1 workers of 1 for evacuation
[2026-02-17T20:58:25.462+0530][gc,mmu      ] GC(33) MMU target violated: 21.0ms (20.0ms/21.0ms)
[2026-02-17T20:58:25.462+0530][gc,phases   ] GC(33)   Pre Evacuate Collection Set: 5.24ms
[2026-02-17T20:58:25.462+0530][gc,phases   ] GC(33)   Merge Heap Roots: 9.51ms
[2026-02-17T20:58:25.462+0530][gc,phases   ] GC(33)   Evacuate Collection Set: 273.38ms
[2026-02-17T20:58:25.462+0530][gc,phases   ] GC(33)   Post Evacuate Collection Set: 25.66ms
[2026-02-17T20:58:25.462+0530][gc,phases   ] GC(33)   Other: 0.12ms
[2026-02-17T20:58:25.462+0530][gc,heap     ] GC(33) Eden regions: 47->0(47)
[2026-02-17T20:58:25.462+0530][gc,heap     ] GC(33) Survivor regions: 4->4(7)
[2026-02-17T20:58:25.462+0530][gc,heap     ] GC(33) Old regions: 61->63
[2026-02-17T20:58:25.462+0530][gc,heap     ] GC(33) Archive regions: 2->2
[2026-02-17T20:58:25.462+0530][gc,heap     ] GC(33) Humongous regions: 138->138
[2026-02-17T20:58:25.462+0530][gc,metaspace] GC(33) Metaspace: 43432K(43968K)->43432K(43968K) NonClass: 38621K(38912K)->38621K(38912K) Class: 4811K(5056K)->4811K(5056K)
[2026-02-17T20:58:25.462+0530][gc          ] GC(33) Pause Young (Normal) (G1 Evacuation Pause) 250M->205M(1024M) 313.947ms
[2026-02-17T20:58:25.462+0530][gc,cpu      ] GC(33) User=0.01s Sys=0.00s Real=0.31s
[2026-02-17T21:00:11.755+0530][gc,start    ] GC(34) Pause Young (Normal) (G1 Evacuation Pause)
[2026-02-17T21:00:11.755+0530][gc,task     ] GC(34) Using 1 workers of 1 for evacuation
[2026-02-17T21:00:11.774+0530][gc,phases   ] GC(34)   Pre Evacuate Collection Set: 0.20ms
[2026-02-17T21:00:11.774+0530][gc,phases   ] GC(34)   Merge Heap Roots: 0.10ms
[2026-02-17T21:00:11.774+0530][gc,phases   ] GC(34)   Evacuate Collection Set: 17.63ms
[2026-02-17T21:00:11.774+0530][gc,phases   ] GC(34)   Post Evacuate Collection Set: 0.26ms
[2026-02-17T21:00:11.774+0530][gc,phases   ] GC(34)   Other: 0.17ms
[2026-02-17T21:00:11.774+0530][gc,heap     ] GC(34) Eden regions: 47->0(44)
[2026-02-17T21:00:11.774+0530][gc,heap     ] GC(34) Survivor regions: 4->7(7)
[2026-02-17T21:00:11.774+0530][gc,heap     ] GC(34) Old regions: 63->66
[2026-02-17T21:00:11.774+0530][gc,heap     ] GC(34) Archive regions: 2->2
[2026-02-17T21:00:11.774+0530][gc,heap     ] GC(34) Humongous regions: 147->147
[2026-02-17T21:00:11.774+0530][gc,metaspace] GC(34) Metaspace: 43558K(44032K)->43558K(44032K) NonClass: 38722K(38976K)->38722K(38976K) Class: 4835K(5056K)->4835K(5056K)
[2026-02-17T21:00:11.774+0530][gc          ] GC(34) Pause Young (Normal) (G1 Evacuation Pause) 261M->220M(1024M) 18.413ms
[2026-02-17T21:00:11.774+0530][gc,cpu      ] GC(34) User=0.01s Sys=0.00s Real=0.02s
[2026-02-17T21:02:01.709+0530][gc,start    ] GC(35) Pause Young (Normal) (G1 Evacuation Pause)
[2026-02-17T21:02:01.709+0530][gc,task     ] GC(35) Using 1 workers of 1 for evacuation
[2026-02-17T21:02:01.726+0530][gc,phases   ] GC(35)   Pre Evacuate Collection Set: 0.21ms
[2026-02-17T21:02:01.726+0530][gc,phases   ] GC(35)   Merge Heap Roots: 0.31ms
[2026-02-17T21:02:01.726+0530][gc,phases   ] GC(35)   Evacuate Collection Set: 16.31ms
[2026-02-17T21:02:01.726+0530][gc,phases   ] GC(35)   Post Evacuate Collection Set: 0.23ms
[2026-02-17T21:02:01.726+0530][gc,phases   ] GC(35)   Other: 0.08ms
[2026-02-17T21:02:01.726+0530][gc,heap     ] GC(35) Eden regions: 44->0(47)
[2026-02-17T21:02:01.726+0530][gc,heap     ] GC(35) Survivor regions: 7->4(7)
[2026-02-17T21:02:01.726+0530][gc,heap     ] GC(35) Old regions: 66->72
[2026-02-17T21:02:01.726+0530][gc,heap     ] GC(35) Archive regions: 2->2
[2026-02-17T21:02:01.726+0530][gc,heap     ] GC(35) Humongous regions: 147->147
[2026-02-17T21:02:01.726+0530][gc,metaspace] GC(35) Metaspace: 43583K(44032K)->43583K(44032K) NonClass: 38743K(38976K)->38743K(38976K) Class: 4839K(5056K)->4839K(5056K)
[2026-02-17T21:02:01.726+0530][gc          ] GC(35) Pause Young (Normal) (G1 Evacuation Pause) 264M->222M(1024M) 17.201ms
[2026-02-17T21:02:01.726+0530][gc,cpu      ] GC(35) User=0.01s Sys=0.00s Real=0.01s
[2026-02-17T21:04:01.251+0530][gc,start    ] GC(36) Pause Young (Normal) (G1 Evacuation Pause)
[2026-02-17T21:04:01.251+0530][gc,task     ] GC(36) Using 1 workers of 1 for evacuation
[2026-02-17T21:04:01.261+0530][gc,phases   ] GC(36)   Pre Evacuate Collection Set: 0.11ms
[2026-02-17T21:04:01.261+0530][gc,phases   ] GC(36)   Merge Heap Roots: 0.07ms
[2026-02-17T21:04:01.261+0530][gc,phases   ] GC(36)   Evacuate Collection Set: 9.52ms
[2026-02-17T21:04:01.262+0530][gc,phases   ] GC(36)   Post Evacuate Collection Set: 0.28ms
[2026-02-17T21:04:01.262+0530][gc,phases   ] GC(36)   Other: 0.33ms
[2026-02-17T21:04:01.262+0530][gc,heap     ] GC(36) Eden regions: 47->0(46)
[2026-02-17T21:04:01.262+0530][gc,heap     ] GC(36) Survivor regions: 4->5(7)
[2026-02-17T21:04:01.262+0530][gc,heap     ] GC(36) Old regions: 72->72
[2026-02-17T21:04:01.262+0530][gc,heap     ] GC(36) Archive regions: 2->2
[2026-02-17T21:04:01.262+0530][gc,heap     ] GC(36) Humongous regions: 147->147
[2026-02-17T21:04:01.262+0530][gc,metaspace] GC(36) Metaspace: 43610K(44096K)->43610K(44096K) NonClass: 38770K(39040K)->38770K(39040K) Class: 4839K(5056K)->4839K(5056K)
[2026-02-17T21:04:01.262+0530][gc          ] GC(36) Pause Young (Normal) (G1 Evacuation Pause) 269M->224M(1024M) 10.462ms
[2026-02-17T21:04:01.262+0530][gc,cpu      ] GC(36) User=0.01s Sys=0.00s Real=0.01s
[2026-02-17T21:05:56.485+0530][gc,start    ] GC(37) Pause Young (Normal) (G1 Evacuation Pause)
[2026-02-17T21:05:56.485+0530][gc,task     ] GC(37) Using 1 workers of 1 for evacuation
[2026-02-17T21:05:56.631+0530][gc,mmu      ] GC(37) MMU target violated: 21.0ms (20.0ms/21.0ms)
[2026-02-17T21:05:56.631+0530][gc,phases   ] GC(37)   Pre Evacuate Collection Set: 3.94ms
[2026-02-17T21:05:56.631+0530][gc,phases   ] GC(37)   Merge Heap Roots: 0.42ms
[2026-02-17T21:05:56.631+0530][gc,phases   ] GC(37)   Evacuate Collection Set: 140.17ms
[2026-02-17T21:05:56.631+0530][gc,phases   ] GC(37)   Post Evacuate Collection Set: 2.06ms
[2026-02-17T21:05:56.631+0530][gc,phases   ] GC(37)   Other: 0.11ms
[2026-02-17T21:05:56.631+0530][gc,heap     ] GC(37) Eden regions: 46->0(46)
[2026-02-17T21:05:56.631+0530][gc,heap     ] GC(37) Survivor regions: 5->5(7)
[2026-02-17T21:05:56.631+0530][gc,heap     ] GC(37) Old regions: 72->73
[2026-02-17T21:05:56.631+0530][gc,heap     ] GC(37) Archive regions: 2->2
[2026-02-17T21:05:56.631+0530][gc,heap     ] GC(37) Humongous regions: 147->147
[2026-02-17T21:05:56.631+0530][gc,metaspace] GC(37) Metaspace: 43616K(44096K)->43616K(44096K) NonClass: 38776K(39040K)->38776K(39040K) Class: 4839K(5056K)->4839K(5056K)
[2026-02-17T21:05:56.631+0530][gc          ] GC(37) Pause Young (Normal) (G1 Evacuation Pause) 270M->225M(1024M) 146.727ms
[2026-02-17T21:05:56.631+0530][gc,cpu      ] GC(37) User=0.02s Sys=0.00s Real=0.15s
[2026-02-17T21:07:53.434+0530][gc,start    ] GC(38) Pause Young (Normal) (G1 Evacuation Pause)
[2026-02-17T21:07:53.435+0530][gc,task     ] GC(38) Using 1 workers of 1 for evacuation
[2026-02-17T21:07:53.628+0530][gc,mmu      ] GC(38) MMU target violated: 21.0ms (20.0ms/21.0ms)
[2026-02-17T21:07:53.628+0530][gc,phases   ] GC(38)   Pre Evacuate Collection Set: 4.55ms
[2026-02-17T21:07:53.628+0530][gc,phases   ] GC(38)   Merge Heap Roots: 0.87ms
[2026-02-17T21:07:53.628+0530][gc,phases   ] GC(38)   Evacuate Collection Set: 180.49ms
[2026-02-17T21:07:53.628+0530][gc,phases   ] GC(38)   Post Evacuate Collection Set: 7.71ms
[2026-02-17T21:07:53.628+0530][gc,phases   ] GC(38)   Other: 0.19ms
[2026-02-17T21:07:53.628+0530][gc,heap     ] GC(38) Eden regions: 46->0(44)
[2026-02-17T21:07:53.628+0530][gc,heap     ] GC(38) Survivor regions: 5->7(7)
[2026-02-17T21:07:53.628+0530][gc,heap     ] GC(38) Old regions: 73->75
[2026-02-17T21:07:53.628+0530][gc,heap     ] GC(38) Archive regions: 2->2
[2026-02-17T21:07:53.628+0530][gc,heap     ] GC(38) Humongous regions: 147->147
[2026-02-17T21:07:53.628+0530][gc,metaspace] GC(38) Metaspace: 43624K(44096K)->43624K(44096K) NonClass: 38784K(39040K)->38784K(39040K) Class: 4839K(5056K)->4839K(5056K)
[2026-02-17T21:07:53.628+0530][gc          ] GC(38) Pause Young (Normal) (G1 Evacuation Pause) 271M->229M(1024M) 193.853ms
[2026-02-17T21:07:53.628+0530][gc,cpu      ] GC(38) User=0.02s Sys=0.00s Real=0.20s
[2026-02-17T21:09:44.819+0530][gc,start    ] GC(39) Pause Young (Normal) (G1 Evacuation Pause)
[2026-02-17T21:09:44.819+0530][gc,task     ] GC(39) Using 1 workers of 1 for evacuation
[2026-02-17T21:09:44.833+0530][gc,phases   ] GC(39)   Pre Evacuate Collection Set: 0.15ms
[2026-02-17T21:09:44.833+0530][gc,phases   ] GC(39)   Merge Heap Roots: 0.06ms
[2026-02-17T21:09:44.833+0530][gc,phases   ] GC(39)   Evacuate Collection Set: 13.57ms
[2026-02-17T21:09:44.833+0530][gc,phases   ] GC(39)   Post Evacuate Collection Set: 0.20ms
[2026-02-17T21:09:44.833+0530][gc,phases   ] GC(39)   Other: 0.07ms
[2026-02-17T21:09:44.833+0530][gc,heap     ] GC(39) Eden regions: 44->0(47)
[2026-02-17T21:09:44.833+0530][gc,heap     ] GC(39) Survivor regions: 7->4(7)
[2026-02-17T21:09:44.833+0530][gc,heap     ] GC(39) Old regions: 75->79
[2026-02-17T21:09:44.833+0530][gc,heap     ] GC(39) Archive regions: 2->2
[2026-02-17T21:09:44.833+0530][gc,heap     ] GC(39) Humongous regions: 147->147
[2026-02-17T21:09:44.833+0530][gc,metaspace] GC(39) Metaspace: 43626K(44096K)->43626K(44096K) NonClass: 38786K(39040K)->38786K(39040K) Class: 4839K(5056K)->4839K(5056K)
[2026-02-17T21:09:44.833+0530][gc          ] GC(39) Pause Young (Normal) (G1 Evacuation Pause) 273M->230M(1024M) 14.103ms
[2026-02-17T21:09:44.833+0530][gc,cpu      ] GC(39) User=0.01s Sys=0.00s Real=0.01s
[2026-02-17T21:11:43.848+0530][gc,start    ] GC(40) Pause Young (Normal) (G1 Evacuation Pause)
[2026-02-17T21:11:43.848+0530][gc,task     ] GC(40) Using 1 workers of 1 for evacuation
[2026-02-17T21:11:43.889+0530][gc,mmu      ] GC(40) MMU target violated: 21.0ms (20.0ms/21.0ms)
[2026-02-17T21:11:43.889+0530][gc,phases   ] GC(40)   Pre Evacuate Collection Set: 0.35ms
[2026-02-17T21:11:43.890+0530][gc,phases   ] GC(40)   Merge Heap Roots: 0.12ms
[2026-02-17T21:11:43.890+0530][gc,phases   ] GC(40)   Evacuate Collection Set: 40.27ms
[2026-02-17T21:11:43.890+0530][gc,phases   ] GC(40)   Post Evacuate Collection Set: 0.59ms
[2026-02-17T21:11:43.890+0530][gc,phases   ] GC(40)   Other: 0.12ms
[2026-02-17T21:11:43.890+0530][gc,heap     ] GC(40) Eden regions: 47->0(46)
[2026-02-17T21:11:43.890+0530][gc,heap     ] GC(40) Survivor regions: 4->5(7)
[2026-02-17T21:11:43.890+0530][gc,heap     ] GC(40) Old regions: 79->79
[2026-02-17T21:11:43.890+0530][gc,heap     ] GC(40) Archive regions: 2->2
[2026-02-17T21:11:43.890+0530][gc,heap     ] GC(40) Humongous regions: 147->147
[2026-02-17T21:11:43.890+0530][gc,metaspace] GC(40) Metaspace: 43634K(44096K)->43634K(44096K) NonClass: 38794K(39040K)->38794K(39040K) Class: 4839K(5056K)->4839K(5056K)
[2026-02-17T21:11:43.890+0530][gc          ] GC(40) Pause Young (Normal) (G1 Evacuation Pause) 277M->231M(1024M) 41.595ms
[2026-02-17T21:11:43.890+0530][gc,cpu      ] GC(40) User=0.01s Sys=0.00s Real=0.04s
[2026-02-17T21:13:41.252+0530][gc,start    ] GC(41) Pause Young (Normal) (G1 Evacuation Pause)
[2026-02-17T21:13:41.252+0530][gc,task     ] GC(41) Using 1 workers of 1 for evacuation
[2026-02-17T21:13:41.289+0530][gc,mmu      ] GC(41) MMU target violated: 21.0ms (20.0ms/21.0ms)
[2026-02-17T21:13:41.289+0530][gc,phases   ] GC(41)   Pre Evacuate Collection Set: 0.75ms
[2026-02-17T21:13:41.289+0530][gc,phases   ] GC(41)   Merge Heap Roots: 0.67ms
[2026-02-17T21:13:41.289+0530][gc,phases   ] GC(41)   Evacuate Collection Set: 35.12ms
[2026-02-17T21:13:41.289+0530][gc,phases   ] GC(41)   Post Evacuate Collection Set: 0.38ms
[2026-02-17T21:13:41.289+0530][gc,phases   ] GC(41)   Other: 0.13ms
[2026-02-17T21:13:41.289+0530][gc,heap     ] GC(41) Eden regions: 46->0(44)
[2026-02-17T21:13:41.289+0530][gc,heap     ] GC(41) Survivor regions: 5->7(7)
[2026-02-17T21:13:41.289+0530][gc,heap     ] GC(41) Old regions: 79->81
[2026-02-17T21:13:41.289+0530][gc,heap     ] GC(41) Archive regions: 2->2
[2026-02-17T21:13:41.289+0530][gc,heap     ] GC(41) Humongous regions: 147->147
[2026-02-17T21:13:41.289+0530][gc,metaspace] GC(41) Metaspace: 43635K(44096K)->43635K(44096K) NonClass: 38795K(39040K)->38795K(39040K) Class: 4839K(5056K)->4839K(5056K)
[2026-02-17T21:13:41.289+0530][gc          ] GC(41) Pause Young (Normal) (G1 Evacuation Pause) 277M->235M(1024M) 37.093ms
[2026-02-17T21:13:41.289+0530][gc,cpu      ] GC(41) User=0.01s Sys=0.00s Real=0.04s
[2026-02-17T21:15:32.132+0530][gc,start    ] GC(42) Pause Young (Normal) (G1 Evacuation Pause)
[2026-02-17T21:15:32.133+0530][gc,task     ] GC(42) Using 1 workers of 1 for evacuation
[2026-02-17T21:15:32.165+0530][gc,mmu      ] GC(42) MMU target violated: 21.0ms (20.0ms/21.0ms)
[2026-02-17T21:15:32.165+0530][gc,phases   ] GC(42)   Pre Evacuate Collection Set: 1.25ms
[2026-02-17T21:15:32.165+0530][gc,phases   ] GC(42)   Merge Heap Roots: 0.08ms
[2026-02-17T21:15:32.165+0530][gc,phases   ] GC(42)   Evacuate Collection Set: 30.17ms
[2026-02-17T21:15:32.165+0530][gc,phases   ] GC(42)   Post Evacuate Collection Set: 0.39ms
[2026-02-17T21:15:32.165+0530][gc,phases   ] GC(42)   Other: 0.42ms
[2026-02-17T21:15:32.165+0530][gc,heap     ] GC(42) Eden regions: 44->0(47)
[2026-02-17T21:15:32.165+0530][gc,heap     ] GC(42) Survivor regions: 7->4(7)
[2026-02-17T21:15:32.165+0530][gc,heap     ] GC(42) Old regions: 81->85
[2026-02-17T21:15:32.165+0530][gc,heap     ] GC(42) Archive regions: 2->2
[2026-02-17T21:15:32.165+0530][gc,heap     ] GC(42) Humongous regions: 147->147
[2026-02-17T21:15:32.165+0530][gc,metaspace] GC(42) Metaspace: 43645K(44096K)->43645K(44096K) NonClass: 38806K(39040K)->38806K(39040K) Class: 4839K(5056K)->4839K(5056K)
[2026-02-17T21:15:32.165+0530][gc          ] GC(42) Pause Young (Normal) (G1 Evacuation Pause) 279M->236M(1024M) 32.342ms
[2026-02-17T21:15:32.165+0530][gc,cpu      ] GC(42) User=0.01s Sys=0.00s Real=0.03s
