[2026-02-17T23:37:52.154+0530][gc] Using G1
[2026-02-17T23:37:52.165+0530][gc,init] Version: 17.0.18+8-Ubuntu-124.04.1 (release)
[2026-02-17T23:37:52.165+0530][gc,init] CPUs: 1 total, 1 available
[2026-02-17T23:37:52.165+0530][gc,init] Memory: 15805M
[2026-02-17T23:37:52.165+0530][gc,init] Large Page Support: Disabled
[2026-02-17T23:37:52.165+0530][gc,init] NUMA Support: Disabled
[2026-02-17T23:37:52.165+0530][gc,init] Compressed Oops: Enabled (32-bit)
[2026-02-17T23:37:52.165+0530][gc,init] Heap Region Size: 1M
[2026-02-17T23:37:52.165+0530][gc,init] Heap Min Capacity: 1G
[2026-02-17T23:37:52.165+0530][gc,init] Heap Initial Capacity: 1G
[2026-02-17T23:37:52.165+0530][gc,init] Heap Max Capacity: 1G
[2026-02-17T23:37:52.165+0530][gc,init] Pre-touch: Disabled
[2026-02-17T23:37:52.165+0530][gc,init] Parallel Workers: 1
[2026-02-17T23:37:52.165+0530][gc,init] Concurrent Workers: 1
[2026-02-17T23:37:52.165+0530][gc,init] Concurrent Refinement Workers: 1
[2026-02-17T23:37:52.166+0530][gc,init] Periodic GC: Disabled
[2026-02-17T23:37:52.176+0530][gc,metaspace] CDS archive(s) mapped at: [0x000073c8bf000000-0x000073c8bfbca000-0x000073c8bfbca000), size 12361728, SharedBaseAddress: 0x000073c8bf000000, ArchiveRelocationMode: 1.
[2026-02-17T23:37:52.176+0530][gc,metaspace] Compressed class space mapped at: 0x000073c8c0000000-0x000073c900000000, reserved size: 1073741824
[2026-02-17T23:37:52.176+0530][gc,metaspace] Narrow klass base: 0x000073c8bf000000, Narrow klass shift: 0, Narrow klass range: 0x100000000
[2026-02-17T23:37:54.246+0530][gc,start    ] GC(0) Pause Young (Normal) (G1 Evacuation Pause)
[2026-02-17T23:37:54.246+0530][gc,task     ] GC(0) Using 1 workers of 1 for evacuation
[2026-02-17T23:37:54.281+0530][gc,mmu      ] GC(0) MMU target violated: 21.0ms (20.0ms/21.0ms)
[2026-02-17T23:37:54.281+0530][gc,phases   ] GC(0)   Pre Evacuate Collection Set: 0.08ms
[2026-02-17T23:37:54.281+0530][gc,phases   ] GC(0)   Merge Heap Roots: 0.03ms
[2026-02-17T23:37:54.281+0530][gc,phases   ] GC(0)   Evacuate Collection Set: 32.77ms
[2026-02-17T23:37:54.281+0530][gc,phases   ] GC(0)   Post Evacuate Collection Set: 1.85ms
[2026-02-17T23:37:54.281+0530][gc,phases   ] GC(0)   Other: 0.13ms
[2026-02-17T23:37:54.281+0530][gc,heap     ] GC(0) Eden regions: 51->0(44)
[2026-02-17T23:37:54.281+0530][gc,heap     ] GC(0) Survivor regions: 0->7(7)
[2026-02-17T23:37:54.281+0530][gc,heap     ] GC(0) Old regions: 0->2
[2026-02-17T23:37:54.281+0530][gc,heap     ] GC(0) Archive regions: 2->2
[2026-02-17T23:37:54.281+0530][gc,heap     ] GC(0) Humongous regions: 0->0
[2026-02-17T23:37:54.281+0530][gc,metaspace] GC(0) Metaspace: 18364K(18560K)->18364K(18560K) NonClass: 16332K(16448K)->16332K(16448K) Class: 2032K(2112K)->2032K(2112K)
[2026-02-17T23:37:54.281+0530][gc          ] GC(0) Pause Young (Normal) (G1 Evacuation Pause) 51M->9M(1024M) 34.969ms
[2026-02-17T23:37:54.281+0530][gc,cpu      ] GC(0) User=0.01s Sys=0.01s Real=0.03s
[2026-02-17T23:37:54.746+0530][gc,start    ] GC(1) Pause Young (Concurrent Start) (Metadata GC Threshold)
[2026-02-17T23:37:54.746+0530][gc,task     ] GC(1) Using 1 workers of 1 for evacuation
[2026-02-17T23:37:54.774+0530][gc,mmu      ] GC(1) MMU target violated: 21.0ms (20.0ms/21.0ms)
[2026-02-17T23:37:54.774+0530][gc,phases   ] GC(1)   Pre Evacuate Collection Set: 0.07ms
[2026-02-17T23:37:54.774+0530][gc,phases   ] GC(1)   Merge Heap Roots: 0.03ms
[2026-02-17T23:37:54.774+0530][gc,phases   ] GC(1)   Evacuate Collection Set: 26.81ms
[2026-02-17T23:37:54.774+0530][gc,phases   ] GC(1)   Post Evacuate Collection Set: 1.74ms
[2026-02-17T23:37:54.774+0530][gc,phases   ] GC(1)   Other: 0.20ms
[2026-02-17T23:37:54.774+0530][gc,heap     ] GC(1) Eden regions: 12->0(50)
[2026-02-17T23:37:54.774+0530][gc,heap     ] GC(1) Survivor regions: 7->1(7)
[2026-02-17T23:37:54.774+0530][gc,heap     ] GC(1) Old regions: 2->9
[2026-02-17T23:37:54.774+0530][gc,heap     ] GC(1) Archive regions: 2->2
[2026-02-17T23:37:54.774+0530][gc,heap     ] GC(1) Humongous regions: 0->0
[2026-02-17T23:37:54.774+0530][gc,metaspace] GC(1) Metaspace: 21313K(21504K)->21313K(21504K) NonClass: 18919K(19008K)->18919K(19008K) Class: 2394K(2496K)->2394K(2496K)
[2026-02-17T23:37:54.774+0530][gc          ] GC(1) Pause Young (Concurrent Start) (Metadata GC Threshold) 21M->10M(1024M) 28.885ms
[2026-02-17T23:37:54.775+0530][gc,cpu      ] GC(1) User=0.01s Sys=0.00s Real=0.03s
[2026-02-17T23:37:54.775+0530][gc          ] GC(2) Concurrent Mark Cycle
[2026-02-17T23:37:54.775+0530][gc,marking  ] GC(2) Concurrent Clear Claimed Marks
[2026-02-17T23:37:54.775+0530][gc,marking  ] GC(2) Concurrent Clear Claimed Marks 0.007ms
[2026-02-17T23:37:54.775+0530][gc,marking  ] GC(2) Concurrent Scan Root Regions
[2026-02-17T23:37:54.782+0530][gc,marking  ] GC(2) Concurrent Scan Root Regions 7.729ms
[2026-02-17T23:37:54.782+0530][gc,marking  ] GC(2) Concurrent Mark
[2026-02-17T23:37:54.782+0530][gc,marking  ] GC(2) Concurrent Mark From Roots
[2026-02-17T23:37:54.782+0530][gc,task     ] GC(2) Using 1 workers of 1 for marking
[2026-02-17T23:37:54.797+0530][gc,marking  ] GC(2) Concurrent Mark From Roots 14.942ms
[2026-02-17T23:37:54.797+0530][gc,marking  ] GC(2) Concurrent Preclean
[2026-02-17T23:37:54.797+0530][gc,marking  ] GC(2) Concurrent Preclean 0.026ms
[2026-02-17T23:37:54.799+0530][gc,start    ] GC(2) Pause Remark
[2026-02-17T23:37:54.804+0530][gc          ] GC(2) Pause Remark 10M->10M(1024M) 5.043ms
[2026-02-17T23:37:54.804+0530][gc,cpu      ] GC(2) User=0.00s Sys=0.00s Real=0.00s
[2026-02-17T23:37:54.805+0530][gc,marking  ] GC(2) Concurrent Mark 22.867ms
[2026-02-17T23:37:54.805+0530][gc,marking  ] GC(2) Concurrent Rebuild Remembered Sets
[2026-02-17T23:37:54.833+0530][gc,marking  ] GC(2) Concurrent Rebuild Remembered Sets 27.998ms
[2026-02-17T23:37:54.846+0530][gc,start    ] GC(2) Pause Cleanup
[2026-02-17T23:37:54.846+0530][gc          ] GC(2) Pause Cleanup 11M->11M(1024M) 0.214ms
[2026-02-17T23:37:54.846+0530][gc,cpu      ] GC(2) User=0.00s Sys=0.00s Real=0.01s
[2026-02-17T23:37:54.850+0530][gc,marking  ] GC(2) Concurrent Cleanup for Next Mark
[2026-02-17T23:37:54.883+0530][gc,marking  ] GC(2) Concurrent Cleanup for Next Mark 32.739ms
[2026-02-17T23:37:54.883+0530][gc          ] GC(2) Concurrent Mark Cycle 108.482ms
[2026-02-17T23:37:57.530+0530][gc,start    ] GC(3) Pause Young (Normal) (G1 Evacuation Pause)
[2026-02-17T23:37:57.530+0530][gc,task     ] GC(3) Using 1 workers of 1 for evacuation
[2026-02-17T23:37:57.592+0530][gc,mmu      ] GC(3) MMU target violated: 21.0ms (20.0ms/21.0ms)
[2026-02-17T23:37:57.592+0530][gc,phases   ] GC(3)   Pre Evacuate Collection Set: 0.07ms
[2026-02-17T23:37:57.592+0530][gc,phases   ] GC(3)   Merge Heap Roots: 0.03ms
[2026-02-17T23:37:57.592+0530][gc,phases   ] GC(3)   Evacuate Collection Set: 59.63ms
[2026-02-17T23:37:57.592+0530][gc,phases   ] GC(3)   Post Evacuate Collection Set: 2.27ms
[2026-02-17T23:37:57.592+0530][gc,phases   ] GC(3)   Other: 0.10ms
[2026-02-17T23:37:57.592+0530][gc,heap     ] GC(3) Eden regions: 50->0(47)
[2026-02-17T23:37:57.592+0530][gc,heap     ] GC(3) Survivor regions: 1->4(7)
[2026-02-17T23:37:57.592+0530][gc,heap     ] GC(3) Old regions: 9->9
[2026-02-17T23:37:57.592+0530][gc,heap     ] GC(3) Archive regions: 2->2
[2026-02-17T23:37:57.592+0530][gc,heap     ] GC(3) Humongous regions: 0->0
[2026-02-17T23:37:57.592+0530][gc,metaspace] GC(3) Metaspace: 30951K(31232K)->30951K(31232K) NonClass: 27459K(27584K)->27459K(27584K) Class: 3492K(3648K)->3492K(3648K)
[2026-02-17T23:37:57.592+0530][gc          ] GC(3) Pause Young (Normal) (G1 Evacuation Pause) 60M->12M(1024M) 62.118ms
[2026-02-17T23:37:57.592+0530][gc,cpu      ] GC(3) User=0.01s Sys=0.00s Real=0.06s
[2026-02-17T23:37:57.795+0530][gc,heap,exit] Heap
[2026-02-17T23:37:57.795+0530][gc,heap,exit]  garbage-first heap   total 1048576K, used 18052K [0x00000000c0000000, 0x0000000100000000)
[2026-02-17T23:37:57.795+0530][gc,heap,exit]   region size 1024K, 10 young (10240K), 4 survivors (4096K)
[2026-02-17T23:37:57.795+0530][gc,heap,exit]  Metaspace       used 31376K, committed 31616K, reserved 1114112K
[2026-02-17T23:37:57.795+0530][gc,heap,exit]   class space    used 3542K, committed 3648K, reserved 1048576K
