[2026-02-17T21:29:50.467+0530][gc] Using G1
[2026-02-17T21:29:50.539+0530][gc,init] Version: 17.0.18+8-Ubuntu-124.04.1 (release)
[2026-02-17T21:29:50.539+0530][gc,init] CPUs: 1 total, 1 available
[2026-02-17T21:29:50.539+0530][gc,init] Memory: 15805M
[2026-02-17T21:29:50.539+0530][gc,init] Large Page Support: Disabled
[2026-02-17T21:29:50.539+0530][gc,init] NUMA Support: Disabled
[2026-02-17T21:29:50.539+0530][gc,init] Compressed Oops: Enabled (32-bit)
[2026-02-17T21:29:50.539+0530][gc,init] Heap Region Size: 1M
[2026-02-17T21:29:50.539+0530][gc,init] Heap Min Capacity: 1G
[2026-02-17T21:29:50.539+0530][gc,init] Heap Initial Capacity: 1G
[2026-02-17T21:29:50.539+0530][gc,init] Heap Max Capacity: 1G
[2026-02-17T21:29:50.539+0530][gc,init] Pre-touch: Disabled
[2026-02-17T21:29:50.539+0530][gc,init] Parallel Workers: 1
[2026-02-17T21:29:50.539+0530][gc,init] Concurrent Workers: 1
[2026-02-17T21:29:50.539+0530][gc,init] Concurrent Refinement Workers: 1
[2026-02-17T21:29:50.539+0530][gc,init] Periodic GC: Disabled
[2026-02-17T21:29:50.579+0530][gc,metaspace] CDS archive(s) mapped at: [0x0000788497000000-0x0000788497bca000-0x0000788497bca000), size 12361728, SharedBaseAddress: 0x0000788497000000, ArchiveRelocationMode: 1.
[2026-02-17T21:29:50.579+0530][gc,metaspace] Compressed class space mapped at: 0x0000788498000000-0x00007884d8000000, reserved size: 1073741824
[2026-02-17T21:29:50.579+0530][gc,metaspace] Narrow klass base: 0x0000788497000000, Narrow klass shift: 0, Narrow klass range: 0x100000000
[2026-02-17T21:29:57.349+0530][gc,start    ] GC(0) Pause Young (Normal) (G1 Evacuation Pause)
[2026-02-17T21:29:57.349+0530][gc,task     ] GC(0) Using 1 workers of 1 for evacuation
[2026-02-17T21:29:57.506+0530][gc,mmu      ] GC(0) MMU target violated: 21.0ms (20.0ms/21.0ms)
[2026-02-17T21:29:57.506+0530][gc,phases   ] GC(0)   Pre Evacuate Collection Set: 0.12ms
[2026-02-17T21:29:57.506+0530][gc,phases   ] GC(0)   Merge Heap Roots: 4.87ms
[2026-02-17T21:29:57.506+0530][gc,phases   ] GC(0)   Evacuate Collection Set: 134.81ms
[2026-02-17T21:29:57.506+0530][gc,phases   ] GC(0)   Post Evacuate Collection Set: 16.36ms
[2026-02-17T21:29:57.506+0530][gc,phases   ] GC(0)   Other: 0.11ms
[2026-02-17T21:29:57.506+0530][gc,heap     ] GC(0) Eden regions: 51->0(44)
[2026-02-17T21:29:57.506+0530][gc,heap     ] GC(0) Survivor regions: 0->7(7)
[2026-02-17T21:29:57.506+0530][gc,heap     ] GC(0) Old regions: 0->2
[2026-02-17T21:29:57.506+0530][gc,heap     ] GC(0) Archive regions: 2->2
[2026-02-17T21:29:57.506+0530][gc,heap     ] GC(0) Humongous regions: 0->0
[2026-02-17T21:29:57.506+0530][gc,metaspace] GC(0) Metaspace: 18399K(18560K)->18399K(18560K) NonClass: 16364K(16448K)->16364K(16448K) Class: 2034K(2112K)->2034K(2112K)
[2026-02-17T21:29:57.506+0530][gc          ] GC(0) Pause Young (Normal) (G1 Evacuation Pause) 51M->9M(1024M) 156.313ms
[2026-02-17T21:29:57.506+0530][gc,cpu      ] GC(0) User=0.01s Sys=0.00s Real=0.15s
[2026-02-17T21:29:59.113+0530][gc,start    ] GC(1) Pause Young (Concurrent Start) (Metadata GC Threshold)
[2026-02-17T21:29:59.113+0530][gc,task     ] GC(1) Using 1 workers of 1 for evacuation
[2026-02-17T21:29:59.325+0530][gc,mmu      ] GC(1) MMU target violated: 21.0ms (20.0ms/21.0ms)
[2026-02-17T21:29:59.325+0530][gc,phases   ] GC(1)   Pre Evacuate Collection Set: 2.38ms
[2026-02-17T21:29:59.325+0530][gc,phases   ] GC(1)   Merge Heap Roots: 2.40ms
[2026-02-17T21:29:59.325+0530][gc,phases   ] GC(1)   Evacuate Collection Set: 198.17ms
[2026-02-17T21:29:59.325+0530][gc,phases   ] GC(1)   Post Evacuate Collection Set: 7.90ms
[2026-02-17T21:29:59.325+0530][gc,phases   ] GC(1)   Other: 1.21ms
[2026-02-17T21:29:59.325+0530][gc,heap     ] GC(1) Eden regions: 12->0(50)
[2026-02-17T21:29:59.325+0530][gc,heap     ] GC(1) Survivor regions: 7->1(7)
[2026-02-17T21:29:59.325+0530][gc,heap     ] GC(1) Old regions: 2->9
[2026-02-17T21:29:59.325+0530][gc,heap     ] GC(1) Archive regions: 2->2
[2026-02-17T21:29:59.325+0530][gc,heap     ] GC(1) Humongous regions: 0->0
[2026-02-17T21:29:59.325+0530][gc,metaspace] GC(1) Metaspace: 21306K(21504K)->21306K(21504K) NonClass: 18912K(19008K)->18912K(19008K) Class: 2394K(2496K)->2394K(2496K)
[2026-02-17T21:29:59.325+0530][gc          ] GC(1) Pause Young (Concurrent Start) (Metadata GC Threshold) 20M->10M(1024M) 212.098ms
[2026-02-17T21:29:59.325+0530][gc,cpu      ] GC(1) User=0.00s Sys=0.00s Real=0.21s
[2026-02-17T21:29:59.325+0530][gc          ] GC(2) Concurrent Mark Cycle
[2026-02-17T21:29:59.325+0530][gc,marking  ] GC(2) Concurrent Clear Claimed Marks
[2026-02-17T21:29:59.325+0530][gc,marking  ] GC(2) Concurrent Clear Claimed Marks 0.008ms
[2026-02-17T21:29:59.325+0530][gc,marking  ] GC(2) Concurrent Scan Root Regions
[2026-02-17T21:29:59.360+0530][gc,marking  ] GC(2) Concurrent Scan Root Regions 34.624ms
[2026-02-17T21:29:59.360+0530][gc,marking  ] GC(2) Concurrent Mark
[2026-02-17T21:29:59.360+0530][gc,marking  ] GC(2) Concurrent Mark From Roots
[2026-02-17T21:29:59.360+0530][gc,task     ] GC(2) Using 1 workers of 1 for marking
[2026-02-17T21:29:59.391+0530][gc,marking  ] GC(2) Concurrent Mark From Roots 31.508ms
[2026-02-17T21:29:59.391+0530][gc,marking  ] GC(2) Concurrent Preclean
[2026-02-17T21:29:59.392+0530][gc,marking  ] GC(2) Concurrent Preclean 0.023ms
[2026-02-17T21:29:59.401+0530][gc,start    ] GC(2) Pause Remark
[2026-02-17T21:29:59.421+0530][gc          ] GC(2) Pause Remark 10M->10M(1024M) 19.746ms
[2026-02-17T21:29:59.421+0530][gc,cpu      ] GC(2) User=0.00s Sys=0.00s Real=0.02s
[2026-02-17T21:29:59.422+0530][gc,marking  ] GC(2) Concurrent Mark 61.822ms
[2026-02-17T21:29:59.422+0530][gc,marking  ] GC(2) Concurrent Rebuild Remembered Sets
[2026-02-17T21:29:59.459+0530][gc,marking  ] GC(2) Concurrent Rebuild Remembered Sets 36.838ms
[2026-02-17T21:29:59.464+0530][gc,start    ] GC(2) Pause Cleanup
[2026-02-17T21:29:59.465+0530][gc          ] GC(2) Pause Cleanup 11M->11M(1024M) 1.316ms
[2026-02-17T21:29:59.465+0530][gc,cpu      ] GC(2) User=0.00s Sys=0.00s Real=0.00s
[2026-02-17T21:29:59.465+0530][gc,marking  ] GC(2) Concurrent Cleanup for Next Mark
[2026-02-17T21:29:59.543+0530][gc,marking  ] GC(2) Concurrent Cleanup for Next Mark 77.809ms
[2026-02-17T21:29:59.543+0530][gc          ] GC(2) Concurrent Mark Cycle 217.520ms
[2026-02-17T21:30:05.774+0530][gc,start    ] GC(3) Pause Young (Normal) (G1 Evacuation Pause)
[2026-02-17T21:30:05.774+0530][gc,task     ] GC(3) Using 1 workers of 1 for evacuation
[2026-02-17T21:30:05.878+0530][gc,mmu      ] GC(3) MMU target violated: 21.0ms (20.0ms/21.0ms)
[2026-02-17T21:30:05.878+0530][gc,phases   ] GC(3)   Pre Evacuate Collection Set: 2.95ms
[2026-02-17T21:30:05.878+0530][gc,phases   ] GC(3)   Merge Heap Roots: 0.03ms
[2026-02-17T21:30:05.878+0530][gc,phases   ] GC(3)   Evacuate Collection Set: 94.99ms
[2026-02-17T21:30:05.878+0530][gc,phases   ] GC(3)   Post Evacuate Collection Set: 6.11ms
[2026-02-17T21:30:05.878+0530][gc,phases   ] GC(3)   Other: 0.10ms
[2026-02-17T21:30:05.879+0530][gc,heap     ] GC(3) Eden regions: 50->0(47)
[2026-02-17T21:30:05.879+0530][gc,heap     ] GC(3) Survivor regions: 1->4(7)
[2026-02-17T21:30:05.879+0530][gc,heap     ] GC(3) Old regions: 9->9
[2026-02-17T21:30:05.879+0530][gc,heap     ] GC(3) Archive regions: 2->2
[2026-02-17T21:30:05.879+0530][gc,heap     ] GC(3) Humongous regions: 0->0
[2026-02-17T21:30:05.879+0530][gc,metaspace] GC(3) Metaspace: 31219K(31552K)->31219K(31552K) NonClass: 27680K(27840K)->27680K(27840K) Class: 3538K(3712K)->3538K(3712K)
[2026-02-17T21:30:05.879+0530][gc          ] GC(3) Pause Young (Normal) (G1 Evacuation Pause) 60M->12M(1024M) 104.218ms
[2026-02-17T21:30:05.879+0530][gc,cpu      ] GC(3) User=0.02s Sys=0.00s Real=0.11s
[2026-02-17T21:30:07.854+0530][gc,start    ] GC(4) Pause Young (Concurrent Start) (Metadata GC Threshold)
[2026-02-17T21:30:07.855+0530][gc,task     ] GC(4) Using 1 workers of 1 for evacuation
[2026-02-17T21:30:07.898+0530][gc,mmu      ] GC(4) MMU target violated: 21.0ms (20.0ms/21.0ms)
[2026-02-17T21:30:07.898+0530][gc,phases   ] GC(4)   Pre Evacuate Collection Set: 0.09ms
[2026-02-17T21:30:07.898+0530][gc,phases   ] GC(4)   Merge Heap Roots: 0.03ms
[2026-02-17T21:30:07.898+0530][gc,phases   ] GC(4)   Evacuate Collection Set: 42.63ms
[2026-02-17T21:30:07.898+0530][gc,phases   ] GC(4)   Post Evacuate Collection Set: 0.33ms
[2026-02-17T21:30:07.898+0530][gc,phases   ] GC(4)   Other: 0.14ms
[2026-02-17T21:30:07.898+0530][gc,heap     ] GC(4) Eden regions: 42->0(44)
[2026-02-17T21:30:07.898+0530][gc,heap     ] GC(4) Survivor regions: 4->7(7)
[2026-02-17T21:30:07.898+0530][gc,heap     ] GC(4) Old regions: 9->9
[2026-02-17T21:30:07.898+0530][gc,heap     ] GC(4) Archive regions: 2->2
[2026-02-17T21:30:07.898+0530][gc,heap     ] GC(4) Humongous regions: 0->0
[2026-02-17T21:30:07.898+0530][gc,metaspace] GC(4) Metaspace: 35650K(35968K)->35650K(35968K) NonClass: 31778K(31936K)->31778K(31936K) Class: 3872K(4032K)->3872K(4032K)
[2026-02-17T21:30:07.898+0530][gc          ] GC(4) Pause Young (Concurrent Start) (Metadata GC Threshold) 53M->16M(1024M) 43.254ms
[2026-02-17T21:30:07.898+0530][gc,cpu      ] GC(4) User=0.01s Sys=0.00s Real=0.05s
[2026-02-17T21:30:07.898+0530][gc          ] GC(5) Concurrent Mark Cycle
[2026-02-17T21:30:07.898+0530][gc,marking  ] GC(5) Concurrent Clear Claimed Marks
[2026-02-17T21:30:07.898+0530][gc,marking  ] GC(5) Concurrent Clear Claimed Marks 0.015ms
[2026-02-17T21:30:07.898+0530][gc,marking  ] GC(5) Concurrent Scan Root Regions
[2026-02-17T21:30:07.917+0530][gc,marking  ] GC(5) Concurrent Scan Root Regions 18.915ms
[2026-02-17T21:30:07.917+0530][gc,marking  ] GC(5) Concurrent Mark
[2026-02-17T21:30:07.917+0530][gc,marking  ] GC(5) Concurrent Mark From Roots
[2026-02-17T21:30:07.917+0530][gc,task     ] GC(5) Using 1 workers of 1 for marking
[2026-02-17T21:30:07.950+0530][gc,marking  ] GC(5) Concurrent Mark From Roots 32.987ms
[2026-02-17T21:30:07.950+0530][gc,marking  ] GC(5) Concurrent Preclean
[2026-02-17T21:30:07.950+0530][gc,marking  ] GC(5) Concurrent Preclean 0.107ms
[2026-02-17T21:30:07.951+0530][gc,start    ] GC(5) Pause Remark
[2026-02-17T21:30:07.965+0530][gc          ] GC(5) Pause Remark 17M->17M(1024M) 13.571ms
[2026-02-17T21:30:07.965+0530][gc,cpu      ] GC(5) User=0.00s Sys=0.00s Real=0.01s
[2026-02-17T21:30:07.966+0530][gc,marking  ] GC(5) Concurrent Mark 48.835ms
[2026-02-17T21:30:07.966+0530][gc,marking  ] GC(5) Concurrent Rebuild Remembered Sets
[2026-02-17T21:30:07.983+0530][gc,marking  ] GC(5) Concurrent Rebuild Remembered Sets 17.730ms
[2026-02-17T21:30:07.986+0530][gc,start    ] GC(5) Pause Cleanup
[2026-02-17T21:30:07.986+0530][gc          ] GC(5) Pause Cleanup 18M->18M(1024M) 0.099ms
[2026-02-17T21:30:07.986+0530][gc,cpu      ] GC(5) User=0.00s Sys=0.00s Real=0.00s
[2026-02-17T21:30:07.986+0530][gc,marking  ] GC(5) Concurrent Cleanup for Next Mark
[2026-02-17T21:30:08.016+0530][gc,marking  ] GC(5) Concurrent Cleanup for Next Mark 30.169ms
[2026-02-17T21:30:08.016+0530][gc          ] GC(5) Concurrent Mark Cycle 118.140ms
[2026-02-17T21:30:16.970+0530][gc,start    ] GC(6) Pause Young (Normal) (G1 Evacuation Pause)
[2026-02-17T21:30:16.970+0530][gc,task     ] GC(6) Using 1 workers of 1 for evacuation
[2026-02-17T21:30:17.030+0530][gc,mmu      ] GC(6) MMU target violated: 21.0ms (20.0ms/21.0ms)
[2026-02-17T21:30:17.030+0530][gc,phases   ] GC(6)   Pre Evacuate Collection Set: 1.88ms
[2026-02-17T21:30:17.030+0530][gc,phases   ] GC(6)   Merge Heap Roots: 0.06ms
[2026-02-17T21:30:17.030+0530][gc,phases   ] GC(6)   Evacuate Collection Set: 53.55ms
[2026-02-17T21:30:17.030+0530][gc,phases   ] GC(6)   Post Evacuate Collection Set: 4.41ms
[2026-02-17T21:30:17.030+0530][gc,phases   ] GC(6)   Other: 0.14ms
[2026-02-17T21:30:17.030+0530][gc,heap     ] GC(6) Eden regions: 44->0(48)
[2026-02-17T21:30:17.030+0530][gc,heap     ] GC(6) Survivor regions: 7->3(7)
[2026-02-17T21:30:17.030+0530][gc,heap     ] GC(6) Old regions: 9->15
[2026-02-17T21:30:17.030+0530][gc,heap     ] GC(6) Archive regions: 2->2
[2026-02-17T21:30:17.030+0530][gc,heap     ] GC(6) Humongous regions: 147->129
[2026-02-17T21:30:17.030+0530][gc,metaspace] GC(6) Metaspace: 40173K(40576K)->40173K(40576K) NonClass: 35604K(35840K)->35604K(35840K) Class: 4569K(4736K)->4569K(4736K)
[2026-02-17T21:30:17.030+0530][gc          ] GC(6) Pause Young (Normal) (G1 Evacuation Pause) 207M->147M(1024M) 60.093ms
[2026-02-17T21:30:17.030+0530][gc,cpu      ] GC(6) User=0.02s Sys=0.00s Real=0.06s
[2026-02-17T21:31:08.920+0530][gc,start    ] GC(7) Pause Young (Normal) (G1 Evacuation Pause)
[2026-02-17T21:31:08.920+0530][gc,task     ] GC(7) Using 1 workers of 1 for evacuation
[2026-02-17T21:31:08.952+0530][gc,mmu      ] GC(7) MMU target violated: 21.0ms (20.0ms/21.0ms)
[2026-02-17T21:31:08.952+0530][gc,phases   ] GC(7)   Pre Evacuate Collection Set: 1.58ms
[2026-02-17T21:31:08.952+0530][gc,phases   ] GC(7)   Merge Heap Roots: 0.06ms
[2026-02-17T21:31:08.952+0530][gc,phases   ] GC(7)   Evacuate Collection Set: 28.66ms
[2026-02-17T21:31:08.952+0530][gc,phases   ] GC(7)   Post Evacuate Collection Set: 1.26ms
[2026-02-17T21:31:08.952+0530][gc,phases   ] GC(7)   Other: 0.12ms
[2026-02-17T21:31:08.952+0530][gc,heap     ] GC(7) Eden regions: 48->0(45)
[2026-02-17T21:31:08.952+0530][gc,heap     ] GC(7) Survivor regions: 3->6(7)
[2026-02-17T21:31:08.952+0530][gc,heap     ] GC(7) Old regions: 15->15
[2026-02-17T21:31:08.952+0530][gc,heap     ] GC(7) Archive regions: 2->2
[2026-02-17T21:31:08.952+0530][gc,heap     ] GC(7) Humongous regions: 129->129
[2026-02-17T21:31:08.952+0530][gc,metaspace] GC(7) Metaspace: 41723K(42176K)->41723K(42176K) NonClass: 36931K(37184K)->36931K(37184K) Class: 4791K(4992K)->4791K(4992K)
[2026-02-17T21:31:08.952+0530][gc          ] GC(7) Pause Young (Normal) (G1 Evacuation Pause) 195M->150M(1024M) 31.707ms
[2026-02-17T21:31:08.952+0530][gc,cpu      ] GC(7) User=0.01s Sys=0.00s Real=0.03s
[2026-02-17T21:32:08.438+0530][gc,start    ] GC(8) Pause Young (Normal) (G1 Evacuation Pause)
[2026-02-17T21:32:08.438+0530][gc,task     ] GC(8) Using 1 workers of 1 for evacuation
[2026-02-17T21:32:08.475+0530][gc,mmu      ] GC(8) MMU target violated: 21.0ms (20.0ms/21.0ms)
[2026-02-17T21:32:08.475+0530][gc,phases   ] GC(8)   Pre Evacuate Collection Set: 0.66ms
[2026-02-17T21:32:08.475+0530][gc,phases   ] GC(8)   Merge Heap Roots: 1.02ms
[2026-02-17T21:32:08.475+0530][gc,phases   ] GC(8)   Evacuate Collection Set: 33.55ms
[2026-02-17T21:32:08.475+0530][gc,phases   ] GC(8)   Post Evacuate Collection Set: 2.33ms
[2026-02-17T21:32:08.475+0530][gc,phases   ] GC(8)   Other: 0.26ms
[2026-02-17T21:32:08.475+0530][gc,heap     ] GC(8) Eden regions: 45->0(45)
[2026-02-17T21:32:08.475+0530][gc,heap     ] GC(8) Survivor regions: 6->6(7)
[2026-02-17T21:32:08.475+0530][gc,heap     ] GC(8) Old regions: 15->18
[2026-02-17T21:32:08.475+0530][gc,heap     ] GC(8) Archive regions: 2->2
[2026-02-17T21:32:08.475+0530][gc,heap     ] GC(8) Humongous regions: 129->129
[2026-02-17T21:32:08.475+0530][gc,metaspace] GC(8) Metaspace: 42185K(42688K)->42185K(42688K) NonClass: 37393K(37696K)->37393K(37696K) Class: 4791K(4992K)->4791K(4992K)
[2026-02-17T21:32:08.475+0530][gc          ] GC(8) Pause Young (Normal) (G1 Evacuation Pause) 195M->153M(1024M) 37.854ms
[2026-02-17T21:32:08.475+0530][gc,cpu      ] GC(8) User=0.01s Sys=0.01s Real=0.03s
[2026-02-17T21:33:09.250+0530][gc,start    ] GC(9) Pause Young (Normal) (G1 Evacuation Pause)
[2026-02-17T21:33:09.250+0530][gc,task     ] GC(9) Using 1 workers of 1 for evacuation
[2026-02-17T21:33:09.371+0530][gc,mmu      ] GC(9) MMU target violated: 21.0ms (20.0ms/21.0ms)
[2026-02-17T21:33:09.372+0530][gc,phases   ] GC(9)   Pre Evacuate Collection Set: 0.91ms
[2026-02-17T21:33:09.372+0530][gc,phases   ] GC(9)   Merge Heap Roots: 0.09ms
[2026-02-17T21:33:09.372+0530][gc,phases   ] GC(9)   Evacuate Collection Set: 117.18ms
[2026-02-17T21:33:09.372+0530][gc,phases   ] GC(9)   Post Evacuate Collection Set: 3.22ms
[2026-02-17T21:33:09.372+0530][gc,phases   ] GC(9)   Other: 0.13ms
[2026-02-17T21:33:09.372+0530][gc,heap     ] GC(9) Eden regions: 45->0(44)
[2026-02-17T21:33:09.372+0530][gc,heap     ] GC(9) Survivor regions: 6->7(7)
[2026-02-17T21:33:09.372+0530][gc,heap     ] GC(9) Old regions: 18->21
[2026-02-17T21:33:09.372+0530][gc,heap     ] GC(9) Archive regions: 2->2
[2026-02-17T21:33:09.372+0530][gc,heap     ] GC(9) Humongous regions: 129->129
[2026-02-17T21:33:09.372+0530][gc,metaspace] GC(9) Metaspace: 42471K(42944K)->42471K(42944K) NonClass: 37680K(37952K)->37680K(37952K) Class: 4791K(4992K)->4791K(4992K)
[2026-02-17T21:33:09.372+0530][gc          ] GC(9) Pause Young (Normal) (G1 Evacuation Pause) 198M->156M(1024M) 121.562ms
[2026-02-17T21:33:09.372+0530][gc,cpu      ] GC(9) User=0.02s Sys=0.00s Real=0.12s
[2026-02-17T21:34:07.481+0530][gc,start    ] GC(10) Pause Young (Normal) (G1 Evacuation Pause)
[2026-02-17T21:34:07.481+0530][gc,task     ] GC(10) Using 1 workers of 1 for evacuation
[2026-02-17T21:34:07.545+0530][gc,mmu      ] GC(10) MMU target violated: 21.0ms (20.0ms/21.0ms)
[2026-02-17T21:34:07.546+0530][gc,phases   ] GC(10)   Pre Evacuate Collection Set: 2.00ms
[2026-02-17T21:34:07.546+0530][gc,phases   ] GC(10)   Merge Heap Roots: 1.04ms
[2026-02-17T21:34:07.546+0530][gc,phases   ] GC(10)   Evacuate Collection Set: 54.12ms
[2026-02-17T21:34:07.546+0530][gc,phases   ] GC(10)   Post Evacuate Collection Set: 7.07ms
[2026-02-17T21:34:07.546+0530][gc,phases   ] GC(10)   Other: 0.19ms
[2026-02-17T21:34:07.546+0530][gc,heap     ] GC(10) Eden regions: 44->0(47)
[2026-02-17T21:34:07.546+0530][gc,heap     ] GC(10) Survivor regions: 7->4(7)
[2026-02-17T21:34:07.546+0530][gc,heap     ] GC(10) Old regions: 21->22
[2026-02-17T21:34:07.546+0530][gc,heap     ] GC(10) Archive regions: 2->2
[2026-02-17T21:34:07.546+0530][gc,heap     ] GC(10) Humongous regions: 129->129
[2026-02-17T21:34:07.546+0530][gc,metaspace] GC(10) Metaspace: 42894K(43456K)->42894K(43456K) NonClass: 38028K(38336K)->38028K(38336K) Class: 4865K(5120K)->4865K(5120K)
[2026-02-17T21:34:07.546+0530][gc          ] GC(10) Pause Young (Normal) (G1 Evacuation Pause) 200M->155M(1024M) 64.454ms
[2026-02-17T21:34:07.546+0530][gc,cpu      ] GC(10) User=0.01s Sys=0.00s Real=0.06s
[2026-02-17T21:35:10.783+0530][gc,start    ] GC(11) Pause Young (Normal) (G1 Evacuation Pause)
[2026-02-17T21:35:10.783+0530][gc,task     ] GC(11) Using 1 workers of 1 for evacuation
[2026-02-17T21:35:10.889+0530][gc,mmu      ] GC(11) MMU target violated: 21.0ms (20.0ms/21.0ms)
[2026-02-17T21:35:10.889+0530][gc,phases   ] GC(11)   Pre Evacuate Collection Set: 0.50ms
[2026-02-17T21:35:10.889+0530][gc,phases   ] GC(11)   Merge Heap Roots: 0.27ms
[2026-02-17T21:35:10.889+0530][gc,phases   ] GC(11)   Evacuate Collection Set: 103.35ms
[2026-02-17T21:35:10.889+0530][gc,phases   ] GC(11)   Post Evacuate Collection Set: 1.83ms
[2026-02-17T21:35:10.889+0530][gc,phases   ] GC(11)   Other: 0.11ms
[2026-02-17T21:35:10.889+0530][gc,heap     ] GC(11) Eden regions: 47->0(44)
[2026-02-17T21:35:10.889+0530][gc,heap     ] GC(11) Survivor regions: 4->7(7)
[2026-02-17T21:35:10.889+0530][gc,heap     ] GC(11) Old regions: 22->23
[2026-02-17T21:35:10.889+0530][gc,heap     ] GC(11) Archive regions: 2->2
[2026-02-17T21:35:10.889+0530][gc,heap     ] GC(11) Humongous regions: 129->129
[2026-02-17T21:35:10.889+0530][gc,metaspace] GC(11) Metaspace: 43014K(43584K)->43014K(43584K) NonClass: 38141K(38464K)->38141K(38464K) Class: 4872K(5120K)->4872K(5120K)
[2026-02-17T21:35:10.889+0530][gc          ] GC(11) Pause Young (Normal) (G1 Evacuation Pause) 202M->158M(1024M) 106.152ms
[2026-02-17T21:35:10.889+0530][gc,cpu      ] GC(11) User=0.01s Sys=0.00s Real=0.11s
[2026-02-17T21:36:45.606+0530][gc,start    ] GC(12) Pause Young (Normal) (G1 Evacuation Pause)
[2026-02-17T21:36:45.606+0530][gc,task     ] GC(12) Using 1 workers of 1 for evacuation
[2026-02-17T21:36:45.614+0530][gc,phases   ] GC(12)   Pre Evacuate Collection Set: 0.19ms
[2026-02-17T21:36:45.614+0530][gc,phases   ] GC(12)   Merge Heap Roots: 0.25ms
[2026-02-17T21:36:45.614+0530][gc,phases   ] GC(12)   Evacuate Collection Set: 7.71ms
[2026-02-17T21:36:45.614+0530][gc,phases   ] GC(12)   Post Evacuate Collection Set: 0.31ms
[2026-02-17T21:36:45.614+0530][gc,phases   ] GC(12)   Other: 0.09ms
[2026-02-17T21:36:45.614+0530][gc,heap     ] GC(12) Eden regions: 44->0(48)
[2026-02-17T21:36:45.614+0530][gc,heap     ] GC(12) Survivor regions: 7->3(7)
[2026-02-17T21:36:45.614+0530][gc,heap     ] GC(12) Old regions: 23->24
[2026-02-17T21:36:45.614+0530][gc,heap     ] GC(12) Archive regions: 2->2
[2026-02-17T21:36:45.614+0530][gc,heap     ] GC(12) Humongous regions: 129->129
[2026-02-17T21:36:45.614+0530][gc,metaspace] GC(12) Metaspace: 43369K(43904K)->43369K(43904K) NonClass: 38441K(38720K)->38441K(38720K) Class: 4927K(5184K)->4927K(5184K)
[2026-02-17T21:36:45.614+0530][gc          ] GC(12) Pause Young (Normal) (G1 Evacuation Pause) 202M->156M(1024M) 8.605ms
[2026-02-17T21:36:45.614+0530][gc,cpu      ] GC(12) User=0.01s Sys=0.00s Real=0.01s
[2026-02-17T21:38:40.344+0530][gc,start    ] GC(13) Pause Young (Normal) (G1 Evacuation Pause)
[2026-02-17T21:38:40.344+0530][gc,task     ] GC(13) Using 1 workers of 1 for evacuation
[2026-02-17T21:38:40.382+0530][gc,mmu      ] GC(13) MMU target violated: 21.0ms (20.0ms/21.0ms)
[2026-02-17T21:38:40.383+0530][gc,phases   ] GC(13)   Pre Evacuate Collection Set: 0.17ms
[2026-02-17T21:38:40.383+0530][gc,phases   ] GC(13)   Merge Heap Roots: 0.09ms
[2026-02-17T21:38:40.383+0530][gc,phases   ] GC(13)   Evacuate Collection Set: 36.48ms
[2026-02-17T21:38:40.383+0530][gc,phases   ] GC(13)   Post Evacuate Collection Set: 2.01ms
[2026-02-17T21:38:40.383+0530][gc,phases   ] GC(13)   Other: 0.12ms
[2026-02-17T21:38:40.383+0530][gc,heap     ] GC(13) Eden regions: 48->0(45)
[2026-02-17T21:38:40.383+0530][gc,heap     ] GC(13) Survivor regions: 3->6(7)
[2026-02-17T21:38:40.383+0530][gc,heap     ] GC(13) Old regions: 24->24
[2026-02-17T21:38:40.383+0530][gc,heap     ] GC(13) Archive regions: 2->2
[2026-02-17T21:38:40.383+0530][gc,heap     ] GC(13) Humongous regions: 129->129
[2026-02-17T21:38:40.383+0530][gc,metaspace] GC(13) Metaspace: 43403K(43968K)->43403K(43968K) NonClass: 38476K(38784K)->38476K(38784K) Class: 4927K(5184K)->4927K(5184K)
[2026-02-17T21:38:40.383+0530][gc          ] GC(13) Pause Young (Normal) (G1 Evacuation Pause) 204M->159M(1024M) 38.900ms
[2026-02-17T21:38:40.383+0530][gc,cpu      ] GC(13) User=0.01s Sys=0.00s Real=0.04s
[2026-02-17T21:40:30.293+0530][gc,start    ] GC(14) Pause Young (Normal) (G1 Evacuation Pause)
[2026-02-17T21:40:30.293+0530][gc,task     ] GC(14) Using 1 workers of 1 for evacuation
[2026-02-17T21:40:30.306+0530][gc,phases   ] GC(14)   Pre Evacuate Collection Set: 0.18ms
[2026-02-17T21:40:30.306+0530][gc,phases   ] GC(14)   Merge Heap Roots: 0.06ms
[2026-02-17T21:40:30.306+0530][gc,phases   ] GC(14)   Evacuate Collection Set: 11.81ms
[2026-02-17T21:40:30.306+0530][gc,phases   ] GC(14)   Post Evacuate Collection Set: 0.35ms
[2026-02-17T21:40:30.306+0530][gc,phases   ] GC(14)   Other: 0.17ms
[2026-02-17T21:40:30.306+0530][gc,heap     ] GC(14) Eden regions: 45->0(46)
[2026-02-17T21:40:30.306+0530][gc,heap     ] GC(14) Survivor regions: 6->5(7)
[2026-02-17T21:40:30.306+0530][gc,heap     ] GC(14) Old regions: 24->25
[2026-02-17T21:40:30.306+0530][gc,heap     ] GC(14) Archive regions: 2->2
[2026-02-17T21:40:30.306+0530][gc,heap     ] GC(14) Humongous regions: 129->129
[2026-02-17T21:40:30.306+0530][gc,metaspace] GC(14) Metaspace: 43500K(44096K)->43500K(44096K) NonClass: 38552K(38912K)->38552K(38912K) Class: 4948K(5184K)->4948K(5184K)
[2026-02-17T21:40:30.306+0530][gc          ] GC(14) Pause Young (Normal) (G1 Evacuation Pause) 204M->159M(1024M) 12.883ms
[2026-02-17T21:40:30.306+0530][gc,cpu      ] GC(14) User=0.01s Sys=0.00s Real=0.01s
[2026-02-17T21:42:23.577+0530][gc,start    ] GC(15) Pause Young (Normal) (G1 Evacuation Pause)
[2026-02-17T21:42:23.577+0530][gc,task     ] GC(15) Using 1 workers of 1 for evacuation
[2026-02-17T21:42:23.587+0530][gc,phases   ] GC(15)   Pre Evacuate Collection Set: 0.30ms
[2026-02-17T21:42:23.587+0530][gc,phases   ] GC(15)   Merge Heap Roots: 0.20ms
[2026-02-17T21:42:23.587+0530][gc,phases   ] GC(15)   Evacuate Collection Set: 9.06ms
[2026-02-17T21:42:23.587+0530][gc,phases   ] GC(15)   Post Evacuate Collection Set: 0.26ms
[2026-02-17T21:42:23.587+0530][gc,phases   ] GC(15)   Other: 0.08ms
[2026-02-17T21:42:23.587+0530][gc,heap     ] GC(15) Eden regions: 46->0(47)
[2026-02-17T21:42:23.587+0530][gc,heap     ] GC(15) Survivor regions: 5->4(7)
[2026-02-17T21:42:23.587+0530][gc,heap     ] GC(15) Old regions: 25->27
[2026-02-17T21:42:23.587+0530][gc,heap     ] GC(15) Archive regions: 2->2
[2026-02-17T21:42:23.587+0530][gc,heap     ] GC(15) Humongous regions: 129->129
[2026-02-17T21:42:23.587+0530][gc,metaspace] GC(15) Metaspace: 43572K(44096K)->43572K(44096K) NonClass: 38617K(38912K)->38617K(38912K) Class: 4954K(5184K)->4954K(5184K)
[2026-02-17T21:42:23.587+0530][gc          ] GC(15) Pause Young (Normal) (G1 Evacuation Pause) 205M->159M(1024M) 9.964ms
[2026-02-17T21:42:23.587+0530][gc,cpu      ] GC(15) User=0.01s Sys=0.00s Real=0.01s
[2026-02-17T21:44:20.807+0530][gc,start    ] GC(16) Pause Young (Normal) (G1 Evacuation Pause)
[2026-02-17T21:44:20.807+0530][gc,task     ] GC(16) Using 1 workers of 1 for evacuation
[2026-02-17T21:44:20.819+0530][gc,phases   ] GC(16)   Pre Evacuate Collection Set: 0.23ms
[2026-02-17T21:44:20.819+0530][gc,phases   ] GC(16)   Merge Heap Roots: 0.06ms
[2026-02-17T21:44:20.819+0530][gc,phases   ] GC(16)   Evacuate Collection Set: 11.29ms
[2026-02-17T21:44:20.819+0530][gc,phases   ] GC(16)   Post Evacuate Collection Set: 0.26ms
[2026-02-17T21:44:20.819+0530][gc,phases   ] GC(16)   Other: 0.09ms
[2026-02-17T21:44:20.819+0530][gc,heap     ] GC(16) Eden regions: 47->0(44)
[2026-02-17T21:44:20.819+0530][gc,heap     ] GC(16) Survivor regions: 4->7(7)
[2026-02-17T21:44:20.819+0530][gc,heap     ] GC(16) Old regions: 27->27
[2026-02-17T21:44:20.819+0530][gc,heap     ] GC(16) Archive regions: 2->2
[2026-02-17T21:44:20.819+0530][gc,heap     ] GC(16) Humongous regions: 129->129
[2026-02-17T21:44:20.819+0530][gc,metaspace] GC(16) Metaspace: 43612K(44160K)->43612K(44160K) NonClass: 38658K(38976K)->38658K(38976K) Class: 4954K(5184K)->4954K(5184K)
[2026-02-17T21:44:20.819+0530][gc          ] GC(16) Pause Young (Normal) (G1 Evacuation Pause) 206M->163M(1024M) 11.981ms
[2026-02-17T21:44:20.819+0530][gc,cpu      ] GC(16) User=0.01s Sys=0.00s Real=0.01s
[2026-02-17T21:46:10.668+0530][gc,start    ] GC(17) Pause Young (Normal) (G1 Evacuation Pause)
[2026-02-17T21:46:10.668+0530][gc,task     ] GC(17) Using 1 workers of 1 for evacuation
[2026-02-17T21:46:10.718+0530][gc,mmu      ] GC(17) MMU target violated: 21.0ms (20.0ms/21.0ms)
[2026-02-17T21:46:10.718+0530][gc,phases   ] GC(17)   Pre Evacuate Collection Set: 0.11ms
[2026-02-17T21:46:10.718+0530][gc,phases   ] GC(17)   Merge Heap Roots: 1.19ms
[2026-02-17T21:46:10.718+0530][gc,phases   ] GC(17)   Evacuate Collection Set: 47.14ms
[2026-02-17T21:46:10.718+0530][gc,phases   ] GC(17)   Post Evacuate Collection Set: 1.18ms
[2026-02-17T21:46:10.718+0530][gc,phases   ] GC(17)   Other: 0.49ms
[2026-02-17T21:46:10.718+0530][gc,heap     ] GC(17) Eden regions: 44->0(46)
[2026-02-17T21:46:10.718+0530][gc,heap     ] GC(17) Survivor regions: 7->5(7)
[2026-02-17T21:46:10.718+0530][gc,heap     ] GC(17) Old regions: 27->29
[2026-02-17T21:46:10.718+0530][gc,heap     ] GC(17) Archive regions: 2->2
[2026-02-17T21:46:10.718+0530][gc,heap     ] GC(17) Humongous regions: 129->129
[2026-02-17T21:46:10.718+0530][gc,metaspace] GC(17) Metaspace: 43624K(44160K)->43624K(44160K) NonClass: 38669K(38976K)->38669K(38976K) Class: 4955K(5184K)->4955K(5184K)
[2026-02-17T21:46:10.718+0530][gc          ] GC(17) Pause Young (Normal) (G1 Evacuation Pause) 207M->162M(1024M) 50.118ms
[2026-02-17T21:46:10.718+0530][gc,cpu      ] GC(17) User=0.01s Sys=0.00s Real=0.05s
[2026-02-17T21:48:06.592+0530][gc,start    ] GC(18) Pause Young (Normal) (G1 Evacuation Pause)
[2026-02-17T21:48:06.592+0530][gc,task     ] GC(18) Using 1 workers of 1 for evacuation
[2026-02-17T21:48:06.609+0530][gc,phases   ] GC(18)   Pre Evacuate Collection Set: 0.12ms
[2026-02-17T21:48:06.609+0530][gc,phases   ] GC(18)   Merge Heap Roots: 0.20ms
[2026-02-17T21:48:06.609+0530][gc,phases   ] GC(18)   Evacuate Collection Set: 15.88ms
[2026-02-17T21:48:06.609+0530][gc,phases   ] GC(18)   Post Evacuate Collection Set: 0.27ms
[2026-02-17T21:48:06.609+0530][gc,phases   ] GC(18)   Other: 0.40ms
[2026-02-17T21:48:06.609+0530][gc,heap     ] GC(18) Eden regions: 46->0(47)
[2026-02-17T21:48:06.609+0530][gc,heap     ] GC(18) Survivor regions: 5->4(7)
[2026-02-17T21:48:06.609+0530][gc,heap     ] GC(18) Old regions: 29->30
[2026-02-17T21:48:06.609+0530][gc,heap     ] GC(18) Archive regions: 2->2
[2026-02-17T21:48:06.609+0530][gc,heap     ] GC(18) Humongous regions: 129->129
[2026-02-17T21:48:06.609+0530][gc,metaspace] GC(18) Metaspace: 43639K(44160K)->43639K(44160K) NonClass: 38684K(38976K)->38684K(38976K) Class: 4955K(5184K)->4955K(5184K)
[2026-02-17T21:48:06.609+0530][gc          ] GC(18) Pause Young (Normal) (G1 Evacuation Pause) 208M->163M(1024M) 16.941ms
[2026-02-17T21:48:06.609+0530][gc,cpu      ] GC(18) User=0.01s Sys=0.00s Real=0.02s
[2026-02-17T21:50:04.656+0530][gc,start    ] GC(19) Pause Young (Normal) (G1 Evacuation Pause)
[2026-02-17T21:50:04.656+0530][gc,task     ] GC(19) Using 1 workers of 1 for evacuation
[2026-02-17T21:50:04.688+0530][gc,mmu      ] GC(19) MMU target violated: 21.0ms (20.0ms/21.0ms)
[2026-02-17T21:50:04.688+0530][gc,phases   ] GC(19)   Pre Evacuate Collection Set: 1.21ms
[2026-02-17T21:50:04.688+0530][gc,phases   ] GC(19)   Merge Heap Roots: 0.08ms
[2026-02-17T21:50:04.688+0530][gc,phases   ] GC(19)   Evacuate Collection Set: 27.09ms
[2026-02-17T21:50:04.688+0530][gc,phases   ] GC(19)   Post Evacuate Collection Set: 2.82ms
[2026-02-17T21:50:04.688+0530][gc,phases   ] GC(19)   Other: 0.13ms
[2026-02-17T21:50:04.688+0530][gc,heap     ] GC(19) Eden regions: 47->0(47)
[2026-02-17T21:50:04.688+0530][gc,heap     ] GC(19) Survivor regions: 4->4(7)
[2026-02-17T21:50:04.688+0530][gc,heap     ] GC(19) Old regions: 30->30
[2026-02-17T21:50:04.688+0530][gc,heap     ] GC(19) Archive regions: 2->2
[2026-02-17T21:50:04.688+0530][gc,heap     ] GC(19) Humongous regions: 129->129
[2026-02-17T21:50:04.688+0530][gc,metaspace] GC(19) Metaspace: 43670K(44224K)->43670K(44224K) NonClass: 38714K(39040K)->38714K(39040K) Class: 4955K(5184K)->4955K(5184K)
[2026-02-17T21:50:04.688+0530][gc          ] GC(19) Pause Young (Normal) (G1 Evacuation Pause) 210M->163M(1024M) 31.354ms
[2026-02-17T21:50:04.688+0530][gc,cpu      ] GC(19) User=0.01s Sys=0.00s Real=0.03s
[2026-02-17T21:52:03.381+0530][gc,start    ] GC(20) Pause Young (Normal) (G1 Evacuation Pause)
[2026-02-17T21:52:03.381+0530][gc,task     ] GC(20) Using 1 workers of 1 for evacuation
[2026-02-17T21:52:03.399+0530][gc,phases   ] GC(20)   Pre Evacuate Collection Set: 0.42ms
[2026-02-17T21:52:03.400+0530][gc,phases   ] GC(20)   Merge Heap Roots: 0.06ms
[2026-02-17T21:52:03.400+0530][gc,phases   ] GC(20)   Evacuate Collection Set: 16.85ms
[2026-02-17T21:52:03.400+0530][gc,phases   ] GC(20)   Post Evacuate Collection Set: 1.41ms
[2026-02-17T21:52:03.400+0530][gc,phases   ] GC(20)   Other: 0.09ms
[2026-02-17T21:52:03.400+0530][gc,heap     ] GC(20) Eden regions: 47->0(45)
[2026-02-17T21:52:03.400+0530][gc,heap     ] GC(20) Survivor regions: 4->6(7)
[2026-02-17T21:52:03.400+0530][gc,heap     ] GC(20) Old regions: 30->31
[2026-02-17T21:52:03.400+0530][gc,heap     ] GC(20) Archive regions: 2->2
[2026-02-17T21:52:03.400+0530][gc,heap     ] GC(20) Humongous regions: 129->129
[2026-02-17T21:52:03.400+0530][gc,metaspace] GC(20) Metaspace: 43696K(44224K)->43696K(44224K) NonClass: 38740K(39040K)->38740K(39040K) Class: 4955K(5184K)->4955K(5184K)
[2026-02-17T21:52:03.400+0530][gc          ] GC(20) Pause Young (Normal) (G1 Evacuation Pause) 210M->166M(1024M) 18.916ms
[2026-02-17T21:52:03.400+0530][gc,cpu      ] GC(20) User=0.01s Sys=0.00s Real=0.02s
[2026-02-17T21:53:56.604+0530][gc,start    ] GC(21) Pause Young (Normal) (G1 Evacuation Pause)
[2026-02-17T21:53:56.605+0530][gc,task     ] GC(21) Using 1 workers of 1 for evacuation
[2026-02-17T21:53:56.628+0530][gc,mmu      ] GC(21) MMU target violated: 21.0ms (20.0ms/21.0ms)
[2026-02-17T21:53:56.628+0530][gc,phases   ] GC(21)   Pre Evacuate Collection Set: 0.08ms
[2026-02-17T21:53:56.628+0530][gc,phases   ] GC(21)   Merge Heap Roots: 1.32ms
[2026-02-17T21:53:56.628+0530][gc,phases   ] GC(21)   Evacuate Collection Set: 21.49ms
[2026-02-17T21:53:56.628+0530][gc,phases   ] GC(21)   Post Evacuate Collection Set: 0.25ms
[2026-02-17T21:53:56.628+0530][gc,phases   ] GC(21)   Other: 0.93ms
[2026-02-17T21:53:56.628+0530][gc,heap     ] GC(21) Eden regions: 45->0(47)
[2026-02-17T21:53:56.628+0530][gc,heap     ] GC(21) Survivor regions: 6->4(7)
[2026-02-17T21:53:56.628+0530][gc,heap     ] GC(21) Old regions: 31->34
[2026-02-17T21:53:56.628+0530][gc,heap     ] GC(21) Archive regions: 2->2
[2026-02-17T21:53:56.628+0530][gc,heap     ] GC(21) Humongous regions: 129->129
[2026-02-17T21:53:56.628+0530][gc,metaspace] GC(21) Metaspace: 43696K(44224K)->43696K(44224K) NonClass: 38741K(39040K)->38741K(39040K) Class: 4955K(5184K)->4955K(5184K)
[2026-02-17T21:53:56.628+0530][gc          ] GC(21) Pause Young (Normal) (G1 Evacuation Pause) 211M->167M(1024M) 24.106ms
[2026-02-17T21:53:56.628+0530][gc,cpu      ] GC(21) User=0.02s Sys=0.00s Real=0.03s
[2026-02-17T21:55:55.188+0530][gc,start    ] GC(22) Pause Young (Normal) (G1 Evacuation Pause)
[2026-02-17T21:55:55.188+0530][gc,task     ] GC(22) Using 1 workers of 1 for evacuation
[2026-02-17T21:55:55.255+0530][gc,mmu      ] GC(22) MMU target violated: 21.0ms (20.0ms/21.0ms)
[2026-02-17T21:55:55.255+0530][gc,phases   ] GC(22)   Pre Evacuate Collection Set: 0.65ms
[2026-02-17T21:55:55.255+0530][gc,phases   ] GC(22)   Merge Heap Roots: 0.59ms
[2026-02-17T21:55:55.255+0530][gc,phases   ] GC(22)   Evacuate Collection Set: 64.67ms
[2026-02-17T21:55:55.255+0530][gc,phases   ] GC(22)   Post Evacuate Collection Set: 0.55ms
[2026-02-17T21:55:55.255+0530][gc,phases   ] GC(22)   Other: 0.13ms
[2026-02-17T21:55:55.255+0530][gc,heap     ] GC(22) Eden regions: 47->0(48)
[2026-02-17T21:55:55.255+0530][gc,heap     ] GC(22) Survivor regions: 4->3(7)
[2026-02-17T21:55:55.255+0530][gc,heap     ] GC(22) Old regions: 34->35
[2026-02-17T21:55:55.255+0530][gc,heap     ] GC(22) Archive regions: 2->2
[2026-02-17T21:55:55.255+0530][gc,heap     ] GC(22) Humongous regions: 129->129
[2026-02-17T21:55:55.255+0530][gc,metaspace] GC(22) Metaspace: 43698K(44224K)->43698K(44224K) NonClass: 38743K(39040K)->38743K(39040K) Class: 4955K(5184K)->4955K(5184K)
[2026-02-17T21:55:55.255+0530][gc          ] GC(22) Pause Young (Normal) (G1 Evacuation Pause) 214M->167M(1024M) 66.612ms
[2026-02-17T21:55:55.255+0530][gc,cpu      ] GC(22) User=0.01s Sys=0.00s Real=0.06s
[2026-02-17T21:57:57.735+0530][gc,start    ] GC(23) Pause Young (Normal) (G1 Evacuation Pause)
[2026-02-17T21:57:57.735+0530][gc,task     ] GC(23) Using 1 workers of 1 for evacuation
[2026-02-17T21:57:57.753+0530][gc,phases   ] GC(23)   Pre Evacuate Collection Set: 1.52ms
[2026-02-17T21:57:57.753+0530][gc,phases   ] GC(23)   Merge Heap Roots: 0.23ms
[2026-02-17T21:57:57.753+0530][gc,phases   ] GC(23)   Evacuate Collection Set: 15.98ms
[2026-02-17T21:57:57.753+0530][gc,phases   ] GC(23)   Post Evacuate Collection Set: 0.32ms
[2026-02-17T21:57:57.753+0530][gc,phases   ] GC(23)   Other: 0.09ms
[2026-02-17T21:57:57.753+0530][gc,heap     ] GC(23) Eden regions: 48->0(44)
[2026-02-17T21:57:57.753+0530][gc,heap     ] GC(23) Survivor regions: 3->7(7)
[2026-02-17T21:57:57.753+0530][gc,heap     ] GC(23) Old regions: 35->35
[2026-02-17T21:57:57.753+0530][gc,heap     ] GC(23) Archive regions: 2->2
[2026-02-17T21:57:57.753+0530][gc,heap     ] GC(23) Humongous regions: 129->129
[2026-02-17T21:57:57.753+0530][gc,metaspace] GC(23) Metaspace: 43714K(44288K)->43714K(44288K) NonClass: 38758K(39104K)->38758K(39104K) Class: 4955K(5184K)->4955K(5184K)
[2026-02-17T21:57:57.753+0530][gc          ] GC(23) Pause Young (Normal) (G1 Evacuation Pause) 215M->170M(1024M) 18.198ms
[2026-02-17T21:57:57.753+0530][gc,cpu      ] GC(23) User=0.01s Sys=0.00s Real=0.02s
[2026-02-17T21:59:48.932+0530][gc,start    ] GC(24) Pause Young (Normal) (G1 Evacuation Pause)
[2026-02-17T21:59:48.932+0530][gc,task     ] GC(24) Using 1 workers of 1 for evacuation
[2026-02-17T21:59:48.944+0530][gc,phases   ] GC(24)   Pre Evacuate Collection Set: 0.13ms
[2026-02-17T21:59:48.944+0530][gc,phases   ] GC(24)   Merge Heap Roots: 0.23ms
[2026-02-17T21:59:48.944+0530][gc,phases   ] GC(24)   Evacuate Collection Set: 11.46ms
[2026-02-17T21:59:48.944+0530][gc,phases   ] GC(24)   Post Evacuate Collection Set: 0.24ms
[2026-02-17T21:59:48.944+0530][gc,phases   ] GC(24)   Other: 0.08ms
[2026-02-17T21:59:48.944+0530][gc,heap     ] GC(24) Eden regions: 44->0(48)
[2026-02-17T21:59:48.944+0530][gc,heap     ] GC(24) Survivor regions: 7->3(7)
[2026-02-17T21:59:48.944+0530][gc,heap     ] GC(24) Old regions: 35->38
[2026-02-17T21:59:48.944+0530][gc,heap     ] GC(24) Archive regions: 2->2
[2026-02-17T21:59:48.944+0530][gc,heap     ] GC(24) Humongous regions: 129->129
[2026-02-17T21:59:48.944+0530][gc,metaspace] GC(24) Metaspace: 43716K(44288K)->43716K(44288K) NonClass: 38760K(39104K)->38760K(39104K) Class: 4955K(5184K)->4955K(5184K)
[2026-02-17T21:59:48.944+0530][gc          ] GC(24) Pause Young (Normal) (G1 Evacuation Pause) 214M->170M(1024M) 12.182ms
[2026-02-17T21:59:48.944+0530][gc,cpu      ] GC(24) User=0.01s Sys=0.00s Real=0.01s
[2026-02-17T22:01:49.866+0530][gc,start    ] GC(25) Pause Young (Normal) (G1 Evacuation Pause)
[2026-02-17T22:01:49.866+0530][gc,task     ] GC(25) Using 1 workers of 1 for evacuation
[2026-02-17T22:01:49.874+0530][gc,phases   ] GC(25)   Pre Evacuate Collection Set: 0.42ms
[2026-02-17T22:01:49.874+0530][gc,phases   ] GC(25)   Merge Heap Roots: 0.09ms
[2026-02-17T22:01:49.874+0530][gc,phases   ] GC(25)   Evacuate Collection Set: 6.40ms
[2026-02-17T22:01:49.874+0530][gc,phases   ] GC(25)   Post Evacuate Collection Set: 0.22ms
[2026-02-17T22:01:49.874+0530][gc,phases   ] GC(25)   Other: 0.07ms
[2026-02-17T22:01:49.874+0530][gc,heap     ] GC(25) Eden regions: 48->0(47)
[2026-02-17T22:01:49.874+0530][gc,heap     ] GC(25) Survivor regions: 3->4(7)
[2026-02-17T22:01:49.874+0530][gc,heap     ] GC(25) Old regions: 38->38
[2026-02-17T22:01:49.874+0530][gc,heap     ] GC(25) Archive regions: 2->2
[2026-02-17T22:01:49.874+0530][gc,heap     ] GC(25) Humongous regions: 129->129
[2026-02-17T22:01:49.874+0530][gc,metaspace] GC(25) Metaspace: 43723K(44288K)->43723K(44288K) NonClass: 38768K(39104K)->38768K(39104K) Class: 4955K(5184K)->4955K(5184K)
[2026-02-17T22:01:49.874+0530][gc          ] GC(25) Pause Young (Normal) (G1 Evacuation Pause) 218M->171M(1024M) 7.263ms
[2026-02-17T22:01:49.874+0530][gc,cpu      ] GC(25) User=0.01s Sys=0.00s Real=0.00s
[2026-02-17T22:03:48.917+0530][gc,start    ] GC(26) Pause Young (Normal) (G1 Evacuation Pause)
[2026-02-17T22:03:48.917+0530][gc,task     ] GC(26) Using 1 workers of 1 for evacuation
[2026-02-17T22:03:48.928+0530][gc,phases   ] GC(26)   Pre Evacuate Collection Set: 0.27ms
[2026-02-17T22:03:48.928+0530][gc,phases   ] GC(26)   Merge Heap Roots: 0.14ms
[2026-02-17T22:03:48.928+0530][gc,phases   ] GC(26)   Evacuate Collection Set: 10.97ms
[2026-02-17T22:03:48.928+0530][gc,phases   ] GC(26)   Post Evacuate Collection Set: 0.22ms
[2026-02-17T22:03:48.928+0530][gc,phases   ] GC(26)   Other: 0.08ms
[2026-02-17T22:03:48.928+0530][gc,heap     ] GC(26) Eden regions: 47->0(44)
[2026-02-17T22:03:48.928+0530][gc,heap     ] GC(26) Survivor regions: 4->7(7)
[2026-02-17T22:03:48.928+0530][gc,heap     ] GC(26) Old regions: 38->38
[2026-02-17T22:03:48.928+0530][gc,heap     ] GC(26) Archive regions: 2->2
[2026-02-17T22:03:48.928+0530][gc,heap     ] GC(26) Humongous regions: 129->129
[2026-02-17T22:03:48.928+0530][gc,metaspace] GC(26) Metaspace: 43727K(44288K)->43727K(44288K) NonClass: 38771K(39104K)->38771K(39104K) Class: 4955K(5184K)->4955K(5184K)
[2026-02-17T22:03:48.928+0530][gc          ] GC(26) Pause Young (Normal) (G1 Evacuation Pause) 218M->174M(1024M) 11.824ms
[2026-02-17T22:03:48.929+0530][gc,cpu      ] GC(26) User=0.01s Sys=0.00s Real=0.01s
[2026-02-17T22:05:39.185+0530][gc,start    ] GC(27) Pause Young (Normal) (G1 Evacuation Pause)
[2026-02-17T22:05:39.185+0530][gc,task     ] GC(27) Using 1 workers of 1 for evacuation
[2026-02-17T22:05:39.198+0530][gc,phases   ] GC(27)   Pre Evacuate Collection Set: 0.20ms
[2026-02-17T22:05:39.198+0530][gc,phases   ] GC(27)   Merge Heap Roots: 0.07ms
[2026-02-17T22:05:39.198+0530][gc,phases   ] GC(27)   Evacuate Collection Set: 12.33ms
[2026-02-17T22:05:39.198+0530][gc,phases   ] GC(27)   Post Evacuate Collection Set: 0.30ms
[2026-02-17T22:05:39.198+0530][gc,phases   ] GC(27)   Other: 0.08ms
[2026-02-17T22:05:39.198+0530][gc,heap     ] GC(27) Eden regions: 44->0(46)
[2026-02-17T22:05:39.198+0530][gc,heap     ] GC(27) Survivor regions: 7->5(7)
[2026-02-17T22:05:39.198+0530][gc,heap     ] GC(27) Old regions: 38->41
[2026-02-17T22:05:39.198+0530][gc,heap     ] GC(27) Archive regions: 2->2
[2026-02-17T22:05:39.198+0530][gc,heap     ] GC(27) Humongous regions: 129->129
[2026-02-17T22:05:39.198+0530][gc,metaspace] GC(27) Metaspace: 43732K(44288K)->43732K(44288K) NonClass: 38776K(39104K)->38776K(39104K) Class: 4955K(5184K)->4955K(5184K)
[2026-02-17T22:05:39.198+0530][gc          ] GC(27) Pause Young (Normal) (G1 Evacuation Pause) 218M->174M(1024M) 13.039ms
[2026-02-17T22:05:39.198+0530][gc,cpu      ] GC(27) User=0.01s Sys=0.00s Real=0.02s
[2026-02-17T22:07:36.312+0530][gc,start    ] GC(28) Pause Young (Normal) (G1 Evacuation Pause)
[2026-02-17T22:07:36.312+0530][gc,task     ] GC(28) Using 1 workers of 1 for evacuation
[2026-02-17T22:07:36.321+0530][gc,phases   ] GC(28)   Pre Evacuate Collection Set: 0.20ms
[2026-02-17T22:07:36.321+0530][gc,phases   ] GC(28)   Merge Heap Roots: 0.18ms
[2026-02-17T22:07:36.321+0530][gc,phases   ] GC(28)   Evacuate Collection Set: 8.49ms
[2026-02-17T22:07:36.321+0530][gc,phases   ] GC(28)   Post Evacuate Collection Set: 0.29ms
[2026-02-17T22:07:36.321+0530][gc,phases   ] GC(28)   Other: 0.08ms
[2026-02-17T22:07:36.321+0530][gc,heap     ] GC(28) Eden regions: 46->0(47)
[2026-02-17T22:07:36.321+0530][gc,heap     ] GC(28) Survivor regions: 5->4(7)
[2026-02-17T22:07:36.321+0530][gc,heap     ] GC(28) Old regions: 41->42
[2026-02-17T22:07:36.321+0530][gc,heap     ] GC(28) Archive regions: 2->2
[2026-02-17T22:07:36.321+0530][gc,heap     ] GC(28) Humongous regions: 129->129
[2026-02-17T22:07:36.321+0530][gc,metaspace] GC(28) Metaspace: 43735K(44288K)->43735K(44288K) NonClass: 38780K(39104K)->38780K(39104K) Class: 4955K(5184K)->4955K(5184K)
[2026-02-17T22:07:36.321+0530][gc          ] GC(28) Pause Young (Normal) (G1 Evacuation Pause) 220M->174M(1024M) 9.288ms
[2026-02-17T22:07:36.321+0530][gc,cpu      ] GC(28) User=0.01s Sys=0.00s Real=0.01s
[2026-02-17T22:09:34.959+0530][gc,start    ] GC(29) Pause Young (Normal) (G1 Evacuation Pause)
[2026-02-17T22:09:34.959+0530][gc,task     ] GC(29) Using 1 workers of 1 for evacuation
[2026-02-17T22:09:34.967+0530][gc,phases   ] GC(29)   Pre Evacuate Collection Set: 0.32ms
[2026-02-17T22:09:34.967+0530][gc,phases   ] GC(29)   Merge Heap Roots: 0.06ms
[2026-02-17T22:09:34.967+0530][gc,phases   ] GC(29)   Evacuate Collection Set: 6.73ms
[2026-02-17T22:09:34.967+0530][gc,phases   ] GC(29)   Post Evacuate Collection Set: 0.32ms
[2026-02-17T22:09:34.967+0530][gc,phases   ] GC(29)   Other: 0.08ms
[2026-02-17T22:09:34.967+0530][gc,heap     ] GC(29) Eden regions: 47->0(55)
[2026-02-17T22:09:34.967+0530][gc,heap     ] GC(29) Survivor regions: 4->4(7)
[2026-02-17T22:09:34.967+0530][gc,heap     ] GC(29) Old regions: 42->42
[2026-02-17T22:09:34.967+0530][gc,heap     ] GC(29) Archive regions: 2->2
[2026-02-17T22:09:34.967+0530][gc,heap     ] GC(29) Humongous regions: 129->129
[2026-02-17T22:09:34.967+0530][gc,metaspace] GC(29) Metaspace: 43745K(44288K)->43745K(44288K) NonClass: 38790K(39104K)->38790K(39104K) Class: 4955K(5184K)->4955K(5184K)
[2026-02-17T22:09:34.967+0530][gc          ] GC(29) Pause Young (Normal) (G1 Evacuation Pause) 221M->175M(1024M) 7.559ms
[2026-02-17T22:09:34.967+0530][gc,cpu      ] GC(29) User=0.01s Sys=0.00s Real=0.01s
[2026-02-17T22:11:54.186+0530][gc,start    ] GC(30) Pause Young (Normal) (G1 Evacuation Pause)
[2026-02-17T22:11:54.186+0530][gc,task     ] GC(30) Using 1 workers of 1 for evacuation
[2026-02-17T22:11:54.201+0530][gc,phases   ] GC(30)   Pre Evacuate Collection Set: 0.30ms
[2026-02-17T22:11:54.201+0530][gc,phases   ] GC(30)   Merge Heap Roots: 0.07ms
[2026-02-17T22:11:54.201+0530][gc,phases   ] GC(30)   Evacuate Collection Set: 13.89ms
[2026-02-17T22:11:54.201+0530][gc,phases   ] GC(30)   Post Evacuate Collection Set: 0.23ms
[2026-02-17T22:11:54.201+0530][gc,phases   ] GC(30)   Other: 0.13ms
[2026-02-17T22:11:54.201+0530][gc,heap     ] GC(30) Eden regions: 55->0(43)
[2026-02-17T22:11:54.201+0530][gc,heap     ] GC(30) Survivor regions: 4->8(8)
[2026-02-17T22:11:54.201+0530][gc,heap     ] GC(30) Old regions: 42->42
[2026-02-17T22:11:54.201+0530][gc,heap     ] GC(30) Archive regions: 2->2
[2026-02-17T22:11:54.201+0530][gc,heap     ] GC(30) Humongous regions: 129->129
[2026-02-17T22:11:54.201+0530][gc,metaspace] GC(30) Metaspace: 43757K(44288K)->43757K(44288K) NonClass: 38801K(39104K)->38801K(39104K) Class: 4955K(5184K)->4955K(5184K)
[2026-02-17T22:11:54.201+0530][gc          ] GC(30) Pause Young (Normal) (G1 Evacuation Pause) 230M->179M(1024M) 14.689ms
[2026-02-17T22:11:54.201+0530][gc,cpu      ] GC(30) User=0.02s Sys=0.00s Real=0.02s
[2026-02-17T22:13:43.203+0530][gc,start    ] GC(31) Pause Young (Normal) (G1 Evacuation Pause)
[2026-02-17T22:13:43.203+0530][gc,task     ] GC(31) Using 1 workers of 1 for evacuation
[2026-02-17T22:13:43.226+0530][gc,mmu      ] GC(31) MMU target violated: 21.0ms (20.0ms/21.0ms)
[2026-02-17T22:13:43.226+0530][gc,phases   ] GC(31)   Pre Evacuate Collection Set: 1.02ms
[2026-02-17T22:13:43.226+0530][gc,phases   ] GC(31)   Merge Heap Roots: 0.50ms
[2026-02-17T22:13:43.226+0530][gc,phases   ] GC(31)   Evacuate Collection Set: 21.21ms
[2026-02-17T22:13:43.226+0530][gc,phases   ] GC(31)   Post Evacuate Collection Set: 0.26ms
[2026-02-17T22:13:43.226+0530][gc,phases   ] GC(31)   Other: 0.12ms
[2026-02-17T22:13:43.226+0530][gc,heap     ] GC(31) Eden regions: 43->0(60)
[2026-02-17T22:13:43.226+0530][gc,heap     ] GC(31) Survivor regions: 8->3(7)
[2026-02-17T22:13:43.226+0530][gc,heap     ] GC(31) Old regions: 42->47
[2026-02-17T22:13:43.226+0530][gc,heap     ] GC(31) Archive regions: 2->2
[2026-02-17T22:13:43.226+0530][gc,heap     ] GC(31) Humongous regions: 129->129
[2026-02-17T22:13:43.226+0530][gc,metaspace] GC(31) Metaspace: 43766K(44288K)->43766K(44288K) NonClass: 38810K(39104K)->38810K(39104K) Class: 4955K(5184K)->4955K(5184K)
[2026-02-17T22:13:43.226+0530][gc          ] GC(31) Pause Young (Normal) (G1 Evacuation Pause) 222M->179M(1024M) 23.135ms
[2026-02-17T22:13:43.226+0530][gc,cpu      ] GC(31) User=0.01s Sys=0.00s Real=0.02s
[2026-02-17T22:16:15.598+0530][gc,start    ] GC(32) Pause Young (Normal) (G1 Evacuation Pause)
[2026-02-17T22:16:15.598+0530][gc,task     ] GC(32) Using 1 workers of 1 for evacuation
[2026-02-17T22:16:15.606+0530][gc,phases   ] GC(32)   Pre Evacuate Collection Set: 0.31ms
[2026-02-17T22:16:15.606+0530][gc,phases   ] GC(32)   Merge Heap Roots: 0.26ms
[2026-02-17T22:16:15.606+0530][gc,phases   ] GC(32)   Evacuate Collection Set: 7.80ms
[2026-02-17T22:16:15.606+0530][gc,phases   ] GC(32)   Post Evacuate Collection Set: 0.31ms
[2026-02-17T22:16:15.606+0530][gc,phases   ] GC(32)   Other: 0.17ms
[2026-02-17T22:16:15.606+0530][gc,heap     ] GC(32) Eden regions: 60->0(69)
[2026-02-17T22:16:15.606+0530][gc,heap     ] GC(32) Survivor regions: 3->4(8)
[2026-02-17T22:16:15.606+0530][gc,heap     ] GC(32) Old regions: 47->47
[2026-02-17T22:16:15.606+0530][gc,heap     ] GC(32) Archive regions: 2->2
[2026-02-17T22:16:15.606+0530][gc,heap     ] GC(32) Humongous regions: 129->129
[2026-02-17T22:16:15.606+0530][gc,metaspace] GC(32) Metaspace: 43766K(44288K)->43766K(44288K) NonClass: 38810K(39104K)->38810K(39104K) Class: 4955K(5184K)->4955K(5184K)
[2026-02-17T22:16:15.606+0530][gc          ] GC(32) Pause Young (Normal) (G1 Evacuation Pause) 239M->180M(1024M) 8.898ms
[2026-02-17T22:16:15.606+0530][gc,cpu      ] GC(32) User=0.01s Sys=0.00s Real=0.01s
[2026-02-17T22:19:11.898+0530][gc,start    ] GC(33) Pause Young (Normal) (G1 Evacuation Pause)
[2026-02-17T22:19:11.898+0530][gc,task     ] GC(33) Using 1 workers of 1 for evacuation
[2026-02-17T22:19:11.912+0530][gc,phases   ] GC(33)   Pre Evacuate Collection Set: 0.24ms
[2026-02-17T22:19:11.912+0530][gc,phases   ] GC(33)   Merge Heap Roots: 0.06ms
[2026-02-17T22:19:11.912+0530][gc,phases   ] GC(33)   Evacuate Collection Set: 12.51ms
[2026-02-17T22:19:11.912+0530][gc,phases   ] GC(33)   Post Evacuate Collection Set: 0.24ms
[2026-02-17T22:19:11.912+0530][gc,phases   ] GC(33)   Other: 0.10ms
[2026-02-17T22:19:11.912+0530][gc,heap     ] GC(33) Eden regions: 69->0(45)
[2026-02-17T22:19:11.912+0530][gc,heap     ] GC(33) Survivor regions: 4->6(10)
[2026-02-17T22:19:11.912+0530][gc,heap     ] GC(33) Old regions: 47->47
[2026-02-17T22:19:11.912+0530][gc,heap     ] GC(33) Archive regions: 2->2
[2026-02-17T22:19:11.912+0530][gc,heap     ] GC(33) Humongous regions: 129->129
[2026-02-17T22:19:11.912+0530][gc,metaspace] GC(33) Metaspace: 43769K(44288K)->43769K(44288K) NonClass: 38813K(39104K)->38813K(39104K) Class: 4955K(5184K)->4955K(5184K)
[2026-02-17T22:19:11.912+0530][gc          ] GC(33) Pause Young (Normal) (G1 Evacuation Pause) 249M->182M(1024M) 13.214ms
[2026-02-17T22:19:11.912+0530][gc,cpu      ] GC(33) User=0.01s Sys=0.00s Real=0.01s
[2026-02-17T22:21:05.610+0530][gc,start    ] GC(34) Pause Young (Normal) (G1 Evacuation Pause)
[2026-02-17T22:21:05.610+0530][gc,task     ] GC(34) Using 1 workers of 1 for evacuation
[2026-02-17T22:21:05.704+0530][gc,mmu      ] GC(34) MMU target violated: 21.0ms (20.0ms/21.0ms)
[2026-02-17T22:21:05.704+0530][gc,phases   ] GC(34)   Pre Evacuate Collection Set: 0.10ms
[2026-02-17T22:21:05.704+0530][gc,phases   ] GC(34)   Merge Heap Roots: 0.13ms
[2026-02-17T22:21:05.704+0530][gc,phases   ] GC(34)   Evacuate Collection Set: 88.13ms
[2026-02-17T22:21:05.704+0530][gc,phases   ] GC(34)   Post Evacuate Collection Set: 5.67ms
[2026-02-17T22:21:05.704+0530][gc,phases   ] GC(34)   Other: 0.13ms
[2026-02-17T22:21:05.704+0530][gc,heap     ] GC(34) Eden regions: 45->0(47)
[2026-02-17T22:21:05.704+0530][gc,heap     ] GC(34) Survivor regions: 6->4(7)
[2026-02-17T22:21:05.704+0530][gc,heap     ] GC(34) Old regions: 47->49
[2026-02-17T22:21:05.704+0530][gc,heap     ] GC(34) Archive regions: 2->2
[2026-02-17T22:21:05.704+0530][gc,heap     ] GC(34) Humongous regions: 129->129
[2026-02-17T22:21:05.704+0530][gc,metaspace] GC(34) Metaspace: 43787K(44288K)->43787K(44288K) NonClass: 38831K(39104K)->38831K(39104K) Class: 4955K(5184K)->4955K(5184K)
[2026-02-17T22:21:05.704+0530][gc          ] GC(34) Pause Young (Normal) (G1 Evacuation Pause) 227M->182M(1024M) 94.193ms
[2026-02-17T22:21:05.704+0530][gc,cpu      ] GC(34) User=0.01s Sys=0.00s Real=0.09s
[2026-02-17T22:23:05.718+0530][gc,start    ] GC(35) Pause Young (Normal) (G1 Evacuation Pause)
[2026-02-17T22:23:05.719+0530][gc,task     ] GC(35) Using 1 workers of 1 for evacuation
[2026-02-17T22:23:05.752+0530][gc,mmu      ] GC(35) MMU target violated: 21.0ms (20.0ms/21.0ms)
[2026-02-17T22:23:05.752+0530][gc,phases   ] GC(35)   Pre Evacuate Collection Set: 0.11ms
[2026-02-17T22:23:05.752+0530][gc,phases   ] GC(35)   Merge Heap Roots: 0.37ms
[2026-02-17T22:23:05.752+0530][gc,phases   ] GC(35)   Evacuate Collection Set: 32.28ms
[2026-02-17T22:23:05.752+0530][gc,phases   ] GC(35)   Post Evacuate Collection Set: 0.45ms
[2026-02-17T22:23:05.752+0530][gc,phases   ] GC(35)   Other: 0.39ms
[2026-02-17T22:23:05.752+0530][gc,heap     ] GC(35) Eden regions: 47->0(44)
[2026-02-17T22:23:05.752+0530][gc,heap     ] GC(35) Survivor regions: 4->7(7)
[2026-02-17T22:23:05.752+0530][gc,heap     ] GC(35) Old regions: 49->49
[2026-02-17T22:23:05.752+0530][gc,heap     ] GC(35) Archive regions: 2->2
[2026-02-17T22:23:05.752+0530][gc,heap     ] GC(35) Humongous regions: 129->129
[2026-02-17T22:23:05.752+0530][gc,metaspace] GC(35) Metaspace: 43787K(44288K)->43787K(44288K) NonClass: 38832K(39104K)->38832K(39104K) Class: 4955K(5184K)->4955K(5184K)
[2026-02-17T22:23:05.752+0530][gc          ] GC(35) Pause Young (Normal) (G1 Evacuation Pause) 229M->185M(1024M) 33.623ms
[2026-02-17T22:23:05.752+0530][gc,cpu      ] GC(35) User=0.01s Sys=0.00s Real=0.03s
[2026-02-17T22:24:56.778+0530][gc,start    ] GC(36) Pause Young (Normal) (G1 Evacuation Pause)
[2026-02-17T22:24:56.778+0530][gc,task     ] GC(36) Using 1 workers of 1 for evacuation
[2026-02-17T22:24:56.791+0530][gc,phases   ] GC(36)   Pre Evacuate Collection Set: 0.30ms
[2026-02-17T22:24:56.791+0530][gc,phases   ] GC(36)   Merge Heap Roots: 0.06ms
[2026-02-17T22:24:56.791+0530][gc,phases   ] GC(36)   Evacuate Collection Set: 12.62ms
[2026-02-17T22:24:56.791+0530][gc,phases   ] GC(36)   Post Evacuate Collection Set: 0.34ms
[2026-02-17T22:24:56.791+0530][gc,phases   ] GC(36)   Other: 0.09ms
[2026-02-17T22:24:56.791+0530][gc,heap     ] GC(36) Eden regions: 44->0(48)
[2026-02-17T22:24:56.791+0530][gc,heap     ] GC(36) Survivor regions: 7->3(7)
[2026-02-17T22:24:56.791+0530][gc,heap     ] GC(36) Old regions: 49->53
[2026-02-17T22:24:56.791+0530][gc,heap     ] GC(36) Archive regions: 2->2
[2026-02-17T22:24:56.791+0530][gc,heap     ] GC(36) Humongous regions: 129->129
[2026-02-17T22:24:56.791+0530][gc,metaspace] GC(36) Metaspace: 43789K(44352K)->43789K(44352K) NonClass: 38833K(39168K)->38833K(39168K) Class: 4955K(5184K)->4955K(5184K)
[2026-02-17T22:24:56.791+0530][gc          ] GC(36) Pause Young (Normal) (G1 Evacuation Pause) 229M->185M(1024M) 13.477ms
[2026-02-17T22:24:56.791+0530][gc,cpu      ] GC(36) User=0.01s Sys=0.00s Real=0.01s
[2026-02-17T22:26:59.216+0530][gc,start    ] GC(37) Pause Young (Normal) (G1 Evacuation Pause)
[2026-02-17T22:26:59.216+0530][gc,task     ] GC(37) Using 1 workers of 1 for evacuation
[2026-02-17T22:26:59.246+0530][gc,mmu      ] GC(37) MMU target violated: 21.0ms (20.0ms/21.0ms)
[2026-02-17T22:26:59.246+0530][gc,phases   ] GC(37)   Pre Evacuate Collection Set: 0.17ms
[2026-02-17T22:26:59.246+0530][gc,phases   ] GC(37)   Merge Heap Roots: 1.78ms
[2026-02-17T22:26:59.246+0530][gc,phases   ] GC(37)   Evacuate Collection Set: 25.01ms
[2026-02-17T22:26:59.246+0530][gc,phases   ] GC(37)   Post Evacuate Collection Set: 2.79ms
[2026-02-17T22:26:59.246+0530][gc,phases   ] GC(37)   Other: 0.14ms
[2026-02-17T22:26:59.246+0530][gc,heap     ] GC(37) Eden regions: 48->0(47)
[2026-02-17T22:26:59.246+0530][gc,heap     ] GC(37) Survivor regions: 3->4(7)
[2026-02-17T22:26:59.246+0530][gc,heap     ] GC(37) Old regions: 53->53
[2026-02-17T22:26:59.246+0530][gc,heap     ] GC(37) Archive regions: 2->2
[2026-02-17T22:26:59.246+0530][gc,heap     ] GC(37) Humongous regions: 129->129
[2026-02-17T22:26:59.246+0530][gc,metaspace] GC(37) Metaspace: 43790K(44352K)->43790K(44352K) NonClass: 38834K(39168K)->38834K(39168K) Class: 4955K(5184K)->4955K(5184K)
[2026-02-17T22:26:59.246+0530][gc          ] GC(37) Pause Young (Normal) (G1 Evacuation Pause) 233M->186M(1024M) 29.926ms
[2026-02-17T22:26:59.246+0530][gc,cpu      ] GC(37) User=0.01s Sys=0.00s Real=0.02s
[2026-02-17T22:28:58.932+0530][gc,start    ] GC(38) Pause Young (Normal) (G1 Evacuation Pause)
[2026-02-17T22:28:58.932+0530][gc,task     ] GC(38) Using 1 workers of 1 for evacuation
[2026-02-17T22:28:58.991+0530][gc,mmu      ] GC(38) MMU target violated: 21.0ms (20.0ms/21.0ms)
[2026-02-17T22:28:58.991+0530][gc,phases   ] GC(38)   Pre Evacuate Collection Set: 0.31ms
[2026-02-17T22:28:58.991+0530][gc,phases   ] GC(38)   Merge Heap Roots: 0.06ms
[2026-02-17T22:28:58.991+0530][gc,phases   ] GC(38)   Evacuate Collection Set: 54.60ms
[2026-02-17T22:28:58.991+0530][gc,phases   ] GC(38)   Post Evacuate Collection Set: 4.03ms
[2026-02-17T22:28:58.991+0530][gc,phases   ] GC(38)   Other: 0.16ms
[2026-02-17T22:28:58.991+0530][gc,heap     ] GC(38) Eden regions: 47->0(44)
[2026-02-17T22:28:58.991+0530][gc,heap     ] GC(38) Survivor regions: 4->7(7)
[2026-02-17T22:28:58.991+0530][gc,heap     ] GC(38) Old regions: 53->53
[2026-02-17T22:28:58.991+0530][gc,heap     ] GC(38) Archive regions: 2->2
[2026-02-17T22:28:58.991+0530][gc,heap     ] GC(38) Humongous regions: 129->129
[2026-02-17T22:28:58.991+0530][gc,metaspace] GC(38) Metaspace: 43791K(44352K)->43791K(44352K) NonClass: 38835K(39168K)->38835K(39168K) Class: 4955K(5184K)->4955K(5184K)
[2026-02-17T22:28:58.991+0530][gc          ] GC(38) Pause Young (Normal) (G1 Evacuation Pause) 233M->189M(1024M) 59.159ms
[2026-02-17T22:28:58.992+0530][gc,cpu      ] GC(38) User=0.01s Sys=0.00s Real=0.06s
[2026-02-17T22:30:38.139+0530][gc,start    ] GC(39) Pause Young (Normal) (G1 Evacuation Pause)
[2026-02-17T22:30:38.139+0530][gc,task     ] GC(39) Using 1 workers of 1 for evacuation
[2026-02-17T22:30:38.196+0530][gc,mmu      ] GC(39) MMU target violated: 21.0ms (20.0ms/21.0ms)
[2026-02-17T22:30:38.196+0530][gc,phases   ] GC(39)   Pre Evacuate Collection Set: 1.26ms
[2026-02-17T22:30:38.196+0530][gc,phases   ] GC(39)   Merge Heap Roots: 0.08ms
[2026-02-17T22:30:38.196+0530][gc,phases   ] GC(39)   Evacuate Collection Set: 54.42ms
[2026-02-17T22:30:38.196+0530][gc,phases   ] GC(39)   Post Evacuate Collection Set: 1.66ms
[2026-02-17T22:30:38.196+0530][gc,phases   ] GC(39)   Other: 0.20ms
[2026-02-17T22:30:38.196+0530][gc,heap     ] GC(39) Eden regions: 44->0(45)
[2026-02-17T22:30:38.196+0530][gc,heap     ] GC(39) Survivor regions: 7->6(7)
[2026-02-17T22:30:38.196+0530][gc,heap     ] GC(39) Old regions: 53->57
[2026-02-17T22:30:38.196+0530][gc,heap     ] GC(39) Archive regions: 2->2
[2026-02-17T22:30:38.196+0530][gc,heap     ] GC(39) Humongous regions: 147->147
[2026-02-17T22:30:38.196+0530][gc,metaspace] GC(39) Metaspace: 43955K(44544K)->43955K(44544K) NonClass: 38969K(39296K)->38969K(39296K) Class: 4985K(5248K)->4985K(5248K)
[2026-02-17T22:30:38.196+0530][gc          ] GC(39) Pause Young (Normal) (G1 Evacuation Pause) 251M->210M(1024M) 57.662ms
[2026-02-17T22:30:38.196+0530][gc,cpu      ] GC(39) User=0.02s Sys=0.00s Real=0.06s
[2026-02-17T22:32:30.431+0530][gc,start    ] GC(40) Pause Young (Normal) (G1 Evacuation Pause)
[2026-02-17T22:32:30.433+0530][gc,task     ] GC(40) Using 1 workers of 1 for evacuation
[2026-02-17T22:32:30.475+0530][gc,mmu      ] GC(40) MMU target violated: 21.0ms (20.0ms/21.0ms)
[2026-02-17T22:32:30.475+0530][gc,phases   ] GC(40)   Pre Evacuate Collection Set: 0.08ms
[2026-02-17T22:32:30.475+0530][gc,phases   ] GC(40)   Merge Heap Roots: 0.26ms
[2026-02-17T22:32:30.475+0530][gc,phases   ] GC(40)   Evacuate Collection Set: 35.94ms
[2026-02-17T22:32:30.475+0530][gc,phases   ] GC(40)   Post Evacuate Collection Set: 5.20ms
[2026-02-17T22:32:30.475+0530][gc,phases   ] GC(40)   Other: 2.91ms
[2026-02-17T22:32:30.475+0530][gc,heap     ] GC(40) Eden regions: 45->0(49)
[2026-02-17T22:32:30.475+0530][gc,heap     ] GC(40) Survivor regions: 6->2(7)
[2026-02-17T22:32:30.475+0530][gc,heap     ] GC(40) Old regions: 57->60
[2026-02-17T22:32:30.475+0530][gc,heap     ] GC(40) Archive regions: 2->2
[2026-02-17T22:32:30.475+0530][gc,heap     ] GC(40) Humongous regions: 147->147
[2026-02-17T22:32:30.475+0530][gc,metaspace] GC(40) Metaspace: 44124K(44672K)->44124K(44672K) NonClass: 39111K(39424K)->39111K(39424K) Class: 5013K(5248K)->5013K(5248K)
[2026-02-17T22:32:30.475+0530][gc          ] GC(40) Pause Young (Normal) (G1 Evacuation Pause) 255M->209M(1024M) 44.426ms
[2026-02-17T22:32:30.475+0530][gc,cpu      ] GC(40) User=0.01s Sys=0.00s Real=0.04s
[2026-02-17T22:34:35.255+0530][gc,start    ] GC(41) Pause Young (Normal) (G1 Evacuation Pause)
[2026-02-17T22:34:35.255+0530][gc,task     ] GC(41) Using 1 workers of 1 for evacuation
[2026-02-17T22:34:35.265+0530][gc,phases   ] GC(41)   Pre Evacuate Collection Set: 0.27ms
[2026-02-17T22:34:35.265+0530][gc,phases   ] GC(41)   Merge Heap Roots: 0.07ms
[2026-02-17T22:34:35.265+0530][gc,phases   ] GC(41)   Evacuate Collection Set: 9.45ms
[2026-02-17T22:34:35.265+0530][gc,phases   ] GC(41)   Post Evacuate Collection Set: 0.23ms
[2026-02-17T22:34:35.265+0530][gc,phases   ] GC(41)   Other: 0.13ms
[2026-02-17T22:34:35.265+0530][gc,heap     ] GC(41) Eden regions: 49->0(45)
[2026-02-17T22:34:35.265+0530][gc,heap     ] GC(41) Survivor regions: 2->6(7)
[2026-02-17T22:34:35.265+0530][gc,heap     ] GC(41) Old regions: 60->60
[2026-02-17T22:34:35.265+0530][gc,heap     ] GC(41) Archive regions: 2->2
[2026-02-17T22:34:35.265+0530][gc,heap     ] GC(41) Humongous regions: 147->147
[2026-02-17T22:34:35.265+0530][gc,metaspace] GC(41) Metaspace: 44140K(44672K)->44140K(44672K) NonClass: 39127K(39424K)->39127K(39424K) Class: 5013K(5248K)->5013K(5248K)
[2026-02-17T22:34:35.265+0530][gc          ] GC(41) Pause Young (Normal) (G1 Evacuation Pause) 258M->212M(1024M) 10.201ms
[2026-02-17T22:34:35.265+0530][gc,cpu      ] GC(41) User=0.01s Sys=0.00s Real=0.01s
[2026-02-17T22:36:29.152+0530][gc,start    ] GC(42) Pause Young (Normal) (G1 Evacuation Pause)
[2026-02-17T22:36:29.152+0530][gc,task     ] GC(42) Using 1 workers of 1 for evacuation
[2026-02-17T22:36:29.164+0530][gc,phases   ] GC(42)   Pre Evacuate Collection Set: 1.06ms
[2026-02-17T22:36:29.164+0530][gc,phases   ] GC(42)   Merge Heap Roots: 0.05ms
[2026-02-17T22:36:29.164+0530][gc,phases   ] GC(42)   Evacuate Collection Set: 10.73ms
[2026-02-17T22:36:29.164+0530][gc,phases   ] GC(42)   Post Evacuate Collection Set: 0.24ms
[2026-02-17T22:36:29.164+0530][gc,phases   ] GC(42)   Other: 0.09ms
[2026-02-17T22:36:29.164+0530][gc,heap     ] GC(42) Eden regions: 45->0(47)
[2026-02-17T22:36:29.164+0530][gc,heap     ] GC(42) Survivor regions: 6->4(7)
[2026-02-17T22:36:29.164+0530][gc,heap     ] GC(42) Old regions: 60->62
[2026-02-17T22:36:29.164+0530][gc,heap     ] GC(42) Archive regions: 2->2
[2026-02-17T22:36:29.164+0530][gc,heap     ] GC(42) Humongous regions: 147->147
[2026-02-17T22:36:29.164+0530][gc,metaspace] GC(42) Metaspace: 44145K(44736K)->44145K(44736K) NonClass: 39132K(39488K)->39132K(39488K) Class: 5013K(5248K)->5013K(5248K)
[2026-02-17T22:36:29.164+0530][gc          ] GC(42) Pause Young (Normal) (G1 Evacuation Pause) 257M->213M(1024M) 12.333ms
[2026-02-17T22:36:29.164+0530][gc,cpu      ] GC(42) User=0.01s Sys=0.00s Real=0.01s
[2026-02-17T22:38:31.246+0530][gc,start    ] GC(43) Pause Young (Normal) (G1 Evacuation Pause)
[2026-02-17T22:38:31.246+0530][gc,task     ] GC(43) Using 1 workers of 1 for evacuation
[2026-02-17T22:38:31.275+0530][gc,mmu      ] GC(43) MMU target violated: 21.0ms (20.0ms/21.0ms)
[2026-02-17T22:38:31.275+0530][gc,phases   ] GC(43)   Pre Evacuate Collection Set: 0.67ms
[2026-02-17T22:38:31.275+0530][gc,phases   ] GC(43)   Merge Heap Roots: 0.16ms
[2026-02-17T22:38:31.275+0530][gc,phases   ] GC(43)   Evacuate Collection Set: 25.16ms
[2026-02-17T22:38:31.275+0530][gc,phases   ] GC(43)   Post Evacuate Collection Set: 2.67ms
[2026-02-17T22:38:31.275+0530][gc,phases   ] GC(43)   Other: 0.12ms
[2026-02-17T22:38:31.275+0530][gc,heap     ] GC(43) Eden regions: 47->0(47)
[2026-02-17T22:38:31.275+0530][gc,heap     ] GC(43) Survivor regions: 4->4(7)
[2026-02-17T22:38:31.275+0530][gc,heap     ] GC(43) Old regions: 62->62
[2026-02-17T22:38:31.275+0530][gc,heap     ] GC(43) Archive regions: 2->2
[2026-02-17T22:38:31.275+0530][gc,heap     ] GC(43) Humongous regions: 147->147
[2026-02-17T22:38:31.275+0530][gc,metaspace] GC(43) Metaspace: 44228K(44800K)->44228K(44800K) NonClass: 39200K(39552K)->39200K(39552K) Class: 5028K(5248K)->5028K(5248K)
[2026-02-17T22:38:31.275+0530][gc          ] GC(43) Pause Young (Normal) (G1 Evacuation Pause) 260M->213M(1024M) 28.817ms
[2026-02-17T22:38:31.275+0530][gc,cpu      ] GC(43) User=0.00s Sys=0.00s Real=0.03s
[2026-02-17T22:40:30.851+0530][gc,start    ] GC(44) Pause Young (Normal) (G1 Evacuation Pause)
[2026-02-17T22:40:30.851+0530][gc,task     ] GC(44) Using 1 workers of 1 for evacuation
[2026-02-17T22:40:30.871+0530][gc,phases   ] GC(44)   Pre Evacuate Collection Set: 0.34ms
[2026-02-17T22:40:30.871+0530][gc,phases   ] GC(44)   Merge Heap Roots: 0.08ms
[2026-02-17T22:40:30.871+0530][gc,phases   ] GC(44)   Evacuate Collection Set: 18.38ms
[2026-02-17T22:40:30.871+0530][gc,phases   ] GC(44)   Post Evacuate Collection Set: 0.36ms
[2026-02-17T22:40:30.871+0530][gc,phases   ] GC(44)   Other: 0.09ms
[2026-02-17T22:40:30.871+0530][gc,heap     ] GC(44) Eden regions: 47->0(44)
[2026-02-17T22:40:30.871+0530][gc,heap     ] GC(44) Survivor regions: 4->7(7)
[2026-02-17T22:40:30.871+0530][gc,heap     ] GC(44) Old regions: 62->62
[2026-02-17T22:40:30.871+0530][gc,heap     ] GC(44) Archive regions: 2->2
[2026-02-17T22:40:30.871+0530][gc,heap     ] GC(44) Humongous regions: 147->147
[2026-02-17T22:40:30.871+0530][gc,metaspace] GC(44) Metaspace: 44240K(44800K)->44240K(44800K) NonClass: 39211K(39552K)->39211K(39552K) Class: 5028K(5248K)->5028K(5248K)
[2026-02-17T22:40:30.871+0530][gc          ] GC(44) Pause Young (Normal) (G1 Evacuation Pause) 260M->216M(1024M) 19.304ms
[2026-02-17T22:40:30.871+0530][gc,cpu      ] GC(44) User=0.02s Sys=0.00s Real=0.02s
[2026-02-17T22:42:22.479+0530][gc,start    ] GC(45) Pause Young (Normal) (G1 Evacuation Pause)
[2026-02-17T22:42:22.479+0530][gc,task     ] GC(45) Using 1 workers of 1 for evacuation
[2026-02-17T22:42:22.515+0530][gc,mmu      ] GC(45) MMU target violated: 21.0ms (20.0ms/21.0ms)
[2026-02-17T22:42:22.515+0530][gc,phases   ] GC(45)   Pre Evacuate Collection Set: 1.15ms
[2026-02-17T22:42:22.515+0530][gc,phases   ] GC(45)   Merge Heap Roots: 0.06ms
[2026-02-17T22:42:22.515+0530][gc,phases   ] GC(45)   Evacuate Collection Set: 33.86ms
[2026-02-17T22:42:22.515+0530][gc,phases   ] GC(45)   Post Evacuate Collection Set: 0.25ms
[2026-02-17T22:42:22.515+0530][gc,phases   ] GC(45)   Other: 0.66ms
[2026-02-17T22:42:22.515+0530][gc,heap     ] GC(45) Eden regions: 44->0(46)
[2026-02-17T22:42:22.515+0530][gc,heap     ] GC(45) Survivor regions: 7->5(7)
[2026-02-17T22:42:22.515+0530][gc,heap     ] GC(45) Old regions: 62->64
[2026-02-17T22:42:22.515+0530][gc,heap     ] GC(45) Archive regions: 2->2
[2026-02-17T22:42:22.515+0530][gc,heap     ] GC(45) Humongous regions: 147->147
[2026-02-17T22:42:22.515+0530][gc,metaspace] GC(45) Metaspace: 44240K(44800K)->44240K(44800K) NonClass: 39211K(39552K)->39211K(39552K) Class: 5028K(5248K)->5028K(5248K)
[2026-02-17T22:42:22.515+0530][gc          ] GC(45) Pause Young (Normal) (G1 Evacuation Pause) 260M->216M(1024M) 36.005ms
[2026-02-17T22:42:22.515+0530][gc,cpu      ] GC(45) User=0.01s Sys=0.00s Real=0.03s
[2026-02-17T22:44:28.264+0530][gc,start    ] GC(46) Pause Young (Normal) (G1 Evacuation Pause)
[2026-02-17T22:44:28.264+0530][gc,task     ] GC(46) Using 1 workers of 1 for evacuation
[2026-02-17T22:44:28.272+0530][gc,phases   ] GC(46)   Pre Evacuate Collection Set: 0.29ms
[2026-02-17T22:44:28.272+0530][gc,phases   ] GC(46)   Merge Heap Roots: 0.06ms
[2026-02-17T22:44:28.272+0530][gc,phases   ] GC(46)   Evacuate Collection Set: 7.41ms
[2026-02-17T22:44:28.272+0530][gc,phases   ] GC(46)   Post Evacuate Collection Set: 0.29ms
[2026-02-17T22:44:28.272+0530][gc,phases   ] GC(46)   Other: 0.08ms
[2026-02-17T22:44:28.272+0530][gc,heap     ] GC(46) Eden regions: 46->0(48)
[2026-02-17T22:44:28.273+0530][gc,heap     ] GC(46) Survivor regions: 5->3(7)
[2026-02-17T22:44:28.273+0530][gc,heap     ] GC(46) Old regions: 64->66
[2026-02-17T22:44:28.273+0530][gc,heap     ] GC(46) Archive regions: 2->2
[2026-02-17T22:44:28.273+0530][gc,heap     ] GC(46) Humongous regions: 147->147
[2026-02-17T22:44:28.273+0530][gc,metaspace] GC(46) Metaspace: 44240K(44800K)->44240K(44800K) NonClass: 39211K(39552K)->39211K(39552K) Class: 5028K(5248K)->5028K(5248K)
[2026-02-17T22:44:28.273+0530][gc          ] GC(46) Pause Young (Normal) (G1 Evacuation Pause) 262M->216M(1024M) 8.174ms
[2026-02-17T22:44:28.273+0530][gc,cpu      ] GC(46) User=0.01s Sys=0.00s Real=0.01s
[2026-02-17T22:46:39.165+0530][gc,start    ] GC(47) Pause Young (Normal) (G1 Evacuation Pause)
[2026-02-17T22:46:39.165+0530][gc,task     ] GC(47) Using 1 workers of 1 for evacuation
[2026-02-17T22:46:39.197+0530][gc,mmu      ] GC(47) MMU target violated: 21.0ms (20.0ms/21.0ms)
[2026-02-17T22:46:39.197+0530][gc,phases   ] GC(47)   Pre Evacuate Collection Set: 1.93ms
[2026-02-17T22:46:39.197+0530][gc,phases   ] GC(47)   Merge Heap Roots: 0.07ms
[2026-02-17T22:46:39.197+0530][gc,phases   ] GC(47)   Evacuate Collection Set: 27.72ms
[2026-02-17T22:46:39.197+0530][gc,phases   ] GC(47)   Post Evacuate Collection Set: 2.31ms
[2026-02-17T22:46:39.197+0530][gc,phases   ] GC(47)   Other: 0.11ms
[2026-02-17T22:46:39.197+0530][gc,heap     ] GC(47) Eden regions: 48->0(45)
[2026-02-17T22:46:39.197+0530][gc,heap     ] GC(47) Survivor regions: 3->6(7)
[2026-02-17T22:46:39.197+0530][gc,heap     ] GC(47) Old regions: 66->66
[2026-02-17T22:46:39.197+0530][gc,heap     ] GC(47) Archive regions: 2->2
[2026-02-17T22:46:39.197+0530][gc,heap     ] GC(47) Humongous regions: 147->147
[2026-02-17T22:46:39.197+0530][gc,metaspace] GC(47) Metaspace: 44241K(44800K)->44241K(44800K) NonClass: 39212K(39552K)->39212K(39552K) Class: 5028K(5248K)->5028K(5248K)
[2026-02-17T22:46:39.197+0530][gc          ] GC(47) Pause Young (Normal) (G1 Evacuation Pause) 264M->219M(1024M) 32.177ms
[2026-02-17T22:46:39.197+0530][gc,cpu      ] GC(47) User=0.01s Sys=0.00s Real=0.04s
[2026-02-17T22:48:33.539+0530][gc,start    ] GC(48) Pause Young (Normal) (G1 Evacuation Pause)
[2026-02-17T22:48:33.539+0530][gc,task     ] GC(48) Using 1 workers of 1 for evacuation
[2026-02-17T22:48:33.574+0530][gc,mmu      ] GC(48) MMU target violated: 21.0ms (20.0ms/21.0ms)
[2026-02-17T22:48:33.574+0530][gc,phases   ] GC(48)   Pre Evacuate Collection Set: 0.37ms
[2026-02-17T22:48:33.574+0530][gc,phases   ] GC(48)   Merge Heap Roots: 0.06ms
[2026-02-17T22:48:33.574+0530][gc,phases   ] GC(48)   Evacuate Collection Set: 32.80ms
[2026-02-17T22:48:33.574+0530][gc,phases   ] GC(48)   Post Evacuate Collection Set: 2.09ms
[2026-02-17T22:48:33.574+0530][gc,phases   ] GC(48)   Other: 0.13ms
[2026-02-17T22:48:33.574+0530][gc,heap     ] GC(48) Eden regions: 45->0(47)
[2026-02-17T22:48:33.574+0530][gc,heap     ] GC(48) Survivor regions: 6->4(7)
[2026-02-17T22:48:33.574+0530][gc,heap     ] GC(48) Old regions: 66->68
[2026-02-17T22:48:33.574+0530][gc,heap     ] GC(48) Archive regions: 2->2
[2026-02-17T22:48:33.574+0530][gc,heap     ] GC(48) Humongous regions: 147->147
[2026-02-17T22:48:33.574+0530][gc,metaspace] GC(48) Metaspace: 44248K(44800K)->44248K(44800K) NonClass: 39219K(39552K)->39219K(39552K) Class: 5028K(5248K)->5028K(5248K)
[2026-02-17T22:48:33.574+0530][gc          ] GC(48) Pause Young (Normal) (G1 Evacuation Pause) 264M->218M(1024M) 35.486ms
[2026-02-17T22:48:33.574+0530][gc,cpu      ] GC(48) User=0.01s Sys=0.00s Real=0.03s
[2026-02-17T22:50:36.073+0530][gc,start    ] GC(49) Pause Young (Normal) (G1 Evacuation Pause)
[2026-02-17T22:50:36.073+0530][gc,task     ] GC(49) Using 1 workers of 1 for evacuation
[2026-02-17T22:50:36.096+0530][gc,mmu      ] GC(49) MMU target violated: 21.0ms (20.0ms/21.0ms)
[2026-02-17T22:50:36.096+0530][gc,phases   ] GC(49)   Pre Evacuate Collection Set: 0.26ms
[2026-02-17T22:50:36.096+0530][gc,phases   ] GC(49)   Merge Heap Roots: 0.06ms
[2026-02-17T22:50:36.096+0530][gc,phases   ] GC(49)   Evacuate Collection Set: 22.60ms
[2026-02-17T22:50:36.096+0530][gc,phases   ] GC(49)   Post Evacuate Collection Set: 0.34ms
[2026-02-17T22:50:36.096+0530][gc,phases   ] GC(49)   Other: 0.13ms
[2026-02-17T22:50:36.096+0530][gc,heap     ] GC(49) Eden regions: 47->0(44)
[2026-02-17T22:50:36.096+0530][gc,heap     ] GC(49) Survivor regions: 4->7(7)
[2026-02-17T22:50:36.096+0530][gc,heap     ] GC(49) Old regions: 68->68
[2026-02-17T22:50:36.096+0530][gc,heap     ] GC(49) Archive regions: 2->2
[2026-02-17T22:50:36.096+0530][gc,heap     ] GC(49) Humongous regions: 147->147
[2026-02-17T22:50:36.096+0530][gc,metaspace] GC(49) Metaspace: 44263K(44800K)->44263K(44800K) NonClass: 39230K(39552K)->39230K(39552K) Class: 5032K(5248K)->5032K(5248K)
[2026-02-17T22:50:36.096+0530][gc          ] GC(49) Pause Young (Normal) (G1 Evacuation Pause) 265M->221M(1024M) 23.423ms
[2026-02-17T22:50:36.096+0530][gc,cpu      ] GC(49) User=0.01s Sys=0.00s Real=0.03s
[2026-02-17T22:52:27.402+0530][gc,start    ] GC(50) Pause Young (Normal) (G1 Evacuation Pause)
[2026-02-17T22:52:27.403+0530][gc,task     ] GC(50) Using 1 workers of 1 for evacuation
[2026-02-17T22:52:27.415+0530][gc,phases   ] GC(50)   Pre Evacuate Collection Set: 0.81ms
[2026-02-17T22:52:27.415+0530][gc,phases   ] GC(50)   Merge Heap Roots: 0.05ms
[2026-02-17T22:52:27.415+0530][gc,phases   ] GC(50)   Evacuate Collection Set: 11.33ms
[2026-02-17T22:52:27.415+0530][gc,phases   ] GC(50)   Post Evacuate Collection Set: 0.25ms
[2026-02-17T22:52:27.415+0530][gc,phases   ] GC(50)   Other: 0.36ms
[2026-02-17T22:52:27.415+0530][gc,heap     ] GC(50) Eden regions: 44->0(46)
[2026-02-17T22:52:27.415+0530][gc,heap     ] GC(50) Survivor regions: 7->5(7)
[2026-02-17T22:52:27.415+0530][gc,heap     ] GC(50) Old regions: 68->70
[2026-02-17T22:52:27.415+0530][gc,heap     ] GC(50) Archive regions: 2->2
[2026-02-17T22:52:27.415+0530][gc,heap     ] GC(50) Humongous regions: 147->147
[2026-02-17T22:52:27.415+0530][gc,metaspace] GC(50) Metaspace: 44268K(44800K)->44268K(44800K) NonClass: 39235K(39552K)->39235K(39552K) Class: 5032K(5248K)->5032K(5248K)
[2026-02-17T22:52:27.415+0530][gc          ] GC(50) Pause Young (Normal) (G1 Evacuation Pause) 265M->221M(1024M) 12.922ms
[2026-02-17T22:52:27.415+0530][gc,cpu      ] GC(50) User=0.01s Sys=0.00s Real=0.01s
[2026-02-17T22:54:31.884+0530][gc,start    ] GC(51) Pause Young (Normal) (G1 Evacuation Pause)
[2026-02-17T22:54:31.884+0530][gc,task     ] GC(51) Using 1 workers of 1 for evacuation
[2026-02-17T22:54:31.893+0530][gc,phases   ] GC(51)   Pre Evacuate Collection Set: 0.29ms
[2026-02-17T22:54:31.893+0530][gc,phases   ] GC(51)   Merge Heap Roots: 0.06ms
[2026-02-17T22:54:31.893+0530][gc,phases   ] GC(51)   Evacuate Collection Set: 8.58ms
[2026-02-17T22:54:31.893+0530][gc,phases   ] GC(51)   Post Evacuate Collection Set: 0.33ms
[2026-02-17T22:54:31.893+0530][gc,phases   ] GC(51)   Other: 0.08ms
[2026-02-17T22:54:31.893+0530][gc,heap     ] GC(51) Eden regions: 46->0(51)
[2026-02-17T22:54:31.893+0530][gc,heap     ] GC(51) Survivor regions: 5->3(7)
[2026-02-17T22:54:31.893+0530][gc,heap     ] GC(51) Old regions: 70->71
[2026-02-17T22:54:31.893+0530][gc,heap     ] GC(51) Archive regions: 2->2
[2026-02-17T22:54:31.893+0530][gc,heap     ] GC(51) Humongous regions: 147->147
[2026-02-17T22:54:31.893+0530][gc,metaspace] GC(51) Metaspace: 44268K(44800K)->44268K(44800K) NonClass: 39236K(39552K)->39236K(39552K) Class: 5032K(5248K)->5032K(5248K)
[2026-02-17T22:54:31.893+0530][gc          ] GC(51) Pause Young (Normal) (G1 Evacuation Pause) 267M->221M(1024M) 9.551ms
[2026-02-17T22:54:31.893+0530][gc,cpu      ] GC(51) User=0.01s Sys=0.00s Real=0.01s
[2026-02-17T22:56:52.249+0530][gc,start    ] GC(52) Pause Young (Normal) (G1 Evacuation Pause)
[2026-02-17T22:56:52.250+0530][gc,task     ] GC(52) Using 1 workers of 1 for evacuation
[2026-02-17T22:56:52.260+0530][gc,phases   ] GC(52)   Pre Evacuate Collection Set: 0.08ms
[2026-02-17T22:56:52.260+0530][gc,phases   ] GC(52)   Merge Heap Roots: 0.12ms
[2026-02-17T22:56:52.260+0530][gc,phases   ] GC(52)   Evacuate Collection Set: 10.20ms
[2026-02-17T22:56:52.260+0530][gc,phases   ] GC(52)   Post Evacuate Collection Set: 0.31ms
[2026-02-17T22:56:52.260+0530][gc,phases   ] GC(52)   Other: 0.35ms
[2026-02-17T22:56:52.260+0530][gc,heap     ] GC(52) Eden regions: 51->0(44)
[2026-02-17T22:56:52.260+0530][gc,heap     ] GC(52) Survivor regions: 3->7(7)
[2026-02-17T22:56:52.260+0530][gc,heap     ] GC(52) Old regions: 71->71
[2026-02-17T22:56:52.260+0530][gc,heap     ] GC(52) Archive regions: 2->2
[2026-02-17T22:56:52.260+0530][gc,heap     ] GC(52) Humongous regions: 147->147
[2026-02-17T22:56:52.260+0530][gc,metaspace] GC(52) Metaspace: 44268K(44800K)->44268K(44800K) NonClass: 39236K(39552K)->39236K(39552K) Class: 5032K(5248K)->5032K(5248K)
[2026-02-17T22:56:52.260+0530][gc          ] GC(52) Pause Young (Normal) (G1 Evacuation Pause) 272M->225M(1024M) 11.106ms
[2026-02-17T22:56:52.260+0530][gc,cpu      ] GC(52) User=0.01s Sys=0.00s Real=0.01s
[2026-02-17T22:58:53.202+0530][gc,start    ] GC(53) Pause Young (Normal) (G1 Evacuation Pause)
[2026-02-17T22:58:53.202+0530][gc,task     ] GC(53) Using 1 workers of 1 for evacuation
[2026-02-17T22:58:53.212+0530][gc,phases   ] GC(53)   Pre Evacuate Collection Set: 0.20ms
[2026-02-17T22:58:53.212+0530][gc,phases   ] GC(53)   Merge Heap Roots: 0.05ms
[2026-02-17T22:58:53.212+0530][gc,phases   ] GC(53)   Evacuate Collection Set: 9.20ms
[2026-02-17T22:58:53.212+0530][gc,phases   ] GC(53)   Post Evacuate Collection Set: 0.24ms
[2026-02-17T22:58:53.212+0530][gc,phases   ] GC(53)   Other: 0.09ms
[2026-02-17T22:58:53.212+0530][gc,heap     ] GC(53) Eden regions: 44->0(79)
[2026-02-17T22:58:53.212+0530][gc,heap     ] GC(53) Survivor regions: 7->3(7)
[2026-02-17T22:58:53.212+0530][gc,heap     ] GC(53) Old regions: 71->73
[2026-02-17T22:58:53.212+0530][gc,heap     ] GC(53) Archive regions: 2->2
[2026-02-17T22:58:53.212+0530][gc,heap     ] GC(53) Humongous regions: 147->147
[2026-02-17T22:58:53.212+0530][gc,metaspace] GC(53) Metaspace: 44268K(44800K)->44268K(44800K) NonClass: 39236K(39552K)->39236K(39552K) Class: 5032K(5248K)->5032K(5248K)
[2026-02-17T22:58:53.212+0530][gc          ] GC(53) Pause Young (Normal) (G1 Evacuation Pause) 269M->223M(1024M) 10.198ms
[2026-02-17T22:58:53.212+0530][gc,cpu      ] GC(53) User=0.01s Sys=0.00s Real=0.01s
[2026-02-17T23:02:31.895+0530][gc,start    ] GC(54) Pause Young (Normal) (G1 Evacuation Pause)
[2026-02-17T23:02:31.895+0530][gc,task     ] GC(54) Using 1 workers of 1 for evacuation
[2026-02-17T23:02:31.907+0530][gc,phases   ] GC(54)   Pre Evacuate Collection Set: 0.08ms
[2026-02-17T23:02:31.907+0530][gc,phases   ] GC(54)   Merge Heap Roots: 0.05ms
[2026-02-17T23:02:31.907+0530][gc,phases   ] GC(54)   Evacuate Collection Set: 10.43ms
[2026-02-17T23:02:31.907+0530][gc,phases   ] GC(54)   Post Evacuate Collection Set: 0.63ms
[2026-02-17T23:02:31.907+0530][gc,phases   ] GC(54)   Other: 0.40ms
[2026-02-17T23:02:31.907+0530][gc,heap     ] GC(54) Eden regions: 79->0(78)
[2026-02-17T23:02:31.907+0530][gc,heap     ] GC(54) Survivor regions: 3->4(11)
[2026-02-17T23:02:31.907+0530][gc,heap     ] GC(54) Old regions: 73->73
[2026-02-17T23:02:31.907+0530][gc,heap     ] GC(54) Archive regions: 2->2
[2026-02-17T23:02:31.907+0530][gc,heap     ] GC(54) Humongous regions: 147->147
[2026-02-17T23:02:31.907+0530][gc,metaspace] GC(54) Metaspace: 44269K(44800K)->44269K(44800K) NonClass: 39236K(39552K)->39236K(39552K) Class: 5032K(5248K)->5032K(5248K)
[2026-02-17T23:02:31.907+0530][gc          ] GC(54) Pause Young (Normal) (G1 Evacuation Pause) 302M->224M(1024M) 11.688ms
[2026-02-17T23:02:31.907+0530][gc,cpu      ] GC(54) User=0.00s Sys=0.01s Real=0.02s
[2026-02-17T23:06:07.088+0530][gc,start    ] GC(55) Pause Young (Normal) (G1 Evacuation Pause)
[2026-02-17T23:06:07.088+0530][gc,task     ] GC(55) Using 1 workers of 1 for evacuation
[2026-02-17T23:06:07.126+0530][gc,mmu      ] GC(55) MMU target violated: 21.0ms (20.0ms/21.0ms)
[2026-02-17T23:06:07.126+0530][gc,phases   ] GC(55)   Pre Evacuate Collection Set: 0.19ms
[2026-02-17T23:06:07.126+0530][gc,phases   ] GC(55)   Merge Heap Roots: 0.05ms
[2026-02-17T23:06:07.126+0530][gc,phases   ] GC(55)   Evacuate Collection Set: 37.40ms
[2026-02-17T23:06:07.126+0530][gc,phases   ] GC(55)   Post Evacuate Collection Set: 0.27ms
[2026-02-17T23:06:07.126+0530][gc,phases   ] GC(55)   Other: 0.25ms
[2026-02-17T23:06:07.126+0530][gc,heap     ] GC(55) Eden regions: 78->0(42)
[2026-02-17T23:06:07.126+0530][gc,heap     ] GC(55) Survivor regions: 4->9(11)
[2026-02-17T23:06:07.126+0530][gc,heap     ] GC(55) Old regions: 73->73
[2026-02-17T23:06:07.126+0530][gc,heap     ] GC(55) Archive regions: 2->2
[2026-02-17T23:06:07.126+0530][gc,heap     ] GC(55) Humongous regions: 147->147
[2026-02-17T23:06:07.126+0530][gc,metaspace] GC(55) Metaspace: 44283K(44864K)->44283K(44864K) NonClass: 39251K(39616K)->39251K(39616K) Class: 5032K(5248K)->5032K(5248K)
[2026-02-17T23:06:07.126+0530][gc          ] GC(55) Pause Young (Normal) (G1 Evacuation Pause) 302M->229M(1024M) 38.198ms
[2026-02-17T23:06:07.126+0530][gc,cpu      ] GC(55) User=0.01s Sys=0.01s Real=0.04s
[2026-02-17T23:08:02.263+0530][gc,start    ] GC(56) Pause Young (Normal) (G1 Evacuation Pause)
[2026-02-17T23:08:02.263+0530][gc,task     ] GC(56) Using 1 workers of 1 for evacuation
[2026-02-17T23:08:02.276+0530][gc,phases   ] GC(56)   Pre Evacuate Collection Set: 0.20ms
[2026-02-17T23:08:02.276+0530][gc,phases   ] GC(56)   Merge Heap Roots: 0.05ms
[2026-02-17T23:08:02.276+0530][gc,phases   ] GC(56)   Evacuate Collection Set: 12.52ms
[2026-02-17T23:08:02.276+0530][gc,phases   ] GC(56)   Post Evacuate Collection Set: 0.24ms
[2026-02-17T23:08:02.276+0530][gc,phases   ] GC(56)   Other: 0.14ms
[2026-02-17T23:08:02.276+0530][gc,heap     ] GC(56) Eden regions: 42->0(77)
[2026-02-17T23:08:02.276+0530][gc,heap     ] GC(56) Survivor regions: 9->3(7)
[2026-02-17T23:08:02.276+0530][gc,heap     ] GC(56) Old regions: 73->78
[2026-02-17T23:08:02.276+0530][gc,heap     ] GC(56) Archive regions: 2->2
[2026-02-17T23:08:02.276+0530][gc,heap     ] GC(56) Humongous regions: 147->147
[2026-02-17T23:08:02.276+0530][gc,metaspace] GC(56) Metaspace: 44284K(44864K)->44284K(44864K) NonClass: 39252K(39616K)->39252K(39616K) Class: 5032K(5248K)->5032K(5248K)
[2026-02-17T23:08:02.276+0530][gc          ] GC(56) Pause Young (Normal) (G1 Evacuation Pause) 271M->227M(1024M) 13.216ms
[2026-02-17T23:08:02.276+0530][gc,cpu      ] GC(56) User=0.02s Sys=0.00s Real=0.01s
[2026-02-17T23:11:35.692+0530][gc,start    ] GC(57) Pause Young (Normal) (G1 Evacuation Pause)
[2026-02-17T23:11:35.692+0530][gc,task     ] GC(57) Using 1 workers of 1 for evacuation
[2026-02-17T23:11:35.725+0530][gc,mmu      ] GC(57) MMU target violated: 21.0ms (20.0ms/21.0ms)
[2026-02-17T23:11:35.725+0530][gc,phases   ] GC(57)   Pre Evacuate Collection Set: 1.84ms
[2026-02-17T23:11:35.725+0530][gc,phases   ] GC(57)   Merge Heap Roots: 0.10ms
[2026-02-17T23:11:35.725+0530][gc,phases   ] GC(57)   Evacuate Collection Set: 28.92ms
[2026-02-17T23:11:35.725+0530][gc,phases   ] GC(57)   Post Evacuate Collection Set: 2.62ms
[2026-02-17T23:11:35.725+0530][gc,phases   ] GC(57)   Other: 0.11ms
[2026-02-17T23:11:35.725+0530][gc,heap     ] GC(57) Eden regions: 77->0(47)
[2026-02-17T23:11:35.725+0530][gc,heap     ] GC(57) Survivor regions: 3->4(10)
[2026-02-17T23:11:35.725+0530][gc,heap     ] GC(57) Old regions: 78->78
[2026-02-17T23:11:35.725+0530][gc,heap     ] GC(57) Archive regions: 2->2
[2026-02-17T23:11:35.725+0530][gc,heap     ] GC(57) Humongous regions: 147->147
[2026-02-17T23:11:35.725+0530][gc,metaspace] GC(57) Metaspace: 44292K(44864K)->44292K(44864K) NonClass: 39259K(39616K)->39259K(39616K) Class: 5032K(5248K)->5032K(5248K)
[2026-02-17T23:11:35.725+0530][gc          ] GC(57) Pause Young (Normal) (G1 Evacuation Pause) 304M->228M(1024M) 33.626ms
[2026-02-17T23:11:35.725+0530][gc,cpu      ] GC(57) User=0.01s Sys=0.00s Real=0.03s
[2026-02-17T23:13:44.461+0530][gc,start    ] GC(58) Pause Young (Normal) (G1 Evacuation Pause)
[2026-02-17T23:13:44.462+0530][gc,task     ] GC(58) Using 1 workers of 1 for evacuation
[2026-02-17T23:13:44.474+0530][gc,phases   ] GC(58)   Pre Evacuate Collection Set: 0.09ms
[2026-02-17T23:13:44.474+0530][gc,phases   ] GC(58)   Merge Heap Roots: 0.07ms
[2026-02-17T23:13:44.474+0530][gc,phases   ] GC(58)   Evacuate Collection Set: 11.79ms
[2026-02-17T23:13:44.474+0530][gc,phases   ] GC(58)   Post Evacuate Collection Set: 0.25ms
[2026-02-17T23:13:44.474+0530][gc,phases   ] GC(58)   Other: 0.32ms
[2026-02-17T23:13:44.474+0530][gc,heap     ] GC(58) Eden regions: 47->0(44)
[2026-02-17T23:13:44.474+0530][gc,heap     ] GC(58) Survivor regions: 4->7(7)
[2026-02-17T23:13:44.474+0530][gc,heap     ] GC(58) Old regions: 78->78
[2026-02-17T23:13:44.474+0530][gc,heap     ] GC(58) Archive regions: 2->2
[2026-02-17T23:13:44.474+0530][gc,heap     ] GC(58) Humongous regions: 147->147
[2026-02-17T23:13:44.474+0530][gc,metaspace] GC(58) Metaspace: 44292K(44864K)->44292K(44864K) NonClass: 39259K(39616K)->39259K(39616K) Class: 5032K(5248K)->5032K(5248K)
[2026-02-17T23:13:44.474+0530][gc          ] GC(58) Pause Young (Normal) (G1 Evacuation Pause) 275M->231M(1024M) 12.556ms
[2026-02-17T23:13:44.474+0530][gc,cpu      ] GC(58) User=0.01s Sys=0.00s Real=0.01s
[2026-02-17T23:15:45.874+0530][gc,start    ] GC(59) Pause Young (Normal) (G1 Evacuation Pause)
[2026-02-17T23:15:45.874+0530][gc,task     ] GC(59) Using 1 workers of 1 for evacuation
[2026-02-17T23:15:45.938+0530][gc,mmu      ] GC(59) MMU target violated: 21.0ms (20.0ms/21.0ms)
[2026-02-17T23:15:45.938+0530][gc,phases   ] GC(59)   Pre Evacuate Collection Set: 3.34ms
[2026-02-17T23:15:45.938+0530][gc,phases   ] GC(59)   Merge Heap Roots: 0.67ms
[2026-02-17T23:15:45.938+0530][gc,phases   ] GC(59)   Evacuate Collection Set: 53.88ms
[2026-02-17T23:15:45.938+0530][gc,phases   ] GC(59)   Post Evacuate Collection Set: 5.26ms
[2026-02-17T23:15:45.938+0530][gc,phases   ] GC(59)   Other: 0.12ms
[2026-02-17T23:15:45.938+0530][gc,heap     ] GC(59) Eden regions: 44->0(48)
[2026-02-17T23:15:45.938+0530][gc,heap     ] GC(59) Survivor regions: 7->3(7)
[2026-02-17T23:15:45.938+0530][gc,heap     ] GC(59) Old regions: 78->80
[2026-02-17T23:15:45.938+0530][gc,heap     ] GC(59) Archive regions: 2->2
[2026-02-17T23:15:45.938+0530][gc,heap     ] GC(59) Humongous regions: 147->147
[2026-02-17T23:15:45.938+0530][gc,metaspace] GC(59) Metaspace: 44293K(44864K)->44293K(44864K) NonClass: 39261K(39616K)->39261K(39616K) Class: 5032K(5248K)->5032K(5248K)
[2026-02-17T23:15:45.938+0530][gc          ] GC(59) Pause Young (Normal) (G1 Evacuation Pause) 275M->230M(1024M) 63.319ms
[2026-02-17T23:15:45.938+0530][gc,cpu      ] GC(59) User=0.01s Sys=0.00s Real=0.07s
[2026-02-17T23:17:58.017+0530][gc,start    ] GC(60) Pause Young (Normal) (G1 Evacuation Pause)
[2026-02-17T23:17:58.017+0530][gc,task     ] GC(60) Using 1 workers of 1 for evacuation
[2026-02-17T23:17:58.048+0530][gc,mmu      ] GC(60) MMU target violated: 21.0ms (20.0ms/21.0ms)
[2026-02-17T23:17:58.048+0530][gc,phases   ] GC(60)   Pre Evacuate Collection Set: 0.10ms
[2026-02-17T23:17:58.048+0530][gc,phases   ] GC(60)   Merge Heap Roots: 0.29ms
[2026-02-17T23:17:58.048+0530][gc,phases   ] GC(60)   Evacuate Collection Set: 29.97ms
[2026-02-17T23:17:58.048+0530][gc,phases   ] GC(60)   Post Evacuate Collection Set: 0.25ms
[2026-02-17T23:17:58.048+0530][gc,phases   ] GC(60)   Other: 0.19ms
[2026-02-17T23:17:58.048+0530][gc,heap     ] GC(60) Eden regions: 48->0(45)
[2026-02-17T23:17:58.048+0530][gc,heap     ] GC(60) Survivor regions: 3->6(7)
[2026-02-17T23:17:58.048+0530][gc,heap     ] GC(60) Old regions: 80->80
[2026-02-17T23:17:58.048+0530][gc,heap     ] GC(60) Archive regions: 2->2
[2026-02-17T23:17:58.048+0530][gc,heap     ] GC(60) Humongous regions: 147->147
[2026-02-17T23:17:58.048+0530][gc,metaspace] GC(60) Metaspace: 44294K(44864K)->44294K(44864K) NonClass: 39262K(39616K)->39262K(39616K) Class: 5032K(5248K)->5032K(5248K)
[2026-02-17T23:17:58.048+0530][gc          ] GC(60) Pause Young (Normal) (G1 Evacuation Pause) 278M->233M(1024M) 30.842ms
[2026-02-17T23:17:58.048+0530][gc,cpu      ] GC(60) User=0.01s Sys=0.00s Real=0.03s
[2026-02-17T23:20:01.904+0530][gc,start    ] GC(61) Pause Young (Normal) (G1 Evacuation Pause)
[2026-02-17T23:20:01.904+0530][gc,task     ] GC(61) Using 1 workers of 1 for evacuation
[2026-02-17T23:20:01.921+0530][gc,phases   ] GC(61)   Pre Evacuate Collection Set: 0.19ms
[2026-02-17T23:20:01.921+0530][gc,phases   ] GC(61)   Merge Heap Roots: 0.16ms
[2026-02-17T23:20:01.921+0530][gc,phases   ] GC(61)   Evacuate Collection Set: 16.01ms
[2026-02-17T23:20:01.921+0530][gc,phases   ] GC(61)   Post Evacuate Collection Set: 0.43ms
[2026-02-17T23:20:01.921+0530][gc,phases   ] GC(61)   Other: 0.10ms
[2026-02-17T23:20:01.921+0530][gc,heap     ] GC(61) Eden regions: 45->0(48)
[2026-02-17T23:20:01.921+0530][gc,heap     ] GC(61) Survivor regions: 6->3(7)
[2026-02-17T23:20:01.921+0530][gc,heap     ] GC(61) Old regions: 80->82
[2026-02-17T23:20:01.921+0530][gc,heap     ] GC(61) Archive regions: 2->2
[2026-02-17T23:20:01.921+0530][gc,heap     ] GC(61) Humongous regions: 147->147
[2026-02-17T23:20:01.921+0530][gc,metaspace] GC(61) Metaspace: 44298K(44864K)->44298K(44864K) NonClass: 39266K(39616K)->39266K(39616K) Class: 5032K(5248K)->5032K(5248K)
[2026-02-17T23:20:01.921+0530][gc          ] GC(61) Pause Young (Normal) (G1 Evacuation Pause) 278M->232M(1024M) 16.948ms
[2026-02-17T23:20:01.921+0530][gc,cpu      ] GC(61) User=0.01s Sys=0.00s Real=0.02s
[2026-02-17T23:22:13.932+0530][gc,start    ] GC(62) Pause Young (Normal) (G1 Evacuation Pause)
[2026-02-17T23:22:13.932+0530][gc,task     ] GC(62) Using 1 workers of 1 for evacuation
[2026-02-17T23:22:13.959+0530][gc,mmu      ] GC(62) MMU target violated: 21.0ms (20.0ms/21.0ms)
[2026-02-17T23:22:13.959+0530][gc,phases   ] GC(62)   Pre Evacuate Collection Set: 0.20ms
[2026-02-17T23:22:13.959+0530][gc,phases   ] GC(62)   Merge Heap Roots: 0.05ms
[2026-02-17T23:22:13.959+0530][gc,phases   ] GC(62)   Evacuate Collection Set: 26.14ms
[2026-02-17T23:22:13.959+0530][gc,phases   ] GC(62)   Post Evacuate Collection Set: 0.57ms
[2026-02-17T23:22:13.959+0530][gc,phases   ] GC(62)   Other: 0.13ms
[2026-02-17T23:22:13.959+0530][gc,heap     ] GC(62) Eden regions: 48->0(45)
[2026-02-17T23:22:13.959+0530][gc,heap     ] GC(62) Survivor regions: 3->6(7)
[2026-02-17T23:22:13.959+0530][gc,heap     ] GC(62) Old regions: 82->82
[2026-02-17T23:22:13.959+0530][gc,heap     ] GC(62) Archive regions: 2->2
[2026-02-17T23:22:13.959+0530][gc,heap     ] GC(62) Humongous regions: 147->147
[2026-02-17T23:22:13.959+0530][gc,metaspace] GC(62) Metaspace: 44299K(44864K)->44299K(44864K) NonClass: 39267K(39616K)->39267K(39616K) Class: 5032K(5248K)->5032K(5248K)
[2026-02-17T23:22:13.959+0530][gc          ] GC(62) Pause Young (Normal) (G1 Evacuation Pause) 280M->235M(1024M) 27.127ms
[2026-02-17T23:22:13.959+0530][gc,cpu      ] GC(62) User=0.01s Sys=0.00s Real=0.03s
[2026-02-17T23:24:18.149+0530][gc,start    ] GC(63) Pause Young (Normal) (G1 Evacuation Pause)
[2026-02-17T23:24:18.149+0530][gc,task     ] GC(63) Using 1 workers of 1 for evacuation
[2026-02-17T23:24:18.266+0530][gc,mmu      ] GC(63) MMU target violated: 21.0ms (20.0ms/21.0ms)
[2026-02-17T23:24:18.266+0530][gc,phases   ] GC(63)   Pre Evacuate Collection Set: 5.90ms
[2026-02-17T23:24:18.266+0530][gc,phases   ] GC(63)   Merge Heap Roots: 0.59ms
[2026-02-17T23:24:18.266+0530][gc,phases   ] GC(63)   Evacuate Collection Set: 102.92ms
[2026-02-17T23:24:18.266+0530][gc,phases   ] GC(63)   Post Evacuate Collection Set: 7.21ms
[2026-02-17T23:24:18.266+0530][gc,phases   ] GC(63)   Other: 0.13ms
[2026-02-17T23:24:18.266+0530][gc,heap     ] GC(63) Eden regions: 45->0(47)
[2026-02-17T23:24:18.266+0530][gc,heap     ] GC(63) Survivor regions: 6->4(7)
[2026-02-17T23:24:18.266+0530][gc,heap     ] GC(63) Old regions: 82->83
[2026-02-17T23:24:18.266+0530][gc,heap     ] GC(63) Archive regions: 2->2
[2026-02-17T23:24:18.266+0530][gc,heap     ] GC(63) Humongous regions: 147->147
[2026-02-17T23:24:18.266+0530][gc,metaspace] GC(63) Metaspace: 44302K(44864K)->44302K(44864K) NonClass: 39269K(39616K)->39269K(39616K) Class: 5032K(5248K)->5032K(5248K)
[2026-02-17T23:24:18.266+0530][gc          ] GC(63) Pause Young (Normal) (G1 Evacuation Pause) 280M->234M(1024M) 116.932ms
[2026-02-17T23:24:18.266+0530][gc,cpu      ] GC(63) User=0.01s Sys=0.00s Real=0.12s
[2026-02-17T23:26:26.693+0530][gc,start    ] GC(64) Pause Young (Normal) (G1 Evacuation Pause)
[2026-02-17T23:26:26.693+0530][gc,task     ] GC(64) Using 1 workers of 1 for evacuation
[2026-02-17T23:26:26.736+0530][gc,mmu      ] GC(64) MMU target violated: 21.0ms (20.0ms/21.0ms)
[2026-02-17T23:26:26.736+0530][gc,phases   ] GC(64)   Pre Evacuate Collection Set: 0.36ms
[2026-02-17T23:26:26.736+0530][gc,phases   ] GC(64)   Merge Heap Roots: 0.06ms
[2026-02-17T23:26:26.736+0530][gc,phases   ] GC(64)   Evacuate Collection Set: 42.02ms
[2026-02-17T23:26:26.737+0530][gc,phases   ] GC(64)   Post Evacuate Collection Set: 1.40ms
[2026-02-17T23:26:26.737+0530][gc,phases   ] GC(64)   Other: 0.12ms
[2026-02-17T23:26:26.737+0530][gc,heap     ] GC(64) Eden regions: 47->0(45)
[2026-02-17T23:26:26.737+0530][gc,heap     ] GC(64) Survivor regions: 4->6(7)
[2026-02-17T23:26:26.737+0530][gc,heap     ] GC(64) Old regions: 83->83
[2026-02-17T23:26:26.737+0530][gc,heap     ] GC(64) Archive regions: 2->2
[2026-02-17T23:26:26.737+0530][gc,heap     ] GC(64) Humongous regions: 147->147
[2026-02-17T23:26:26.737+0530][gc,metaspace] GC(64) Metaspace: 44377K(44992K)->44377K(44992K) NonClass: 39331K(39680K)->39331K(39680K) Class: 5045K(5312K)->5045K(5312K)
[2026-02-17T23:26:26.737+0530][gc          ] GC(64) Pause Young (Normal) (G1 Evacuation Pause) 281M->236M(1024M) 43.990ms
[2026-02-17T23:26:26.737+0530][gc,cpu      ] GC(64) User=0.01s Sys=0.00s Real=0.05s
[2026-02-17T23:28:29.654+0530][gc,start    ] GC(65) Pause Young (Normal) (G1 Evacuation Pause)
[2026-02-17T23:28:29.654+0530][gc,task     ] GC(65) Using 1 workers of 1 for evacuation
[2026-02-17T23:28:29.696+0530][gc,mmu      ] GC(65) MMU target violated: 21.0ms (20.0ms/21.0ms)
[2026-02-17T23:28:29.696+0530][gc,phases   ] GC(65)   Pre Evacuate Collection Set: 0.09ms
[2026-02-17T23:28:29.696+0530][gc,phases   ] GC(65)   Merge Heap Roots: 0.04ms
[2026-02-17T23:28:29.696+0530][gc,phases   ] GC(65)   Evacuate Collection Set: 41.05ms
[2026-02-17T23:28:29.697+0530][gc,phases   ] GC(65)   Post Evacuate Collection Set: 0.74ms
[2026-02-17T23:28:29.697+0530][gc,phases   ] GC(65)   Other: 0.20ms
[2026-02-17T23:28:29.697+0530][gc,heap     ] GC(65) Eden regions: 45->0(47)
[2026-02-17T23:28:29.697+0530][gc,heap     ] GC(65) Survivor regions: 6->4(7)
[2026-02-17T23:28:29.697+0530][gc,heap     ] GC(65) Old regions: 83->85
[2026-02-17T23:28:29.697+0530][gc,heap     ] GC(65) Archive regions: 2->2
[2026-02-17T23:28:29.697+0530][gc,heap     ] GC(65) Humongous regions: 147->147
[2026-02-17T23:28:29.697+0530][gc,metaspace] GC(65) Metaspace: 44439K(45056K)->44439K(45056K) NonClass: 39385K(39744K)->39385K(39744K) Class: 5054K(5312K)->5054K(5312K)
[2026-02-17T23:28:29.697+0530][gc          ] GC(65) Pause Young (Normal) (G1 Evacuation Pause) 281M->236M(1024M) 42.292ms
[2026-02-17T23:28:29.697+0530][gc,cpu      ] GC(65) User=0.01s Sys=0.00s Real=0.05s
[2026-02-17T23:30:32.221+0530][gc,start    ] GC(66) Pause Young (Normal) (G1 Evacuation Pause)
[2026-02-17T23:30:32.221+0530][gc,task     ] GC(66) Using 1 workers of 1 for evacuation
[2026-02-17T23:30:32.234+0530][gc,phases   ] GC(66)   Pre Evacuate Collection Set: 0.17ms
[2026-02-17T23:30:32.234+0530][gc,phases   ] GC(66)   Merge Heap Roots: 0.22ms
[2026-02-17T23:30:32.234+0530][gc,phases   ] GC(66)   Evacuate Collection Set: 12.04ms
[2026-02-17T23:30:32.234+0530][gc,phases   ] GC(66)   Post Evacuate Collection Set: 0.26ms
[2026-02-17T23:30:32.234+0530][gc,phases   ] GC(66)   Other: 0.09ms
[2026-02-17T23:30:32.234+0530][gc,heap     ] GC(66) Eden regions: 47->0(44)
[2026-02-17T23:30:32.234+0530][gc,heap     ] GC(66) Survivor regions: 4->7(7)
[2026-02-17T23:30:32.234+0530][gc,heap     ] GC(66) Old regions: 85->86
[2026-02-17T23:30:32.234+0530][gc,heap     ] GC(66) Archive regions: 2->2
[2026-02-17T23:30:32.234+0530][gc,heap     ] GC(66) Humongous regions: 147->147
[2026-02-17T23:30:32.234+0530][gc,metaspace] GC(66) Metaspace: 44447K(45056K)->44447K(45056K) NonClass: 39392K(39744K)->39392K(39744K) Class: 5054K(5312K)->5054K(5312K)
[2026-02-17T23:30:32.234+0530][gc          ] GC(66) Pause Young (Normal) (G1 Evacuation Pause) 283M->240M(1024M) 12.828ms
[2026-02-17T23:30:32.234+0530][gc,cpu      ] GC(66) User=0.01s Sys=0.00s Real=0.01s
[2026-02-17T23:32:33.470+0530][gc,start    ] GC(67) Pause Young (Normal) (G1 Evacuation Pause)
[2026-02-17T23:32:33.470+0530][gc,task     ] GC(67) Using 1 workers of 1 for evacuation
[2026-02-17T23:32:33.481+0530][gc,phases   ] GC(67)   Pre Evacuate Collection Set: 0.16ms
[2026-02-17T23:32:33.481+0530][gc,phases   ] GC(67)   Merge Heap Roots: 0.55ms
[2026-02-17T23:32:33.481+0530][gc,phases   ] GC(67)   Evacuate Collection Set: 10.18ms
[2026-02-17T23:32:33.481+0530][gc,phases   ] GC(67)   Post Evacuate Collection Set: 0.22ms
[2026-02-17T23:32:33.481+0530][gc,phases   ] GC(67)   Other: 0.10ms
[2026-02-17T23:32:33.481+0530][gc,heap     ] GC(67) Eden regions: 44->0(49)
[2026-02-17T23:32:33.481+0530][gc,heap     ] GC(67) Survivor regions: 7->2(7)
[2026-02-17T23:32:33.481+0530][gc,heap     ] GC(67) Old regions: 86->90
[2026-02-17T23:32:33.481+0530][gc,heap     ] GC(67) Archive regions: 2->2
[2026-02-17T23:32:33.481+0530][gc,heap     ] GC(67) Humongous regions: 147->147
[2026-02-17T23:32:33.481+0530][gc,metaspace] GC(67) Metaspace: 44453K(45056K)->44453K(45056K) NonClass: 39395K(39744K)->39395K(39744K) Class: 5057K(5312K)->5057K(5312K)
[2026-02-17T23:32:33.481+0530][gc          ] GC(67) Pause Young (Normal) (G1 Evacuation Pause) 284M->239M(1024M) 11.270ms
[2026-02-17T23:32:33.481+0530][gc,cpu      ] GC(67) User=0.00s Sys=0.00s Real=0.01s
[2026-02-17T23:34:48.336+0530][gc,start    ] GC(68) Pause Young (Normal) (G1 Evacuation Pause)
[2026-02-17T23:34:48.337+0530][gc,task     ] GC(68) Using 1 workers of 1 for evacuation
[2026-02-17T23:34:48.346+0530][gc,phases   ] GC(68)   Pre Evacuate Collection Set: 0.11ms
[2026-02-17T23:34:48.346+0530][gc,phases   ] GC(68)   Merge Heap Roots: 0.04ms
[2026-02-17T23:34:48.346+0530][gc,phases   ] GC(68)   Evacuate Collection Set: 8.74ms
[2026-02-17T23:34:48.346+0530][gc,phases   ] GC(68)   Post Evacuate Collection Set: 0.23ms
[2026-02-17T23:34:48.346+0530][gc,phases   ] GC(68)   Other: 0.37ms
[2026-02-17T23:34:48.346+0530][gc,heap     ] GC(68) Eden regions: 49->0(45)
[2026-02-17T23:34:48.346+0530][gc,heap     ] GC(68) Survivor regions: 2->6(7)
[2026-02-17T23:34:48.346+0530][gc,heap     ] GC(68) Old regions: 90->90
[2026-02-17T23:34:48.346+0530][gc,heap     ] GC(68) Archive regions: 2->2
[2026-02-17T23:34:48.346+0530][gc,heap     ] GC(68) Humongous regions: 147->147
[2026-02-17T23:34:48.346+0530][gc,metaspace] GC(68) Metaspace: 44463K(45056K)->44463K(45056K) NonClass: 39405K(39744K)->39405K(39744K) Class: 5057K(5312K)->5057K(5312K)
[2026-02-17T23:34:48.346+0530][gc          ] GC(68) Pause Young (Normal) (G1 Evacuation Pause) 288M->242M(1024M) 9.541ms
[2026-02-17T23:34:48.346+0530][gc,cpu      ] GC(68) User=0.01s Sys=0.00s Real=0.00s
[2026-02-17T23:36:52.052+0530][gc,start    ] GC(69) Pause Young (Normal) (G1 Evacuation Pause)
[2026-02-17T23:36:52.052+0530][gc,task     ] GC(69) Using 1 workers of 1 for evacuation
[2026-02-17T23:36:52.061+0530][gc,phases   ] GC(69)   Pre Evacuate Collection Set: 0.22ms
[2026-02-17T23:36:52.061+0530][gc,phases   ] GC(69)   Merge Heap Roots: 1.88ms
[2026-02-17T23:36:52.061+0530][gc,phases   ] GC(69)   Evacuate Collection Set: 7.10ms
[2026-02-17T23:36:52.061+0530][gc,phases   ] GC(69)   Post Evacuate Collection Set: 0.30ms
[2026-02-17T23:36:52.061+0530][gc,phases   ] GC(69)   Other: 0.22ms
[2026-02-17T23:36:52.061+0530][gc,heap     ] GC(69) Eden regions: 45->0(47)
[2026-02-17T23:36:52.061+0530][gc,heap     ] GC(69) Survivor regions: 6->4(7)
[2026-02-17T23:36:52.061+0530][gc,heap     ] GC(69) Old regions: 90->90
[2026-02-17T23:36:52.061+0530][gc,heap     ] GC(69) Archive regions: 2->2
[2026-02-17T23:36:52.061+0530][gc,heap     ] GC(69) Humongous regions: 147->147
[2026-02-17T23:36:52.061+0530][gc,metaspace] GC(69) Metaspace: 44467K(45056K)->44467K(45056K) NonClass: 39410K(39744K)->39410K(39744K) Class: 5057K(5312K)->5057K(5312K)
[2026-02-17T23:36:52.061+0530][gc          ] GC(69) Pause Young (Normal) (G1 Evacuation Pause) 287M->241M(1024M) 9.788ms
[2026-02-17T23:36:52.061+0530][gc,cpu      ] GC(69) User=0.00s Sys=0.00s Real=0.01s
[2026-02-17T23:38:13.271+0530][gc,start    ] GC(70) Pause Young (Normal) (G1 Evacuation Pause)
[2026-02-17T23:38:13.271+0530][gc,task     ] GC(70) Using 1 workers of 1 for evacuation
[2026-02-17T23:38:13.280+0530][gc,phases   ] GC(70)   Pre Evacuate Collection Set: 0.09ms
[2026-02-17T23:38:13.280+0530][gc,phases   ] GC(70)   Merge Heap Roots: 0.05ms
[2026-02-17T23:38:13.280+0530][gc,phases   ] GC(70)   Evacuate Collection Set: 8.07ms
[2026-02-17T23:38:13.280+0530][gc,phases   ] GC(70)   Post Evacuate Collection Set: 0.25ms
[2026-02-17T23:38:13.280+0530][gc,phases   ] GC(70)   Other: 0.07ms
[2026-02-17T23:38:13.280+0530][gc,heap     ] GC(70) Eden regions: 47->0(46)
[2026-02-17T23:38:13.280+0530][gc,heap     ] GC(70) Survivor regions: 4->5(7)
[2026-02-17T23:38:13.280+0530][gc,heap     ] GC(70) Old regions: 90->90
[2026-02-17T23:38:13.280+0530][gc,heap     ] GC(70) Archive regions: 2->2
[2026-02-17T23:38:13.280+0530][gc,heap     ] GC(70) Humongous regions: 147->147
[2026-02-17T23:38:13.280+0530][gc,metaspace] GC(70) Metaspace: 44672K(45248K)->44672K(45248K) NonClass: 39592K(39936K)->39592K(39936K) Class: 5080K(5312K)->5080K(5312K)
[2026-02-17T23:38:13.280+0530][gc          ] GC(70) Pause Young (Normal) (G1 Evacuation Pause) 288M->242M(1024M) 8.658ms
[2026-02-17T23:38:13.280+0530][gc,cpu      ] GC(70) User=0.01s Sys=0.00s Real=0.01s
[2026-02-17T23:38:41.861+0530][gc,start    ] GC(71) Pause Young (Normal) (G1 Evacuation Pause)
[2026-02-17T23:38:41.861+0530][gc,task     ] GC(71) Using 1 workers of 1 for evacuation
[2026-02-17T23:38:41.870+0530][gc,phases   ] GC(71)   Pre Evacuate Collection Set: 0.21ms
[2026-02-17T23:38:41.870+0530][gc,phases   ] GC(71)   Merge Heap Roots: 0.19ms
[2026-02-17T23:38:41.870+0530][gc,phases   ] GC(71)   Evacuate Collection Set: 8.53ms
[2026-02-17T23:38:41.870+0530][gc,phases   ] GC(71)   Post Evacuate Collection Set: 0.26ms
[2026-02-17T23:38:41.870+0530][gc,phases   ] GC(71)   Other: 0.08ms
[2026-02-17T23:38:41.870+0530][gc,heap     ] GC(71) Eden regions: 46->0(51)
[2026-02-17T23:38:41.870+0530][gc,heap     ] GC(71) Survivor regions: 5->3(7)
[2026-02-17T23:38:41.870+0530][gc,heap     ] GC(71) Old regions: 90->93
[2026-02-17T23:38:41.870+0530][gc,heap     ] GC(71) Archive regions: 2->2
[2026-02-17T23:38:41.870+0530][gc,heap     ] GC(71) Humongous regions: 147->147
[2026-02-17T23:38:41.870+0530][gc,metaspace] GC(71) Metaspace: 44845K(45376K)->44845K(45376K) NonClass: 39765K(40064K)->39765K(40064K) Class: 5080K(5312K)->5080K(5312K)
[2026-02-17T23:38:41.870+0530][gc          ] GC(71) Pause Young (Normal) (G1 Evacuation Pause) 288M->243M(1024M) 9.313ms
[2026-02-17T23:38:41.870+0530][gc,cpu      ] GC(71) User=0.00s Sys=0.00s Real=0.01s
[2026-02-17T23:39:15.730+0530][gc,start    ] GC(72) Pause Young (Normal) (G1 Evacuation Pause)
[2026-02-17T23:39:15.730+0530][gc,task     ] GC(72) Using 1 workers of 1 for evacuation
[2026-02-17T23:39:15.737+0530][gc,phases   ] GC(72)   Pre Evacuate Collection Set: 0.21ms
[2026-02-17T23:39:15.737+0530][gc,phases   ] GC(72)   Merge Heap Roots: 0.42ms
[2026-02-17T23:39:15.737+0530][gc,phases   ] GC(72)   Evacuate Collection Set: 5.79ms
[2026-02-17T23:39:15.737+0530][gc,phases   ] GC(72)   Post Evacuate Collection Set: 0.72ms
[2026-02-17T23:39:15.737+0530][gc,phases   ] GC(72)   Other: 0.27ms
[2026-02-17T23:39:15.737+0530][gc,heap     ] GC(72) Eden regions: 51->0(71)
[2026-02-17T23:39:15.737+0530][gc,heap     ] GC(72) Survivor regions: 3->3(7)
[2026-02-17T23:39:15.737+0530][gc,heap     ] GC(72) Old regions: 93->93
[2026-02-17T23:39:15.737+0530][gc,heap     ] GC(72) Archive regions: 2->2
[2026-02-17T23:39:15.737+0530][gc,heap     ] GC(72) Humongous regions: 147->147
[2026-02-17T23:39:15.737+0530][gc,metaspace] GC(72) Metaspace: 44902K(45504K)->44902K(45504K) NonClass: 39822K(40192K)->39822K(40192K) Class: 5080K(5312K)->5080K(5312K)
[2026-02-17T23:39:15.737+0530][gc          ] GC(72) Pause Young (Normal) (G1 Evacuation Pause) 294M->243M(1024M) 7.448ms
[2026-02-17T23:39:15.737+0530][gc,cpu      ] GC(72) User=0.00s Sys=0.00s Real=0.01s
[2026-02-17T23:40:04.953+0530][gc,start    ] GC(73) Pause Young (Normal) (G1 Evacuation Pause)
[2026-02-17T23:40:04.953+0530][gc,task     ] GC(73) Using 1 workers of 1 for evacuation
[2026-02-17T23:40:04.958+0530][gc,phases   ] GC(73)   Pre Evacuate Collection Set: 0.11ms
[2026-02-17T23:40:04.959+0530][gc,phases   ] GC(73)   Merge Heap Roots: 0.04ms
[2026-02-17T23:40:04.959+0530][gc,phases   ] GC(73)   Evacuate Collection Set: 5.44ms
[2026-02-17T23:40:04.959+0530][gc,phases   ] GC(73)   Post Evacuate Collection Set: 0.30ms
[2026-02-17T23:40:04.959+0530][gc,phases   ] GC(73)   Other: 0.11ms
[2026-02-17T23:40:04.959+0530][gc,heap     ] GC(73) Eden regions: 71->0(91)
[2026-02-17T23:40:04.959+0530][gc,heap     ] GC(73) Survivor regions: 3->4(10)
[2026-02-17T23:40:04.959+0530][gc,heap     ] GC(73) Old regions: 93->93
[2026-02-17T23:40:04.959+0530][gc,heap     ] GC(73) Archive regions: 2->2
[2026-02-17T23:40:04.959+0530][gc,heap     ] GC(73) Humongous regions: 147->147
[2026-02-17T23:40:04.959+0530][gc,metaspace] GC(73) Metaspace: 44956K(45504K)->44956K(45504K) NonClass: 39876K(40192K)->39876K(40192K) Class: 5080K(5312K)->5080K(5312K)
[2026-02-17T23:40:04.959+0530][gc          ] GC(73) Pause Young (Normal) (G1 Evacuation Pause) 314M->244M(1024M) 6.044ms
[2026-02-17T23:40:04.959+0530][gc,cpu      ] GC(73) User=0.00s Sys=0.00s Real=0.01s
[2026-02-17T23:41:05.244+0530][gc,start    ] GC(74) Pause Young (Normal) (G1 Evacuation Pause)
[2026-02-17T23:41:05.245+0530][gc,task     ] GC(74) Using 1 workers of 1 for evacuation
[2026-02-17T23:41:05.252+0530][gc,phases   ] GC(74)   Pre Evacuate Collection Set: 0.11ms
[2026-02-17T23:41:05.252+0530][gc,phases   ] GC(74)   Merge Heap Roots: 0.05ms
[2026-02-17T23:41:05.252+0530][gc,phases   ] GC(74)   Evacuate Collection Set: 7.28ms
[2026-02-17T23:41:05.252+0530][gc,phases   ] GC(74)   Post Evacuate Collection Set: 0.31ms
[2026-02-17T23:41:05.252+0530][gc,phases   ] GC(74)   Other: 0.10ms
[2026-02-17T23:41:05.252+0530][gc,heap     ] GC(74) Eden regions: 91->0(116)
[2026-02-17T23:41:05.252+0530][gc,heap     ] GC(74) Survivor regions: 4->4(12)
[2026-02-17T23:41:05.252+0530][gc,heap     ] GC(74) Old regions: 93->93
[2026-02-17T23:41:05.252+0530][gc,heap     ] GC(74) Archive regions: 2->2
[2026-02-17T23:41:05.252+0530][gc,heap     ] GC(74) Humongous regions: 147->147
[2026-02-17T23:41:05.252+0530][gc,metaspace] GC(74) Metaspace: 44975K(45504K)->44975K(45504K) NonClass: 39895K(40192K)->39895K(40192K) Class: 5080K(5312K)->5080K(5312K)
[2026-02-17T23:41:05.252+0530][gc          ] GC(74) Pause Young (Normal) (G1 Evacuation Pause) 335M->244M(1024M) 7.896ms
[2026-02-17T23:41:05.252+0530][gc,cpu      ] GC(74) User=0.00s Sys=0.00s Real=0.01s
[2026-02-17T23:42:23.932+0530][gc,start    ] GC(75) Pause Young (Normal) (G1 Evacuation Pause)
[2026-02-17T23:42:23.932+0530][gc,task     ] GC(75) Using 1 workers of 1 for evacuation
[2026-02-17T23:42:23.938+0530][gc,phases   ] GC(75)   Pre Evacuate Collection Set: 0.11ms
[2026-02-17T23:42:23.938+0530][gc,phases   ] GC(75)   Merge Heap Roots: 0.05ms
[2026-02-17T23:42:23.938+0530][gc,phases   ] GC(75)   Evacuate Collection Set: 5.55ms
[2026-02-17T23:42:23.938+0530][gc,phases   ] GC(75)   Post Evacuate Collection Set: 0.27ms
[2026-02-17T23:42:23.938+0530][gc,phases   ] GC(75)   Other: 0.07ms
[2026-02-17T23:42:23.938+0530][gc,heap     ] GC(75) Eden regions: 116->0(611)
[2026-02-17T23:42:23.938+0530][gc,heap     ] GC(75) Survivor regions: 4->3(15)
[2026-02-17T23:42:23.938+0530][gc,heap     ] GC(75) Old regions: 93->93
[2026-02-17T23:42:23.938+0530][gc,heap     ] GC(75) Archive regions: 2->2
[2026-02-17T23:42:23.938+0530][gc,heap     ] GC(75) Humongous regions: 147->147
[2026-02-17T23:42:23.938+0530][gc,metaspace] GC(75) Metaspace: 45013K(45568K)->45013K(45568K) NonClass: 39932K(40256K)->39932K(40256K) Class: 5080K(5312K)->5080K(5312K)
[2026-02-17T23:42:23.938+0530][gc          ] GC(75) Pause Young (Normal) (G1 Evacuation Pause) 360M->243M(1024M) 6.097ms
[2026-02-17T23:42:23.938+0530][gc,cpu      ] GC(75) User=0.01s Sys=0.01s Real=0.01s
[2026-02-17T23:49:22.267+0530][gc,start    ] GC(76) Pause Young (Normal) (G1 Evacuation Pause)
[2026-02-17T23:49:22.267+0530][gc,task     ] GC(76) Using 1 workers of 1 for evacuation
[2026-02-17T23:49:22.284+0530][gc,phases   ] GC(76)   Pre Evacuate Collection Set: 0.14ms
[2026-02-17T23:49:22.284+0530][gc,phases   ] GC(76)   Merge Heap Roots: 0.06ms
[2026-02-17T23:49:22.284+0530][gc,phases   ] GC(76)   Evacuate Collection Set: 15.52ms
[2026-02-17T23:49:22.284+0530][gc,phases   ] GC(76)   Post Evacuate Collection Set: 0.57ms
[2026-02-17T23:49:22.284+0530][gc,phases   ] GC(76)   Other: 0.19ms
[2026-02-17T23:49:22.284+0530][gc,heap     ] GC(76) Eden regions: 611->0(65)
[2026-02-17T23:49:22.284+0530][gc,heap     ] GC(76) Survivor regions: 3->8(77)
[2026-02-17T23:49:22.284+0530][gc,heap     ] GC(76) Old regions: 93->93
[2026-02-17T23:49:22.284+0530][gc,heap     ] GC(76) Archive regions: 2->2
[2026-02-17T23:49:22.284+0530][gc,heap     ] GC(76) Humongous regions: 147->147
[2026-02-17T23:49:22.284+0530][gc,metaspace] GC(76) Metaspace: 45199K(45760K)->45199K(45760K) NonClass: 40117K(40448K)->40117K(40448K) Class: 5081K(5312K)->5081K(5312K)
[2026-02-17T23:49:22.284+0530][gc          ] GC(76) Pause Young (Normal) (G1 Evacuation Pause) 854M->248M(1024M) 16.547ms
[2026-02-17T23:49:22.284+0530][gc,cpu      ] GC(76) User=0.01s Sys=0.00s Real=0.01s
[2026-02-17T23:50:06.919+0530][gc,start    ] GC(77) Pause Young (Normal) (G1 Evacuation Pause)
[2026-02-17T23:50:06.919+0530][gc,task     ] GC(77) Using 1 workers of 1 for evacuation
[2026-02-17T23:50:06.927+0530][gc,phases   ] GC(77)   Pre Evacuate Collection Set: 0.12ms
[2026-02-17T23:50:06.927+0530][gc,phases   ] GC(77)   Merge Heap Roots: 0.11ms
[2026-02-17T23:50:06.927+0530][gc,phases   ] GC(77)   Evacuate Collection Set: 7.28ms
[2026-02-17T23:50:06.927+0530][gc,phases   ] GC(77)   Post Evacuate Collection Set: 0.26ms
[2026-02-17T23:50:06.927+0530][gc,phases   ] GC(77)   Other: 0.07ms
[2026-02-17T23:50:06.927+0530][gc,heap     ] GC(77) Eden regions: 65->0(613)
[2026-02-17T23:50:06.927+0530][gc,heap     ] GC(77) Survivor regions: 8->1(10)
[2026-02-17T23:50:06.927+0530][gc,heap     ] GC(77) Old regions: 93->97
[2026-02-17T23:50:06.927+0530][gc,heap     ] GC(77) Archive regions: 2->2
[2026-02-17T23:50:06.927+0530][gc,heap     ] GC(77) Humongous regions: 147->147
[2026-02-17T23:50:06.927+0530][gc,metaspace] GC(77) Metaspace: 45199K(45760K)->45199K(45760K) NonClass: 40117K(40448K)->40117K(40448K) Class: 5081K(5312K)->5081K(5312K)
[2026-02-17T23:50:06.927+0530][gc          ] GC(77) Pause Young (Normal) (G1 Evacuation Pause) 313M->244M(1024M) 7.952ms
[2026-02-17T23:50:06.927+0530][gc,cpu      ] GC(77) User=0.00s Sys=0.00s Real=0.01s
[2026-02-17T23:57:06.963+0530][gc,start    ] GC(78) Pause Young (Normal) (G1 Evacuation Pause)
[2026-02-17T23:57:06.963+0530][gc,task     ] GC(78) Using 1 workers of 1 for evacuation
[2026-02-17T23:57:06.973+0530][gc,phases   ] GC(78)   Pre Evacuate Collection Set: 0.11ms
[2026-02-17T23:57:06.973+0530][gc,phases   ] GC(78)   Merge Heap Roots: 0.06ms
[2026-02-17T23:57:06.973+0530][gc,phases   ] GC(78)   Evacuate Collection Set: 9.13ms
[2026-02-17T23:57:06.973+0530][gc,phases   ] GC(78)   Post Evacuate Collection Set: 0.49ms
[2026-02-17T23:57:06.973+0530][gc,phases   ] GC(78)   Other: 0.11ms
[2026-02-17T23:57:06.973+0530][gc,heap     ] GC(78) Eden regions: 613->0(501)
[2026-02-17T23:57:06.973+0530][gc,heap     ] GC(78) Survivor regions: 1->6(77)
[2026-02-17T23:57:06.973+0530][gc,heap     ] GC(78) Old regions: 97->97
[2026-02-17T23:57:06.973+0530][gc,heap     ] GC(78) Archive regions: 2->2
[2026-02-17T23:57:06.973+0530][gc,heap     ] GC(78) Humongous regions: 147->147
[2026-02-17T23:57:06.973+0530][gc,metaspace] GC(78) Metaspace: 45270K(45824K)->45270K(45824K) NonClass: 40186K(40512K)->40186K(40512K) Class: 5083K(5312K)->5083K(5312K)
[2026-02-17T23:57:06.973+0530][gc          ] GC(78) Pause Young (Normal) (G1 Evacuation Pause) 857M->249M(1024M) 9.949ms
[2026-02-17T23:57:06.973+0530][gc,cpu      ] GC(78) User=0.01s Sys=0.00s Real=0.01s
[2026-02-18T00:02:53.173+0530][gc,start    ] GC(79) Pause Young (Normal) (G1 Evacuation Pause)
[2026-02-18T00:02:53.173+0530][gc,task     ] GC(79) Using 1 workers of 1 for evacuation
[2026-02-18T00:02:53.183+0530][gc,phases   ] GC(79)   Pre Evacuate Collection Set: 0.12ms
[2026-02-18T00:02:53.183+0530][gc,phases   ] GC(79)   Merge Heap Roots: 0.06ms
[2026-02-18T00:02:53.183+0530][gc,phases   ] GC(79)   Evacuate Collection Set: 8.47ms
[2026-02-18T00:02:53.183+0530][gc,phases   ] GC(79)   Post Evacuate Collection Set: 0.51ms
[2026-02-18T00:02:53.183+0530][gc,phases   ] GC(79)   Other: 0.09ms
[2026-02-18T00:02:53.183+0530][gc,heap     ] GC(79) Eden regions: 501->0(608)
[2026-02-18T00:02:53.183+0530][gc,heap     ] GC(79) Survivor regions: 6->6(64)
[2026-02-18T00:02:53.183+0530][gc,heap     ] GC(79) Old regions: 97->97
[2026-02-18T00:02:53.183+0530][gc,heap     ] GC(79) Archive regions: 2->2
[2026-02-18T00:02:53.183+0530][gc,heap     ] GC(79) Humongous regions: 147->147
[2026-02-18T00:02:53.183+0530][gc,metaspace] GC(79) Metaspace: 45294K(45824K)->45294K(45824K) NonClass: 40210K(40512K)->40210K(40512K) Class: 5084K(5312K)->5084K(5312K)
[2026-02-18T00:02:53.183+0530][gc          ] GC(79) Pause Young (Normal) (G1 Evacuation Pause) 750M->249M(1024M) 9.337ms
[2026-02-18T00:02:53.183+0530][gc,cpu      ] GC(79) User=0.01s Sys=0.00s Real=0.01s
[2026-02-18T00:09:53.010+0530][gc,start    ] GC(80) Pause Young (Normal) (G1 Evacuation Pause)
[2026-02-18T00:09:53.010+0530][gc,task     ] GC(80) Using 1 workers of 1 for evacuation
[2026-02-18T00:09:53.021+0530][gc,phases   ] GC(80)   Pre Evacuate Collection Set: 0.07ms
[2026-02-18T00:09:53.021+0530][gc,phases   ] GC(80)   Merge Heap Roots: 0.06ms
[2026-02-18T00:09:53.021+0530][gc,phases   ] GC(80)   Evacuate Collection Set: 10.02ms
[2026-02-18T00:09:53.021+0530][gc,phases   ] GC(80)   Post Evacuate Collection Set: 0.63ms
[2026-02-18T00:09:53.021+0530][gc,phases   ] GC(80)   Other: 0.28ms
[2026-02-18T00:09:53.021+0530][gc,heap     ] GC(80) Eden regions: 608->0(607)
[2026-02-18T00:09:53.021+0530][gc,heap     ] GC(80) Survivor regions: 6->7(77)
[2026-02-18T00:09:53.021+0530][gc,heap     ] GC(80) Old regions: 97->97
[2026-02-18T00:09:53.021+0530][gc,heap     ] GC(80) Archive regions: 2->2
[2026-02-18T00:09:53.021+0530][gc,heap     ] GC(80) Humongous regions: 147->147
[2026-02-18T00:09:53.021+0530][gc,metaspace] GC(80) Metaspace: 45300K(45824K)->45300K(45824K) NonClass: 40216K(40512K)->40216K(40512K) Class: 5084K(5312K)->5084K(5312K)
[2026-02-18T00:09:53.021+0530][gc          ] GC(80) Pause Young (Normal) (G1 Evacuation Pause) 857M->250M(1024M) 11.267ms
[2026-02-18T00:09:53.021+0530][gc,cpu      ] GC(80) User=0.01s Sys=0.00s Real=0.01s
[2026-02-18T00:16:50.101+0530][gc,start    ] GC(81) Pause Young (Normal) (G1 Evacuation Pause)
[2026-02-18T00:16:50.101+0530][gc,task     ] GC(81) Using 1 workers of 1 for evacuation
[2026-02-18T00:16:50.114+0530][gc,phases   ] GC(81)   Pre Evacuate Collection Set: 0.07ms
[2026-02-18T00:16:50.114+0530][gc,phases   ] GC(81)   Merge Heap Roots: 0.06ms
[2026-02-18T00:16:50.114+0530][gc,phases   ] GC(81)   Evacuate Collection Set: 12.11ms
[2026-02-18T00:16:50.114+0530][gc,phases   ] GC(81)   Post Evacuate Collection Set: 0.58ms
[2026-02-18T00:16:50.114+0530][gc,phases   ] GC(81)   Other: 0.16ms
[2026-02-18T00:16:50.114+0530][gc,heap     ] GC(81) Eden regions: 607->0(607)
[2026-02-18T00:16:50.114+0530][gc,heap     ] GC(81) Survivor regions: 7->7(77)
[2026-02-18T00:16:50.114+0530][gc,heap     ] GC(81) Old regions: 97->97
[2026-02-18T00:16:50.114+0530][gc,heap     ] GC(81) Archive regions: 2->2
[2026-02-18T00:16:50.114+0530][gc,heap     ] GC(81) Humongous regions: 147->147
[2026-02-18T00:16:50.114+0530][gc,metaspace] GC(81) Metaspace: 45300K(45824K)->45300K(45824K) NonClass: 40216K(40512K)->40216K(40512K) Class: 5084K(5312K)->5084K(5312K)
[2026-02-18T00:16:50.114+0530][gc          ] GC(81) Pause Young (Normal) (G1 Evacuation Pause) 857M->251M(1024M) 13.098ms
[2026-02-18T00:16:50.114+0530][gc,cpu      ] GC(81) User=0.01s Sys=0.00s Real=0.01s
