[2026-02-17T23:37:54.746+0530][gc] Using G1
[2026-02-17T23:37:54.762+0530][gc,init] Version: 17.0.18+8-Ubuntu-124.04.1 (release)
[2026-02-17T23:37:54.762+0530][gc,init] CPUs: 1 total, 1 available
[2026-02-17T23:37:54.762+0530][gc,init] Memory: 15805M
[2026-02-17T23:37:54.762+0530][gc,init] Large Page Support: Disabled
[2026-02-17T23:37:54.762+0530][gc,init] NUMA Support: Disabled
[2026-02-17T23:37:54.762+0530][gc,init] Compressed Oops: Enabled (32-bit)
[2026-02-17T23:37:54.762+0530][gc,init] Heap Region Size: 1M
[2026-02-17T23:37:54.762+0530][gc,init] Heap Min Capacity: 1G
[2026-02-17T23:37:54.762+0530][gc,init] Heap Initial Capacity: 1G
[2026-02-17T23:37:54.762+0530][gc,init] Heap Max Capacity: 1G
[2026-02-17T23:37:54.762+0530][gc,init] Pre-touch: Disabled
[2026-02-17T23:37:54.762+0530][gc,init] Parallel Workers: 1
[2026-02-17T23:37:54.762+0530][gc,init] Concurrent Workers: 1
[2026-02-17T23:37:54.762+0530][gc,init] Concurrent Refinement Workers: 1
[2026-02-17T23:37:54.762+0530][gc,init] Periodic GC: Disabled
[2026-02-17T23:37:54.779+0530][gc,metaspace] CDS archive(s) mapped at: [0x000075faa3000000-0x000075faa3bca000-0x000075faa3bca000), size 12361728, SharedBaseAddress: 0x000075faa3000000, ArchiveRelocationMode: 1.
[2026-02-17T23:37:54.779+0530][gc,metaspace] Compressed class space mapped at: 0x000075faa4000000-0x000075fae4000000, reserved size: 1073741824
[2026-02-17T23:37:54.779+0530][gc,metaspace] Narrow klass base: 0x000075faa3000000, Narrow klass shift: 0, Narrow klass range: 0x100000000
[2026-02-17T23:37:58.925+0530][gc,start    ] GC(0) Pause Young (Normal) (G1 Evacuation Pause)
[2026-02-17T23:37:58.925+0530][gc,task     ] GC(0) Using 1 workers of 1 for evacuation
[2026-02-17T23:37:58.967+0530][gc,mmu      ] GC(0) MMU target violated: 21.0ms (20.0ms/21.0ms)
[2026-02-17T23:37:58.967+0530][gc,phases   ] GC(0)   Pre Evacuate Collection Set: 0.82ms
[2026-02-17T23:37:58.967+0530][gc,phases   ] GC(0)   Merge Heap Roots: 0.03ms
[2026-02-17T23:37:58.967+0530][gc,phases   ] GC(0)   Evacuate Collection Set: 38.64ms
[2026-02-17T23:37:58.967+0530][gc,phases   ] GC(0)   Post Evacuate Collection Set: 2.28ms
[2026-02-17T23:37:58.967+0530][gc,phases   ] GC(0)   Other: 0.18ms
[2026-02-17T23:37:58.967+0530][gc,heap     ] GC(0) Eden regions: 51->0(44)
[2026-02-17T23:37:58.967+0530][gc,heap     ] GC(0) Survivor regions: 0->7(7)
[2026-02-17T23:37:58.967+0530][gc,heap     ] GC(0) Old regions: 0->2
[2026-02-17T23:37:58.967+0530][gc,heap     ] GC(0) Archive regions: 2->2
[2026-02-17T23:37:58.967+0530][gc,heap     ] GC(0) Humongous regions: 0->0
[2026-02-17T23:37:58.967+0530][gc,metaspace] GC(0) Metaspace: 18409K(18560K)->18409K(18560K) NonClass: 16373K(16448K)->16373K(16448K) Class: 2035K(2112K)->2035K(2112K)
[2026-02-17T23:37:58.967+0530][gc          ] GC(0) Pause Young (Normal) (G1 Evacuation Pause) 51M->9M(1024M) 41.986ms
[2026-02-17T23:37:58.967+0530][gc,cpu      ] GC(0) User=0.01s Sys=0.01s Real=0.05s
[2026-02-17T23:37:59.642+0530][gc,start    ] GC(1) Pause Young (Concurrent Start) (Metadata GC Threshold)
[2026-02-17T23:37:59.642+0530][gc,task     ] GC(1) Using 1 workers of 1 for evacuation
[2026-02-17T23:37:59.687+0530][gc,mmu      ] GC(1) MMU target violated: 21.0ms (20.0ms/21.0ms)
[2026-02-17T23:37:59.687+0530][gc,phases   ] GC(1)   Pre Evacuate Collection Set: 2.42ms
[2026-02-17T23:37:59.687+0530][gc,phases   ] GC(1)   Merge Heap Roots: 0.98ms
[2026-02-17T23:37:59.687+0530][gc,phases   ] GC(1)   Evacuate Collection Set: 40.97ms
[2026-02-17T23:37:59.687+0530][gc,phases   ] GC(1)   Post Evacuate Collection Set: 1.08ms
[2026-02-17T23:37:59.687+0530][gc,phases   ] GC(1)   Other: 0.15ms
[2026-02-17T23:37:59.687+0530][gc,heap     ] GC(1) Eden regions: 13->0(49)
[2026-02-17T23:37:59.687+0530][gc,heap     ] GC(1) Survivor regions: 7->2(7)
[2026-02-17T23:37:59.687+0530][gc,heap     ] GC(1) Old regions: 2->9
[2026-02-17T23:37:59.687+0530][gc,heap     ] GC(1) Archive regions: 2->2
[2026-02-17T23:37:59.687+0530][gc,heap     ] GC(1) Humongous regions: 0->0
[2026-02-17T23:37:59.687+0530][gc,metaspace] GC(1) Metaspace: 21315K(21504K)->21315K(21504K) NonClass: 18921K(19008K)->18921K(19008K) Class: 2394K(2496K)->2394K(2496K)
[2026-02-17T23:37:59.687+0530][gc          ] GC(1) Pause Young (Concurrent Start) (Metadata GC Threshold) 21M->10M(1024M) 45.650ms
[2026-02-17T23:37:59.687+0530][gc,cpu      ] GC(1) User=0.01s Sys=0.01s Real=0.05s
[2026-02-17T23:37:59.687+0530][gc          ] GC(2) Concurrent Mark Cycle
[2026-02-17T23:37:59.687+0530][gc,marking  ] GC(2) Concurrent Clear Claimed Marks
[2026-02-17T23:37:59.687+0530][gc,marking  ] GC(2) Concurrent Clear Claimed Marks 0.008ms
[2026-02-17T23:37:59.687+0530][gc,marking  ] GC(2) Concurrent Scan Root Regions
[2026-02-17T23:37:59.701+0530][gc,marking  ] GC(2) Concurrent Scan Root Regions 13.776ms
[2026-02-17T23:37:59.701+0530][gc,marking  ] GC(2) Concurrent Mark
[2026-02-17T23:37:59.701+0530][gc,marking  ] GC(2) Concurrent Mark From Roots
[2026-02-17T23:37:59.701+0530][gc,task     ] GC(2) Using 1 workers of 1 for marking
[2026-02-17T23:37:59.712+0530][gc,marking  ] GC(2) Concurrent Mark From Roots 10.873ms
[2026-02-17T23:37:59.712+0530][gc,marking  ] GC(2) Concurrent Preclean
[2026-02-17T23:37:59.712+0530][gc,marking  ] GC(2) Concurrent Preclean 0.022ms
[2026-02-17T23:37:59.712+0530][gc,start    ] GC(2) Pause Remark
[2026-02-17T23:37:59.717+0530][gc          ] GC(2) Pause Remark 11M->11M(1024M) 4.500ms
[2026-02-17T23:37:59.718+0530][gc,cpu      ] GC(2) User=0.01s Sys=0.00s Real=0.01s
[2026-02-17T23:37:59.720+0530][gc,marking  ] GC(2) Concurrent Mark 18.963ms
[2026-02-17T23:37:59.720+0530][gc,marking  ] GC(2) Concurrent Rebuild Remembered Sets
[2026-02-17T23:37:59.735+0530][gc,marking  ] GC(2) Concurrent Rebuild Remembered Sets 15.186ms
[2026-02-17T23:37:59.737+0530][gc,start    ] GC(2) Pause Cleanup
[2026-02-17T23:37:59.737+0530][gc          ] GC(2) Pause Cleanup 11M->11M(1024M) 0.572ms
[2026-02-17T23:37:59.737+0530][gc,cpu      ] GC(2) User=0.00s Sys=0.00s Real=0.00s
[2026-02-17T23:37:59.737+0530][gc,marking  ] GC(2) Concurrent Cleanup for Next Mark
[2026-02-17T23:37:59.762+0530][gc,marking  ] GC(2) Concurrent Cleanup for Next Mark 25.036ms
[2026-02-17T23:37:59.762+0530][gc          ] GC(2) Concurrent Mark Cycle 74.812ms
[2026-02-17T23:38:02.112+0530][gc,start    ] GC(3) Pause Young (Normal) (G1 Evacuation Pause)
[2026-02-17T23:38:02.112+0530][gc,task     ] GC(3) Using 1 workers of 1 for evacuation
[2026-02-17T23:38:02.137+0530][gc,mmu      ] GC(3) MMU target violated: 21.0ms (20.0ms/21.0ms)
[2026-02-17T23:38:02.137+0530][gc,phases   ] GC(3)   Pre Evacuate Collection Set: 0.17ms
[2026-02-17T23:38:02.137+0530][gc,phases   ] GC(3)   Merge Heap Roots: 0.17ms
[2026-02-17T23:38:02.137+0530][gc,phases   ] GC(3)   Evacuate Collection Set: 21.40ms
[2026-02-17T23:38:02.137+0530][gc,phases   ] GC(3)   Post Evacuate Collection Set: 3.67ms
[2026-02-17T23:38:02.137+0530][gc,phases   ] GC(3)   Other: 0.11ms
[2026-02-17T23:38:02.137+0530][gc,heap     ] GC(3) Eden regions: 49->0(47)
[2026-02-17T23:38:02.137+0530][gc,heap     ] GC(3) Survivor regions: 2->4(7)
[2026-02-17T23:38:02.137+0530][gc,heap     ] GC(3) Old regions: 9->9
[2026-02-17T23:38:02.137+0530][gc,heap     ] GC(3) Archive regions: 2->2
[2026-02-17T23:38:02.137+0530][gc,heap     ] GC(3) Humongous regions: 0->0
[2026-02-17T23:38:02.137+0530][gc,metaspace] GC(3) Metaspace: 30948K(31168K)->30948K(31168K) NonClass: 27450K(27520K)->27450K(27520K) Class: 3497K(3648K)->3497K(3648K)
[2026-02-17T23:38:02.137+0530][gc          ] GC(3) Pause Young (Normal) (G1 Evacuation Pause) 59M->12M(1024M) 25.555ms
[2026-02-17T23:38:02.138+0530][gc,cpu      ] GC(3) User=0.02s Sys=0.00s Real=0.03s
[2026-02-17T23:38:02.230+0530][gc,heap,exit] Heap
[2026-02-17T23:38:02.230+0530][gc,heap,exit]  garbage-first heap   total 1048576K, used 18835K [0x00000000c0000000, 0x0000000100000000)
[2026-02-17T23:38:02.230+0530][gc,heap,exit]   region size 1024K, 10 young (10240K), 4 survivors (4096K)
[2026-02-17T23:38:02.230+0530][gc,heap,exit]  Metaspace       used 31376K, committed 31616K, reserved 1114112K
[2026-02-17T23:38:02.230+0530][gc,heap,exit]   class space    used 3547K, committed 3648K, reserved 1048576K
