[2026-02-17T21:29:43.936+0530][gc] Using G1
[2026-02-17T21:29:43.947+0530][gc,init] Version: 17.0.18+8-Ubuntu-124.04.1 (release)
[2026-02-17T21:29:43.947+0530][gc,init] CPUs: 1 total, 1 available
[2026-02-17T21:29:43.947+0530][gc,init] Memory: 15805M
[2026-02-17T21:29:43.947+0530][gc,init] Large Page Support: Disabled
[2026-02-17T21:29:43.947+0530][gc,init] NUMA Support: Disabled
[2026-02-17T21:29:43.947+0530][gc,init] Compressed Oops: Enabled (32-bit)
[2026-02-17T21:29:43.947+0530][gc,init] Heap Region Size: 1M
[2026-02-17T21:29:43.947+0530][gc,init] Heap Min Capacity: 1G
[2026-02-17T21:29:43.947+0530][gc,init] Heap Initial Capacity: 1G
[2026-02-17T21:29:43.947+0530][gc,init] Heap Max Capacity: 1G
[2026-02-17T21:29:43.947+0530][gc,init] Pre-touch: Disabled
[2026-02-17T21:29:43.947+0530][gc,init] Parallel Workers: 1
[2026-02-17T21:29:43.947+0530][gc,init] Concurrent Workers: 1
[2026-02-17T21:29:43.947+0530][gc,init] Concurrent Refinement Workers: 1
[2026-02-17T21:29:43.947+0530][gc,init] Periodic GC: Disabled
[2026-02-17T21:29:43.956+0530][gc,metaspace] CDS archive(s) mapped at: [0x000070999b000000-0x000070999bbca000-0x000070999bbca000), size 12361728, SharedBaseAddress: 0x000070999b000000, ArchiveRelocationMode: 1.
[2026-02-17T21:29:43.957+0530][gc,metaspace] Compressed class space mapped at: 0x000070999c000000-0x00007099dc000000, reserved size: 1073741824
[2026-02-17T21:29:43.957+0530][gc,metaspace] Narrow klass base: 0x000070999b000000, Narrow klass shift: 0, Narrow klass range: 0x100000000
[2026-02-17T21:29:47.738+0530][gc,start    ] GC(0) Pause Young (Normal) (G1 Evacuation Pause)
[2026-02-17T21:29:47.738+0530][gc,task     ] GC(0) Using 1 workers of 1 for evacuation
[2026-02-17T21:29:47.787+0530][gc,mmu      ] GC(0) MMU target violated: 21.0ms (20.0ms/21.0ms)
[2026-02-17T21:29:47.787+0530][gc,phases   ] GC(0)   Pre Evacuate Collection Set: 2.00ms
[2026-02-17T21:29:47.787+0530][gc,phases   ] GC(0)   Merge Heap Roots: 0.03ms
[2026-02-17T21:29:47.787+0530][gc,phases   ] GC(0)   Evacuate Collection Set: 44.94ms
[2026-02-17T21:29:47.787+0530][gc,phases   ] GC(0)   Post Evacuate Collection Set: 2.01ms
[2026-02-17T21:29:47.787+0530][gc,phases   ] GC(0)   Other: 0.13ms
[2026-02-17T21:29:47.787+0530][gc,heap     ] GC(0) Eden regions: 51->0(44)
[2026-02-17T21:29:47.787+0530][gc,heap     ] GC(0) Survivor regions: 0->7(7)
[2026-02-17T21:29:47.787+0530][gc,heap     ] GC(0) Old regions: 0->2
[2026-02-17T21:29:47.787+0530][gc,heap     ] GC(0) Archive regions: 2->2
[2026-02-17T21:29:47.787+0530][gc,heap     ] GC(0) Humongous regions: 0->0
[2026-02-17T21:29:47.787+0530][gc,metaspace] GC(0) Metaspace: 18352K(18560K)->18352K(18560K) NonClass: 16321K(16448K)->16321K(16448K) Class: 2030K(2112K)->2030K(2112K)
[2026-02-17T21:29:47.787+0530][gc          ] GC(0) Pause Young (Normal) (G1 Evacuation Pause) 51M->9M(1024M) 49.156ms
[2026-02-17T21:29:47.787+0530][gc,cpu      ] GC(0) User=0.01s Sys=0.00s Real=0.05s
[2026-02-17T21:29:48.784+0530][gc,start    ] GC(1) Pause Young (Concurrent Start) (Metadata GC Threshold)
[2026-02-17T21:29:48.784+0530][gc,task     ] GC(1) Using 1 workers of 1 for evacuation
[2026-02-17T21:29:48.878+0530][gc,mmu      ] GC(1) MMU target violated: 21.0ms (20.0ms/21.0ms)
[2026-02-17T21:29:48.878+0530][gc,phases   ] GC(1)   Pre Evacuate Collection Set: 0.22ms
[2026-02-17T21:29:48.878+0530][gc,phases   ] GC(1)   Merge Heap Roots: 1.12ms
[2026-02-17T21:29:48.878+0530][gc,phases   ] GC(1)   Evacuate Collection Set: 90.17ms
[2026-02-17T21:29:48.878+0530][gc,phases   ] GC(1)   Post Evacuate Collection Set: 2.80ms
[2026-02-17T21:29:48.878+0530][gc,phases   ] GC(1)   Other: 0.17ms
[2026-02-17T21:29:48.878+0530][gc,heap     ] GC(1) Eden regions: 12->0(50)
[2026-02-17T21:29:48.878+0530][gc,heap     ] GC(1) Survivor regions: 7->1(7)
[2026-02-17T21:29:48.878+0530][gc,heap     ] GC(1) Old regions: 2->9
[2026-02-17T21:29:48.878+0530][gc,heap     ] GC(1) Archive regions: 2->2
[2026-02-17T21:29:48.878+0530][gc,heap     ] GC(1) Humongous regions: 0->0
[2026-02-17T21:29:48.878+0530][gc,metaspace] GC(1) Metaspace: 21309K(21504K)->21309K(21504K) NonClass: 18914K(19008K)->18914K(19008K) Class: 2394K(2496K)->2394K(2496K)
[2026-02-17T21:29:48.878+0530][gc          ] GC(1) Pause Young (Concurrent Start) (Metadata GC Threshold) 20M->10M(1024M) 94.515ms
[2026-02-17T21:29:48.878+0530][gc,cpu      ] GC(1) User=0.01s Sys=0.00s Real=0.10s
[2026-02-17T21:29:48.882+0530][gc          ] GC(2) Concurrent Mark Cycle
[2026-02-17T21:29:48.882+0530][gc,marking  ] GC(2) Concurrent Clear Claimed Marks
[2026-02-17T21:29:48.882+0530][gc,marking  ] GC(2) Concurrent Clear Claimed Marks 0.011ms
[2026-02-17T21:29:48.882+0530][gc,marking  ] GC(2) Concurrent Scan Root Regions
[2026-02-17T21:29:48.904+0530][gc,marking  ] GC(2) Concurrent Scan Root Regions 21.240ms
[2026-02-17T21:29:48.904+0530][gc,marking  ] GC(2) Concurrent Mark
[2026-02-17T21:29:48.904+0530][gc,marking  ] GC(2) Concurrent Mark From Roots
[2026-02-17T21:29:48.904+0530][gc,task     ] GC(2) Using 1 workers of 1 for marking
[2026-02-17T21:29:48.928+0530][gc,marking  ] GC(2) Concurrent Mark From Roots 24.007ms
[2026-02-17T21:29:48.928+0530][gc,marking  ] GC(2) Concurrent Preclean
[2026-02-17T21:29:48.928+0530][gc,marking  ] GC(2) Concurrent Preclean 0.023ms
[2026-02-17T21:29:48.946+0530][gc,start    ] GC(2) Pause Remark
[2026-02-17T21:29:48.973+0530][gc,mmu      ] GC(2) MMU target violated: 21.0ms (20.0ms/21.0ms)
[2026-02-17T21:29:48.973+0530][gc          ] GC(2) Pause Remark 11M->11M(1024M) 26.699ms
[2026-02-17T21:29:48.973+0530][gc,cpu      ] GC(2) User=0.00s Sys=0.00s Real=0.03s
[2026-02-17T21:29:48.973+0530][gc,marking  ] GC(2) Concurrent Mark 69.703ms
[2026-02-17T21:29:48.973+0530][gc,marking  ] GC(2) Concurrent Rebuild Remembered Sets
[2026-02-17T21:29:48.998+0530][gc,marking  ] GC(2) Concurrent Rebuild Remembered Sets 24.721ms
[2026-02-17T21:29:49.000+0530][gc,start    ] GC(2) Pause Cleanup
[2026-02-17T21:29:49.000+0530][gc          ] GC(2) Pause Cleanup 11M->11M(1024M) 0.142ms
[2026-02-17T21:29:49.000+0530][gc,cpu      ] GC(2) User=0.00s Sys=0.00s Real=0.00s
[2026-02-17T21:29:49.000+0530][gc,marking  ] GC(2) Concurrent Cleanup for Next Mark
[2026-02-17T21:29:49.039+0530][gc,marking  ] GC(2) Concurrent Cleanup for Next Mark 38.459ms
[2026-02-17T21:29:49.039+0530][gc          ] GC(2) Concurrent Mark Cycle 156.283ms
[2026-02-17T21:29:52.853+0530][gc,start    ] GC(3) Pause Young (Normal) (G1 Evacuation Pause)
[2026-02-17T21:29:52.853+0530][gc,task     ] GC(3) Using 1 workers of 1 for evacuation
[2026-02-17T21:29:52.908+0530][gc,mmu      ] GC(3) MMU target violated: 21.0ms (20.0ms/21.0ms)
[2026-02-17T21:29:52.908+0530][gc,phases   ] GC(3)   Pre Evacuate Collection Set: 1.61ms
[2026-02-17T21:29:52.908+0530][gc,phases   ] GC(3)   Merge Heap Roots: 0.07ms
[2026-02-17T21:29:52.908+0530][gc,phases   ] GC(3)   Evacuate Collection Set: 48.57ms
[2026-02-17T21:29:52.908+0530][gc,phases   ] GC(3)   Post Evacuate Collection Set: 5.47ms
[2026-02-17T21:29:52.908+0530][gc,phases   ] GC(3)   Other: 0.12ms
[2026-02-17T21:29:52.908+0530][gc,heap     ] GC(3) Eden regions: 50->0(47)
[2026-02-17T21:29:52.908+0530][gc,heap     ] GC(3) Survivor regions: 1->4(7)
[2026-02-17T21:29:52.908+0530][gc,heap     ] GC(3) Old regions: 9->9
[2026-02-17T21:29:52.908+0530][gc,heap     ] GC(3) Archive regions: 2->2
[2026-02-17T21:29:52.908+0530][gc,heap     ] GC(3) Humongous regions: 0->0
[2026-02-17T21:29:52.908+0530][gc,metaspace] GC(3) Metaspace: 31063K(31296K)->31063K(31296K) NonClass: 27557K(27648K)->27557K(27648K) Class: 3505K(3648K)->3505K(3648K)
[2026-02-17T21:29:52.908+0530][gc          ] GC(3) Pause Young (Normal) (G1 Evacuation Pause) 60M->12M(1024M) 55.863ms
[2026-02-17T21:29:52.908+0530][gc,cpu      ] GC(3) User=0.00s Sys=0.00s Real=0.06s
[2026-02-17T21:30:00.149+0530][gc,start    ] GC(4) Pause Young (Concurrent Start) (Metadata GC Threshold)
[2026-02-17T21:30:00.149+0530][gc,task     ] GC(4) Using 1 workers of 1 for evacuation
[2026-02-17T21:30:00.321+0530][gc,mmu      ] GC(4) MMU target violated: 21.0ms (20.0ms/21.0ms)
[2026-02-17T21:30:00.321+0530][gc,phases   ] GC(4)   Pre Evacuate Collection Set: 2.84ms
[2026-02-17T21:30:00.321+0530][gc,phases   ] GC(4)   Merge Heap Roots: 1.73ms
[2026-02-17T21:30:00.322+0530][gc,phases   ] GC(4)   Evacuate Collection Set: 156.88ms
[2026-02-17T21:30:00.322+0530][gc,phases   ] GC(4)   Post Evacuate Collection Set: 11.20ms
[2026-02-17T21:30:00.322+0530][gc,phases   ] GC(4)   Other: 0.17ms
[2026-02-17T21:30:00.322+0530][gc,heap     ] GC(4) Eden regions: 33->0(44)
[2026-02-17T21:30:00.322+0530][gc,heap     ] GC(4) Survivor regions: 4->7(7)
[2026-02-17T21:30:00.322+0530][gc,heap     ] GC(4) Old regions: 9->9
[2026-02-17T21:30:00.322+0530][gc,heap     ] GC(4) Archive regions: 2->2
[2026-02-17T21:30:00.322+0530][gc,heap     ] GC(4) Humongous regions: 9->9
[2026-02-17T21:30:00.322+0530][gc,metaspace] GC(4) Metaspace: 35725K(35968K)->35725K(35968K) NonClass: 31807K(31936K)->31807K(31936K) Class: 3918K(4032K)->3918K(4032K)
[2026-02-17T21:30:00.322+0530][gc          ] GC(4) Pause Young (Concurrent Start) (Metadata GC Threshold) 53M->24M(1024M) 172.867ms
[2026-02-17T21:30:00.322+0530][gc,cpu      ] GC(4) User=0.01s Sys=0.00s Real=0.17s
[2026-02-17T21:30:00.326+0530][gc          ] GC(5) Concurrent Mark Cycle
[2026-02-17T21:30:00.326+0530][gc,marking  ] GC(5) Concurrent Clear Claimed Marks
[2026-02-17T21:30:00.326+0530][gc,marking  ] GC(5) Concurrent Clear Claimed Marks 0.038ms
[2026-02-17T21:30:00.326+0530][gc,marking  ] GC(5) Concurrent Scan Root Regions
[2026-02-17T21:30:00.372+0530][gc,marking  ] GC(5) Concurrent Scan Root Regions 45.548ms
[2026-02-17T21:30:00.372+0530][gc,marking  ] GC(5) Concurrent Mark
[2026-02-17T21:30:00.372+0530][gc,marking  ] GC(5) Concurrent Mark From Roots
[2026-02-17T21:30:00.372+0530][gc,task     ] GC(5) Using 1 workers of 1 for marking
[2026-02-17T21:30:00.520+0530][gc,marking  ] GC(5) Concurrent Mark From Roots 148.368ms
[2026-02-17T21:30:00.520+0530][gc,marking  ] GC(5) Concurrent Preclean
[2026-02-17T21:30:00.520+0530][gc,marking  ] GC(5) Concurrent Preclean 0.073ms
[2026-02-17T21:30:00.535+0530][gc,start    ] GC(5) Pause Remark
[2026-02-17T21:30:00.587+0530][gc,mmu      ] GC(5) MMU target violated: 21.0ms (20.0ms/21.0ms)
[2026-02-17T21:30:00.587+0530][gc          ] GC(5) Pause Remark 29M->29M(1024M) 51.854ms
[2026-02-17T21:30:00.587+0530][gc,cpu      ] GC(5) User=0.00s Sys=0.00s Real=0.06s
[2026-02-17T21:30:00.588+0530][gc,marking  ] GC(5) Concurrent Mark 215.909ms
[2026-02-17T21:30:00.588+0530][gc,marking  ] GC(5) Concurrent Rebuild Remembered Sets
[2026-02-17T21:30:00.647+0530][gc,marking  ] GC(5) Concurrent Rebuild Remembered Sets 59.280ms
[2026-02-17T21:30:00.675+0530][gc,start    ] GC(5) Pause Cleanup
[2026-02-17T21:30:00.681+0530][gc          ] GC(5) Pause Cleanup 30M->30M(1024M) 6.062ms
[2026-02-17T21:30:00.681+0530][gc,cpu      ] GC(5) User=0.00s Sys=0.00s Real=0.01s
[2026-02-17T21:30:00.681+0530][gc,marking  ] GC(5) Concurrent Cleanup for Next Mark
[2026-02-17T21:30:00.771+0530][gc,marking  ] GC(5) Concurrent Cleanup for Next Mark 89.467ms
[2026-02-17T21:30:00.771+0530][gc          ] GC(5) Concurrent Mark Cycle 444.723ms
[2026-02-17T21:30:10.904+0530][gc,start    ] GC(6) Pause Young (Prepare Mixed) (G1 Evacuation Pause)
[2026-02-17T21:30:10.904+0530][gc,task     ] GC(6) Using 1 workers of 1 for evacuation
[2026-02-17T21:30:11.096+0530][gc,mmu      ] GC(6) MMU target violated: 21.0ms (20.0ms/21.0ms)
[2026-02-17T21:30:11.096+0530][gc,phases   ] GC(6)   Pre Evacuate Collection Set: 0.10ms
[2026-02-17T21:30:11.096+0530][gc,phases   ] GC(6)   Merge Heap Roots: 0.04ms
[2026-02-17T21:30:11.096+0530][gc,phases   ] GC(6)   Evacuate Collection Set: 175.58ms
[2026-02-17T21:30:11.096+0530][gc,phases   ] GC(6)   Post Evacuate Collection Set: 16.65ms
[2026-02-17T21:30:11.096+0530][gc,phases   ] GC(6)   Other: 0.11ms
[2026-02-17T21:30:11.096+0530][gc,heap     ] GC(6) Eden regions: 44->0(45)
[2026-02-17T21:30:11.096+0530][gc,heap     ] GC(6) Survivor regions: 7->6(7)
[2026-02-17T21:30:11.096+0530][gc,heap     ] GC(6) Old regions: 9->12
[2026-02-17T21:30:11.096+0530][gc,heap     ] GC(6) Archive regions: 2->2
[2026-02-17T21:30:11.096+0530][gc,heap     ] GC(6) Humongous regions: 138->138
[2026-02-17T21:30:11.096+0530][gc,metaspace] GC(6) Metaspace: 39495K(39872K)->39495K(39872K) NonClass: 35029K(35264K)->35029K(35264K) Class: 4465K(4608K)->4465K(4608K)
[2026-02-17T21:30:11.096+0530][gc          ] GC(6) Pause Young (Prepare Mixed) (G1 Evacuation Pause) 197M->156M(1024M) 192.520ms
[2026-02-17T21:30:11.096+0530][gc,cpu      ] GC(6) User=0.01s Sys=0.00s Real=0.19s
[2026-02-17T21:32:53.726+0530][gc,start    ] GC(7) Pause Young (Mixed) (G1 Evacuation Pause)
[2026-02-17T21:32:53.726+0530][gc,task     ] GC(7) Using 1 workers of 1 for evacuation
[2026-02-17T21:32:53.742+0530][gc,phases   ] GC(7)   Pre Evacuate Collection Set: 0.25ms
[2026-02-17T21:32:53.742+0530][gc,phases   ] GC(7)   Merge Heap Roots: 0.04ms
[2026-02-17T21:32:53.742+0530][gc,phases   ] GC(7)   Evacuate Collection Set: 14.68ms
[2026-02-17T21:32:53.742+0530][gc,phases   ] GC(7)   Post Evacuate Collection Set: 0.39ms
[2026-02-17T21:32:53.742+0530][gc,phases   ] GC(7)   Other: 0.09ms
[2026-02-17T21:32:53.742+0530][gc,heap     ] GC(7) Eden regions: 45->0(46)
[2026-02-17T21:32:53.742+0530][gc,heap     ] GC(7) Survivor regions: 6->5(7)
[2026-02-17T21:32:53.742+0530][gc,heap     ] GC(7) Old regions: 12->15
[2026-02-17T21:32:53.742+0530][gc,heap     ] GC(7) Archive regions: 2->2
[2026-02-17T21:32:53.742+0530][gc,heap     ] GC(7) Humongous regions: 138->138
[2026-02-17T21:32:53.742+0530][gc,metaspace] GC(7) Metaspace: 41474K(41920K)->41474K(41920K) NonClass: 36872K(37120K)->36872K(37120K) Class: 4601K(4800K)->4601K(4800K)
[2026-02-17T21:32:53.742+0530][gc          ] GC(7) Pause Young (Mixed) (G1 Evacuation Pause) 201M->157M(1024M) 15.673ms
[2026-02-17T21:32:53.742+0530][gc,cpu      ] GC(7) User=0.01s Sys=0.00s Real=0.02s
[2026-02-17T21:35:33.722+0530][gc,start    ] GC(8) Pause Young (Normal) (G1 Evacuation Pause)
[2026-02-17T21:35:33.722+0530][gc,task     ] GC(8) Using 1 workers of 1 for evacuation
[2026-02-17T21:35:33.734+0530][gc,phases   ] GC(8)   Pre Evacuate Collection Set: 0.37ms
[2026-02-17T21:35:33.735+0530][gc,phases   ] GC(8)   Merge Heap Roots: 0.12ms
[2026-02-17T21:35:33.735+0530][gc,phases   ] GC(8)   Evacuate Collection Set: 11.85ms
[2026-02-17T21:35:33.735+0530][gc,phases   ] GC(8)   Post Evacuate Collection Set: 0.36ms
[2026-02-17T21:35:33.735+0530][gc,phases   ] GC(8)   Other: 0.08ms
[2026-02-17T21:35:33.735+0530][gc,heap     ] GC(8) Eden regions: 46->0(47)
[2026-02-17T21:35:33.735+0530][gc,heap     ] GC(8) Survivor regions: 5->4(7)
[2026-02-17T21:35:33.735+0530][gc,heap     ] GC(8) Old regions: 15->17
[2026-02-17T21:35:33.735+0530][gc,heap     ] GC(8) Archive regions: 2->2
[2026-02-17T21:35:33.735+0530][gc,heap     ] GC(8) Humongous regions: 138->138
[2026-02-17T21:35:33.735+0530][gc,metaspace] GC(8) Metaspace: 42513K(43008K)->42513K(43008K) NonClass: 37793K(38080K)->37793K(38080K) Class: 4720K(4928K)->4720K(4928K)
[2026-02-17T21:35:33.735+0530][gc          ] GC(8) Pause Young (Normal) (G1 Evacuation Pause) 203M->159M(1024M) 12.845ms
[2026-02-17T21:35:33.735+0530][gc,cpu      ] GC(8) User=0.01s Sys=0.00s Real=0.01s
[2026-02-17T21:37:06.525+0530][gc,start    ] GC(9) Pause Young (Normal) (G1 Evacuation Pause)
[2026-02-17T21:37:06.526+0530][gc,task     ] GC(9) Using 1 workers of 1 for evacuation
[2026-02-17T21:37:06.538+0530][gc,phases   ] GC(9)   Pre Evacuate Collection Set: 0.08ms
[2026-02-17T21:37:06.538+0530][gc,phases   ] GC(9)   Merge Heap Roots: 0.20ms
[2026-02-17T21:37:06.538+0530][gc,phases   ] GC(9)   Evacuate Collection Set: 11.84ms
[2026-02-17T21:37:06.538+0530][gc,phases   ] GC(9)   Post Evacuate Collection Set: 0.29ms
[2026-02-17T21:37:06.538+0530][gc,phases   ] GC(9)   Other: 0.09ms
[2026-02-17T21:37:06.538+0530][gc,heap     ] GC(9) Eden regions: 47->0(44)
[2026-02-17T21:37:06.538+0530][gc,heap     ] GC(9) Survivor regions: 4->7(7)
[2026-02-17T21:37:06.538+0530][gc,heap     ] GC(9) Old regions: 17->17
[2026-02-17T21:37:06.538+0530][gc,heap     ] GC(9) Archive regions: 2->2
[2026-02-17T21:37:06.538+0530][gc,heap     ] GC(9) Humongous regions: 138->138
[2026-02-17T21:37:06.538+0530][gc,metaspace] GC(9) Metaspace: 42824K(43264K)->42824K(43264K) NonClass: 38104K(38336K)->38104K(38336K) Class: 4720K(4928K)->4720K(4928K)
[2026-02-17T21:37:06.538+0530][gc          ] GC(9) Pause Young (Normal) (G1 Evacuation Pause) 206M->162M(1024M) 12.615ms
[2026-02-17T21:37:06.538+0530][gc,cpu      ] GC(9) User=0.01s Sys=0.00s Real=0.02s
[2026-02-17T21:38:35.823+0530][gc,start    ] GC(10) Pause Young (Normal) (G1 Evacuation Pause)
[2026-02-17T21:38:35.823+0530][gc,task     ] GC(10) Using 1 workers of 1 for evacuation
[2026-02-17T21:38:35.839+0530][gc,phases   ] GC(10)   Pre Evacuate Collection Set: 0.08ms
[2026-02-17T21:38:35.839+0530][gc,phases   ] GC(10)   Merge Heap Roots: 0.04ms
[2026-02-17T21:38:35.839+0530][gc,phases   ] GC(10)   Evacuate Collection Set: 14.81ms
[2026-02-17T21:38:35.839+0530][gc,phases   ] GC(10)   Post Evacuate Collection Set: 0.34ms
[2026-02-17T21:38:35.839+0530][gc,phases   ] GC(10)   Other: 0.38ms
[2026-02-17T21:38:35.839+0530][gc,heap     ] GC(10) Eden regions: 44->0(47)
[2026-02-17T21:38:35.839+0530][gc,heap     ] GC(10) Survivor regions: 7->4(7)
[2026-02-17T21:38:35.839+0530][gc,heap     ] GC(10) Old regions: 17->20
[2026-02-17T21:38:35.839+0530][gc,heap     ] GC(10) Archive regions: 2->2
[2026-02-17T21:38:35.839+0530][gc,heap     ] GC(10) Humongous regions: 138->138
[2026-02-17T21:38:35.839+0530][gc,metaspace] GC(10) Metaspace: 42911K(43328K)->42911K(43328K) NonClass: 38185K(38400K)->38185K(38400K) Class: 4725K(4928K)->4725K(4928K)
[2026-02-17T21:38:35.839+0530][gc          ] GC(10) Pause Young (Normal) (G1 Evacuation Pause) 206M->162M(1024M) 16.227ms
[2026-02-17T21:38:35.839+0530][gc,cpu      ] GC(10) User=0.02s Sys=0.00s Real=0.02s
[2026-02-17T21:40:15.067+0530][gc,start    ] GC(11) Pause Young (Normal) (G1 Evacuation Pause)
[2026-02-17T21:40:15.067+0530][gc,task     ] GC(11) Using 1 workers of 1 for evacuation
[2026-02-17T21:40:15.080+0530][gc,phases   ] GC(11)   Pre Evacuate Collection Set: 0.23ms
[2026-02-17T21:40:15.081+0530][gc,phases   ] GC(11)   Merge Heap Roots: 0.17ms
[2026-02-17T21:40:15.081+0530][gc,phases   ] GC(11)   Evacuate Collection Set: 12.66ms
[2026-02-17T21:40:15.081+0530][gc,phases   ] GC(11)   Post Evacuate Collection Set: 0.31ms
[2026-02-17T21:40:15.081+0530][gc,phases   ] GC(11)   Other: 0.09ms
[2026-02-17T21:40:15.081+0530][gc,heap     ] GC(11) Eden regions: 47->0(45)
[2026-02-17T21:40:15.081+0530][gc,heap     ] GC(11) Survivor regions: 4->6(7)
[2026-02-17T21:40:15.081+0530][gc,heap     ] GC(11) Old regions: 20->22
[2026-02-17T21:40:15.081+0530][gc,heap     ] GC(11) Archive regions: 2->2
[2026-02-17T21:40:15.081+0530][gc,heap     ] GC(11) Humongous regions: 138->138
[2026-02-17T21:40:15.081+0530][gc,metaspace] GC(11) Metaspace: 42945K(43456K)->42945K(43456K) NonClass: 38214K(38528K)->38214K(38528K) Class: 4730K(4928K)->4730K(4928K)
[2026-02-17T21:40:15.081+0530][gc          ] GC(11) Pause Young (Normal) (G1 Evacuation Pause) 209M->166M(1024M) 13.532ms
[2026-02-17T21:40:15.081+0530][gc,cpu      ] GC(11) User=0.01s Sys=0.00s Real=0.01s
[2026-02-17T21:41:50.769+0530][gc,start    ] GC(12) Pause Young (Normal) (G1 Evacuation Pause)
[2026-02-17T21:41:50.769+0530][gc,task     ] GC(12) Using 1 workers of 1 for evacuation
[2026-02-17T21:41:50.783+0530][gc,phases   ] GC(12)   Pre Evacuate Collection Set: 0.37ms
[2026-02-17T21:41:50.783+0530][gc,phases   ] GC(12)   Merge Heap Roots: 0.06ms
[2026-02-17T21:41:50.783+0530][gc,phases   ] GC(12)   Evacuate Collection Set: 13.23ms
[2026-02-17T21:41:50.783+0530][gc,phases   ] GC(12)   Post Evacuate Collection Set: 0.25ms
[2026-02-17T21:41:50.783+0530][gc,phases   ] GC(12)   Other: 0.09ms
[2026-02-17T21:41:50.783+0530][gc,heap     ] GC(12) Eden regions: 45->0(48)
[2026-02-17T21:41:50.783+0530][gc,heap     ] GC(12) Survivor regions: 6->3(7)
[2026-02-17T21:41:50.783+0530][gc,heap     ] GC(12) Old regions: 22->25
[2026-02-17T21:41:50.783+0530][gc,heap     ] GC(12) Archive regions: 2->2
[2026-02-17T21:41:50.783+0530][gc,heap     ] GC(12) Humongous regions: 138->138
[2026-02-17T21:41:50.783+0530][gc,metaspace] GC(12) Metaspace: 42961K(43456K)->42961K(43456K) NonClass: 38230K(38528K)->38230K(38528K) Class: 4730K(4928K)->4730K(4928K)
[2026-02-17T21:41:50.783+0530][gc          ] GC(12) Pause Young (Normal) (G1 Evacuation Pause) 211M->166M(1024M) 14.064ms
[2026-02-17T21:41:50.783+0530][gc,cpu      ] GC(12) User=0.01s Sys=0.00s Real=0.01s
[2026-02-17T21:43:34.655+0530][gc,start    ] GC(13) Pause Young (Normal) (G1 Evacuation Pause)
[2026-02-17T21:43:34.655+0530][gc,task     ] GC(13) Using 1 workers of 1 for evacuation
[2026-02-17T21:43:34.663+0530][gc,phases   ] GC(13)   Pre Evacuate Collection Set: 0.15ms
[2026-02-17T21:43:34.663+0530][gc,phases   ] GC(13)   Merge Heap Roots: 0.06ms
[2026-02-17T21:43:34.663+0530][gc,phases   ] GC(13)   Evacuate Collection Set: 6.97ms
[2026-02-17T21:43:34.663+0530][gc,phases   ] GC(13)   Post Evacuate Collection Set: 0.58ms
[2026-02-17T21:43:34.663+0530][gc,phases   ] GC(13)   Other: 0.21ms
[2026-02-17T21:43:34.663+0530][gc,heap     ] GC(13) Eden regions: 48->0(47)
[2026-02-17T21:43:34.663+0530][gc,heap     ] GC(13) Survivor regions: 3->4(7)
[2026-02-17T21:43:34.663+0530][gc,heap     ] GC(13) Old regions: 25->25
[2026-02-17T21:43:34.663+0530][gc,heap     ] GC(13) Archive regions: 2->2
[2026-02-17T21:43:34.663+0530][gc,heap     ] GC(13) Humongous regions: 138->138
[2026-02-17T21:43:34.663+0530][gc,metaspace] GC(13) Metaspace: 43004K(43456K)->43004K(43456K) NonClass: 38273K(38528K)->38273K(38528K) Class: 4730K(4928K)->4730K(4928K)
[2026-02-17T21:43:34.663+0530][gc          ] GC(13) Pause Young (Normal) (G1 Evacuation Pause) 214M->167M(1024M) 8.026ms
[2026-02-17T21:43:34.663+0530][gc,cpu      ] GC(13) User=0.01s Sys=0.00s Real=0.01s
[2026-02-17T21:45:16.726+0530][gc,start    ] GC(14) Pause Young (Normal) (G1 Evacuation Pause)
[2026-02-17T21:45:16.726+0530][gc,task     ] GC(14) Using 1 workers of 1 for evacuation
[2026-02-17T21:45:16.738+0530][gc,phases   ] GC(14)   Pre Evacuate Collection Set: 0.15ms
[2026-02-17T21:45:16.738+0530][gc,phases   ] GC(14)   Merge Heap Roots: 0.16ms
[2026-02-17T21:45:16.738+0530][gc,phases   ] GC(14)   Evacuate Collection Set: 11.95ms
[2026-02-17T21:45:16.738+0530][gc,phases   ] GC(14)   Post Evacuate Collection Set: 0.32ms
[2026-02-17T21:45:16.738+0530][gc,phases   ] GC(14)   Other: 0.09ms
[2026-02-17T21:45:16.738+0530][gc,heap     ] GC(14) Eden regions: 47->0(44)
[2026-02-17T21:45:16.738+0530][gc,heap     ] GC(14) Survivor regions: 4->7(7)
[2026-02-17T21:45:16.738+0530][gc,heap     ] GC(14) Old regions: 25->25
[2026-02-17T21:45:16.738+0530][gc,heap     ] GC(14) Archive regions: 2->2
[2026-02-17T21:45:16.738+0530][gc,heap     ] GC(14) Humongous regions: 138->138
[2026-02-17T21:45:16.738+0530][gc,metaspace] GC(14) Metaspace: 43022K(43456K)->43022K(43456K) NonClass: 38291K(38528K)->38291K(38528K) Class: 4730K(4928K)->4730K(4928K)
[2026-02-17T21:45:16.738+0530][gc          ] GC(14) Pause Young (Normal) (G1 Evacuation Pause) 214M->170M(1024M) 12.727ms
[2026-02-17T21:45:16.738+0530][gc,cpu      ] GC(14) User=0.02s Sys=0.00s Real=0.02s
[2026-02-17T21:46:51.662+0530][gc,start    ] GC(15) Pause Young (Normal) (G1 Evacuation Pause)
[2026-02-17T21:46:51.662+0530][gc,task     ] GC(15) Using 1 workers of 1 for evacuation
[2026-02-17T21:46:51.677+0530][gc,phases   ] GC(15)   Pre Evacuate Collection Set: 0.11ms
[2026-02-17T21:46:51.677+0530][gc,phases   ] GC(15)   Merge Heap Roots: 0.13ms
[2026-02-17T21:46:51.677+0530][gc,phases   ] GC(15)   Evacuate Collection Set: 13.66ms
[2026-02-17T21:46:51.677+0530][gc,phases   ] GC(15)   Post Evacuate Collection Set: 0.63ms
[2026-02-17T21:46:51.677+0530][gc,phases   ] GC(15)   Other: 0.31ms
[2026-02-17T21:46:51.677+0530][gc,heap     ] GC(15) Eden regions: 44->0(48)
[2026-02-17T21:46:51.677+0530][gc,heap     ] GC(15) Survivor regions: 7->3(7)
[2026-02-17T21:46:51.677+0530][gc,heap     ] GC(15) Old regions: 25->30
[2026-02-17T21:46:51.677+0530][gc,heap     ] GC(15) Archive regions: 2->2
[2026-02-17T21:46:51.677+0530][gc,heap     ] GC(15) Humongous regions: 138->138
[2026-02-17T21:46:51.677+0530][gc,metaspace] GC(15) Metaspace: 43025K(43456K)->43025K(43456K) NonClass: 38294K(38528K)->38294K(38528K) Class: 4731K(4928K)->4731K(4928K)
[2026-02-17T21:46:51.677+0530][gc          ] GC(15) Pause Young (Normal) (G1 Evacuation Pause) 214M->171M(1024M) 15.107ms
[2026-02-17T21:46:51.677+0530][gc,cpu      ] GC(15) User=0.01s Sys=0.01s Real=0.02s
[2026-02-17T21:48:35.966+0530][gc,start    ] GC(16) Pause Young (Normal) (G1 Evacuation Pause)
[2026-02-17T21:48:35.966+0530][gc,task     ] GC(16) Using 1 workers of 1 for evacuation
[2026-02-17T21:48:36.019+0530][gc,mmu      ] GC(16) MMU target violated: 21.0ms (20.0ms/21.0ms)
[2026-02-17T21:48:36.019+0530][gc,phases   ] GC(16)   Pre Evacuate Collection Set: 1.01ms
[2026-02-17T21:48:36.019+0530][gc,phases   ] GC(16)   Merge Heap Roots: 0.08ms
[2026-02-17T21:48:36.019+0530][gc,phases   ] GC(16)   Evacuate Collection Set: 49.72ms
[2026-02-17T21:48:36.019+0530][gc,phases   ] GC(16)   Post Evacuate Collection Set: 2.12ms
[2026-02-17T21:48:36.019+0530][gc,phases   ] GC(16)   Other: 0.18ms
[2026-02-17T21:48:36.019+0530][gc,heap     ] GC(16) Eden regions: 48->0(45)
[2026-02-17T21:48:36.019+0530][gc,heap     ] GC(16) Survivor regions: 3->6(7)
[2026-02-17T21:48:36.019+0530][gc,heap     ] GC(16) Old regions: 30->30
[2026-02-17T21:48:36.019+0530][gc,heap     ] GC(16) Archive regions: 2->2
[2026-02-17T21:48:36.019+0530][gc,heap     ] GC(16) Humongous regions: 138->138
[2026-02-17T21:48:36.019+0530][gc,metaspace] GC(16) Metaspace: 43050K(43520K)->43050K(43520K) NonClass: 38319K(38592K)->38319K(38592K) Class: 4731K(4928K)->4731K(4928K)
[2026-02-17T21:48:36.019+0530][gc          ] GC(16) Pause Young (Normal) (G1 Evacuation Pause) 219M->174M(1024M) 53.147ms
[2026-02-17T21:48:36.019+0530][gc,cpu      ] GC(16) User=0.01s Sys=0.00s Real=0.05s
[2026-02-17T21:50:13.891+0530][gc,start    ] GC(17) Pause Young (Normal) (G1 Evacuation Pause)
[2026-02-17T21:50:13.891+0530][gc,task     ] GC(17) Using 1 workers of 1 for evacuation
[2026-02-17T21:50:13.930+0530][gc,mmu      ] GC(17) MMU target violated: 21.0ms (20.0ms/21.0ms)
[2026-02-17T21:50:13.930+0530][gc,phases   ] GC(17)   Pre Evacuate Collection Set: 0.07ms
[2026-02-17T21:50:13.930+0530][gc,phases   ] GC(17)   Merge Heap Roots: 0.27ms
[2026-02-17T21:50:13.930+0530][gc,phases   ] GC(17)   Evacuate Collection Set: 37.48ms
[2026-02-17T21:50:13.930+0530][gc,phases   ] GC(17)   Post Evacuate Collection Set: 0.33ms
[2026-02-17T21:50:13.930+0530][gc,phases   ] GC(17)   Other: 0.14ms
[2026-02-17T21:50:13.930+0530][gc,heap     ] GC(17) Eden regions: 45->0(48)
[2026-02-17T21:50:13.930+0530][gc,heap     ] GC(17) Survivor regions: 6->3(7)
[2026-02-17T21:50:13.930+0530][gc,heap     ] GC(17) Old regions: 30->33
[2026-02-17T21:50:13.930+0530][gc,heap     ] GC(17) Archive regions: 2->2
[2026-02-17T21:50:13.930+0530][gc,heap     ] GC(17) Humongous regions: 138->138
[2026-02-17T21:50:13.930+0530][gc,metaspace] GC(17) Metaspace: 43051K(43520K)->43051K(43520K) NonClass: 38319K(38592K)->38319K(38592K) Class: 4731K(4928K)->4731K(4928K)
[2026-02-17T21:50:13.930+0530][gc          ] GC(17) Pause Young (Normal) (G1 Evacuation Pause) 219M->174M(1024M) 38.329ms
[2026-02-17T21:50:13.930+0530][gc,cpu      ] GC(17) User=0.01s Sys=0.00s Real=0.04s
[2026-02-17T21:51:58.171+0530][gc,start    ] GC(18) Pause Young (Normal) (G1 Evacuation Pause)
[2026-02-17T21:51:58.171+0530][gc,task     ] GC(18) Using 1 workers of 1 for evacuation
[2026-02-17T21:51:58.197+0530][gc,mmu      ] GC(18) MMU target violated: 21.0ms (20.0ms/21.0ms)
[2026-02-17T21:51:58.198+0530][gc,phases   ] GC(18)   Pre Evacuate Collection Set: 0.95ms
[2026-02-17T21:51:58.198+0530][gc,phases   ] GC(18)   Merge Heap Roots: 2.10ms
[2026-02-17T21:51:58.198+0530][gc,phases   ] GC(18)   Evacuate Collection Set: 22.30ms
[2026-02-17T21:51:58.198+0530][gc,phases   ] GC(18)   Post Evacuate Collection Set: 0.90ms
[2026-02-17T21:51:58.198+0530][gc,phases   ] GC(18)   Other: 0.61ms
[2026-02-17T21:51:58.198+0530][gc,heap     ] GC(18) Eden regions: 48->0(47)
[2026-02-17T21:51:58.198+0530][gc,heap     ] GC(18) Survivor regions: 3->4(7)
[2026-02-17T21:51:58.198+0530][gc,heap     ] GC(18) Old regions: 33->33
[2026-02-17T21:51:58.198+0530][gc,heap     ] GC(18) Archive regions: 2->2
[2026-02-17T21:51:58.198+0530][gc,heap     ] GC(18) Humongous regions: 138->138
[2026-02-17T21:51:58.198+0530][gc,metaspace] GC(18) Metaspace: 43063K(43520K)->43063K(43520K) NonClass: 38331K(38592K)->38331K(38592K) Class: 4731K(4928K)->4731K(4928K)
[2026-02-17T21:51:58.198+0530][gc          ] GC(18) Pause Young (Normal) (G1 Evacuation Pause) 222M->175M(1024M) 26.904ms
[2026-02-17T21:51:58.198+0530][gc,cpu      ] GC(18) User=0.00s Sys=0.01s Real=0.03s
[2026-02-17T21:53:41.023+0530][gc,start    ] GC(19) Pause Young (Normal) (G1 Evacuation Pause)
[2026-02-17T21:53:41.023+0530][gc,task     ] GC(19) Using 1 workers of 1 for evacuation
[2026-02-17T21:53:41.045+0530][gc,mmu      ] GC(19) MMU target violated: 21.0ms (20.0ms/21.0ms)
[2026-02-17T21:53:41.045+0530][gc,phases   ] GC(19)   Pre Evacuate Collection Set: 0.24ms
[2026-02-17T21:53:41.045+0530][gc,phases   ] GC(19)   Merge Heap Roots: 0.06ms
[2026-02-17T21:53:41.045+0530][gc,phases   ] GC(19)   Evacuate Collection Set: 17.69ms
[2026-02-17T21:53:41.045+0530][gc,phases   ] GC(19)   Post Evacuate Collection Set: 3.46ms
[2026-02-17T21:53:41.045+0530][gc,phases   ] GC(19)   Other: 0.41ms
[2026-02-17T21:53:41.045+0530][gc,heap     ] GC(19) Eden regions: 47->0(45)
[2026-02-17T21:53:41.045+0530][gc,heap     ] GC(19) Survivor regions: 4->6(7)
[2026-02-17T21:53:41.045+0530][gc,heap     ] GC(19) Old regions: 33->35
[2026-02-17T21:53:41.045+0530][gc,heap     ] GC(19) Archive regions: 2->2
[2026-02-17T21:53:41.045+0530][gc,heap     ] GC(19) Humongous regions: 138->138
[2026-02-17T21:53:41.045+0530][gc,metaspace] GC(19) Metaspace: 43084K(43584K)->43084K(43584K) NonClass: 38352K(38656K)->38352K(38656K) Class: 4731K(4928K)->4731K(4928K)
[2026-02-17T21:53:41.045+0530][gc          ] GC(19) Pause Young (Normal) (G1 Evacuation Pause) 222M->179M(1024M) 21.885ms
[2026-02-17T21:53:41.045+0530][gc,cpu      ] GC(19) User=0.01s Sys=0.00s Real=0.02s
[2026-02-17T21:55:19.029+0530][gc,start    ] GC(20) Pause Young (Normal) (G1 Evacuation Pause)
[2026-02-17T21:55:19.029+0530][gc,task     ] GC(20) Using 1 workers of 1 for evacuation
[2026-02-17T21:55:19.075+0530][gc,mmu      ] GC(20) MMU target violated: 21.0ms (20.0ms/21.0ms)
[2026-02-17T21:55:19.075+0530][gc,phases   ] GC(20)   Pre Evacuate Collection Set: 0.08ms
[2026-02-17T21:55:19.075+0530][gc,phases   ] GC(20)   Merge Heap Roots: 0.21ms
[2026-02-17T21:55:19.075+0530][gc,phases   ] GC(20)   Evacuate Collection Set: 44.98ms
[2026-02-17T21:55:19.075+0530][gc,phases   ] GC(20)   Post Evacuate Collection Set: 0.33ms
[2026-02-17T21:55:19.075+0530][gc,phases   ] GC(20)   Other: 0.12ms
[2026-02-17T21:55:19.075+0530][gc,heap     ] GC(20) Eden regions: 45->0(48)
[2026-02-17T21:55:19.075+0530][gc,heap     ] GC(20) Survivor regions: 6->3(7)
[2026-02-17T21:55:19.075+0530][gc,heap     ] GC(20) Old regions: 35->39
[2026-02-17T21:55:19.075+0530][gc,heap     ] GC(20) Archive regions: 2->2
[2026-02-17T21:55:19.075+0530][gc,heap     ] GC(20) Humongous regions: 138->138
[2026-02-17T21:55:19.075+0530][gc,metaspace] GC(20) Metaspace: 43086K(43584K)->43086K(43584K) NonClass: 38355K(38656K)->38355K(38656K) Class: 4731K(4928K)->4731K(4928K)
[2026-02-17T21:55:19.075+0530][gc          ] GC(20) Pause Young (Normal) (G1 Evacuation Pause) 224M->179M(1024M) 45.753ms
[2026-02-17T21:55:19.075+0530][gc,cpu      ] GC(20) User=0.01s Sys=0.01s Real=0.04s
[2026-02-17T21:57:04.754+0530][gc,start    ] GC(21) Pause Young (Normal) (G1 Evacuation Pause)
[2026-02-17T21:57:04.754+0530][gc,task     ] GC(21) Using 1 workers of 1 for evacuation
[2026-02-17T21:57:04.771+0530][gc,phases   ] GC(21)   Pre Evacuate Collection Set: 0.32ms
[2026-02-17T21:57:04.771+0530][gc,phases   ] GC(21)   Merge Heap Roots: 1.52ms
[2026-02-17T21:57:04.771+0530][gc,phases   ] GC(21)   Evacuate Collection Set: 14.17ms
[2026-02-17T21:57:04.771+0530][gc,phases   ] GC(21)   Post Evacuate Collection Set: 0.25ms
[2026-02-17T21:57:04.771+0530][gc,phases   ] GC(21)   Other: 0.09ms
[2026-02-17T21:57:04.771+0530][gc,heap     ] GC(21) Eden regions: 48->0(44)
[2026-02-17T21:57:04.771+0530][gc,heap     ] GC(21) Survivor regions: 3->7(7)
[2026-02-17T21:57:04.771+0530][gc,heap     ] GC(21) Old regions: 39->39
[2026-02-17T21:57:04.771+0530][gc,heap     ] GC(21) Archive regions: 2->2
[2026-02-17T21:57:04.771+0530][gc,heap     ] GC(21) Humongous regions: 138->138
[2026-02-17T21:57:04.771+0530][gc,metaspace] GC(21) Metaspace: 43093K(43584K)->43093K(43584K) NonClass: 38361K(38656K)->38361K(38656K) Class: 4731K(4928K)->4731K(4928K)
[2026-02-17T21:57:04.771+0530][gc          ] GC(21) Pause Young (Normal) (G1 Evacuation Pause) 227M->183M(1024M) 16.421ms
[2026-02-17T21:57:04.771+0530][gc,cpu      ] GC(21) User=0.01s Sys=0.00s Real=0.02s
[2026-02-17T21:58:40.509+0530][gc,start    ] GC(22) Pause Young (Normal) (G1 Evacuation Pause)
[2026-02-17T21:58:40.509+0530][gc,task     ] GC(22) Using 1 workers of 1 for evacuation
[2026-02-17T21:58:40.524+0530][gc,phases   ] GC(22)   Pre Evacuate Collection Set: 0.14ms
[2026-02-17T21:58:40.524+0530][gc,phases   ] GC(22)   Merge Heap Roots: 0.06ms
[2026-02-17T21:58:40.524+0530][gc,phases   ] GC(22)   Evacuate Collection Set: 12.94ms
[2026-02-17T21:58:40.524+0530][gc,phases   ] GC(22)   Post Evacuate Collection Set: 1.03ms
[2026-02-17T21:58:40.524+0530][gc,phases   ] GC(22)   Other: 0.28ms
[2026-02-17T21:58:40.524+0530][gc,heap     ] GC(22) Eden regions: 44->0(48)
[2026-02-17T21:58:40.524+0530][gc,heap     ] GC(22) Survivor regions: 7->3(7)
[2026-02-17T21:58:40.524+0530][gc,heap     ] GC(22) Old regions: 39->42
[2026-02-17T21:58:40.524+0530][gc,heap     ] GC(22) Archive regions: 2->2
[2026-02-17T21:58:40.524+0530][gc,heap     ] GC(22) Humongous regions: 138->138
[2026-02-17T21:58:40.524+0530][gc,metaspace] GC(22) Metaspace: 43094K(43584K)->43094K(43584K) NonClass: 38363K(38656K)->38363K(38656K) Class: 4731K(4928K)->4731K(4928K)
[2026-02-17T21:58:40.524+0530][gc          ] GC(22) Pause Young (Normal) (G1 Evacuation Pause) 227M->183M(1024M) 14.510ms
[2026-02-17T21:58:40.524+0530][gc,cpu      ] GC(22) User=0.01s Sys=0.01s Real=0.01s
[2026-02-17T22:00:25.823+0530][gc,start    ] GC(23) Pause Young (Normal) (G1 Evacuation Pause)
[2026-02-17T22:00:25.824+0530][gc,task     ] GC(23) Using 1 workers of 1 for evacuation
[2026-02-17T22:00:25.832+0530][gc,phases   ] GC(23)   Pre Evacuate Collection Set: 0.09ms
[2026-02-17T22:00:25.832+0530][gc,phases   ] GC(23)   Merge Heap Roots: 0.06ms
[2026-02-17T22:00:25.832+0530][gc,phases   ] GC(23)   Evacuate Collection Set: 7.60ms
[2026-02-17T22:00:25.832+0530][gc,phases   ] GC(23)   Post Evacuate Collection Set: 0.22ms
[2026-02-17T22:00:25.832+0530][gc,phases   ] GC(23)   Other: 0.30ms
[2026-02-17T22:00:25.832+0530][gc,heap     ] GC(23) Eden regions: 48->0(47)
[2026-02-17T22:00:25.832+0530][gc,heap     ] GC(23) Survivor regions: 3->4(7)
[2026-02-17T22:00:25.832+0530][gc,heap     ] GC(23) Old regions: 42->42
[2026-02-17T22:00:25.832+0530][gc,heap     ] GC(23) Archive regions: 2->2
[2026-02-17T22:00:25.832+0530][gc,heap     ] GC(23) Humongous regions: 138->138
[2026-02-17T22:00:25.832+0530][gc,metaspace] GC(23) Metaspace: 43099K(43584K)->43099K(43584K) NonClass: 38367K(38656K)->38367K(38656K) Class: 4731K(4928K)->4731K(4928K)
[2026-02-17T22:00:25.832+0530][gc          ] GC(23) Pause Young (Normal) (G1 Evacuation Pause) 231M->184M(1024M) 8.375ms
[2026-02-17T22:00:25.832+0530][gc,cpu      ] GC(23) User=0.01s Sys=0.00s Real=0.01s
[2026-02-17T22:02:08.829+0530][gc,start    ] GC(24) Pause Young (Normal) (G1 Evacuation Pause)
[2026-02-17T22:02:08.829+0530][gc,task     ] GC(24) Using 1 workers of 1 for evacuation
[2026-02-17T22:02:08.843+0530][gc,phases   ] GC(24)   Pre Evacuate Collection Set: 0.22ms
[2026-02-17T22:02:08.843+0530][gc,phases   ] GC(24)   Merge Heap Roots: 0.07ms
[2026-02-17T22:02:08.843+0530][gc,phases   ] GC(24)   Evacuate Collection Set: 13.01ms
[2026-02-17T22:02:08.843+0530][gc,phases   ] GC(24)   Post Evacuate Collection Set: 0.24ms
[2026-02-17T22:02:08.843+0530][gc,phases   ] GC(24)   Other: 0.08ms
[2026-02-17T22:02:08.843+0530][gc,heap     ] GC(24) Eden regions: 47->0(45)
[2026-02-17T22:02:08.843+0530][gc,heap     ] GC(24) Survivor regions: 4->6(7)
[2026-02-17T22:02:08.843+0530][gc,heap     ] GC(24) Old regions: 42->44
[2026-02-17T22:02:08.843+0530][gc,heap     ] GC(24) Archive regions: 2->2
[2026-02-17T22:02:08.843+0530][gc,heap     ] GC(24) Humongous regions: 138->138
[2026-02-17T22:02:08.843+0530][gc,metaspace] GC(24) Metaspace: 43108K(43584K)->43108K(43584K) NonClass: 38376K(38656K)->38376K(38656K) Class: 4731K(4928K)->4731K(4928K)
[2026-02-17T22:02:08.843+0530][gc          ] GC(24) Pause Young (Normal) (G1 Evacuation Pause) 231M->188M(1024M) 13.695ms
[2026-02-17T22:02:08.843+0530][gc,cpu      ] GC(24) User=0.02s Sys=0.00s Real=0.01s
[2026-02-17T22:03:47.408+0530][gc,start    ] GC(25) Pause Young (Normal) (G1 Evacuation Pause)
[2026-02-17T22:03:47.408+0530][gc,task     ] GC(25) Using 1 workers of 1 for evacuation
[2026-02-17T22:03:47.422+0530][gc,phases   ] GC(25)   Pre Evacuate Collection Set: 0.21ms
[2026-02-17T22:03:47.422+0530][gc,phases   ] GC(25)   Merge Heap Roots: 0.22ms
[2026-02-17T22:03:47.422+0530][gc,phases   ] GC(25)   Evacuate Collection Set: 12.90ms
[2026-02-17T22:03:47.422+0530][gc,phases   ] GC(25)   Post Evacuate Collection Set: 0.27ms
[2026-02-17T22:03:47.422+0530][gc,phases   ] GC(25)   Other: 0.08ms
[2026-02-17T22:03:47.422+0530][gc,heap     ] GC(25) Eden regions: 45->0(53)
[2026-02-17T22:03:47.422+0530][gc,heap     ] GC(25) Survivor regions: 6->3(7)
[2026-02-17T22:03:47.422+0530][gc,heap     ] GC(25) Old regions: 44->47
[2026-02-17T22:03:47.422+0530][gc,heap     ] GC(25) Archive regions: 2->2
[2026-02-17T22:03:47.422+0530][gc,heap     ] GC(25) Humongous regions: 138->138
[2026-02-17T22:03:47.422+0530][gc,metaspace] GC(25) Metaspace: 43109K(43584K)->43109K(43584K) NonClass: 38378K(38656K)->38378K(38656K) Class: 4731K(4928K)->4731K(4928K)
[2026-02-17T22:03:47.422+0530][gc          ] GC(25) Pause Young (Normal) (G1 Evacuation Pause) 233M->188M(1024M) 13.731ms
[2026-02-17T22:03:47.422+0530][gc,cpu      ] GC(25) User=0.01s Sys=0.00s Real=0.01s
[2026-02-17T22:05:41.577+0530][gc,start    ] GC(26) Pause Young (Normal) (G1 Evacuation Pause)
[2026-02-17T22:05:41.577+0530][gc,task     ] GC(26) Using 1 workers of 1 for evacuation
[2026-02-17T22:05:41.591+0530][gc,phases   ] GC(26)   Pre Evacuate Collection Set: 0.12ms
[2026-02-17T22:05:41.591+0530][gc,phases   ] GC(26)   Merge Heap Roots: 0.07ms
[2026-02-17T22:05:41.591+0530][gc,phases   ] GC(26)   Evacuate Collection Set: 12.90ms
[2026-02-17T22:05:41.591+0530][gc,phases   ] GC(26)   Post Evacuate Collection Set: 0.23ms
[2026-02-17T22:05:41.591+0530][gc,phases   ] GC(26)   Other: 0.35ms
[2026-02-17T22:05:41.591+0530][gc,heap     ] GC(26) Eden regions: 53->0(44)
[2026-02-17T22:05:41.591+0530][gc,heap     ] GC(26) Survivor regions: 3->7(7)
[2026-02-17T22:05:41.591+0530][gc,heap     ] GC(26) Old regions: 47->47
[2026-02-17T22:05:41.591+0530][gc,heap     ] GC(26) Archive regions: 2->2
[2026-02-17T22:05:41.591+0530][gc,heap     ] GC(26) Humongous regions: 138->138
[2026-02-17T22:05:41.591+0530][gc,metaspace] GC(26) Metaspace: 43113K(43584K)->43113K(43584K) NonClass: 38381K(38656K)->38381K(38656K) Class: 4731K(4928K)->4731K(4928K)
[2026-02-17T22:05:41.591+0530][gc          ] GC(26) Pause Young (Normal) (G1 Evacuation Pause) 241M->192M(1024M) 13.746ms
[2026-02-17T22:05:41.591+0530][gc,cpu      ] GC(26) User=0.01s Sys=0.00s Real=0.01s
[2026-02-17T22:07:17.733+0530][gc,start    ] GC(27) Pause Young (Normal) (G1 Evacuation Pause)
[2026-02-17T22:07:17.733+0530][gc,task     ] GC(27) Using 1 workers of 1 for evacuation
[2026-02-17T22:07:17.747+0530][gc,phases   ] GC(27)   Pre Evacuate Collection Set: 0.19ms
[2026-02-17T22:07:17.747+0530][gc,phases   ] GC(27)   Merge Heap Roots: 0.25ms
[2026-02-17T22:07:17.747+0530][gc,phases   ] GC(27)   Evacuate Collection Set: 12.88ms
[2026-02-17T22:07:17.747+0530][gc,phases   ] GC(27)   Post Evacuate Collection Set: 0.33ms
[2026-02-17T22:07:17.747+0530][gc,phases   ] GC(27)   Other: 0.08ms
[2026-02-17T22:07:17.747+0530][gc,heap     ] GC(27) Eden regions: 44->0(55)
[2026-02-17T22:07:17.747+0530][gc,heap     ] GC(27) Survivor regions: 7->4(7)
[2026-02-17T22:07:17.747+0530][gc,heap     ] GC(27) Old regions: 47->51
[2026-02-17T22:07:17.747+0530][gc,heap     ] GC(27) Archive regions: 2->2
[2026-02-17T22:07:17.747+0530][gc,heap     ] GC(27) Humongous regions: 138->138
[2026-02-17T22:07:17.747+0530][gc,metaspace] GC(27) Metaspace: 43114K(43584K)->43114K(43584K) NonClass: 38383K(38656K)->38383K(38656K) Class: 4731K(4928K)->4731K(4928K)
[2026-02-17T22:07:17.747+0530][gc          ] GC(27) Pause Young (Normal) (G1 Evacuation Pause) 236M->193M(1024M) 13.795ms
[2026-02-17T22:07:17.747+0530][gc,cpu      ] GC(27) User=0.01s Sys=0.00s Real=0.02s
[2026-02-17T22:09:17.879+0530][gc,start    ] GC(28) Pause Young (Normal) (G1 Evacuation Pause)
[2026-02-17T22:09:17.879+0530][gc,task     ] GC(28) Using 1 workers of 1 for evacuation
[2026-02-17T22:09:17.889+0530][gc,phases   ] GC(28)   Pre Evacuate Collection Set: 0.17ms
[2026-02-17T22:09:17.889+0530][gc,phases   ] GC(28)   Merge Heap Roots: 0.16ms
[2026-02-17T22:09:17.889+0530][gc,phases   ] GC(28)   Evacuate Collection Set: 9.27ms
[2026-02-17T22:09:17.889+0530][gc,phases   ] GC(28)   Post Evacuate Collection Set: 0.31ms
[2026-02-17T22:09:17.889+0530][gc,phases   ] GC(28)   Other: 0.08ms
[2026-02-17T22:09:17.889+0530][gc,heap     ] GC(28) Eden regions: 55->0(58)
[2026-02-17T22:09:17.889+0530][gc,heap     ] GC(28) Survivor regions: 4->5(8)
[2026-02-17T22:09:17.889+0530][gc,heap     ] GC(28) Old regions: 51->51
[2026-02-17T22:09:17.889+0530][gc,heap     ] GC(28) Archive regions: 2->2
[2026-02-17T22:09:17.889+0530][gc,heap     ] GC(28) Humongous regions: 138->138
[2026-02-17T22:09:17.889+0530][gc,metaspace] GC(28) Metaspace: 43116K(43584K)->43116K(43584K) NonClass: 38384K(38656K)->38384K(38656K) Class: 4731K(4928K)->4731K(4928K)
[2026-02-17T22:09:17.889+0530][gc          ] GC(28) Pause Young (Normal) (G1 Evacuation Pause) 248M->194M(1024M) 10.057ms
[2026-02-17T22:09:17.889+0530][gc,cpu      ] GC(28) User=0.01s Sys=0.00s Real=0.01s
[2026-02-17T22:11:24.023+0530][gc,start    ] GC(29) Pause Young (Normal) (G1 Evacuation Pause)
[2026-02-17T22:11:24.023+0530][gc,task     ] GC(29) Using 1 workers of 1 for evacuation
[2026-02-17T22:11:24.041+0530][gc,phases   ] GC(29)   Pre Evacuate Collection Set: 0.24ms
[2026-02-17T22:11:24.041+0530][gc,phases   ] GC(29)   Merge Heap Roots: 0.07ms
[2026-02-17T22:11:24.041+0530][gc,phases   ] GC(29)   Evacuate Collection Set: 17.71ms
[2026-02-17T22:11:24.041+0530][gc,phases   ] GC(29)   Post Evacuate Collection Set: 0.25ms
[2026-02-17T22:11:24.041+0530][gc,phases   ] GC(29)   Other: 0.08ms
[2026-02-17T22:11:24.041+0530][gc,heap     ] GC(29) Eden regions: 58->0(43)
[2026-02-17T22:11:24.041+0530][gc,heap     ] GC(29) Survivor regions: 5->8(8)
[2026-02-17T22:11:24.041+0530][gc,heap     ] GC(29) Old regions: 51->53
[2026-02-17T22:11:24.041+0530][gc,heap     ] GC(29) Archive regions: 2->2
[2026-02-17T22:11:24.041+0530][gc,heap     ] GC(29) Humongous regions: 138->138
[2026-02-17T22:11:24.041+0530][gc,metaspace] GC(29) Metaspace: 43127K(43584K)->43127K(43584K) NonClass: 38395K(38656K)->38395K(38656K) Class: 4731K(4928K)->4731K(4928K)
[2026-02-17T22:11:24.041+0530][gc          ] GC(29) Pause Young (Normal) (G1 Evacuation Pause) 252M->198M(1024M) 18.417ms
[2026-02-17T22:11:24.041+0530][gc,cpu      ] GC(29) User=0.01s Sys=0.01s Real=0.02s
[2026-02-17T22:12:57.191+0530][gc,start    ] GC(30) Pause Young (Normal) (G1 Evacuation Pause)
[2026-02-17T22:12:57.191+0530][gc,task     ] GC(30) Using 1 workers of 1 for evacuation
[2026-02-17T22:12:57.212+0530][gc,mmu      ] GC(30) MMU target violated: 20.4ms (20.0ms/21.0ms)
[2026-02-17T22:12:57.212+0530][gc,phases   ] GC(30)   Pre Evacuate Collection Set: 0.07ms
[2026-02-17T22:12:57.212+0530][gc,phases   ] GC(30)   Merge Heap Roots: 0.06ms
[2026-02-17T22:12:57.212+0530][gc,phases   ] GC(30)   Evacuate Collection Set: 16.92ms
[2026-02-17T22:12:57.212+0530][gc,phases   ] GC(30)   Post Evacuate Collection Set: 3.37ms
[2026-02-17T22:12:57.212+0530][gc,phases   ] GC(30)   Other: 0.21ms
[2026-02-17T22:12:57.212+0530][gc,heap     ] GC(30) Eden regions: 43->0(66)
[2026-02-17T22:12:57.212+0530][gc,heap     ] GC(30) Survivor regions: 8->4(7)
[2026-02-17T22:12:57.212+0530][gc,heap     ] GC(30) Old regions: 53->57
[2026-02-17T22:12:57.212+0530][gc,heap     ] GC(30) Archive regions: 2->2
[2026-02-17T22:12:57.212+0530][gc,heap     ] GC(30) Humongous regions: 138->138
[2026-02-17T22:12:57.212+0530][gc,metaspace] GC(30) Metaspace: 43136K(43584K)->43136K(43584K) NonClass: 38405K(38656K)->38405K(38656K) Class: 4731K(4928K)->4731K(4928K)
[2026-02-17T22:12:57.212+0530][gc          ] GC(30) Pause Young (Normal) (G1 Evacuation Pause) 241M->198M(1024M) 20.696ms
[2026-02-17T22:12:57.212+0530][gc,cpu      ] GC(30) User=0.01s Sys=0.00s Real=0.02s
[2026-02-17T22:15:22.989+0530][gc,start    ] GC(31) Pause Young (Normal) (G1 Evacuation Pause)
[2026-02-17T22:15:22.989+0530][gc,task     ] GC(31) Using 1 workers of 1 for evacuation
[2026-02-17T22:15:23.002+0530][gc,phases   ] GC(31)   Pre Evacuate Collection Set: 0.23ms
[2026-02-17T22:15:23.002+0530][gc,phases   ] GC(31)   Merge Heap Roots: 0.19ms
[2026-02-17T22:15:23.002+0530][gc,phases   ] GC(31)   Evacuate Collection Set: 12.04ms
[2026-02-17T22:15:23.002+0530][gc,phases   ] GC(31)   Post Evacuate Collection Set: 0.24ms
[2026-02-17T22:15:23.002+0530][gc,phases   ] GC(31)   Other: 0.08ms
[2026-02-17T22:15:23.002+0530][gc,heap     ] GC(31) Eden regions: 66->0(56)
[2026-02-17T22:15:23.002+0530][gc,heap     ] GC(31) Survivor regions: 4->6(9)
[2026-02-17T22:15:23.002+0530][gc,heap     ] GC(31) Old regions: 57->57
[2026-02-17T22:15:23.002+0530][gc,heap     ] GC(31) Archive regions: 2->2
[2026-02-17T22:15:23.002+0530][gc,heap     ] GC(31) Humongous regions: 138->138
[2026-02-17T22:15:23.002+0530][gc,metaspace] GC(31) Metaspace: 43142K(43584K)->43142K(43584K) NonClass: 38410K(38656K)->38410K(38656K) Class: 4732K(4928K)->4732K(4928K)
[2026-02-17T22:15:23.002+0530][gc          ] GC(31) Pause Young (Normal) (G1 Evacuation Pause) 264M->200M(1024M) 12.843ms
[2026-02-17T22:15:23.002+0530][gc,cpu      ] GC(31) User=0.01s Sys=0.00s Real=0.01s
[2026-02-17T22:17:25.808+0530][gc,start    ] GC(32) Pause Young (Normal) (G1 Evacuation Pause)
[2026-02-17T22:17:25.808+0530][gc,task     ] GC(32) Using 1 workers of 1 for evacuation
[2026-02-17T22:17:25.821+0530][gc,phases   ] GC(32)   Pre Evacuate Collection Set: 0.48ms
[2026-02-17T22:17:25.821+0530][gc,phases   ] GC(32)   Merge Heap Roots: 0.06ms
[2026-02-17T22:17:25.821+0530][gc,phases   ] GC(32)   Evacuate Collection Set: 12.67ms
[2026-02-17T22:17:25.821+0530][gc,phases   ] GC(32)   Post Evacuate Collection Set: 0.31ms
[2026-02-17T22:17:25.821+0530][gc,phases   ] GC(32)   Other: 0.08ms
[2026-02-17T22:17:25.821+0530][gc,heap     ] GC(32) Eden regions: 56->0(65)
[2026-02-17T22:17:25.821+0530][gc,heap     ] GC(32) Survivor regions: 6->6(8)
[2026-02-17T22:17:25.821+0530][gc,heap     ] GC(32) Old regions: 57->59
[2026-02-17T22:17:25.821+0530][gc,heap     ] GC(32) Archive regions: 2->2
[2026-02-17T22:17:25.821+0530][gc,heap     ] GC(32) Humongous regions: 138->138
[2026-02-17T22:17:25.821+0530][gc,metaspace] GC(32) Metaspace: 43146K(43584K)->43146K(43584K) NonClass: 38414K(38656K)->38414K(38656K) Class: 4732K(4928K)->4732K(4928K)
[2026-02-17T22:17:25.821+0530][gc          ] GC(32) Pause Young (Normal) (G1 Evacuation Pause) 256M->202M(1024M) 13.677ms
[2026-02-17T22:17:25.822+0530][gc,cpu      ] GC(32) User=0.01s Sys=0.00s Real=0.01s
[2026-02-17T22:19:26.898+0530][gc,start    ] GC(33) Pause Young (Normal) (G1 Evacuation Pause)
[2026-02-17T22:19:26.899+0530][gc,task     ] GC(33) Using 1 workers of 1 for evacuation
[2026-02-17T22:19:26.943+0530][gc,mmu      ] GC(33) MMU target violated: 21.0ms (20.0ms/21.0ms)
[2026-02-17T22:19:26.943+0530][gc,phases   ] GC(33)   Pre Evacuate Collection Set: 0.16ms
[2026-02-17T22:19:26.943+0530][gc,phases   ] GC(33)   Merge Heap Roots: 0.07ms
[2026-02-17T22:19:26.943+0530][gc,phases   ] GC(33)   Evacuate Collection Set: 42.98ms
[2026-02-17T22:19:26.943+0530][gc,phases   ] GC(33)   Post Evacuate Collection Set: 0.28ms
[2026-02-17T22:19:26.943+0530][gc,phases   ] GC(33)   Other: 1.20ms
[2026-02-17T22:19:26.943+0530][gc,heap     ] GC(33) Eden regions: 55->0(44)
[2026-02-17T22:19:26.943+0530][gc,heap     ] GC(33) Survivor regions: 6->7(8)
[2026-02-17T22:19:26.943+0530][gc,heap     ] GC(33) Old regions: 59->61
[2026-02-17T22:19:26.943+0530][gc,heap     ] GC(33) Archive regions: 2->2
[2026-02-17T22:19:26.943+0530][gc,heap     ] GC(33) Humongous regions: 138->138
[2026-02-17T22:19:26.943+0530][gc,metaspace] GC(33) Metaspace: 43154K(43584K)->43154K(43584K) NonClass: 38421K(38656K)->38421K(38656K) Class: 4732K(4928K)->4732K(4928K)
[2026-02-17T22:19:26.943+0530][gc          ] GC(33) Pause Young (Normal) (G1 Evacuation Pause) 257M->206M(1024M) 44.725ms
[2026-02-17T22:19:26.943+0530][gc,cpu      ] GC(33) User=0.02s Sys=0.00s Real=0.04s
[2026-02-17T22:21:03.062+0530][gc,start    ] GC(34) Pause Young (Normal) (G1 Evacuation Pause)
[2026-02-17T22:21:03.062+0530][gc,task     ] GC(34) Using 1 workers of 1 for evacuation
[2026-02-17T22:21:03.112+0530][gc,mmu      ] GC(34) MMU target violated: 21.0ms (20.0ms/21.0ms)
[2026-02-17T22:21:03.112+0530][gc,phases   ] GC(34)   Pre Evacuate Collection Set: 1.00ms
[2026-02-17T22:21:03.112+0530][gc,phases   ] GC(34)   Merge Heap Roots: 0.13ms
[2026-02-17T22:21:03.112+0530][gc,phases   ] GC(34)   Evacuate Collection Set: 47.48ms
[2026-02-17T22:21:03.112+0530][gc,phases   ] GC(34)   Post Evacuate Collection Set: 1.37ms
[2026-02-17T22:21:03.112+0530][gc,phases   ] GC(34)   Other: 0.23ms
[2026-02-17T22:21:03.112+0530][gc,heap     ] GC(34) Eden regions: 44->0(47)
[2026-02-17T22:21:03.112+0530][gc,heap     ] GC(34) Survivor regions: 7->4(7)
[2026-02-17T22:21:03.112+0530][gc,heap     ] GC(34) Old regions: 61->65
[2026-02-17T22:21:03.112+0530][gc,heap     ] GC(34) Archive regions: 2->2
[2026-02-17T22:21:03.112+0530][gc,heap     ] GC(34) Humongous regions: 138->138
[2026-02-17T22:21:03.112+0530][gc,metaspace] GC(34) Metaspace: 43168K(43648K)->43168K(43648K) NonClass: 38436K(38720K)->38436K(38720K) Class: 4732K(4928K)->4732K(4928K)
[2026-02-17T22:21:03.112+0530][gc          ] GC(34) Pause Young (Normal) (G1 Evacuation Pause) 250M->207M(1024M) 50.231ms
[2026-02-17T22:21:03.112+0530][gc,cpu      ] GC(34) User=0.01s Sys=0.00s Real=0.05s
[2026-02-17T22:22:46.044+0530][gc,start    ] GC(35) Pause Young (Normal) (G1 Evacuation Pause)
[2026-02-17T22:22:46.044+0530][gc,task     ] GC(35) Using 1 workers of 1 for evacuation
[2026-02-17T22:22:46.054+0530][gc,phases   ] GC(35)   Pre Evacuate Collection Set: 0.20ms
[2026-02-17T22:22:46.054+0530][gc,phases   ] GC(35)   Merge Heap Roots: 0.07ms
[2026-02-17T22:22:46.054+0530][gc,phases   ] GC(35)   Evacuate Collection Set: 8.97ms
[2026-02-17T22:22:46.054+0530][gc,phases   ] GC(35)   Post Evacuate Collection Set: 0.25ms
[2026-02-17T22:22:46.054+0530][gc,phases   ] GC(35)   Other: 0.08ms
[2026-02-17T22:22:46.054+0530][gc,heap     ] GC(35) Eden regions: 47->0(47)
[2026-02-17T22:22:46.054+0530][gc,heap     ] GC(35) Survivor regions: 4->4(7)
[2026-02-17T22:22:46.054+0530][gc,heap     ] GC(35) Old regions: 65->65
[2026-02-17T22:22:46.054+0530][gc,heap     ] GC(35) Archive regions: 2->2
[2026-02-17T22:22:46.054+0530][gc,heap     ] GC(35) Humongous regions: 138->138
[2026-02-17T22:22:46.054+0530][gc,metaspace] GC(35) Metaspace: 43170K(43648K)->43170K(43648K) NonClass: 38438K(38720K)->38438K(38720K) Class: 4732K(4928K)->4732K(4928K)
[2026-02-17T22:22:46.054+0530][gc          ] GC(35) Pause Young (Normal) (G1 Evacuation Pause) 254M->207M(1024M) 9.612ms
[2026-02-17T22:22:46.054+0530][gc,cpu      ] GC(35) User=0.01s Sys=0.00s Real=0.01s
[2026-02-17T22:24:29.655+0530][gc,start    ] GC(36) Pause Young (Normal) (G1 Evacuation Pause)
[2026-02-17T22:24:29.655+0530][gc,task     ] GC(36) Using 1 workers of 1 for evacuation
[2026-02-17T22:24:29.700+0530][gc,mmu      ] GC(36) MMU target violated: 21.0ms (20.0ms/21.0ms)
[2026-02-17T22:24:29.700+0530][gc,phases   ] GC(36)   Pre Evacuate Collection Set: 2.78ms
[2026-02-17T22:24:29.700+0530][gc,phases   ] GC(36)   Merge Heap Roots: 0.08ms
[2026-02-17T22:24:29.700+0530][gc,phases   ] GC(36)   Evacuate Collection Set: 40.82ms
[2026-02-17T22:24:29.700+0530][gc,phases   ] GC(36)   Post Evacuate Collection Set: 1.13ms
[2026-02-17T22:24:29.700+0530][gc,phases   ] GC(36)   Other: 0.13ms
[2026-02-17T22:24:29.700+0530][gc,heap     ] GC(36) Eden regions: 47->0(45)
[2026-02-17T22:24:29.700+0530][gc,heap     ] GC(36) Survivor regions: 4->6(7)
[2026-02-17T22:24:29.700+0530][gc,heap     ] GC(36) Old regions: 65->67
[2026-02-17T22:24:29.700+0530][gc,heap     ] GC(36) Archive regions: 2->2
[2026-02-17T22:24:29.700+0530][gc,heap     ] GC(36) Humongous regions: 138->138
[2026-02-17T22:24:29.700+0530][gc,metaspace] GC(36) Metaspace: 43170K(43648K)->43170K(43648K) NonClass: 38438K(38720K)->38438K(38720K) Class: 4732K(4928K)->4732K(4928K)
[2026-02-17T22:24:29.700+0530][gc          ] GC(36) Pause Young (Normal) (G1 Evacuation Pause) 254M->211M(1024M) 44.975ms
[2026-02-17T22:24:29.700+0530][gc,cpu      ] GC(36) User=0.02s Sys=0.00s Real=0.05s
[2026-02-17T22:26:02.178+0530][gc,start    ] GC(37) Pause Young (Normal) (G1 Evacuation Pause)
[2026-02-17T22:26:02.178+0530][gc,task     ] GC(37) Using 1 workers of 1 for evacuation
[2026-02-17T22:26:02.192+0530][gc,phases   ] GC(37)   Pre Evacuate Collection Set: 0.14ms
[2026-02-17T22:26:02.193+0530][gc,phases   ] GC(37)   Merge Heap Roots: 0.06ms
[2026-02-17T22:26:02.193+0530][gc,phases   ] GC(37)   Evacuate Collection Set: 14.31ms
[2026-02-17T22:26:02.193+0530][gc,phases   ] GC(37)   Post Evacuate Collection Set: 0.30ms
[2026-02-17T22:26:02.193+0530][gc,phases   ] GC(37)   Other: 0.09ms
[2026-02-17T22:26:02.193+0530][gc,heap     ] GC(37) Eden regions: 45->0(48)
[2026-02-17T22:26:02.193+0530][gc,heap     ] GC(37) Survivor regions: 6->3(7)
[2026-02-17T22:26:02.193+0530][gc,heap     ] GC(37) Old regions: 67->71
[2026-02-17T22:26:02.193+0530][gc,heap     ] GC(37) Archive regions: 2->2
[2026-02-17T22:26:02.193+0530][gc,heap     ] GC(37) Humongous regions: 138->138
[2026-02-17T22:26:02.193+0530][gc,metaspace] GC(37) Metaspace: 43405K(43840K)->43405K(43840K) NonClass: 38620K(38848K)->38620K(38848K) Class: 4784K(4992K)->4784K(4992K)
[2026-02-17T22:26:02.193+0530][gc          ] GC(37) Pause Young (Normal) (G1 Evacuation Pause) 256M->211M(1024M) 15.025ms
[2026-02-17T22:26:02.193+0530][gc,cpu      ] GC(37) User=0.01s Sys=0.00s Real=0.01s
[2026-02-17T22:27:45.824+0530][gc,start    ] GC(38) Pause Young (Normal) (G1 Evacuation Pause)
[2026-02-17T22:27:45.824+0530][gc,task     ] GC(38) Using 1 workers of 1 for evacuation
[2026-02-17T22:27:45.857+0530][gc,mmu      ] GC(38) MMU target violated: 21.0ms (20.0ms/21.0ms)
[2026-02-17T22:27:45.858+0530][gc,phases   ] GC(38)   Pre Evacuate Collection Set: 1.50ms
[2026-02-17T22:27:45.858+0530][gc,phases   ] GC(38)   Merge Heap Roots: 0.09ms
[2026-02-17T22:27:45.858+0530][gc,phases   ] GC(38)   Evacuate Collection Set: 31.73ms
[2026-02-17T22:27:45.858+0530][gc,phases   ] GC(38)   Post Evacuate Collection Set: 0.34ms
[2026-02-17T22:27:45.858+0530][gc,phases   ] GC(38)   Other: 0.20ms
[2026-02-17T22:27:45.858+0530][gc,heap     ] GC(38) Eden regions: 48->0(44)
[2026-02-17T22:27:45.858+0530][gc,heap     ] GC(38) Survivor regions: 3->7(7)
[2026-02-17T22:27:45.858+0530][gc,heap     ] GC(38) Old regions: 71->71
[2026-02-17T22:27:45.858+0530][gc,heap     ] GC(38) Archive regions: 2->2
[2026-02-17T22:27:45.858+0530][gc,heap     ] GC(38) Humongous regions: 138->138
[2026-02-17T22:27:45.858+0530][gc,metaspace] GC(38) Metaspace: 43406K(43840K)->43406K(43840K) NonClass: 38621K(38848K)->38621K(38848K) Class: 4784K(4992K)->4784K(4992K)
[2026-02-17T22:27:45.858+0530][gc          ] GC(38) Pause Young (Normal) (G1 Evacuation Pause) 259M->215M(1024M) 33.964ms
[2026-02-17T22:27:45.858+0530][gc,cpu      ] GC(38) User=0.01s Sys=0.00s Real=0.04s
[2026-02-17T22:29:20.823+0530][gc,start    ] GC(39) Pause Young (Normal) (G1 Evacuation Pause)
[2026-02-17T22:29:20.823+0530][gc,task     ] GC(39) Using 1 workers of 1 for evacuation
[2026-02-17T22:29:20.839+0530][gc,phases   ] GC(39)   Pre Evacuate Collection Set: 0.16ms
[2026-02-17T22:29:20.839+0530][gc,phases   ] GC(39)   Merge Heap Roots: 0.06ms
[2026-02-17T22:29:20.839+0530][gc,phases   ] GC(39)   Evacuate Collection Set: 14.61ms
[2026-02-17T22:29:20.839+0530][gc,phases   ] GC(39)   Post Evacuate Collection Set: 0.26ms
[2026-02-17T22:29:20.839+0530][gc,phases   ] GC(39)   Other: 0.40ms
[2026-02-17T22:29:20.839+0530][gc,heap     ] GC(39) Eden regions: 44->0(48)
[2026-02-17T22:29:20.839+0530][gc,heap     ] GC(39) Survivor regions: 7->3(7)
[2026-02-17T22:29:20.839+0530][gc,heap     ] GC(39) Old regions: 71->74
[2026-02-17T22:29:20.839+0530][gc,heap     ] GC(39) Archive regions: 2->2
[2026-02-17T22:29:20.839+0530][gc,heap     ] GC(39) Humongous regions: 138->138
[2026-02-17T22:29:20.839+0530][gc,metaspace] GC(39) Metaspace: 43412K(43904K)->43412K(43904K) NonClass: 38627K(38912K)->38627K(38912K) Class: 4784K(4992K)->4784K(4992K)
[2026-02-17T22:29:20.839+0530][gc          ] GC(39) Pause Young (Normal) (G1 Evacuation Pause) 259M->215M(1024M) 15.743ms
[2026-02-17T22:29:20.839+0530][gc,cpu      ] GC(39) User=0.01s Sys=0.00s Real=0.02s
[2026-02-17T22:30:53.411+0530][gc,start    ] GC(40) Pause Young (Normal) (G1 Evacuation Pause)
[2026-02-17T22:30:53.411+0530][gc,task     ] GC(40) Using 1 workers of 1 for evacuation
[2026-02-17T22:30:53.488+0530][gc,mmu      ] GC(40) MMU target violated: 21.0ms (20.0ms/21.0ms)
[2026-02-17T22:30:53.488+0530][gc,phases   ] GC(40)   Pre Evacuate Collection Set: 3.94ms
[2026-02-17T22:30:53.488+0530][gc,phases   ] GC(40)   Merge Heap Roots: 1.41ms
[2026-02-17T22:30:53.488+0530][gc,phases   ] GC(40)   Evacuate Collection Set: 69.59ms
[2026-02-17T22:30:53.488+0530][gc,phases   ] GC(40)   Post Evacuate Collection Set: 1.95ms
[2026-02-17T22:30:53.488+0530][gc,phases   ] GC(40)   Other: 0.20ms
[2026-02-17T22:30:53.488+0530][gc,heap     ] GC(40) Eden regions: 48->0(44)
[2026-02-17T22:30:53.488+0530][gc,heap     ] GC(40) Survivor regions: 3->7(7)
[2026-02-17T22:30:53.488+0530][gc,heap     ] GC(40) Old regions: 74->76
[2026-02-17T22:30:53.488+0530][gc,heap     ] GC(40) Archive regions: 2->2
[2026-02-17T22:30:53.488+0530][gc,heap     ] GC(40) Humongous regions: 147->147
[2026-02-17T22:30:53.488+0530][gc,metaspace] GC(40) Metaspace: 43617K(44096K)->43617K(44096K) NonClass: 38791K(39040K)->38791K(39040K) Class: 4825K(5056K)->4825K(5056K)
[2026-02-17T22:30:53.488+0530][gc          ] GC(40) Pause Young (Normal) (G1 Evacuation Pause) 272M->230M(1024M) 77.049ms
[2026-02-17T22:30:53.488+0530][gc,cpu      ] GC(40) User=0.02s Sys=0.01s Real=0.08s
[2026-02-17T22:32:28.553+0530][gc,start    ] GC(41) Pause Young (Normal) (G1 Evacuation Pause)
[2026-02-17T22:32:28.553+0530][gc,task     ] GC(41) Using 1 workers of 1 for evacuation
[2026-02-17T22:32:28.575+0530][gc,mmu      ] GC(41) MMU target violated: 21.0ms (20.0ms/21.0ms)
[2026-02-17T22:32:28.575+0530][gc,phases   ] GC(41)   Pre Evacuate Collection Set: 0.22ms
[2026-02-17T22:32:28.575+0530][gc,phases   ] GC(41)   Merge Heap Roots: 0.07ms
[2026-02-17T22:32:28.575+0530][gc,phases   ] GC(41)   Evacuate Collection Set: 21.23ms
[2026-02-17T22:32:28.575+0530][gc,phases   ] GC(41)   Post Evacuate Collection Set: 0.27ms
[2026-02-17T22:32:28.575+0530][gc,phases   ] GC(41)   Other: 0.41ms
[2026-02-17T22:32:28.575+0530][gc,heap     ] GC(41) Eden regions: 44->0(47)
[2026-02-17T22:32:28.575+0530][gc,heap     ] GC(41) Survivor regions: 7->4(7)
[2026-02-17T22:32:28.575+0530][gc,heap     ] GC(41) Old regions: 76->80
[2026-02-17T22:32:28.575+0530][gc,heap     ] GC(41) Archive regions: 2->2
[2026-02-17T22:32:28.575+0530][gc,heap     ] GC(41) Humongous regions: 147->147
[2026-02-17T22:32:28.575+0530][gc,metaspace] GC(41) Metaspace: 43624K(44096K)->43624K(44096K) NonClass: 38799K(39040K)->38799K(39040K) Class: 4825K(5056K)->4825K(5056K)
[2026-02-17T22:32:28.575+0530][gc          ] GC(41) Pause Young (Normal) (G1 Evacuation Pause) 274M->231M(1024M) 22.238ms
[2026-02-17T22:32:28.575+0530][gc,cpu      ] GC(41) User=0.01s Sys=0.00s Real=0.02s
[2026-02-17T22:34:10.308+0530][gc,start    ] GC(42) Pause Young (Normal) (G1 Evacuation Pause)
[2026-02-17T22:34:10.308+0530][gc,task     ] GC(42) Using 1 workers of 1 for evacuation
[2026-02-17T22:34:10.334+0530][gc,mmu      ] GC(42) MMU target violated: 21.0ms (20.0ms/21.0ms)
[2026-02-17T22:34:10.334+0530][gc,phases   ] GC(42)   Pre Evacuate Collection Set: 1.47ms
[2026-02-17T22:34:10.334+0530][gc,phases   ] GC(42)   Merge Heap Roots: 0.06ms
[2026-02-17T22:34:10.334+0530][gc,phases   ] GC(42)   Evacuate Collection Set: 23.98ms
[2026-02-17T22:34:10.334+0530][gc,phases   ] GC(42)   Post Evacuate Collection Set: 0.24ms
[2026-02-17T22:34:10.334+0530][gc,phases   ] GC(42)   Other: 0.20ms
[2026-02-17T22:34:10.334+0530][gc,heap     ] GC(42) Eden regions: 47->0(47)
[2026-02-17T22:34:10.334+0530][gc,heap     ] GC(42) Survivor regions: 4->4(7)
[2026-02-17T22:34:10.334+0530][gc,heap     ] GC(42) Old regions: 80->80
[2026-02-17T22:34:10.334+0530][gc,heap     ] GC(42) Archive regions: 2->2
[2026-02-17T22:34:10.334+0530][gc,heap     ] GC(42) Humongous regions: 147->147
[2026-02-17T22:34:10.334+0530][gc,metaspace] GC(42) Metaspace: 43649K(44096K)->43649K(44096K) NonClass: 38824K(39040K)->38824K(39040K) Class: 4825K(5056K)->4825K(5056K)
[2026-02-17T22:34:10.334+0530][gc          ] GC(42) Pause Young (Normal) (G1 Evacuation Pause) 278M->231M(1024M) 26.047ms
[2026-02-17T22:34:10.334+0530][gc,cpu      ] GC(42) User=0.01s Sys=0.00s Real=0.02s
[2026-02-17T22:35:52.547+0530][gc,start    ] GC(43) Pause Young (Normal) (G1 Evacuation Pause)
[2026-02-17T22:35:52.547+0530][gc,task     ] GC(43) Using 1 workers of 1 for evacuation
[2026-02-17T22:35:52.574+0530][gc,mmu      ] GC(43) MMU target violated: 21.0ms (20.0ms/21.0ms)
[2026-02-17T22:35:52.575+0530][gc,phases   ] GC(43)   Pre Evacuate Collection Set: 0.09ms
[2026-02-17T22:35:52.575+0530][gc,phases   ] GC(43)   Merge Heap Roots: 0.05ms
[2026-02-17T22:35:52.575+0530][gc,phases   ] GC(43)   Evacuate Collection Set: 26.51ms
[2026-02-17T22:35:52.575+0530][gc,phases   ] GC(43)   Post Evacuate Collection Set: 0.32ms
[2026-02-17T22:35:52.575+0530][gc,phases   ] GC(43)   Other: 1.56ms
[2026-02-17T22:35:52.575+0530][gc,heap     ] GC(43) Eden regions: 47->0(45)
[2026-02-17T22:35:52.575+0530][gc,heap     ] GC(43) Survivor regions: 4->6(7)
[2026-02-17T22:35:52.575+0530][gc,heap     ] GC(43) Old regions: 80->82
[2026-02-17T22:35:52.575+0530][gc,heap     ] GC(43) Archive regions: 2->2
[2026-02-17T22:35:52.575+0530][gc,heap     ] GC(43) Humongous regions: 147->147
[2026-02-17T22:35:52.575+0530][gc,metaspace] GC(43) Metaspace: 43651K(44096K)->43651K(44096K) NonClass: 38826K(39040K)->38826K(39040K) Class: 4825K(5056K)->4825K(5056K)
[2026-02-17T22:35:52.575+0530][gc          ] GC(43) Pause Young (Normal) (G1 Evacuation Pause) 278M->235M(1024M) 28.592ms
[2026-02-17T22:35:52.575+0530][gc,cpu      ] GC(43) User=0.01s Sys=0.00s Real=0.02s
[2026-02-17T22:37:30.274+0530][gc,start    ] GC(44) Pause Young (Normal) (G1 Evacuation Pause)
[2026-02-17T22:37:30.274+0530][gc,task     ] GC(44) Using 1 workers of 1 for evacuation
[2026-02-17T22:37:30.314+0530][gc,mmu      ] GC(44) MMU target violated: 21.0ms (20.0ms/21.0ms)
[2026-02-17T22:37:30.315+0530][gc,phases   ] GC(44)   Pre Evacuate Collection Set: 0.42ms
[2026-02-17T22:37:30.315+0530][gc,phases   ] GC(44)   Merge Heap Roots: 0.07ms
[2026-02-17T22:37:30.315+0530][gc,phases   ] GC(44)   Evacuate Collection Set: 38.47ms
[2026-02-17T22:37:30.315+0530][gc,phases   ] GC(44)   Post Evacuate Collection Set: 1.06ms
[2026-02-17T22:37:30.315+0530][gc,phases   ] GC(44)   Other: 0.27ms
[2026-02-17T22:37:30.315+0530][gc,heap     ] GC(44) Eden regions: 45->0(48)
[2026-02-17T22:37:30.315+0530][gc,heap     ] GC(44) Survivor regions: 6->3(7)
[2026-02-17T22:37:30.315+0530][gc,heap     ] GC(44) Old regions: 82->86
[2026-02-17T22:37:30.315+0530][gc,heap     ] GC(44) Archive regions: 2->2
[2026-02-17T22:37:30.315+0530][gc,heap     ] GC(44) Humongous regions: 147->147
[2026-02-17T22:37:30.315+0530][gc,metaspace] GC(44) Metaspace: 43672K(44160K)->43672K(44160K) NonClass: 38844K(39104K)->38844K(39104K) Class: 4827K(5056K)->4827K(5056K)
[2026-02-17T22:37:30.315+0530][gc          ] GC(44) Pause Young (Normal) (G1 Evacuation Pause) 280M->236M(1024M) 40.334ms
[2026-02-17T22:37:30.315+0530][gc,cpu      ] GC(44) User=0.01s Sys=0.00s Real=0.04s
[2026-02-17T22:39:18.620+0530][gc,start    ] GC(45) Pause Young (Normal) (G1 Evacuation Pause)
[2026-02-17T22:39:18.620+0530][gc,task     ] GC(45) Using 1 workers of 1 for evacuation
[2026-02-17T22:39:18.747+0530][gc,mmu      ] GC(45) MMU target violated: 21.0ms (20.0ms/21.0ms)
[2026-02-17T22:39:18.747+0530][gc,phases   ] GC(45)   Pre Evacuate Collection Set: 1.00ms
[2026-02-17T22:39:18.747+0530][gc,phases   ] GC(45)   Merge Heap Roots: 1.51ms
[2026-02-17T22:39:18.747+0530][gc,phases   ] GC(45)   Evacuate Collection Set: 121.24ms
[2026-02-17T22:39:18.747+0530][gc,phases   ] GC(45)   Post Evacuate Collection Set: 3.26ms
[2026-02-17T22:39:18.747+0530][gc,phases   ] GC(45)   Other: 0.20ms
[2026-02-17T22:39:18.747+0530][gc,heap     ] GC(45) Eden regions: 48->0(44)
[2026-02-17T22:39:18.747+0530][gc,heap     ] GC(45) Survivor regions: 3->7(7)
[2026-02-17T22:39:18.747+0530][gc,heap     ] GC(45) Old regions: 86->86
[2026-02-17T22:39:18.747+0530][gc,heap     ] GC(45) Archive regions: 2->2
[2026-02-17T22:39:18.747+0530][gc,heap     ] GC(45) Humongous regions: 147->147
[2026-02-17T22:39:18.747+0530][gc,metaspace] GC(45) Metaspace: 43702K(44224K)->43702K(44224K) NonClass: 38868K(39104K)->38868K(39104K) Class: 4833K(5120K)->4833K(5120K)
[2026-02-17T22:39:18.747+0530][gc          ] GC(45) Pause Young (Normal) (G1 Evacuation Pause) 284M->239M(1024M) 127.229ms
[2026-02-17T22:39:18.747+0530][gc,cpu      ] GC(45) User=0.01s Sys=0.00s Real=0.13s
[2026-02-17T22:40:52.950+0530][gc,start    ] GC(46) Pause Young (Normal) (G1 Evacuation Pause)
[2026-02-17T22:40:52.950+0530][gc,task     ] GC(46) Using 1 workers of 1 for evacuation
[2026-02-17T22:40:52.970+0530][gc,phases   ] GC(46)   Pre Evacuate Collection Set: 0.27ms
[2026-02-17T22:40:52.970+0530][gc,phases   ] GC(46)   Merge Heap Roots: 0.07ms
[2026-02-17T22:40:52.970+0530][gc,phases   ] GC(46)   Evacuate Collection Set: 18.99ms
[2026-02-17T22:40:52.970+0530][gc,phases   ] GC(46)   Post Evacuate Collection Set: 0.53ms
[2026-02-17T22:40:52.970+0530][gc,phases   ] GC(46)   Other: 0.16ms
[2026-02-17T22:40:52.970+0530][gc,heap     ] GC(46) Eden regions: 44->0(48)
[2026-02-17T22:40:52.970+0530][gc,heap     ] GC(46) Survivor regions: 7->3(7)
[2026-02-17T22:40:52.970+0530][gc,heap     ] GC(46) Old regions: 86->89
[2026-02-17T22:40:52.970+0530][gc,heap     ] GC(46) Archive regions: 2->2
[2026-02-17T22:40:52.970+0530][gc,heap     ] GC(46) Humongous regions: 147->147
[2026-02-17T22:40:52.970+0530][gc,metaspace] GC(46) Metaspace: 43704K(44224K)->43704K(44224K) NonClass: 38870K(39104K)->38870K(39104K) Class: 4833K(5120K)->4833K(5120K)
[2026-02-17T22:40:52.970+0530][gc          ] GC(46) Pause Young (Normal) (G1 Evacuation Pause) 283M->239M(1024M) 20.214ms
[2026-02-17T22:40:52.970+0530][gc,cpu      ] GC(46) User=0.01s Sys=0.00s Real=0.02s
[2026-02-17T22:42:37.563+0530][gc,start    ] GC(47) Pause Young (Normal) (G1 Evacuation Pause)
[2026-02-17T22:42:37.563+0530][gc,task     ] GC(47) Using 1 workers of 1 for evacuation
[2026-02-17T22:42:37.579+0530][gc,phases   ] GC(47)   Pre Evacuate Collection Set: 0.09ms
[2026-02-17T22:42:37.579+0530][gc,phases   ] GC(47)   Merge Heap Roots: 0.07ms
[2026-02-17T22:42:37.579+0530][gc,phases   ] GC(47)   Evacuate Collection Set: 15.44ms
[2026-02-17T22:42:37.579+0530][gc,phases   ] GC(47)   Post Evacuate Collection Set: 0.23ms
[2026-02-17T22:42:37.579+0530][gc,phases   ] GC(47)   Other: 0.36ms
[2026-02-17T22:42:37.579+0530][gc,heap     ] GC(47) Eden regions: 48->0(47)
[2026-02-17T22:42:37.579+0530][gc,heap     ] GC(47) Survivor regions: 3->4(7)
[2026-02-17T22:42:37.579+0530][gc,heap     ] GC(47) Old regions: 89->89
[2026-02-17T22:42:37.579+0530][gc,heap     ] GC(47) Archive regions: 2->2
[2026-02-17T22:42:37.579+0530][gc,heap     ] GC(47) Humongous regions: 147->147
[2026-02-17T22:42:37.579+0530][gc,metaspace] GC(47) Metaspace: 43706K(44224K)->43706K(44224K) NonClass: 38873K(39104K)->38873K(39104K) Class: 4833K(5120K)->4833K(5120K)
[2026-02-17T22:42:37.579+0530][gc          ] GC(47) Pause Young (Normal) (G1 Evacuation Pause) 287M->240M(1024M) 16.324ms
[2026-02-17T22:42:37.579+0530][gc,cpu      ] GC(47) User=0.01s Sys=0.00s Real=0.02s
[2026-02-17T22:44:26.310+0530][gc,start    ] GC(48) Pause Young (Normal) (G1 Evacuation Pause)
[2026-02-17T22:44:26.311+0530][gc,task     ] GC(48) Using 1 workers of 1 for evacuation
[2026-02-17T22:44:26.326+0530][gc,phases   ] GC(48)   Pre Evacuate Collection Set: 0.16ms
[2026-02-17T22:44:26.326+0530][gc,phases   ] GC(48)   Merge Heap Roots: 0.06ms
[2026-02-17T22:44:26.326+0530][gc,phases   ] GC(48)   Evacuate Collection Set: 14.70ms
[2026-02-17T22:44:26.326+0530][gc,phases   ] GC(48)   Post Evacuate Collection Set: 0.22ms
[2026-02-17T22:44:26.326+0530][gc,phases   ] GC(48)   Other: 0.10ms
[2026-02-17T22:44:26.326+0530][gc,heap     ] GC(48) Eden regions: 47->0(44)
[2026-02-17T22:44:26.326+0530][gc,heap     ] GC(48) Survivor regions: 4->7(7)
[2026-02-17T22:44:26.326+0530][gc,heap     ] GC(48) Old regions: 89->89
[2026-02-17T22:44:26.326+0530][gc,heap     ] GC(48) Archive regions: 2->2
[2026-02-17T22:44:26.326+0530][gc,heap     ] GC(48) Humongous regions: 147->147
[2026-02-17T22:44:26.326+0530][gc,metaspace] GC(48) Metaspace: 43707K(44288K)->43707K(44288K) NonClass: 38874K(39168K)->38874K(39168K) Class: 4833K(5120K)->4833K(5120K)
[2026-02-17T22:44:26.326+0530][gc          ] GC(48) Pause Young (Normal) (G1 Evacuation Pause) 287M->243M(1024M) 15.296ms
[2026-02-17T22:44:26.326+0530][gc,cpu      ] GC(48) User=0.01s Sys=0.00s Real=0.01s
[2026-02-17T22:46:07.982+0530][gc,start    ] GC(49) Pause Young (Normal) (G1 Evacuation Pause)
[2026-02-17T22:46:07.983+0530][gc,task     ] GC(49) Using 1 workers of 1 for evacuation
[2026-02-17T22:46:08.093+0530][gc,mmu      ] GC(49) MMU target violated: 21.0ms (20.0ms/21.0ms)
[2026-02-17T22:46:08.093+0530][gc,phases   ] GC(49)   Pre Evacuate Collection Set: 0.08ms
[2026-02-17T22:46:08.093+0530][gc,phases   ] GC(49)   Merge Heap Roots: 0.14ms
[2026-02-17T22:46:08.093+0530][gc,phases   ] GC(49)   Evacuate Collection Set: 104.10ms
[2026-02-17T22:46:08.093+0530][gc,phases   ] GC(49)   Post Evacuate Collection Set: 6.51ms
[2026-02-17T22:46:08.093+0530][gc,phases   ] GC(49)   Other: 0.15ms
[2026-02-17T22:46:08.093+0530][gc,heap     ] GC(49) Eden regions: 44->0(44)
[2026-02-17T22:46:08.093+0530][gc,heap     ] GC(49) Survivor regions: 7->7(7)
[2026-02-17T22:46:08.093+0530][gc,heap     ] GC(49) Old regions: 89->92
[2026-02-17T22:46:08.093+0530][gc,heap     ] GC(49) Archive regions: 2->2
[2026-02-17T22:46:08.093+0530][gc,heap     ] GC(49) Humongous regions: 147->147
[2026-02-17T22:46:08.093+0530][gc,metaspace] GC(49) Metaspace: 43708K(44288K)->43708K(44288K) NonClass: 38874K(39168K)->38874K(39168K) Class: 4833K(5120K)->4833K(5120K)
[2026-02-17T22:46:08.093+0530][gc          ] GC(49) Pause Young (Normal) (G1 Evacuation Pause) 287M->246M(1024M) 111.005ms
[2026-02-17T22:46:08.093+0530][gc,cpu      ] GC(49) User=0.02s Sys=0.00s Real=0.11s
[2026-02-17T22:47:45.824+0530][gc,start    ] GC(50) Pause Young (Normal) (G1 Evacuation Pause)
[2026-02-17T22:47:45.824+0530][gc,task     ] GC(50) Using 1 workers of 1 for evacuation
[2026-02-17T22:47:45.873+0530][gc,mmu      ] GC(50) MMU target violated: 21.0ms (20.0ms/21.0ms)
[2026-02-17T22:47:45.873+0530][gc,phases   ] GC(50)   Pre Evacuate Collection Set: 0.96ms
[2026-02-17T22:47:45.873+0530][gc,phases   ] GC(50)   Merge Heap Roots: 0.07ms
[2026-02-17T22:47:45.873+0530][gc,phases   ] GC(50)   Evacuate Collection Set: 45.61ms
[2026-02-17T22:47:45.873+0530][gc,phases   ] GC(50)   Post Evacuate Collection Set: 2.21ms
[2026-02-17T22:47:45.873+0530][gc,phases   ] GC(50)   Other: 0.13ms
[2026-02-17T22:47:45.873+0530][gc,heap     ] GC(50) Eden regions: 44->0(46)
[2026-02-17T22:47:45.873+0530][gc,heap     ] GC(50) Survivor regions: 7->5(7)
[2026-02-17T22:47:45.873+0530][gc,heap     ] GC(50) Old regions: 92->94
[2026-02-17T22:47:45.873+0530][gc,heap     ] GC(50) Archive regions: 2->2
[2026-02-17T22:47:45.873+0530][gc,heap     ] GC(50) Humongous regions: 147->147
[2026-02-17T22:47:45.873+0530][gc,metaspace] GC(50) Metaspace: 43709K(44288K)->43709K(44288K) NonClass: 38876K(39168K)->38876K(39168K) Class: 4833K(5120K)->4833K(5120K)
[2026-02-17T22:47:45.873+0530][gc          ] GC(50) Pause Young (Normal) (G1 Evacuation Pause) 290M->246M(1024M) 49.018ms
[2026-02-17T22:47:45.873+0530][gc,cpu      ] GC(50) User=0.01s Sys=0.00s Real=0.05s
[2026-02-17T22:49:25.561+0530][gc,start    ] GC(51) Pause Young (Normal) (G1 Evacuation Pause)
[2026-02-17T22:49:25.561+0530][gc,task     ] GC(51) Using 1 workers of 1 for evacuation
[2026-02-17T22:49:25.619+0530][gc,mmu      ] GC(51) MMU target violated: 21.0ms (20.0ms/21.0ms)
[2026-02-17T22:49:25.619+0530][gc,phases   ] GC(51)   Pre Evacuate Collection Set: 0.52ms
[2026-02-17T22:49:25.619+0530][gc,phases   ] GC(51)   Merge Heap Roots: 0.09ms
[2026-02-17T22:49:25.619+0530][gc,phases   ] GC(51)   Evacuate Collection Set: 57.11ms
[2026-02-17T22:49:25.619+0530][gc,phases   ] GC(51)   Post Evacuate Collection Set: 0.28ms
[2026-02-17T22:49:25.619+0530][gc,phases   ] GC(51)   Other: 0.12ms
[2026-02-17T22:49:25.619+0530][gc,heap     ] GC(51) Eden regions: 46->0(44)
[2026-02-17T22:49:25.619+0530][gc,heap     ] GC(51) Survivor regions: 5->7(7)
[2026-02-17T22:49:25.619+0530][gc,heap     ] GC(51) Old regions: 94->96
[2026-02-17T22:49:25.619+0530][gc,heap     ] GC(51) Archive regions: 2->2
[2026-02-17T22:49:25.619+0530][gc,heap     ] GC(51) Humongous regions: 147->147
[2026-02-17T22:49:25.619+0530][gc,metaspace] GC(51) Metaspace: 43712K(44288K)->43712K(44288K) NonClass: 38878K(39168K)->38878K(39168K) Class: 4833K(5120K)->4833K(5120K)
[2026-02-17T22:49:25.619+0530][gc          ] GC(51) Pause Young (Normal) (G1 Evacuation Pause) 292M->250M(1024M) 58.160ms
[2026-02-17T22:49:25.619+0530][gc,cpu      ] GC(51) User=0.02s Sys=0.00s Real=0.06s
[2026-02-17T22:51:03.882+0530][gc,start    ] GC(52) Pause Young (Normal) (G1 Evacuation Pause)
[2026-02-17T22:51:03.882+0530][gc,task     ] GC(52) Using 1 workers of 1 for evacuation
[2026-02-17T22:51:03.898+0530][gc,phases   ] GC(52)   Pre Evacuate Collection Set: 0.17ms
[2026-02-17T22:51:03.898+0530][gc,phases   ] GC(52)   Merge Heap Roots: 0.07ms
[2026-02-17T22:51:03.898+0530][gc,phases   ] GC(52)   Evacuate Collection Set: 15.83ms
[2026-02-17T22:51:03.898+0530][gc,phases   ] GC(52)   Post Evacuate Collection Set: 0.26ms
[2026-02-17T22:51:03.898+0530][gc,phases   ] GC(52)   Other: 0.09ms
[2026-02-17T22:51:03.898+0530][gc,heap     ] GC(52) Eden regions: 44->0(47)
[2026-02-17T22:51:03.898+0530][gc,heap     ] GC(52) Survivor regions: 7->4(7)
[2026-02-17T22:51:03.898+0530][gc,heap     ] GC(52) Old regions: 96->100
[2026-02-17T22:51:03.898+0530][gc,heap     ] GC(52) Archive regions: 2->2
[2026-02-17T22:51:03.898+0530][gc,heap     ] GC(52) Humongous regions: 147->147
[2026-02-17T22:51:03.898+0530][gc,metaspace] GC(52) Metaspace: 43720K(44288K)->43720K(44288K) NonClass: 38886K(39168K)->38886K(39168K) Class: 4833K(5120K)->4833K(5120K)
[2026-02-17T22:51:03.898+0530][gc          ] GC(52) Pause Young (Normal) (G1 Evacuation Pause) 294M->250M(1024M) 16.596ms
[2026-02-17T22:51:03.898+0530][gc,cpu      ] GC(52) User=0.01s Sys=0.00s Real=0.02s
[2026-02-17T22:52:45.154+0530][gc,start    ] GC(53) Pause Young (Normal) (G1 Evacuation Pause)
[2026-02-17T22:52:45.154+0530][gc,task     ] GC(53) Using 1 workers of 1 for evacuation
[2026-02-17T22:52:45.182+0530][gc,mmu      ] GC(53) MMU target violated: 21.0ms (20.0ms/21.0ms)
[2026-02-17T22:52:45.182+0530][gc,phases   ] GC(53)   Pre Evacuate Collection Set: 0.27ms
[2026-02-17T22:52:45.182+0530][gc,phases   ] GC(53)   Merge Heap Roots: 0.07ms
[2026-02-17T22:52:45.182+0530][gc,phases   ] GC(53)   Evacuate Collection Set: 27.29ms
[2026-02-17T22:52:45.182+0530][gc,phases   ] GC(53)   Post Evacuate Collection Set: 0.27ms
[2026-02-17T22:52:45.182+0530][gc,phases   ] GC(53)   Other: 0.20ms
[2026-02-17T22:52:45.182+0530][gc,heap     ] GC(53) Eden regions: 47->0(47)
[2026-02-17T22:52:45.182+0530][gc,heap     ] GC(53) Survivor regions: 4->4(7)
[2026-02-17T22:52:45.182+0530][gc,heap     ] GC(53) Old regions: 100->100
[2026-02-17T22:52:45.182+0530][gc,heap     ] GC(53) Archive regions: 2->2
[2026-02-17T22:52:45.182+0530][gc,heap     ] GC(53) Humongous regions: 147->147
[2026-02-17T22:52:45.182+0530][gc,metaspace] GC(53) Metaspace: 43723K(44288K)->43723K(44288K) NonClass: 38890K(39168K)->38890K(39168K) Class: 4833K(5120K)->4833K(5120K)
[2026-02-17T22:52:45.182+0530][gc          ] GC(53) Pause Young (Normal) (G1 Evacuation Pause) 297M->250M(1024M) 28.179ms
[2026-02-17T22:52:45.182+0530][gc,cpu      ] GC(53) User=0.01s Sys=0.00s Real=0.03s
[2026-02-17T22:54:34.341+0530][gc,start    ] GC(54) Pause Young (Normal) (G1 Evacuation Pause)
[2026-02-17T22:54:34.341+0530][gc,task     ] GC(54) Using 1 workers of 1 for evacuation
[2026-02-17T22:54:34.355+0530][gc,phases   ] GC(54)   Pre Evacuate Collection Set: 0.24ms
[2026-02-17T22:54:34.355+0530][gc,phases   ] GC(54)   Merge Heap Roots: 0.14ms
[2026-02-17T22:54:34.355+0530][gc,phases   ] GC(54)   Evacuate Collection Set: 13.03ms
[2026-02-17T22:54:34.355+0530][gc,phases   ] GC(54)   Post Evacuate Collection Set: 0.24ms
[2026-02-17T22:54:34.355+0530][gc,phases   ] GC(54)   Other: 0.23ms
[2026-02-17T22:54:34.355+0530][gc,heap     ] GC(54) Eden regions: 47->0(44)
[2026-02-17T22:54:34.355+0530][gc,heap     ] GC(54) Survivor regions: 4->7(7)
[2026-02-17T22:54:34.355+0530][gc,heap     ] GC(54) Old regions: 100->100
[2026-02-17T22:54:34.355+0530][gc,heap     ] GC(54) Archive regions: 2->2
[2026-02-17T22:54:34.355+0530][gc,heap     ] GC(54) Humongous regions: 147->147
[2026-02-17T22:54:34.355+0530][gc,metaspace] GC(54) Metaspace: 43724K(44288K)->43724K(44288K) NonClass: 38890K(39168K)->38890K(39168K) Class: 4833K(5120K)->4833K(5120K)
[2026-02-17T22:54:34.355+0530][gc          ] GC(54) Pause Young (Normal) (G1 Evacuation Pause) 297M->254M(1024M) 13.993ms
[2026-02-17T22:54:34.355+0530][gc,cpu      ] GC(54) User=0.01s Sys=0.00s Real=0.01s
[2026-02-17T22:56:15.825+0530][gc,start    ] GC(55) Pause Young (Normal) (G1 Evacuation Pause)
[2026-02-17T22:56:15.825+0530][gc,task     ] GC(55) Using 1 workers of 1 for evacuation
[2026-02-17T22:56:15.900+0530][gc,mmu      ] GC(55) MMU target violated: 21.0ms (20.0ms/21.0ms)
[2026-02-17T22:56:15.900+0530][gc,phases   ] GC(55)   Pre Evacuate Collection Set: 0.18ms
[2026-02-17T22:56:15.900+0530][gc,phases   ] GC(55)   Merge Heap Roots: 2.37ms
[2026-02-17T22:56:15.900+0530][gc,phases   ] GC(55)   Evacuate Collection Set: 72.64ms
[2026-02-17T22:56:15.900+0530][gc,phases   ] GC(55)   Post Evacuate Collection Set: 0.24ms
[2026-02-17T22:56:15.900+0530][gc,phases   ] GC(55)   Other: 0.25ms
[2026-02-17T22:56:15.900+0530][gc,heap     ] GC(55) Eden regions: 44->0(44)
[2026-02-17T22:56:15.900+0530][gc,heap     ] GC(55) Survivor regions: 7->7(7)
[2026-02-17T22:56:15.900+0530][gc,heap     ] GC(55) Old regions: 100->103
[2026-02-17T22:56:15.900+0530][gc,heap     ] GC(55) Archive regions: 2->2
[2026-02-17T22:56:15.900+0530][gc,heap     ] GC(55) Humongous regions: 147->147
[2026-02-17T22:56:15.900+0530][gc,metaspace] GC(55) Metaspace: 43724K(44288K)->43724K(44288K) NonClass: 38890K(39168K)->38890K(39168K) Class: 4833K(5120K)->4833K(5120K)
[2026-02-17T22:56:15.900+0530][gc          ] GC(55) Pause Young (Normal) (G1 Evacuation Pause) 298M->257M(1024M) 75.717ms
[2026-02-17T22:56:15.900+0530][gc,cpu      ] GC(55) User=0.02s Sys=0.00s Real=0.08s
[2026-02-17T22:57:57.162+0530][gc,start    ] GC(56) Pause Young (Normal) (G1 Evacuation Pause)
[2026-02-17T22:57:57.162+0530][gc,task     ] GC(56) Using 1 workers of 1 for evacuation
[2026-02-17T22:57:57.183+0530][gc,mmu      ] GC(56) MMU target violated: 20.8ms (20.0ms/21.0ms)
[2026-02-17T22:57:57.183+0530][gc,phases   ] GC(56)   Pre Evacuate Collection Set: 0.17ms
[2026-02-17T22:57:57.183+0530][gc,phases   ] GC(56)   Merge Heap Roots: 0.06ms
[2026-02-17T22:57:57.183+0530][gc,phases   ] GC(56)   Evacuate Collection Set: 19.29ms
[2026-02-17T22:57:57.183+0530][gc,phases   ] GC(56)   Post Evacuate Collection Set: 1.32ms
[2026-02-17T22:57:57.183+0530][gc,phases   ] GC(56)   Other: 0.13ms
[2026-02-17T22:57:57.183+0530][gc,heap     ] GC(56) Eden regions: 44->0(46)
[2026-02-17T22:57:57.183+0530][gc,heap     ] GC(56) Survivor regions: 7->5(7)
[2026-02-17T22:57:57.183+0530][gc,heap     ] GC(56) Old regions: 103->105
[2026-02-17T22:57:57.183+0530][gc,heap     ] GC(56) Archive regions: 2->2
[2026-02-17T22:57:57.183+0530][gc,heap     ] GC(56) Humongous regions: 147->147
[2026-02-17T22:57:57.183+0530][gc,metaspace] GC(56) Metaspace: 43724K(44288K)->43724K(44288K) NonClass: 38890K(39168K)->38890K(39168K) Class: 4833K(5120K)->4833K(5120K)
[2026-02-17T22:57:57.183+0530][gc          ] GC(56) Pause Young (Normal) (G1 Evacuation Pause) 301M->256M(1024M) 21.015ms
[2026-02-17T22:57:57.183+0530][gc,cpu      ] GC(56) User=0.01s Sys=0.01s Real=0.02s
[2026-02-17T22:59:44.180+0530][gc,start    ] GC(57) Pause Young (Normal) (G1 Evacuation Pause)
[2026-02-17T22:59:44.180+0530][gc,task     ] GC(57) Using 1 workers of 1 for evacuation
[2026-02-17T22:59:44.208+0530][gc,mmu      ] GC(57) MMU target violated: 21.0ms (20.0ms/21.0ms)
[2026-02-17T22:59:44.208+0530][gc,phases   ] GC(57)   Pre Evacuate Collection Set: 0.08ms
[2026-02-17T22:59:44.208+0530][gc,phases   ] GC(57)   Merge Heap Roots: 0.06ms
[2026-02-17T22:59:44.208+0530][gc,phases   ] GC(57)   Evacuate Collection Set: 26.42ms
[2026-02-17T22:59:44.208+0530][gc,phases   ] GC(57)   Post Evacuate Collection Set: 1.67ms
[2026-02-17T22:59:44.208+0530][gc,phases   ] GC(57)   Other: 0.39ms
[2026-02-17T22:59:44.208+0530][gc,heap     ] GC(57) Eden regions: 46->0(45)
[2026-02-17T22:59:44.208+0530][gc,heap     ] GC(57) Survivor regions: 5->6(7)
[2026-02-17T22:59:44.208+0530][gc,heap     ] GC(57) Old regions: 105->107
[2026-02-17T22:59:44.208+0530][gc,heap     ] GC(57) Archive regions: 2->2
[2026-02-17T22:59:44.208+0530][gc,heap     ] GC(57) Humongous regions: 147->147
[2026-02-17T22:59:44.208+0530][gc,metaspace] GC(57) Metaspace: 43724K(44288K)->43724K(44288K) NonClass: 38890K(39168K)->38890K(39168K) Class: 4833K(5120K)->4833K(5120K)
[2026-02-17T22:59:44.208+0530][gc          ] GC(57) Pause Young (Normal) (G1 Evacuation Pause) 302M->260M(1024M) 28.652ms
[2026-02-17T22:59:44.208+0530][gc,cpu      ] GC(57) User=0.01s Sys=0.00s Real=0.03s
[2026-02-17T23:01:27.971+0530][gc,start    ] GC(58) Pause Young (Normal) (G1 Evacuation Pause)
[2026-02-17T23:01:27.971+0530][gc,task     ] GC(58) Using 1 workers of 1 for evacuation
[2026-02-17T23:01:28.012+0530][gc,mmu      ] GC(58) MMU target violated: 21.0ms (20.0ms/21.0ms)
[2026-02-17T23:01:28.012+0530][gc,phases   ] GC(58)   Pre Evacuate Collection Set: 0.93ms
[2026-02-17T23:01:28.012+0530][gc,phases   ] GC(58)   Merge Heap Roots: 0.47ms
[2026-02-17T23:01:28.012+0530][gc,phases   ] GC(58)   Evacuate Collection Set: 36.54ms
[2026-02-17T23:01:28.012+0530][gc,phases   ] GC(58)   Post Evacuate Collection Set: 3.11ms
[2026-02-17T23:01:28.012+0530][gc,phases   ] GC(58)   Other: 0.12ms
[2026-02-17T23:01:28.012+0530][gc,heap     ] GC(58) Eden regions: 45->0(47)
[2026-02-17T23:01:28.012+0530][gc,heap     ] GC(58) Survivor regions: 6->4(7)
[2026-02-17T23:01:28.012+0530][gc,heap     ] GC(58) Old regions: 107->108
[2026-02-17T23:01:28.012+0530][gc,heap     ] GC(58) Archive regions: 2->2
[2026-02-17T23:01:28.012+0530][gc,heap     ] GC(58) Humongous regions: 147->147
[2026-02-17T23:01:28.012+0530][gc,metaspace] GC(58) Metaspace: 43724K(44288K)->43724K(44288K) NonClass: 38890K(39168K)->38890K(39168K) Class: 4833K(5120K)->4833K(5120K)
[2026-02-17T23:01:28.012+0530][gc          ] GC(58) Pause Young (Normal) (G1 Evacuation Pause) 305M->259M(1024M) 41.206ms
[2026-02-17T23:01:28.013+0530][gc,cpu      ] GC(58) User=0.01s Sys=0.00s Real=0.04s
[2026-02-17T23:03:16.915+0530][gc,start    ] GC(59) Pause Young (Normal) (G1 Evacuation Pause)
[2026-02-17T23:03:16.915+0530][gc,task     ] GC(59) Using 1 workers of 1 for evacuation
[2026-02-17T23:03:16.941+0530][gc,mmu      ] GC(59) MMU target violated: 21.0ms (20.0ms/21.0ms)
[2026-02-17T23:03:16.941+0530][gc,phases   ] GC(59)   Pre Evacuate Collection Set: 1.49ms
[2026-02-17T23:03:16.941+0530][gc,phases   ] GC(59)   Merge Heap Roots: 0.09ms
[2026-02-17T23:03:16.941+0530][gc,phases   ] GC(59)   Evacuate Collection Set: 24.77ms
[2026-02-17T23:03:16.941+0530][gc,phases   ] GC(59)   Post Evacuate Collection Set: 0.32ms
[2026-02-17T23:03:16.941+0530][gc,phases   ] GC(59)   Other: 0.23ms
[2026-02-17T23:03:16.942+0530][gc,heap     ] GC(59) Eden regions: 47->0(44)
[2026-02-17T23:03:16.942+0530][gc,heap     ] GC(59) Survivor regions: 4->7(7)
[2026-02-17T23:03:16.942+0530][gc,heap     ] GC(59) Old regions: 108->108
[2026-02-17T23:03:16.942+0530][gc,heap     ] GC(59) Archive regions: 2->2
[2026-02-17T23:03:16.942+0530][gc,heap     ] GC(59) Humongous regions: 147->147
[2026-02-17T23:03:16.942+0530][gc,metaspace] GC(59) Metaspace: 43725K(44288K)->43725K(44288K) NonClass: 38891K(39168K)->38891K(39168K) Class: 4833K(5120K)->4833K(5120K)
[2026-02-17T23:03:16.942+0530][gc          ] GC(59) Pause Young (Normal) (G1 Evacuation Pause) 306M->262M(1024M) 26.934ms
[2026-02-17T23:03:16.942+0530][gc,cpu      ] GC(59) User=0.01s Sys=0.00s Real=0.03s
[2026-02-17T23:04:59.034+0530][gc,start    ] GC(60) Pause Young (Normal) (G1 Evacuation Pause)
[2026-02-17T23:04:59.034+0530][gc,task     ] GC(60) Using 1 workers of 1 for evacuation
[2026-02-17T23:04:59.067+0530][gc,mmu      ] GC(60) MMU target violated: 21.0ms (20.0ms/21.0ms)
[2026-02-17T23:04:59.068+0530][gc,phases   ] GC(60)   Pre Evacuate Collection Set: 0.70ms
[2026-02-17T23:04:59.068+0530][gc,phases   ] GC(60)   Merge Heap Roots: 0.27ms
[2026-02-17T23:04:59.068+0530][gc,phases   ] GC(60)   Evacuate Collection Set: 31.47ms
[2026-02-17T23:04:59.068+0530][gc,phases   ] GC(60)   Post Evacuate Collection Set: 1.47ms
[2026-02-17T23:04:59.068+0530][gc,phases   ] GC(60)   Other: 0.13ms
[2026-02-17T23:04:59.068+0530][gc,heap     ] GC(60) Eden regions: 44->0(44)
[2026-02-17T23:04:59.068+0530][gc,heap     ] GC(60) Survivor regions: 7->7(7)
[2026-02-17T23:04:59.068+0530][gc,heap     ] GC(60) Old regions: 108->112
[2026-02-17T23:04:59.068+0530][gc,heap     ] GC(60) Archive regions: 2->2
[2026-02-17T23:04:59.068+0530][gc,heap     ] GC(60) Humongous regions: 147->147
[2026-02-17T23:04:59.068+0530][gc,metaspace] GC(60) Metaspace: 43725K(44288K)->43725K(44288K) NonClass: 38891K(39168K)->38891K(39168K) Class: 4833K(5120K)->4833K(5120K)
[2026-02-17T23:04:59.068+0530][gc          ] GC(60) Pause Young (Normal) (G1 Evacuation Pause) 306M->265M(1024M) 34.069ms
[2026-02-17T23:04:59.068+0530][gc,cpu      ] GC(60) User=0.02s Sys=0.00s Real=0.04s
[2026-02-17T23:06:40.159+0530][gc,start    ] GC(61) Pause Young (Normal) (G1 Evacuation Pause)
[2026-02-17T23:06:40.159+0530][gc,task     ] GC(61) Using 1 workers of 1 for evacuation
[2026-02-17T23:06:40.171+0530][gc,phases   ] GC(61)   Pre Evacuate Collection Set: 0.17ms
[2026-02-17T23:06:40.171+0530][gc,phases   ] GC(61)   Merge Heap Roots: 0.13ms
[2026-02-17T23:06:40.171+0530][gc,phases   ] GC(61)   Evacuate Collection Set: 11.65ms
[2026-02-17T23:06:40.171+0530][gc,phases   ] GC(61)   Post Evacuate Collection Set: 0.29ms
[2026-02-17T23:06:40.171+0530][gc,phases   ] GC(61)   Other: 0.08ms
[2026-02-17T23:06:40.171+0530][gc,heap     ] GC(61) Eden regions: 44->0(46)
[2026-02-17T23:06:40.171+0530][gc,heap     ] GC(61) Survivor regions: 7->5(7)
[2026-02-17T23:06:40.171+0530][gc,heap     ] GC(61) Old regions: 112->114
[2026-02-17T23:06:40.171+0530][gc,heap     ] GC(61) Archive regions: 2->2
[2026-02-17T23:06:40.171+0530][gc,heap     ] GC(61) Humongous regions: 147->147
[2026-02-17T23:06:40.171+0530][gc,metaspace] GC(61) Metaspace: 43731K(44288K)->43731K(44288K) NonClass: 38897K(39168K)->38897K(39168K) Class: 4833K(5120K)->4833K(5120K)
[2026-02-17T23:06:40.171+0530][gc          ] GC(61) Pause Young (Normal) (G1 Evacuation Pause) 309M->265M(1024M) 12.439ms
[2026-02-17T23:06:40.171+0530][gc,cpu      ] GC(61) User=0.01s Sys=0.00s Real=0.01s
[2026-02-17T23:08:26.576+0530][gc,start    ] GC(62) Pause Young (Normal) (G1 Evacuation Pause)
[2026-02-17T23:08:26.576+0530][gc,task     ] GC(62) Using 1 workers of 1 for evacuation
[2026-02-17T23:08:26.590+0530][gc,phases   ] GC(62)   Pre Evacuate Collection Set: 0.34ms
[2026-02-17T23:08:26.590+0530][gc,phases   ] GC(62)   Merge Heap Roots: 0.15ms
[2026-02-17T23:08:26.590+0530][gc,phases   ] GC(62)   Evacuate Collection Set: 13.58ms
[2026-02-17T23:08:26.590+0530][gc,phases   ] GC(62)   Post Evacuate Collection Set: 0.32ms
[2026-02-17T23:08:26.590+0530][gc,phases   ] GC(62)   Other: 0.08ms
[2026-02-17T23:08:26.590+0530][gc,heap     ] GC(62) Eden regions: 46->0(44)
[2026-02-17T23:08:26.590+0530][gc,heap     ] GC(62) Survivor regions: 5->7(7)
[2026-02-17T23:08:26.590+0530][gc,heap     ] GC(62) Old regions: 114->116
[2026-02-17T23:08:26.590+0530][gc,heap     ] GC(62) Archive regions: 2->2
[2026-02-17T23:08:26.590+0530][gc,heap     ] GC(62) Humongous regions: 147->147
[2026-02-17T23:08:26.590+0530][gc,metaspace] GC(62) Metaspace: 43731K(44288K)->43731K(44288K) NonClass: 38897K(39168K)->38897K(39168K) Class: 4833K(5120K)->4833K(5120K)
[2026-02-17T23:08:26.590+0530][gc          ] GC(62) Pause Young (Normal) (G1 Evacuation Pause) 311M->269M(1024M) 14.520ms
[2026-02-17T23:08:26.590+0530][gc,cpu      ] GC(62) User=0.01s Sys=0.00s Real=0.02s
[2026-02-17T23:10:08.126+0530][gc,start    ] GC(63) Pause Young (Normal) (G1 Evacuation Pause)
[2026-02-17T23:10:08.126+0530][gc,task     ] GC(63) Using 1 workers of 1 for evacuation
[2026-02-17T23:10:08.137+0530][gc,phases   ] GC(63)   Pre Evacuate Collection Set: 0.14ms
[2026-02-17T23:10:08.137+0530][gc,phases   ] GC(63)   Merge Heap Roots: 0.14ms
[2026-02-17T23:10:08.137+0530][gc,phases   ] GC(63)   Evacuate Collection Set: 9.82ms
[2026-02-17T23:10:08.137+0530][gc,phases   ] GC(63)   Post Evacuate Collection Set: 0.29ms
[2026-02-17T23:10:08.137+0530][gc,phases   ] GC(63)   Other: 0.08ms
[2026-02-17T23:10:08.137+0530][gc,heap     ] GC(63) Eden regions: 44->0(47)
[2026-02-17T23:10:08.137+0530][gc,heap     ] GC(63) Survivor regions: 7->4(7)
[2026-02-17T23:10:08.137+0530][gc,heap     ] GC(63) Old regions: 116->117
[2026-02-17T23:10:08.137+0530][gc,heap     ] GC(63) Archive regions: 2->2
[2026-02-17T23:10:08.137+0530][gc,heap     ] GC(63) Humongous regions: 147->147
[2026-02-17T23:10:08.137+0530][gc,metaspace] GC(63) Metaspace: 43731K(44288K)->43731K(44288K) NonClass: 38897K(39168K)->38897K(39168K) Class: 4833K(5120K)->4833K(5120K)
[2026-02-17T23:10:08.137+0530][gc          ] GC(63) Pause Young (Normal) (G1 Evacuation Pause) 313M->268M(1024M) 10.534ms
[2026-02-17T23:10:08.137+0530][gc,cpu      ] GC(63) User=0.01s Sys=0.00s Real=0.01s
[2026-02-17T23:11:57.097+0530][gc,start    ] GC(64) Pause Young (Normal) (G1 Evacuation Pause)
[2026-02-17T23:11:57.097+0530][gc,task     ] GC(64) Using 1 workers of 1 for evacuation
[2026-02-17T23:11:57.113+0530][gc,phases   ] GC(64)   Pre Evacuate Collection Set: 0.37ms
[2026-02-17T23:11:57.113+0530][gc,phases   ] GC(64)   Merge Heap Roots: 0.07ms
[2026-02-17T23:11:57.113+0530][gc,phases   ] GC(64)   Evacuate Collection Set: 14.80ms
[2026-02-17T23:11:57.113+0530][gc,phases   ] GC(64)   Post Evacuate Collection Set: 0.26ms
[2026-02-17T23:11:57.113+0530][gc,phases   ] GC(64)   Other: 0.10ms
[2026-02-17T23:11:57.113+0530][gc,heap     ] GC(64) Eden regions: 47->0(45)
[2026-02-17T23:11:57.113+0530][gc,heap     ] GC(64) Survivor regions: 4->6(7)
[2026-02-17T23:11:57.113+0530][gc,heap     ] GC(64) Old regions: 117->119
[2026-02-17T23:11:57.113+0530][gc,heap     ] GC(64) Archive regions: 2->2
[2026-02-17T23:11:57.113+0530][gc,heap     ] GC(64) Humongous regions: 147->147
[2026-02-17T23:11:57.113+0530][gc,metaspace] GC(64) Metaspace: 43732K(44288K)->43732K(44288K) NonClass: 38898K(39168K)->38898K(39168K) Class: 4833K(5120K)->4833K(5120K)
[2026-02-17T23:11:57.113+0530][gc          ] GC(64) Pause Young (Normal) (G1 Evacuation Pause) 315M->272M(1024M) 15.659ms
[2026-02-17T23:11:57.113+0530][gc,cpu      ] GC(64) User=0.02s Sys=0.00s Real=0.01s
[2026-02-17T23:13:40.956+0530][gc,start    ] GC(65) Pause Young (Normal) (G1 Evacuation Pause)
[2026-02-17T23:13:40.956+0530][gc,task     ] GC(65) Using 1 workers of 1 for evacuation
[2026-02-17T23:13:41.005+0530][gc,mmu      ] GC(65) MMU target violated: 21.0ms (20.0ms/21.0ms)
[2026-02-17T23:13:41.005+0530][gc,phases   ] GC(65)   Pre Evacuate Collection Set: 0.37ms
[2026-02-17T23:13:41.005+0530][gc,phases   ] GC(65)   Merge Heap Roots: 0.07ms
[2026-02-17T23:13:41.005+0530][gc,phases   ] GC(65)   Evacuate Collection Set: 46.26ms
[2026-02-17T23:13:41.005+0530][gc,phases   ] GC(65)   Post Evacuate Collection Set: 1.93ms
[2026-02-17T23:13:41.005+0530][gc,phases   ] GC(65)   Other: 0.12ms
[2026-02-17T23:13:41.005+0530][gc,heap     ] GC(65) Eden regions: 45->0(47)
[2026-02-17T23:13:41.005+0530][gc,heap     ] GC(65) Survivor regions: 6->4(7)
[2026-02-17T23:13:41.005+0530][gc,heap     ] GC(65) Old regions: 119->120
[2026-02-17T23:13:41.005+0530][gc,heap     ] GC(65) Archive regions: 2->2
[2026-02-17T23:13:41.005+0530][gc,heap     ] GC(65) Humongous regions: 147->147
[2026-02-17T23:13:41.005+0530][gc,metaspace] GC(65) Metaspace: 43732K(44288K)->43732K(44288K) NonClass: 38898K(39168K)->38898K(39168K) Class: 4833K(5120K)->4833K(5120K)
[2026-02-17T23:13:41.005+0530][gc          ] GC(65) Pause Young (Normal) (G1 Evacuation Pause) 317M->271M(1024M) 48.861ms
[2026-02-17T23:13:41.005+0530][gc,cpu      ] GC(65) User=0.02s Sys=0.00s Real=0.04s
[2026-02-17T23:15:30.603+0530][gc,start    ] GC(66) Pause Young (Normal) (G1 Evacuation Pause)
[2026-02-17T23:15:30.603+0530][gc,task     ] GC(66) Using 1 workers of 1 for evacuation
[2026-02-17T23:15:30.638+0530][gc,mmu      ] GC(66) MMU target violated: 21.0ms (20.0ms/21.0ms)
[2026-02-17T23:15:30.638+0530][gc,phases   ] GC(66)   Pre Evacuate Collection Set: 0.73ms
[2026-02-17T23:15:30.638+0530][gc,phases   ] GC(66)   Merge Heap Roots: 0.08ms
[2026-02-17T23:15:30.638+0530][gc,phases   ] GC(66)   Evacuate Collection Set: 33.08ms
[2026-02-17T23:15:30.638+0530][gc,phases   ] GC(66)   Post Evacuate Collection Set: 0.25ms
[2026-02-17T23:15:30.638+0530][gc,phases   ] GC(66)   Other: 0.37ms
[2026-02-17T23:15:30.638+0530][gc,heap     ] GC(66) Eden regions: 47->0(44)
[2026-02-17T23:15:30.638+0530][gc,heap     ] GC(66) Survivor regions: 4->7(7)
[2026-02-17T23:15:30.638+0530][gc,heap     ] GC(66) Old regions: 120->120
[2026-02-17T23:15:30.638+0530][gc,heap     ] GC(66) Archive regions: 2->2
[2026-02-17T23:15:30.638+0530][gc,heap     ] GC(66) Humongous regions: 147->147
[2026-02-17T23:15:30.638+0530][gc,metaspace] GC(66) Metaspace: 43732K(44288K)->43732K(44288K) NonClass: 38898K(39168K)->38898K(39168K) Class: 4833K(5120K)->4833K(5120K)
[2026-02-17T23:15:30.638+0530][gc          ] GC(66) Pause Young (Normal) (G1 Evacuation Pause) 318M->274M(1024M) 34.541ms
[2026-02-17T23:15:30.638+0530][gc,cpu      ] GC(66) User=0.02s Sys=0.00s Real=0.04s
[2026-02-17T23:17:12.424+0530][gc,start    ] GC(67) Pause Young (Normal) (G1 Evacuation Pause)
[2026-02-17T23:17:12.424+0530][gc,task     ] GC(67) Using 1 workers of 1 for evacuation
[2026-02-17T23:17:12.448+0530][gc,mmu      ] GC(67) MMU target violated: 21.0ms (20.0ms/21.0ms)
[2026-02-17T23:17:12.448+0530][gc,phases   ] GC(67)   Pre Evacuate Collection Set: 0.19ms
[2026-02-17T23:17:12.448+0530][gc,phases   ] GC(67)   Merge Heap Roots: 0.06ms
[2026-02-17T23:17:12.448+0530][gc,phases   ] GC(67)   Evacuate Collection Set: 23.21ms
[2026-02-17T23:17:12.448+0530][gc,phases   ] GC(67)   Post Evacuate Collection Set: 0.24ms
[2026-02-17T23:17:12.448+0530][gc,phases   ] GC(67)   Other: 0.14ms
[2026-02-17T23:17:12.448+0530][gc,heap     ] GC(67) Eden regions: 44->0(44)
[2026-02-17T23:17:12.448+0530][gc,heap     ] GC(67) Survivor regions: 7->7(7)
[2026-02-17T23:17:12.448+0530][gc,heap     ] GC(67) Old regions: 120->124
[2026-02-17T23:17:12.448+0530][gc,heap     ] GC(67) Archive regions: 2->2
[2026-02-17T23:17:12.448+0530][gc,heap     ] GC(67) Humongous regions: 147->147
[2026-02-17T23:17:12.448+0530][gc,metaspace] GC(67) Metaspace: 43733K(44288K)->43733K(44288K) NonClass: 38900K(39168K)->38900K(39168K) Class: 4833K(5120K)->4833K(5120K)
[2026-02-17T23:17:12.448+0530][gc          ] GC(67) Pause Young (Normal) (G1 Evacuation Pause) 318M->277M(1024M) 23.882ms
[2026-02-17T23:17:12.448+0530][gc,cpu      ] GC(67) User=0.01s Sys=0.00s Real=0.03s
[2026-02-17T23:18:53.743+0530][gc,start    ] GC(68) Pause Young (Normal) (G1 Evacuation Pause)
[2026-02-17T23:18:53.743+0530][gc,task     ] GC(68) Using 1 workers of 1 for evacuation
[2026-02-17T23:18:53.874+0530][gc,mmu      ] GC(68) MMU target violated: 21.0ms (20.0ms/21.0ms)
[2026-02-17T23:18:53.874+0530][gc,phases   ] GC(68)   Pre Evacuate Collection Set: 4.57ms
[2026-02-17T23:18:53.874+0530][gc,phases   ] GC(68)   Merge Heap Roots: 0.08ms
[2026-02-17T23:18:53.874+0530][gc,phases   ] GC(68)   Evacuate Collection Set: 119.80ms
[2026-02-17T23:18:53.874+0530][gc,phases   ] GC(68)   Post Evacuate Collection Set: 6.84ms
[2026-02-17T23:18:53.874+0530][gc,phases   ] GC(68)   Other: 0.14ms
[2026-02-17T23:18:53.874+0530][gc,heap     ] GC(68) Eden regions: 44->0(46)
[2026-02-17T23:18:53.874+0530][gc,heap     ] GC(68) Survivor regions: 7->5(7)
[2026-02-17T23:18:53.874+0530][gc,heap     ] GC(68) Old regions: 124->125
[2026-02-17T23:18:53.874+0530][gc,heap     ] GC(68) Archive regions: 2->2
[2026-02-17T23:18:53.874+0530][gc,heap     ] GC(68) Humongous regions: 147->147
[2026-02-17T23:18:53.874+0530][gc,metaspace] GC(68) Metaspace: 43735K(44288K)->43735K(44288K) NonClass: 38901K(39168K)->38901K(39168K) Class: 4833K(5120K)->4833K(5120K)
[2026-02-17T23:18:53.874+0530][gc          ] GC(68) Pause Young (Normal) (G1 Evacuation Pause) 321M->277M(1024M) 131.537ms
[2026-02-17T23:18:53.874+0530][gc,cpu      ] GC(68) User=0.02s Sys=0.00s Real=0.13s
[2026-02-17T23:20:40.675+0530][gc,start    ] GC(69) Pause Young (Normal) (G1 Evacuation Pause)
[2026-02-17T23:20:40.675+0530][gc,task     ] GC(69) Using 1 workers of 1 for evacuation
[2026-02-17T23:20:40.691+0530][gc,phases   ] GC(69)   Pre Evacuate Collection Set: 0.16ms
[2026-02-17T23:20:40.691+0530][gc,phases   ] GC(69)   Merge Heap Roots: 0.06ms
[2026-02-17T23:20:40.691+0530][gc,phases   ] GC(69)   Evacuate Collection Set: 15.33ms
[2026-02-17T23:20:40.691+0530][gc,phases   ] GC(69)   Post Evacuate Collection Set: 0.30ms
[2026-02-17T23:20:40.691+0530][gc,phases   ] GC(69)   Other: 0.09ms
[2026-02-17T23:20:40.691+0530][gc,heap     ] GC(69) Eden regions: 46->0(45)
[2026-02-17T23:20:40.691+0530][gc,heap     ] GC(69) Survivor regions: 5->6(7)
[2026-02-17T23:20:40.691+0530][gc,heap     ] GC(69) Old regions: 125->127
[2026-02-17T23:20:40.691+0530][gc,heap     ] GC(69) Archive regions: 2->2
[2026-02-17T23:20:40.691+0530][gc,heap     ] GC(69) Humongous regions: 147->147
[2026-02-17T23:20:40.691+0530][gc,metaspace] GC(69) Metaspace: 43735K(44288K)->43735K(44288K) NonClass: 38901K(39168K)->38901K(39168K) Class: 4833K(5120K)->4833K(5120K)
[2026-02-17T23:20:40.691+0530][gc          ] GC(69) Pause Young (Normal) (G1 Evacuation Pause) 323M->280M(1024M) 16.246ms
[2026-02-17T23:20:40.691+0530][gc,cpu      ] GC(69) User=0.02s Sys=0.00s Real=0.02s
[2026-02-17T23:22:24.890+0530][gc,start    ] GC(70) Pause Young (Normal) (G1 Evacuation Pause)
[2026-02-17T23:22:24.890+0530][gc,task     ] GC(70) Using 1 workers of 1 for evacuation
[2026-02-17T23:22:24.905+0530][gc,phases   ] GC(70)   Pre Evacuate Collection Set: 0.17ms
[2026-02-17T23:22:24.905+0530][gc,phases   ] GC(70)   Merge Heap Roots: 0.71ms
[2026-02-17T23:22:24.905+0530][gc,phases   ] GC(70)   Evacuate Collection Set: 13.76ms
[2026-02-17T23:22:24.905+0530][gc,phases   ] GC(70)   Post Evacuate Collection Set: 0.23ms
[2026-02-17T23:22:24.905+0530][gc,phases   ] GC(70)   Other: 0.10ms
[2026-02-17T23:22:24.905+0530][gc,heap     ] GC(70) Eden regions: 45->0(47)
[2026-02-17T23:22:24.905+0530][gc,heap     ] GC(70) Survivor regions: 6->4(7)
[2026-02-17T23:22:24.905+0530][gc,heap     ] GC(70) Old regions: 127->129
[2026-02-17T23:22:24.905+0530][gc,heap     ] GC(70) Archive regions: 2->2
[2026-02-17T23:22:24.905+0530][gc,heap     ] GC(70) Humongous regions: 147->147
[2026-02-17T23:22:24.905+0530][gc,metaspace] GC(70) Metaspace: 43739K(44288K)->43739K(44288K) NonClass: 38905K(39168K)->38905K(39168K) Class: 4833K(5120K)->4833K(5120K)
[2026-02-17T23:22:24.905+0530][gc          ] GC(70) Pause Young (Normal) (G1 Evacuation Pause) 325M->280M(1024M) 15.033ms
[2026-02-17T23:22:24.905+0530][gc,cpu      ] GC(70) User=0.00s Sys=0.00s Real=0.01s
[2026-02-17T23:24:13.843+0530][gc,start    ] GC(71) Pause Young (Normal) (G1 Evacuation Pause)
[2026-02-17T23:24:13.843+0530][gc,task     ] GC(71) Using 1 workers of 1 for evacuation
[2026-02-17T23:24:14.001+0530][gc,mmu      ] GC(71) MMU target violated: 21.0ms (20.0ms/21.0ms)
[2026-02-17T23:24:14.001+0530][gc,phases   ] GC(71)   Pre Evacuate Collection Set: 0.69ms
[2026-02-17T23:24:14.001+0530][gc,phases   ] GC(71)   Merge Heap Roots: 2.85ms
[2026-02-17T23:24:14.001+0530][gc,phases   ] GC(71)   Evacuate Collection Set: 146.10ms
[2026-02-17T23:24:14.001+0530][gc,phases   ] GC(71)   Post Evacuate Collection Set: 8.31ms
[2026-02-17T23:24:14.001+0530][gc,phases   ] GC(71)   Other: 0.13ms
[2026-02-17T23:24:14.001+0530][gc,heap     ] GC(71) Eden regions: 47->0(45)
[2026-02-17T23:24:14.001+0530][gc,heap     ] GC(71) Survivor regions: 4->6(7)
[2026-02-17T23:24:14.001+0530][gc,heap     ] GC(71) Old regions: 129->130
[2026-02-17T23:24:14.001+0530][gc,heap     ] GC(71) Archive regions: 2->2
[2026-02-17T23:24:14.001+0530][gc,heap     ] GC(71) Humongous regions: 147->147
[2026-02-17T23:24:14.001+0530][gc,metaspace] GC(71) Metaspace: 43740K(44288K)->43740K(44288K) NonClass: 38907K(39168K)->38907K(39168K) Class: 4833K(5120K)->4833K(5120K)
[2026-02-17T23:24:14.001+0530][gc          ] GC(71) Pause Young (Normal) (G1 Evacuation Pause) 327M->283M(1024M) 158.111ms
[2026-02-17T23:24:14.001+0530][gc,cpu      ] GC(71) User=0.01s Sys=0.00s Real=0.16s
[2026-02-17T23:25:57.310+0530][gc,start    ] GC(72) Pause Young (Normal) (G1 Evacuation Pause)
[2026-02-17T23:25:57.311+0530][gc,task     ] GC(72) Using 1 workers of 1 for evacuation
[2026-02-17T23:25:57.339+0530][gc,mmu      ] GC(72) MMU target violated: 21.0ms (20.0ms/21.0ms)
[2026-02-17T23:25:57.339+0530][gc,phases   ] GC(72)   Pre Evacuate Collection Set: 0.16ms
[2026-02-17T23:25:57.339+0530][gc,phases   ] GC(72)   Merge Heap Roots: 0.07ms
[2026-02-17T23:25:57.339+0530][gc,phases   ] GC(72)   Evacuate Collection Set: 27.97ms
[2026-02-17T23:25:57.339+0530][gc,phases   ] GC(72)   Post Evacuate Collection Set: 0.25ms
[2026-02-17T23:25:57.339+0530][gc,phases   ] GC(72)   Other: 0.13ms
[2026-02-17T23:25:57.339+0530][gc,heap     ] GC(72) Eden regions: 45->0(44)
[2026-02-17T23:25:57.339+0530][gc,heap     ] GC(72) Survivor regions: 6->7(7)
[2026-02-17T23:25:57.339+0530][gc,heap     ] GC(72) Old regions: 130->132
[2026-02-17T23:25:57.339+0530][gc,heap     ] GC(72) Archive regions: 2->2
[2026-02-17T23:25:57.339+0530][gc,heap     ] GC(72) Humongous regions: 147->147
[2026-02-17T23:25:57.339+0530][gc,metaspace] GC(72) Metaspace: 43792K(44352K)->43792K(44352K) NonClass: 38944K(39232K)->38944K(39232K) Class: 4847K(5120K)->4847K(5120K)
[2026-02-17T23:25:57.339+0530][gc          ] GC(72) Pause Young (Normal) (G1 Evacuation Pause) 328M->286M(1024M) 28.610ms
[2026-02-17T23:25:57.339+0530][gc,cpu      ] GC(72) User=0.02s Sys=0.00s Real=0.03s
[2026-02-17T23:27:36.674+0530][gc,start    ] GC(73) Pause Young (Normal) (G1 Evacuation Pause)
[2026-02-17T23:27:36.674+0530][gc,task     ] GC(73) Using 1 workers of 1 for evacuation
[2026-02-17T23:27:36.782+0530][gc,mmu      ] GC(73) MMU target violated: 21.0ms (20.0ms/21.0ms)
[2026-02-17T23:27:36.782+0530][gc,phases   ] GC(73)   Pre Evacuate Collection Set: 3.34ms
[2026-02-17T23:27:36.782+0530][gc,phases   ] GC(73)   Merge Heap Roots: 1.37ms
[2026-02-17T23:27:36.782+0530][gc,phases   ] GC(73)   Evacuate Collection Set: 97.38ms
[2026-02-17T23:27:36.782+0530][gc,phases   ] GC(73)   Post Evacuate Collection Set: 6.39ms
[2026-02-17T23:27:36.782+0530][gc,phases   ] GC(73)   Other: 0.11ms
[2026-02-17T23:27:36.782+0530][gc,heap     ] GC(73) Eden regions: 44->0(46)
[2026-02-17T23:27:36.782+0530][gc,heap     ] GC(73) Survivor regions: 7->5(7)
[2026-02-17T23:27:36.782+0530][gc,heap     ] GC(73) Old regions: 132->134
[2026-02-17T23:27:36.782+0530][gc,heap     ] GC(73) Archive regions: 2->2
[2026-02-17T23:27:36.782+0530][gc,heap     ] GC(73) Humongous regions: 147->147
[2026-02-17T23:27:36.782+0530][gc,metaspace] GC(73) Metaspace: 43855K(44416K)->43855K(44416K) NonClass: 38998K(39296K)->38998K(39296K) Class: 4856K(5120K)->4856K(5120K)
[2026-02-17T23:27:36.782+0530][gc          ] GC(73) Pause Young (Normal) (G1 Evacuation Pause) 330M->286M(1024M) 108.621ms
[2026-02-17T23:27:36.782+0530][gc,cpu      ] GC(73) User=0.01s Sys=0.00s Real=0.11s
[2026-02-17T23:29:22.573+0530][gc,start    ] GC(74) Pause Young (Normal) (G1 Evacuation Pause)
[2026-02-17T23:29:22.574+0530][gc,task     ] GC(74) Using 1 workers of 1 for evacuation
[2026-02-17T23:29:22.624+0530][gc,mmu      ] GC(74) MMU target violated: 21.0ms (20.0ms/21.0ms)
[2026-02-17T23:29:22.624+0530][gc,phases   ] GC(74)   Pre Evacuate Collection Set: 0.09ms
[2026-02-17T23:29:22.624+0530][gc,phases   ] GC(74)   Merge Heap Roots: 0.06ms
[2026-02-17T23:29:22.624+0530][gc,phases   ] GC(74)   Evacuate Collection Set: 48.55ms
[2026-02-17T23:29:22.624+0530][gc,phases   ] GC(74)   Post Evacuate Collection Set: 0.71ms
[2026-02-17T23:29:22.624+0530][gc,phases   ] GC(74)   Other: 1.21ms
[2026-02-17T23:29:22.624+0530][gc,heap     ] GC(74) Eden regions: 46->0(44)
[2026-02-17T23:29:22.624+0530][gc,heap     ] GC(74) Survivor regions: 5->7(7)
[2026-02-17T23:29:22.624+0530][gc,heap     ] GC(74) Old regions: 134->136
[2026-02-17T23:29:22.624+0530][gc,heap     ] GC(74) Archive regions: 2->2
[2026-02-17T23:29:22.624+0530][gc,heap     ] GC(74) Humongous regions: 147->147
[2026-02-17T23:29:22.624+0530][gc,metaspace] GC(74) Metaspace: 43856K(44416K)->43856K(44416K) NonClass: 38999K(39296K)->38999K(39296K) Class: 4856K(5120K)->4856K(5120K)
[2026-02-17T23:29:22.624+0530][gc          ] GC(74) Pause Young (Normal) (G1 Evacuation Pause) 332M->290M(1024M) 50.845ms
[2026-02-17T23:29:22.624+0530][gc,cpu      ] GC(74) User=0.02s Sys=0.00s Real=0.05s
[2026-02-17T23:30:54.484+0530][gc,start    ] GC(75) Pause Young (Normal) (G1 Evacuation Pause)
[2026-02-17T23:30:54.484+0530][gc,task     ] GC(75) Using 1 workers of 1 for evacuation
[2026-02-17T23:30:54.496+0530][gc,phases   ] GC(75)   Pre Evacuate Collection Set: 0.27ms
[2026-02-17T23:30:54.497+0530][gc,phases   ] GC(75)   Merge Heap Roots: 0.07ms
[2026-02-17T23:30:54.497+0530][gc,phases   ] GC(75)   Evacuate Collection Set: 11.68ms
[2026-02-17T23:30:54.497+0530][gc,phases   ] GC(75)   Post Evacuate Collection Set: 0.33ms
[2026-02-17T23:30:54.497+0530][gc,phases   ] GC(75)   Other: 0.20ms
[2026-02-17T23:30:54.497+0530][gc,heap     ] GC(75) Eden regions: 44->0(45)
[2026-02-17T23:30:54.497+0530][gc,heap     ] GC(75) Survivor regions: 7->6(7)
[2026-02-17T23:30:54.497+0530][gc,heap     ] GC(75) Old regions: 136->138
[2026-02-17T23:30:54.497+0530][gc,heap     ] GC(75) Archive regions: 2->2
[2026-02-17T23:30:54.497+0530][gc,heap     ] GC(75) Humongous regions: 147->147
[2026-02-17T23:30:54.497+0530][gc,metaspace] GC(75) Metaspace: 43862K(44416K)->43862K(44416K) NonClass: 39003K(39296K)->39003K(39296K) Class: 4859K(5120K)->4859K(5120K)
[2026-02-17T23:30:54.497+0530][gc          ] GC(75) Pause Young (Normal) (G1 Evacuation Pause) 334M->290M(1024M) 12.671ms
[2026-02-17T23:30:54.497+0530][gc,cpu      ] GC(75) User=0.01s Sys=0.00s Real=0.02s
[2026-02-17T23:32:37.109+0530][gc,start    ] GC(76) Pause Young (Normal) (G1 Evacuation Pause)
[2026-02-17T23:32:37.109+0530][gc,task     ] GC(76) Using 1 workers of 1 for evacuation
[2026-02-17T23:32:37.122+0530][gc,phases   ] GC(76)   Pre Evacuate Collection Set: 0.34ms
[2026-02-17T23:32:37.122+0530][gc,phases   ] GC(76)   Merge Heap Roots: 0.08ms
[2026-02-17T23:32:37.122+0530][gc,phases   ] GC(76)   Evacuate Collection Set: 12.83ms
[2026-02-17T23:32:37.122+0530][gc,phases   ] GC(76)   Post Evacuate Collection Set: 0.19ms
[2026-02-17T23:32:37.122+0530][gc,phases   ] GC(76)   Other: 0.14ms
[2026-02-17T23:32:37.122+0530][gc,heap     ] GC(76) Eden regions: 45->0(48)
[2026-02-17T23:32:37.122+0530][gc,heap     ] GC(76) Survivor regions: 6->3(7)
[2026-02-17T23:32:37.122+0530][gc,heap     ] GC(76) Old regions: 138->142
[2026-02-17T23:32:37.122+0530][gc,heap     ] GC(76) Archive regions: 2->2
[2026-02-17T23:32:37.122+0530][gc,heap     ] GC(76) Humongous regions: 147->147
[2026-02-17T23:32:37.122+0530][gc,metaspace] GC(76) Metaspace: 43864K(44416K)->43864K(44416K) NonClass: 39004K(39296K)->39004K(39296K) Class: 4859K(5120K)->4859K(5120K)
[2026-02-17T23:32:37.122+0530][gc          ] GC(76) Pause Young (Normal) (G1 Evacuation Pause) 335M->292M(1024M) 13.647ms
[2026-02-17T23:32:37.122+0530][gc,cpu      ] GC(76) User=0.01s Sys=0.00s Real=0.01s
[2026-02-17T23:34:27.350+0530][gc,start    ] GC(77) Pause Young (Normal) (G1 Evacuation Pause)
[2026-02-17T23:34:27.350+0530][gc,task     ] GC(77) Using 1 workers of 1 for evacuation
[2026-02-17T23:34:27.361+0530][gc,phases   ] GC(77)   Pre Evacuate Collection Set: 0.20ms
[2026-02-17T23:34:27.361+0530][gc,phases   ] GC(77)   Merge Heap Roots: 0.15ms
[2026-02-17T23:34:27.361+0530][gc,phases   ] GC(77)   Evacuate Collection Set: 10.06ms
[2026-02-17T23:34:27.361+0530][gc,phases   ] GC(77)   Post Evacuate Collection Set: 0.19ms
[2026-02-17T23:34:27.361+0530][gc,phases   ] GC(77)   Other: 0.79ms
[2026-02-17T23:34:27.361+0530][gc,heap     ] GC(77) Eden regions: 48->0(45)
[2026-02-17T23:34:27.361+0530][gc,heap     ] GC(77) Survivor regions: 3->6(7)
[2026-02-17T23:34:27.362+0530][gc,heap     ] GC(77) Old regions: 142->142
[2026-02-17T23:34:27.362+0530][gc,heap     ] GC(77) Archive regions: 2->2
[2026-02-17T23:34:27.362+0530][gc,heap     ] GC(77) Humongous regions: 147->147
[2026-02-17T23:34:27.362+0530][gc,metaspace] GC(77) Metaspace: 43870K(44416K)->43870K(44416K) NonClass: 39011K(39296K)->39011K(39296K) Class: 4859K(5120K)->4859K(5120K)
[2026-02-17T23:34:27.362+0530][gc          ] GC(77) Pause Young (Normal) (G1 Evacuation Pause) 340M->295M(1024M) 11.850ms
[2026-02-17T23:34:27.362+0530][gc,cpu      ] GC(77) User=0.01s Sys=0.00s Real=0.01s
[2026-02-17T23:36:09.578+0530][gc,start    ] GC(78) Pause Young (Normal) (G1 Evacuation Pause)
[2026-02-17T23:36:09.579+0530][gc,task     ] GC(78) Using 1 workers of 1 for evacuation
[2026-02-17T23:36:09.591+0530][gc,phases   ] GC(78)   Pre Evacuate Collection Set: 0.26ms
[2026-02-17T23:36:09.591+0530][gc,phases   ] GC(78)   Merge Heap Roots: 0.04ms
[2026-02-17T23:36:09.591+0530][gc,phases   ] GC(78)   Evacuate Collection Set: 12.01ms
[2026-02-17T23:36:09.591+0530][gc,phases   ] GC(78)   Post Evacuate Collection Set: 0.23ms
[2026-02-17T23:36:09.591+0530][gc,phases   ] GC(78)   Other: 0.09ms
[2026-02-17T23:36:09.591+0530][gc,heap     ] GC(78) Eden regions: 45->0(46)
[2026-02-17T23:36:09.591+0530][gc,heap     ] GC(78) Survivor regions: 6->5(7)
[2026-02-17T23:36:09.591+0530][gc,heap     ] GC(78) Old regions: 142->143
[2026-02-17T23:36:09.591+0530][gc,heap     ] GC(78) Archive regions: 2->2
[2026-02-17T23:36:09.591+0530][gc,heap     ] GC(78) Humongous regions: 147->147
[2026-02-17T23:36:09.591+0530][gc,metaspace] GC(78) Metaspace: 43873K(44416K)->43873K(44416K) NonClass: 39014K(39296K)->39014K(39296K) Class: 4859K(5120K)->4859K(5120K)
[2026-02-17T23:36:09.591+0530][gc          ] GC(78) Pause Young (Normal) (G1 Evacuation Pause) 340M->295M(1024M) 12.692ms
[2026-02-17T23:36:09.591+0530][gc,cpu      ] GC(78) User=0.01s Sys=0.00s Real=0.01s
[2026-02-17T23:37:55.258+0530][gc,start    ] GC(79) Pause Young (Normal) (G1 Evacuation Pause)
[2026-02-17T23:37:55.258+0530][gc,task     ] GC(79) Using 1 workers of 1 for evacuation
[2026-02-17T23:37:55.342+0530][gc,mmu      ] GC(79) MMU target violated: 21.0ms (20.0ms/21.0ms)
[2026-02-17T23:37:55.342+0530][gc,phases   ] GC(79)   Pre Evacuate Collection Set: 0.15ms
[2026-02-17T23:37:55.342+0530][gc,phases   ] GC(79)   Merge Heap Roots: 0.06ms
[2026-02-17T23:37:55.342+0530][gc,phases   ] GC(79)   Evacuate Collection Set: 83.55ms
[2026-02-17T23:37:55.342+0530][gc,phases   ] GC(79)   Post Evacuate Collection Set: 0.25ms
[2026-02-17T23:37:55.342+0530][gc,phases   ] GC(79)   Other: 0.12ms
[2026-02-17T23:37:55.342+0530][gc,heap     ] GC(79) Eden regions: 46->0(44)
[2026-02-17T23:37:55.342+0530][gc,heap     ] GC(79) Survivor regions: 5->7(7)
[2026-02-17T23:37:55.342+0530][gc,heap     ] GC(79) Old regions: 143->145
[2026-02-17T23:37:55.342+0530][gc,heap     ] GC(79) Archive regions: 2->2
[2026-02-17T23:37:55.342+0530][gc,heap     ] GC(79) Humongous regions: 147->147
[2026-02-17T23:37:55.342+0530][gc,metaspace] GC(79) Metaspace: 43890K(44416K)->43890K(44416K) NonClass: 39031K(39296K)->39031K(39296K) Class: 4859K(5120K)->4859K(5120K)
[2026-02-17T23:37:55.342+0530][gc          ] GC(79) Pause Young (Normal) (G1 Evacuation Pause) 341M->298M(1024M) 84.162ms
[2026-02-17T23:37:55.342+0530][gc,cpu      ] GC(79) User=0.02s Sys=0.00s Real=0.08s
[2026-02-17T23:37:57.660+0530][gc,heap,exit] Heap
[2026-02-17T23:37:57.660+0530][gc,heap,exit]  garbage-first heap   total 1048576K, used 311082K [0x00000000c0000000, 0x0000000100000000)
[2026-02-17T23:37:57.660+0530][gc,heap,exit]   region size 1024K, 12 young (12288K), 7 survivors (7168K)
[2026-02-17T23:37:57.660+0530][gc,heap,exit]  Metaspace       used 43938K, committed 44416K, reserved 1114112K
[2026-02-17T23:37:57.660+0530][gc,heap,exit]   class space    used 4866K, committed 5120K, reserved 1048576K
