[2026-02-17T19:59:25.855+0530][gc] Using G1
[2026-02-17T19:59:25.878+0530][gc,init] Version: 17.0.18+8-Ubuntu-124.04.1 (release)
[2026-02-17T19:59:25.878+0530][gc,init] CPUs: 1 total, 1 available
[2026-02-17T19:59:25.878+0530][gc,init] Memory: 15805M
[2026-02-17T19:59:25.878+0530][gc,init] Large Page Support: Disabled
[2026-02-17T19:59:25.878+0530][gc,init] NUMA Support: Disabled
[2026-02-17T19:59:25.878+0530][gc,init] Compressed Oops: Enabled (32-bit)
[2026-02-17T19:59:25.878+0530][gc,init] Heap Region Size: 1M
[2026-02-17T19:59:25.878+0530][gc,init] Heap Min Capacity: 1G
[2026-02-17T19:59:25.878+0530][gc,init] Heap Initial Capacity: 1G
[2026-02-17T19:59:25.878+0530][gc,init] Heap Max Capacity: 1G
[2026-02-17T19:59:25.878+0530][gc,init] Pre-touch: Disabled
[2026-02-17T19:59:25.878+0530][gc,init] Parallel Workers: 1
[2026-02-17T19:59:25.878+0530][gc,init] Concurrent Workers: 1
[2026-02-17T19:59:25.878+0530][gc,init] Concurrent Refinement Workers: 1
[2026-02-17T19:59:25.878+0530][gc,init] Periodic GC: Disabled
[2026-02-17T19:59:25.892+0530][gc,metaspace] CDS archive(s) mapped at: [0x000070de17000000-0x000070de17bca000-0x000070de17bca000), size 12361728, SharedBaseAddress: 0x000070de17000000, ArchiveRelocationMode: 1.
[2026-02-17T19:59:25.892+0530][gc,metaspace] Compressed class space mapped at: 0x000070de18000000-0x000070de58000000, reserved size: 1073741824
[2026-02-17T19:59:25.892+0530][gc,metaspace] Narrow klass base: 0x000070de17000000, Narrow klass shift: 0, Narrow klass range: 0x100000000
[2026-02-17T19:59:30.257+0530][gc,start    ] GC(0) Pause Young (Normal) (G1 Evacuation Pause)
[2026-02-17T19:59:30.257+0530][gc,task     ] GC(0) Using 1 workers of 1 for evacuation
[2026-02-17T19:59:30.313+0530][gc,mmu      ] GC(0) MMU target violated: 21.0ms (20.0ms/21.0ms)
[2026-02-17T19:59:30.313+0530][gc,phases   ] GC(0)   Pre Evacuate Collection Set: 0.07ms
[2026-02-17T19:59:30.313+0530][gc,phases   ] GC(0)   Merge Heap Roots: 0.03ms
[2026-02-17T19:59:30.313+0530][gc,phases   ] GC(0)   Evacuate Collection Set: 54.49ms
[2026-02-17T19:59:30.313+0530][gc,phases   ] GC(0)   Post Evacuate Collection Set: 1.41ms
[2026-02-17T19:59:30.313+0530][gc,phases   ] GC(0)   Other: 0.11ms
[2026-02-17T19:59:30.313+0530][gc,heap     ] GC(0) Eden regions: 51->0(44)
[2026-02-17T19:59:30.313+0530][gc,heap     ] GC(0) Survivor regions: 0->7(7)
[2026-02-17T19:59:30.313+0530][gc,heap     ] GC(0) Old regions: 0->2
[2026-02-17T19:59:30.313+0530][gc,heap     ] GC(0) Archive regions: 2->2
[2026-02-17T19:59:30.313+0530][gc,heap     ] GC(0) Humongous regions: 0->0
[2026-02-17T19:59:30.313+0530][gc,metaspace] GC(0) Metaspace: 18395K(18560K)->18395K(18560K) NonClass: 16360K(16448K)->16360K(16448K) Class: 2035K(2112K)->2035K(2112K)
[2026-02-17T19:59:30.313+0530][gc          ] GC(0) Pause Young (Normal) (G1 Evacuation Pause) 51M->9M(1024M) 56.152ms
[2026-02-17T19:59:30.313+0530][gc,cpu      ] GC(0) User=0.01s Sys=0.00s Real=0.05s
[2026-02-17T19:59:31.064+0530][gc,start    ] GC(1) Pause Young (Concurrent Start) (Metadata GC Threshold)
[2026-02-17T19:59:31.064+0530][gc,task     ] GC(1) Using 1 workers of 1 for evacuation
[2026-02-17T19:59:31.099+0530][gc,mmu      ] GC(1) MMU target violated: 21.0ms (20.0ms/21.0ms)
[2026-02-17T19:59:31.099+0530][gc,phases   ] GC(1)   Pre Evacuate Collection Set: 0.44ms
[2026-02-17T19:59:31.099+0530][gc,phases   ] GC(1)   Merge Heap Roots: 0.03ms
[2026-02-17T19:59:31.099+0530][gc,phases   ] GC(1)   Evacuate Collection Set: 33.17ms
[2026-02-17T19:59:31.099+0530][gc,phases   ] GC(1)   Post Evacuate Collection Set: 2.11ms
[2026-02-17T19:59:31.099+0530][gc,phases   ] GC(1)   Other: 0.14ms
[2026-02-17T19:59:31.099+0530][gc,heap     ] GC(1) Eden regions: 13->0(49)
[2026-02-17T19:59:31.099+0530][gc,heap     ] GC(1) Survivor regions: 7->2(7)
[2026-02-17T19:59:31.099+0530][gc,heap     ] GC(1) Old regions: 2->9
[2026-02-17T19:59:31.099+0530][gc,heap     ] GC(1) Archive regions: 2->2
[2026-02-17T19:59:31.099+0530][gc,heap     ] GC(1) Humongous regions: 0->0
[2026-02-17T19:59:31.099+0530][gc,metaspace] GC(1) Metaspace: 21311K(21504K)->21311K(21504K) NonClass: 18917K(19008K)->18917K(19008K) Class: 2394K(2496K)->2394K(2496K)
[2026-02-17T19:59:31.099+0530][gc          ] GC(1) Pause Young (Concurrent Start) (Metadata GC Threshold) 21M->10M(1024M) 35.923ms
[2026-02-17T19:59:31.099+0530][gc,cpu      ] GC(1) User=0.01s Sys=0.00s Real=0.04s
[2026-02-17T19:59:31.101+0530][gc          ] GC(2) Concurrent Mark Cycle
[2026-02-17T19:59:31.101+0530][gc,marking  ] GC(2) Concurrent Clear Claimed Marks
[2026-02-17T19:59:31.101+0530][gc,marking  ] GC(2) Concurrent Clear Claimed Marks 0.010ms
[2026-02-17T19:59:31.101+0530][gc,marking  ] GC(2) Concurrent Scan Root Regions
[2026-02-17T19:59:31.115+0530][gc,marking  ] GC(2) Concurrent Scan Root Regions 13.942ms
[2026-02-17T19:59:31.115+0530][gc,marking  ] GC(2) Concurrent Mark
[2026-02-17T19:59:31.115+0530][gc,marking  ] GC(2) Concurrent Mark From Roots
[2026-02-17T19:59:31.115+0530][gc,task     ] GC(2) Using 1 workers of 1 for marking
[2026-02-17T19:59:31.127+0530][gc,marking  ] GC(2) Concurrent Mark From Roots 11.224ms
[2026-02-17T19:59:31.127+0530][gc,marking  ] GC(2) Concurrent Preclean
[2026-02-17T19:59:31.127+0530][gc,marking  ] GC(2) Concurrent Preclean 0.020ms
[2026-02-17T19:59:31.129+0530][gc,start    ] GC(2) Pause Remark
[2026-02-17T19:59:31.135+0530][gc          ] GC(2) Pause Remark 11M->11M(1024M) 5.284ms
[2026-02-17T19:59:31.135+0530][gc,cpu      ] GC(2) User=0.01s Sys=0.00s Real=0.00s
[2026-02-17T19:59:31.136+0530][gc,marking  ] GC(2) Concurrent Mark 20.248ms
[2026-02-17T19:59:31.136+0530][gc,marking  ] GC(2) Concurrent Rebuild Remembered Sets
[2026-02-17T19:59:31.156+0530][gc,marking  ] GC(2) Concurrent Rebuild Remembered Sets 20.004ms
[2026-02-17T19:59:31.160+0530][gc,start    ] GC(2) Pause Cleanup
[2026-02-17T19:59:31.160+0530][gc          ] GC(2) Pause Cleanup 11M->11M(1024M) 0.147ms
[2026-02-17T19:59:31.160+0530][gc,cpu      ] GC(2) User=0.00s Sys=0.00s Real=0.00s
[2026-02-17T19:59:31.161+0530][gc,marking  ] GC(2) Concurrent Cleanup for Next Mark
[2026-02-17T19:59:31.194+0530][gc,marking  ] GC(2) Concurrent Cleanup for Next Mark 33.587ms
[2026-02-17T19:59:31.194+0530][gc          ] GC(2) Concurrent Mark Cycle 93.054ms
[2026-02-17T19:59:33.024+0530][gc,start    ] GC(3) Pause Young (Normal) (G1 Evacuation Pause)
[2026-02-17T19:59:33.024+0530][gc,task     ] GC(3) Using 1 workers of 1 for evacuation
[2026-02-17T19:59:33.060+0530][gc,mmu      ] GC(3) MMU target violated: 21.0ms (20.0ms/21.0ms)
[2026-02-17T19:59:33.060+0530][gc,phases   ] GC(3)   Pre Evacuate Collection Set: 0.14ms
[2026-02-17T19:59:33.060+0530][gc,phases   ] GC(3)   Merge Heap Roots: 0.09ms
[2026-02-17T19:59:33.060+0530][gc,phases   ] GC(3)   Evacuate Collection Set: 31.96ms
[2026-02-17T19:59:33.060+0530][gc,phases   ] GC(3)   Post Evacuate Collection Set: 3.79ms
[2026-02-17T19:59:33.060+0530][gc,phases   ] GC(3)   Other: 0.12ms
[2026-02-17T19:59:33.060+0530][gc,heap     ] GC(3) Eden regions: 49->0(47)
[2026-02-17T19:59:33.060+0530][gc,heap     ] GC(3) Survivor regions: 2->4(7)
[2026-02-17T19:59:33.060+0530][gc,heap     ] GC(3) Old regions: 9->9
[2026-02-17T19:59:33.060+0530][gc,heap     ] GC(3) Archive regions: 2->2
[2026-02-17T19:59:33.060+0530][gc,heap     ] GC(3) Humongous regions: 0->0
[2026-02-17T19:59:33.060+0530][gc,metaspace] GC(3) Metaspace: 31363K(31680K)->31363K(31680K) NonClass: 27807K(27968K)->27807K(27968K) Class: 3556K(3712K)->3556K(3712K)
[2026-02-17T19:59:33.060+0530][gc          ] GC(3) Pause Young (Normal) (G1 Evacuation Pause) 59M->12M(1024M) 36.122ms
[2026-02-17T19:59:33.060+0530][gc,cpu      ] GC(3) User=0.02s Sys=0.00s Real=0.04s
[2026-02-17T19:59:34.804+0530][gc,start    ] GC(4) Pause Young (Concurrent Start) (Metadata GC Threshold)
[2026-02-17T19:59:34.804+0530][gc,task     ] GC(4) Using 1 workers of 1 for evacuation
[2026-02-17T19:59:34.930+0530][gc,mmu      ] GC(4) MMU target violated: 21.0ms (20.0ms/21.0ms)
[2026-02-17T19:59:34.930+0530][gc,phases   ] GC(4)   Pre Evacuate Collection Set: 3.32ms
[2026-02-17T19:59:34.931+0530][gc,phases   ] GC(4)   Merge Heap Roots: 0.20ms
[2026-02-17T19:59:34.931+0530][gc,phases   ] GC(4)   Evacuate Collection Set: 112.80ms
[2026-02-17T19:59:34.931+0530][gc,phases   ] GC(4)   Post Evacuate Collection Set: 10.17ms
[2026-02-17T19:59:34.931+0530][gc,phases   ] GC(4)   Other: 0.14ms
[2026-02-17T19:59:34.931+0530][gc,heap     ] GC(4) Eden regions: 30->0(44)
[2026-02-17T19:59:34.931+0530][gc,heap     ] GC(4) Survivor regions: 4->7(7)
[2026-02-17T19:59:34.931+0530][gc,heap     ] GC(4) Old regions: 9->9
[2026-02-17T19:59:34.931+0530][gc,heap     ] GC(4) Archive regions: 2->2
[2026-02-17T19:59:34.931+0530][gc,heap     ] GC(4) Humongous regions: 129->129
[2026-02-17T19:59:34.931+0530][gc,metaspace] GC(4) Metaspace: 35684K(35968K)->35684K(35968K) NonClass: 31722K(31872K)->31722K(31872K) Class: 3962K(4096K)->3962K(4096K)
[2026-02-17T19:59:34.931+0530][gc          ] GC(4) Pause Young (Concurrent Start) (Metadata GC Threshold) 171M->145M(1024M) 126.658ms
[2026-02-17T19:59:34.931+0530][gc,cpu      ] GC(4) User=0.02s Sys=0.00s Real=0.13s
[2026-02-17T19:59:34.931+0530][gc          ] GC(5) Concurrent Mark Cycle
[2026-02-17T19:59:34.931+0530][gc,marking  ] GC(5) Concurrent Clear Claimed Marks
[2026-02-17T19:59:34.932+0530][gc,marking  ] GC(5) Concurrent Clear Claimed Marks 1.056ms
[2026-02-17T19:59:34.932+0530][gc,marking  ] GC(5) Concurrent Scan Root Regions
[2026-02-17T19:59:34.992+0530][gc,marking  ] GC(5) Concurrent Scan Root Regions 59.429ms
[2026-02-17T19:59:34.992+0530][gc,marking  ] GC(5) Concurrent Mark
[2026-02-17T19:59:34.992+0530][gc,marking  ] GC(5) Concurrent Mark From Roots
[2026-02-17T19:59:34.992+0530][gc,task     ] GC(5) Using 1 workers of 1 for marking
[2026-02-17T19:59:35.052+0530][gc,marking  ] GC(5) Concurrent Mark From Roots 60.598ms
[2026-02-17T19:59:35.052+0530][gc,marking  ] GC(5) Concurrent Preclean
[2026-02-17T19:59:35.052+0530][gc,marking  ] GC(5) Concurrent Preclean 0.043ms
[2026-02-17T19:59:35.061+0530][gc,start    ] GC(5) Pause Remark
[2026-02-17T19:59:35.074+0530][gc          ] GC(5) Pause Remark 149M->149M(1024M) 12.564ms
[2026-02-17T19:59:35.074+0530][gc,cpu      ] GC(5) User=0.00s Sys=0.00s Real=0.01s
[2026-02-17T19:59:35.074+0530][gc,marking  ] GC(5) Concurrent Mark 81.911ms
[2026-02-17T19:59:35.074+0530][gc,marking  ] GC(5) Concurrent Rebuild Remembered Sets
[2026-02-17T19:59:35.090+0530][gc,marking  ] GC(5) Concurrent Rebuild Remembered Sets 16.650ms
[2026-02-17T19:59:35.092+0530][gc,start    ] GC(5) Pause Cleanup
[2026-02-17T19:59:35.092+0530][gc          ] GC(5) Pause Cleanup 149M->149M(1024M) 0.091ms
[2026-02-17T19:59:35.092+0530][gc,cpu      ] GC(5) User=0.00s Sys=0.00s Real=0.00s
[2026-02-17T19:59:35.092+0530][gc,marking  ] GC(5) Concurrent Cleanup for Next Mark
[2026-02-17T19:59:35.154+0530][gc,marking  ] GC(5) Concurrent Cleanup for Next Mark 61.783ms
[2026-02-17T19:59:35.154+0530][gc          ] GC(5) Concurrent Mark Cycle 223.107ms
[2026-02-17T20:06:10.413+0530][gc,start    ] GC(6) Pause Young (Concurrent Start) (G1 Evacuation Pause)
[2026-02-17T20:06:10.413+0530][gc,task     ] GC(6) Using 1 workers of 1 for evacuation
[2026-02-17T20:06:10.428+0530][gc,phases   ] GC(6)   Pre Evacuate Collection Set: 0.28ms
[2026-02-17T20:06:10.428+0530][gc,phases   ] GC(6)   Merge Heap Roots: 0.17ms
[2026-02-17T20:06:10.428+0530][gc,phases   ] GC(6)   Evacuate Collection Set: 14.63ms
[2026-02-17T20:06:10.428+0530][gc,phases   ] GC(6)   Post Evacuate Collection Set: 0.36ms
[2026-02-17T20:06:10.428+0530][gc,phases   ] GC(6)   Other: 0.10ms
[2026-02-17T20:06:10.428+0530][gc,heap     ] GC(6) Eden regions: 44->0(47)
[2026-02-17T20:06:10.428+0530][gc,heap     ] GC(6) Survivor regions: 7->4(7)
[2026-02-17T20:06:10.428+0530][gc,heap     ] GC(6) Old regions: 9->12
[2026-02-17T20:06:10.428+0530][gc,heap     ] GC(6) Archive regions: 2->2
[2026-02-17T20:06:10.428+0530][gc,heap     ] GC(6) Humongous regions: 129->129
[2026-02-17T20:06:10.428+0530][gc,metaspace] GC(6) Metaspace: 37704K(38016K)->37704K(38016K) NonClass: 33628K(33792K)->33628K(33792K) Class: 4076K(4224K)->4076K(4224K)
[2026-02-17T20:06:10.428+0530][gc          ] GC(6) Pause Young (Concurrent Start) (G1 Evacuation Pause) 189M->145M(1024M) 15.665ms
[2026-02-17T20:06:10.428+0530][gc,cpu      ] GC(6) User=0.01s Sys=0.00s Real=0.02s
[2026-02-17T20:06:10.428+0530][gc          ] GC(7) Concurrent Mark Cycle
[2026-02-17T20:06:10.428+0530][gc,marking  ] GC(7) Concurrent Clear Claimed Marks
[2026-02-17T20:06:10.428+0530][gc,marking  ] GC(7) Concurrent Clear Claimed Marks 0.014ms
[2026-02-17T20:06:10.428+0530][gc,marking  ] GC(7) Concurrent Scan Root Regions
[2026-02-17T20:06:10.433+0530][gc,marking  ] GC(7) Concurrent Scan Root Regions 4.480ms
[2026-02-17T20:06:10.433+0530][gc,marking  ] GC(7) Concurrent Mark
[2026-02-17T20:06:10.433+0530][gc,marking  ] GC(7) Concurrent Mark From Roots
[2026-02-17T20:06:10.433+0530][gc,task     ] GC(7) Using 1 workers of 1 for marking
[2026-02-17T20:06:10.441+0530][gc,marking  ] GC(7) Concurrent Mark From Roots 7.650ms
[2026-02-17T20:06:10.441+0530][gc,marking  ] GC(7) Concurrent Preclean
[2026-02-17T20:06:10.441+0530][gc,marking  ] GC(7) Concurrent Preclean 0.027ms
[2026-02-17T20:06:10.441+0530][gc,start    ] GC(7) Pause Remark
[2026-02-17T20:06:10.445+0530][gc          ] GC(7) Pause Remark 146M->146M(1024M) 4.065ms
[2026-02-17T20:06:10.445+0530][gc,cpu      ] GC(7) User=0.00s Sys=0.00s Real=0.00s
[2026-02-17T20:06:10.445+0530][gc,marking  ] GC(7) Concurrent Mark 11.922ms
[2026-02-17T20:06:10.445+0530][gc,marking  ] GC(7) Concurrent Rebuild Remembered Sets
[2026-02-17T20:06:10.450+0530][gc,marking  ] GC(7) Concurrent Rebuild Remembered Sets 4.780ms
[2026-02-17T20:06:10.450+0530][gc,start    ] GC(7) Pause Cleanup
[2026-02-17T20:06:10.450+0530][gc          ] GC(7) Pause Cleanup 146M->146M(1024M) 0.054ms
[2026-02-17T20:06:10.450+0530][gc,cpu      ] GC(7) User=0.00s Sys=0.00s Real=0.00s
[2026-02-17T20:06:10.450+0530][gc,marking  ] GC(7) Concurrent Cleanup for Next Mark
[2026-02-17T20:06:10.451+0530][gc,marking  ] GC(7) Concurrent Cleanup for Next Mark 1.242ms
[2026-02-17T20:06:10.451+0530][gc          ] GC(7) Concurrent Mark Cycle 22.687ms
[2026-02-17T20:11:58.793+0530][gc,start    ] GC(8) Pause Young (Normal) (G1 Evacuation Pause)
[2026-02-17T20:11:58.793+0530][gc,task     ] GC(8) Using 1 workers of 1 for evacuation
[2026-02-17T20:11:58.825+0530][gc,mmu      ] GC(8) MMU target violated: 21.0ms (20.0ms/21.0ms)
[2026-02-17T20:11:58.825+0530][gc,phases   ] GC(8)   Pre Evacuate Collection Set: 1.59ms
[2026-02-17T20:11:58.825+0530][gc,phases   ] GC(8)   Merge Heap Roots: 0.05ms
[2026-02-17T20:11:58.825+0530][gc,phases   ] GC(8)   Evacuate Collection Set: 30.30ms
[2026-02-17T20:11:58.825+0530][gc,phases   ] GC(8)   Post Evacuate Collection Set: 0.41ms
[2026-02-17T20:11:58.825+0530][gc,phases   ] GC(8)   Other: 0.21ms
[2026-02-17T20:11:58.825+0530][gc,heap     ] GC(8) Eden regions: 47->0(49)
[2026-02-17T20:11:58.825+0530][gc,heap     ] GC(8) Survivor regions: 4->2(7)
[2026-02-17T20:11:58.825+0530][gc,heap     ] GC(8) Old regions: 12->15
[2026-02-17T20:11:58.825+0530][gc,heap     ] GC(8) Archive regions: 2->2
[2026-02-17T20:11:58.825+0530][gc,heap     ] GC(8) Humongous regions: 129->129
[2026-02-17T20:11:58.825+0530][gc,metaspace] GC(8) Metaspace: 39688K(40128K)->39688K(40128K) NonClass: 35272K(35520K)->35272K(35520K) Class: 4415K(4608K)->4415K(4608K)
[2026-02-17T20:11:58.825+0530][gc          ] GC(8) Pause Young (Normal) (G1 Evacuation Pause) 192M->146M(1024M) 32.729ms
[2026-02-17T20:11:58.825+0530][gc,cpu      ] GC(8) User=0.01s Sys=0.00s Real=0.03s
[2026-02-17T20:13:49.832+0530][gc,start    ] GC(9) Pause Young (Normal) (G1 Evacuation Pause)
[2026-02-17T20:13:49.845+0530][gc,task     ] GC(9) Using 1 workers of 1 for evacuation
[2026-02-17T20:13:49.887+0530][gc,mmu      ] GC(9) MMU target violated: 21.0ms (20.0ms/21.0ms)
[2026-02-17T20:13:49.888+0530][gc,phases   ] GC(9)   Pre Evacuate Collection Set: 2.71ms
[2026-02-17T20:13:49.888+0530][gc,phases   ] GC(9)   Merge Heap Roots: 0.21ms
[2026-02-17T20:13:49.888+0530][gc,phases   ] GC(9)   Evacuate Collection Set: 39.11ms
[2026-02-17T20:13:49.888+0530][gc,phases   ] GC(9)   Post Evacuate Collection Set: 0.46ms
[2026-02-17T20:13:49.888+0530][gc,phases   ] GC(9)   Other: 13.43ms
[2026-02-17T20:13:49.888+0530][gc,heap     ] GC(9) Eden regions: 49->0(46)
[2026-02-17T20:13:49.888+0530][gc,heap     ] GC(9) Survivor regions: 2->5(7)
[2026-02-17T20:13:49.888+0530][gc,heap     ] GC(9) Old regions: 15->15
[2026-02-17T20:13:49.888+0530][gc,heap     ] GC(9) Archive regions: 2->2
[2026-02-17T20:13:49.888+0530][gc,heap     ] GC(9) Humongous regions: 129->129
[2026-02-17T20:13:49.888+0530][gc,metaspace] GC(9) Metaspace: 41714K(42112K)->41714K(42112K) NonClass: 37050K(37248K)->37050K(37248K) Class: 4663K(4864K)->4663K(4864K)
[2026-02-17T20:13:49.888+0530][gc          ] GC(9) Pause Young (Normal) (G1 Evacuation Pause) 195M->149M(1024M) 55.971ms
[2026-02-17T20:13:49.888+0530][gc,cpu      ] GC(9) User=0.01s Sys=0.00s Real=0.06s
[2026-02-17T20:15:38.020+0530][gc,start    ] GC(10) Pause Young (Normal) (G1 Evacuation Pause)
[2026-02-17T20:15:38.020+0530][gc,task     ] GC(10) Using 1 workers of 1 for evacuation
[2026-02-17T20:15:38.034+0530][gc,phases   ] GC(10)   Pre Evacuate Collection Set: 0.25ms
[2026-02-17T20:15:38.034+0530][gc,phases   ] GC(10)   Merge Heap Roots: 0.05ms
[2026-02-17T20:15:38.034+0530][gc,phases   ] GC(10)   Evacuate Collection Set: 12.96ms
[2026-02-17T20:15:38.034+0530][gc,phases   ] GC(10)   Post Evacuate Collection Set: 0.31ms
[2026-02-17T20:15:38.034+0530][gc,phases   ] GC(10)   Other: 0.09ms
[2026-02-17T20:15:38.034+0530][gc,heap     ] GC(10) Eden regions: 46->0(47)
[2026-02-17T20:15:38.034+0530][gc,heap     ] GC(10) Survivor regions: 5->4(7)
[2026-02-17T20:15:38.034+0530][gc,heap     ] GC(10) Old regions: 15->17
[2026-02-17T20:15:38.034+0530][gc,heap     ] GC(10) Archive regions: 2->2
[2026-02-17T20:15:38.034+0530][gc,heap     ] GC(10) Humongous regions: 129->129
[2026-02-17T20:15:38.034+0530][gc,metaspace] GC(10) Metaspace: 42249K(42688K)->42249K(42688K) NonClass: 37513K(37760K)->37513K(37760K) Class: 4736K(4928K)->4736K(4928K)
[2026-02-17T20:15:38.034+0530][gc          ] GC(10) Pause Young (Normal) (G1 Evacuation Pause) 195M->150M(1024M) 13.717ms
[2026-02-17T20:15:38.034+0530][gc,cpu      ] GC(10) User=0.01s Sys=0.00s Real=0.01s
[2026-02-17T20:17:41.865+0530][gc,start    ] GC(11) Pause Young (Normal) (G1 Evacuation Pause)
[2026-02-17T20:17:41.865+0530][gc,task     ] GC(11) Using 1 workers of 1 for evacuation
[2026-02-17T20:17:41.874+0530][gc,phases   ] GC(11)   Pre Evacuate Collection Set: 0.27ms
[2026-02-17T20:17:41.874+0530][gc,phases   ] GC(11)   Merge Heap Roots: 0.05ms
[2026-02-17T20:17:41.874+0530][gc,phases   ] GC(11)   Evacuate Collection Set: 8.92ms
[2026-02-17T20:17:41.874+0530][gc,phases   ] GC(11)   Post Evacuate Collection Set: 0.30ms
[2026-02-17T20:17:41.874+0530][gc,phases   ] GC(11)   Other: 0.11ms
[2026-02-17T20:17:41.874+0530][gc,heap     ] GC(11) Eden regions: 47->0(48)
[2026-02-17T20:17:41.874+0530][gc,heap     ] GC(11) Survivor regions: 4->3(7)
[2026-02-17T20:17:41.874+0530][gc,heap     ] GC(11) Old regions: 17->19
[2026-02-17T20:17:41.874+0530][gc,heap     ] GC(11) Archive regions: 2->2
[2026-02-17T20:17:41.874+0530][gc,heap     ] GC(11) Humongous regions: 129->129
[2026-02-17T20:17:41.874+0530][gc,metaspace] GC(11) Metaspace: 42341K(42752K)->42341K(42752K) NonClass: 37604K(37824K)->37604K(37824K) Class: 4736K(4928K)->4736K(4928K)
[2026-02-17T20:17:41.874+0530][gc          ] GC(11) Pause Young (Normal) (G1 Evacuation Pause) 197M->150M(1024M) 9.687ms
[2026-02-17T20:17:41.874+0530][gc,cpu      ] GC(11) User=0.00s Sys=0.00s Real=0.01s
[2026-02-17T20:19:50.680+0530][gc,start    ] GC(12) Pause Young (Normal) (G1 Evacuation Pause)
[2026-02-17T20:19:50.680+0530][gc,task     ] GC(12) Using 1 workers of 1 for evacuation
[2026-02-17T20:19:50.694+0530][gc,phases   ] GC(12)   Pre Evacuate Collection Set: 0.13ms
[2026-02-17T20:19:50.694+0530][gc,phases   ] GC(12)   Merge Heap Roots: 0.07ms
[2026-02-17T20:19:50.694+0530][gc,phases   ] GC(12)   Evacuate Collection Set: 13.29ms
[2026-02-17T20:19:50.694+0530][gc,phases   ] GC(12)   Post Evacuate Collection Set: 0.32ms
[2026-02-17T20:19:50.694+0530][gc,phases   ] GC(12)   Other: 0.08ms
[2026-02-17T20:19:50.694+0530][gc,heap     ] GC(12) Eden regions: 48->0(45)
[2026-02-17T20:19:50.694+0530][gc,heap     ] GC(12) Survivor regions: 3->6(7)
[2026-02-17T20:19:50.694+0530][gc,heap     ] GC(12) Old regions: 19->19
[2026-02-17T20:19:50.694+0530][gc,heap     ] GC(12) Archive regions: 2->2
[2026-02-17T20:19:50.694+0530][gc,heap     ] GC(12) Humongous regions: 129->129
[2026-02-17T20:19:50.694+0530][gc,metaspace] GC(12) Metaspace: 42388K(42880K)->42388K(42880K) NonClass: 37652K(37952K)->37652K(37952K) Class: 4736K(4928K)->4736K(4928K)
[2026-02-17T20:19:50.694+0530][gc          ] GC(12) Pause Young (Normal) (G1 Evacuation Pause) 198M->154M(1024M) 13.960ms
[2026-02-17T20:19:50.694+0530][gc,cpu      ] GC(12) User=0.01s Sys=0.00s Real=0.01s
[2026-02-17T20:21:51.449+0530][gc,start    ] GC(13) Pause Young (Normal) (G1 Evacuation Pause)
[2026-02-17T20:21:51.450+0530][gc,task     ] GC(13) Using 1 workers of 1 for evacuation
[2026-02-17T20:21:51.465+0530][gc,phases   ] GC(13)   Pre Evacuate Collection Set: 0.07ms
[2026-02-17T20:21:51.465+0530][gc,phases   ] GC(13)   Merge Heap Roots: 0.04ms
[2026-02-17T20:21:51.465+0530][gc,phases   ] GC(13)   Evacuate Collection Set: 13.74ms
[2026-02-17T20:21:51.465+0530][gc,phases   ] GC(13)   Post Evacuate Collection Set: 1.91ms
[2026-02-17T20:21:51.465+0530][gc,phases   ] GC(13)   Other: 0.32ms
[2026-02-17T20:21:51.465+0530][gc,heap     ] GC(13) Eden regions: 45->0(48)
[2026-02-17T20:21:51.465+0530][gc,heap     ] GC(13) Survivor regions: 6->3(7)
[2026-02-17T20:21:51.465+0530][gc,heap     ] GC(13) Old regions: 19->22
[2026-02-17T20:21:51.465+0530][gc,heap     ] GC(13) Archive regions: 2->2
[2026-02-17T20:21:51.465+0530][gc,heap     ] GC(13) Humongous regions: 129->129
[2026-02-17T20:21:51.465+0530][gc,metaspace] GC(13) Metaspace: 42416K(42880K)->42416K(42880K) NonClass: 37676K(37952K)->37676K(37952K) Class: 4739K(4928K)->4739K(4928K)
[2026-02-17T20:21:51.465+0530][gc          ] GC(13) Pause Young (Normal) (G1 Evacuation Pause) 199M->154M(1024M) 16.138ms
[2026-02-17T20:21:51.465+0530][gc,cpu      ] GC(13) User=0.01s Sys=0.00s Real=0.01s
[2026-02-17T20:24:01.261+0530][gc,start    ] GC(14) Pause Young (Normal) (G1 Evacuation Pause)
[2026-02-17T20:24:01.261+0530][gc,task     ] GC(14) Using 1 workers of 1 for evacuation
[2026-02-17T20:24:01.274+0530][gc,phases   ] GC(14)   Pre Evacuate Collection Set: 0.14ms
[2026-02-17T20:24:01.274+0530][gc,phases   ] GC(14)   Merge Heap Roots: 0.08ms
[2026-02-17T20:24:01.274+0530][gc,phases   ] GC(14)   Evacuate Collection Set: 10.70ms
[2026-02-17T20:24:01.274+0530][gc,phases   ] GC(14)   Post Evacuate Collection Set: 0.23ms
[2026-02-17T20:24:01.274+0530][gc,phases   ] GC(14)   Other: 1.14ms
[2026-02-17T20:24:01.274+0530][gc,heap     ] GC(14) Eden regions: 48->0(47)
[2026-02-17T20:24:01.274+0530][gc,heap     ] GC(14) Survivor regions: 3->4(7)
[2026-02-17T20:24:01.274+0530][gc,heap     ] GC(14) Old regions: 22->22
[2026-02-17T20:24:01.274+0530][gc,heap     ] GC(14) Archive regions: 2->2
[2026-02-17T20:24:01.274+0530][gc,heap     ] GC(14) Humongous regions: 129->129
[2026-02-17T20:24:01.274+0530][gc,metaspace] GC(14) Metaspace: 42467K(42944K)->42467K(42944K) NonClass: 37727K(38016K)->37727K(38016K) Class: 4739K(4928K)->4739K(4928K)
[2026-02-17T20:24:01.274+0530][gc          ] GC(14) Pause Young (Normal) (G1 Evacuation Pause) 202M->154M(1024M) 12.401ms
[2026-02-17T20:24:01.274+0530][gc,cpu      ] GC(14) User=0.01s Sys=0.00s Real=0.01s
[2026-02-17T20:26:07.343+0530][gc,start    ] GC(15) Pause Young (Normal) (G1 Evacuation Pause)
[2026-02-17T20:26:07.343+0530][gc,task     ] GC(15) Using 1 workers of 1 for evacuation
[2026-02-17T20:26:07.353+0530][gc,phases   ] GC(15)   Pre Evacuate Collection Set: 0.07ms
[2026-02-17T20:26:07.353+0530][gc,phases   ] GC(15)   Merge Heap Roots: 0.32ms
[2026-02-17T20:26:07.353+0530][gc,phases   ] GC(15)   Evacuate Collection Set: 9.54ms
[2026-02-17T20:26:07.353+0530][gc,phases   ] GC(15)   Post Evacuate Collection Set: 0.32ms
[2026-02-17T20:26:07.353+0530][gc,phases   ] GC(15)   Other: 0.11ms
[2026-02-17T20:26:07.353+0530][gc,heap     ] GC(15) Eden regions: 47->0(47)
[2026-02-17T20:26:07.353+0530][gc,heap     ] GC(15) Survivor regions: 4->4(7)
[2026-02-17T20:26:07.353+0530][gc,heap     ] GC(15) Old regions: 22->22
[2026-02-17T20:26:07.353+0530][gc,heap     ] GC(15) Archive regions: 2->2
[2026-02-17T20:26:07.353+0530][gc,heap     ] GC(15) Humongous regions: 129->129
[2026-02-17T20:26:07.353+0530][gc,metaspace] GC(15) Metaspace: 42521K(42944K)->42521K(42944K) NonClass: 37781K(38016K)->37781K(38016K) Class: 4739K(4928K)->4739K(4928K)
[2026-02-17T20:26:07.353+0530][gc          ] GC(15) Pause Young (Normal) (G1 Evacuation Pause) 201M->155M(1024M) 10.416ms
[2026-02-17T20:26:07.353+0530][gc,cpu      ] GC(15) User=0.01s Sys=0.00s Real=0.01s
[2026-02-17T20:28:16.409+0530][gc,start    ] GC(16) Pause Young (Normal) (G1 Evacuation Pause)
[2026-02-17T20:28:16.409+0530][gc,task     ] GC(16) Using 1 workers of 1 for evacuation
[2026-02-17T20:28:16.424+0530][gc,phases   ] GC(16)   Pre Evacuate Collection Set: 0.28ms
[2026-02-17T20:28:16.424+0530][gc,phases   ] GC(16)   Merge Heap Roots: 0.05ms
[2026-02-17T20:28:16.424+0530][gc,phases   ] GC(16)   Evacuate Collection Set: 14.05ms
[2026-02-17T20:28:16.424+0530][gc,phases   ] GC(16)   Post Evacuate Collection Set: 0.25ms
[2026-02-17T20:28:16.424+0530][gc,phases   ] GC(16)   Other: 0.08ms
[2026-02-17T20:28:16.424+0530][gc,heap     ] GC(16) Eden regions: 47->0(44)
[2026-02-17T20:28:16.424+0530][gc,heap     ] GC(16) Survivor regions: 4->7(7)
[2026-02-17T20:28:16.424+0530][gc,heap     ] GC(16) Old regions: 22->23
[2026-02-17T20:28:16.424+0530][gc,heap     ] GC(16) Archive regions: 2->2
[2026-02-17T20:28:16.424+0530][gc,heap     ] GC(16) Humongous regions: 129->129
[2026-02-17T20:28:16.424+0530][gc,metaspace] GC(16) Metaspace: 42533K(42944K)->42533K(42944K) NonClass: 37793K(38016K)->37793K(38016K) Class: 4739K(4928K)->4739K(4928K)
[2026-02-17T20:28:16.424+0530][gc          ] GC(16) Pause Young (Normal) (G1 Evacuation Pause) 202M->159M(1024M) 14.774ms
[2026-02-17T20:28:16.424+0530][gc,cpu      ] GC(16) User=0.02s Sys=0.00s Real=0.01s
[2026-02-17T20:30:15.988+0530][gc,start    ] GC(17) Pause Young (Normal) (G1 Evacuation Pause)
[2026-02-17T20:30:15.988+0530][gc,task     ] GC(17) Using 1 workers of 1 for evacuation
[2026-02-17T20:30:16.003+0530][gc,phases   ] GC(17)   Pre Evacuate Collection Set: 0.14ms
[2026-02-17T20:30:16.003+0530][gc,phases   ] GC(17)   Merge Heap Roots: 0.05ms
[2026-02-17T20:30:16.003+0530][gc,phases   ] GC(17)   Evacuate Collection Set: 14.46ms
[2026-02-17T20:30:16.003+0530][gc,phases   ] GC(17)   Post Evacuate Collection Set: 0.29ms
[2026-02-17T20:30:16.003+0530][gc,phases   ] GC(17)   Other: 0.08ms
[2026-02-17T20:30:16.003+0530][gc,heap     ] GC(17) Eden regions: 44->0(48)
[2026-02-17T20:30:16.003+0530][gc,heap     ] GC(17) Survivor regions: 7->3(7)
[2026-02-17T20:30:16.003+0530][gc,heap     ] GC(17) Old regions: 23->27
[2026-02-17T20:30:16.003+0530][gc,heap     ] GC(17) Archive regions: 2->2
[2026-02-17T20:30:16.003+0530][gc,heap     ] GC(17) Humongous regions: 129->129
[2026-02-17T20:30:16.003+0530][gc,metaspace] GC(17) Metaspace: 42543K(43008K)->42543K(43008K) NonClass: 37803K(38080K)->37803K(38080K) Class: 4739K(4928K)->4739K(4928K)
[2026-02-17T20:30:16.003+0530][gc          ] GC(17) Pause Young (Normal) (G1 Evacuation Pause) 203M->159M(1024M) 15.097ms
[2026-02-17T20:30:16.004+0530][gc,cpu      ] GC(17) User=0.01s Sys=0.00s Real=0.01s
[2026-02-17T20:32:27.753+0530][gc,start    ] GC(18) Pause Young (Normal) (G1 Evacuation Pause)
[2026-02-17T20:32:27.753+0530][gc,task     ] GC(18) Using 1 workers of 1 for evacuation
[2026-02-17T20:32:27.761+0530][gc,phases   ] GC(18)   Pre Evacuate Collection Set: 0.19ms
[2026-02-17T20:32:27.761+0530][gc,phases   ] GC(18)   Merge Heap Roots: 0.27ms
[2026-02-17T20:32:27.761+0530][gc,phases   ] GC(18)   Evacuate Collection Set: 7.00ms
[2026-02-17T20:32:27.761+0530][gc,phases   ] GC(18)   Post Evacuate Collection Set: 0.23ms
[2026-02-17T20:32:27.761+0530][gc,phases   ] GC(18)   Other: 0.09ms
[2026-02-17T20:32:27.761+0530][gc,heap     ] GC(18) Eden regions: 48->0(47)
[2026-02-17T20:32:27.761+0530][gc,heap     ] GC(18) Survivor regions: 3->4(7)
[2026-02-17T20:32:27.761+0530][gc,heap     ] GC(18) Old regions: 27->27
[2026-02-17T20:32:27.761+0530][gc,heap     ] GC(18) Archive regions: 2->2
[2026-02-17T20:32:27.761+0530][gc,heap     ] GC(18) Humongous regions: 129->129
[2026-02-17T20:32:27.761+0530][gc,metaspace] GC(18) Metaspace: 42568K(43008K)->42568K(43008K) NonClass: 37828K(38080K)->37828K(38080K) Class: 4739K(4928K)->4739K(4928K)
[2026-02-17T20:32:27.761+0530][gc          ] GC(18) Pause Young (Normal) (G1 Evacuation Pause) 207M->160M(1024M) 7.832ms
[2026-02-17T20:32:27.761+0530][gc,cpu      ] GC(18) User=0.01s Sys=0.00s Real=0.01s
[2026-02-17T20:34:35.812+0530][gc,start    ] GC(19) Pause Young (Normal) (G1 Evacuation Pause)
[2026-02-17T20:34:35.812+0530][gc,task     ] GC(19) Using 1 workers of 1 for evacuation
[2026-02-17T20:34:35.821+0530][gc,phases   ] GC(19)   Pre Evacuate Collection Set: 0.18ms
[2026-02-17T20:34:35.821+0530][gc,phases   ] GC(19)   Merge Heap Roots: 0.05ms
[2026-02-17T20:34:35.821+0530][gc,phases   ] GC(19)   Evacuate Collection Set: 8.39ms
[2026-02-17T20:34:35.821+0530][gc,phases   ] GC(19)   Post Evacuate Collection Set: 0.30ms
[2026-02-17T20:34:35.821+0530][gc,phases   ] GC(19)   Other: 0.09ms
[2026-02-17T20:34:35.821+0530][gc,heap     ] GC(19) Eden regions: 47->0(48)
[2026-02-17T20:34:35.821+0530][gc,heap     ] GC(19) Survivor regions: 4->3(7)
[2026-02-17T20:34:35.821+0530][gc,heap     ] GC(19) Old regions: 27->28
[2026-02-17T20:34:35.821+0530][gc,heap     ] GC(19) Archive regions: 2->2
[2026-02-17T20:34:35.821+0530][gc,heap     ] GC(19) Humongous regions: 129->129
[2026-02-17T20:34:35.821+0530][gc,metaspace] GC(19) Metaspace: 42581K(43008K)->42581K(43008K) NonClass: 37841K(38080K)->37841K(38080K) Class: 4739K(4928K)->4739K(4928K)
[2026-02-17T20:34:35.821+0530][gc          ] GC(19) Pause Young (Normal) (G1 Evacuation Pause) 207M->160M(1024M) 9.059ms
[2026-02-17T20:34:35.821+0530][gc,cpu      ] GC(19) User=0.00s Sys=0.00s Real=0.01s
[2026-02-17T20:36:47.670+0530][gc,start    ] GC(20) Pause Young (Normal) (G1 Evacuation Pause)
[2026-02-17T20:36:47.670+0530][gc,task     ] GC(20) Using 1 workers of 1 for evacuation
[2026-02-17T20:36:47.688+0530][gc,phases   ] GC(20)   Pre Evacuate Collection Set: 0.34ms
[2026-02-17T20:36:47.688+0530][gc,phases   ] GC(20)   Merge Heap Roots: 0.06ms
[2026-02-17T20:36:47.688+0530][gc,phases   ] GC(20)   Evacuate Collection Set: 17.23ms
[2026-02-17T20:36:47.688+0530][gc,phases   ] GC(20)   Post Evacuate Collection Set: 0.27ms
[2026-02-17T20:36:47.688+0530][gc,phases   ] GC(20)   Other: 0.09ms
[2026-02-17T20:36:47.688+0530][gc,heap     ] GC(20) Eden regions: 48->0(44)
[2026-02-17T20:36:47.688+0530][gc,heap     ] GC(20) Survivor regions: 3->7(7)
[2026-02-17T20:36:47.688+0530][gc,heap     ] GC(20) Old regions: 28->28
[2026-02-17T20:36:47.688+0530][gc,heap     ] GC(20) Archive regions: 2->2
[2026-02-17T20:36:47.688+0530][gc,heap     ] GC(20) Humongous regions: 129->129
[2026-02-17T20:36:47.688+0530][gc,metaspace] GC(20) Metaspace: 42589K(43008K)->42589K(43008K) NonClass: 37849K(38080K)->37849K(38080K) Class: 4739K(4928K)->4739K(4928K)
[2026-02-17T20:36:47.688+0530][gc          ] GC(20) Pause Young (Normal) (G1 Evacuation Pause) 208M->164M(1024M) 18.032ms
[2026-02-17T20:36:47.688+0530][gc,cpu      ] GC(20) User=0.01s Sys=0.00s Real=0.02s
[2026-02-17T20:38:47.198+0530][gc,start    ] GC(21) Pause Young (Normal) (G1 Evacuation Pause)
[2026-02-17T20:38:47.198+0530][gc,task     ] GC(21) Using 1 workers of 1 for evacuation
[2026-02-17T20:38:47.217+0530][gc,phases   ] GC(21)   Pre Evacuate Collection Set: 0.14ms
[2026-02-17T20:38:47.217+0530][gc,phases   ] GC(21)   Merge Heap Roots: 0.05ms
[2026-02-17T20:38:47.217+0530][gc,phases   ] GC(21)   Evacuate Collection Set: 18.26ms
[2026-02-17T20:38:47.217+0530][gc,phases   ] GC(21)   Post Evacuate Collection Set: 0.23ms
[2026-02-17T20:38:47.217+0530][gc,phases   ] GC(21)   Other: 0.08ms
[2026-02-17T20:38:47.217+0530][gc,heap     ] GC(21) Eden regions: 44->0(47)
[2026-02-17T20:38:47.217+0530][gc,heap     ] GC(21) Survivor regions: 7->4(7)
[2026-02-17T20:38:47.217+0530][gc,heap     ] GC(21) Old regions: 28->32
[2026-02-17T20:38:47.217+0530][gc,heap     ] GC(21) Archive regions: 2->2
[2026-02-17T20:38:47.217+0530][gc,heap     ] GC(21) Humongous regions: 129->129
[2026-02-17T20:38:47.217+0530][gc,metaspace] GC(21) Metaspace: 42603K(43072K)->42603K(43072K) NonClass: 37863K(38144K)->37863K(38144K) Class: 4739K(4928K)->4739K(4928K)
[2026-02-17T20:38:47.217+0530][gc          ] GC(21) Pause Young (Normal) (G1 Evacuation Pause) 208M->165M(1024M) 19.062ms
[2026-02-17T20:38:47.217+0530][gc,cpu      ] GC(21) User=0.01s Sys=0.00s Real=0.02s
[2026-02-17T20:40:55.105+0530][gc,start    ] GC(22) Pause Young (Normal) (G1 Evacuation Pause)
[2026-02-17T20:40:55.105+0530][gc,task     ] GC(22) Using 1 workers of 1 for evacuation
[2026-02-17T20:40:55.115+0530][gc,phases   ] GC(22)   Pre Evacuate Collection Set: 0.13ms
[2026-02-17T20:40:55.115+0530][gc,phases   ] GC(22)   Merge Heap Roots: 0.22ms
[2026-02-17T20:40:55.115+0530][gc,phases   ] GC(22)   Evacuate Collection Set: 10.03ms
[2026-02-17T20:40:55.115+0530][gc,phases   ] GC(22)   Post Evacuate Collection Set: 0.30ms
[2026-02-17T20:40:55.115+0530][gc,phases   ] GC(22)   Other: 0.09ms
[2026-02-17T20:40:55.115+0530][gc,heap     ] GC(22) Eden regions: 47->0(47)
[2026-02-17T20:40:55.115+0530][gc,heap     ] GC(22) Survivor regions: 4->4(7)
[2026-02-17T20:40:55.115+0530][gc,heap     ] GC(22) Old regions: 32->32
[2026-02-17T20:40:55.115+0530][gc,heap     ] GC(22) Archive regions: 2->2
[2026-02-17T20:40:55.115+0530][gc,heap     ] GC(22) Humongous regions: 129->129
[2026-02-17T20:40:55.115+0530][gc,metaspace] GC(22) Metaspace: 42615K(43072K)->42615K(43072K) NonClass: 37876K(38144K)->37876K(38144K) Class: 4739K(4928K)->4739K(4928K)
[2026-02-17T20:40:55.115+0530][gc          ] GC(22) Pause Young (Normal) (G1 Evacuation Pause) 212M->165M(1024M) 10.828ms
[2026-02-17T20:40:55.115+0530][gc,cpu      ] GC(22) User=0.01s Sys=0.00s Real=0.01s
[2026-02-17T20:43:04.324+0530][gc,start    ] GC(23) Pause Young (Normal) (G1 Evacuation Pause)
[2026-02-17T20:43:04.324+0530][gc,task     ] GC(23) Using 1 workers of 1 for evacuation
[2026-02-17T20:43:04.353+0530][gc,mmu      ] GC(23) MMU target violated: 21.0ms (20.0ms/21.0ms)
[2026-02-17T20:43:04.353+0530][gc,phases   ] GC(23)   Pre Evacuate Collection Set: 0.07ms
[2026-02-17T20:43:04.353+0530][gc,phases   ] GC(23)   Merge Heap Roots: 1.20ms
[2026-02-17T20:43:04.353+0530][gc,phases   ] GC(23)   Evacuate Collection Set: 26.95ms
[2026-02-17T20:43:04.353+0530][gc,phases   ] GC(23)   Post Evacuate Collection Set: 0.74ms
[2026-02-17T20:43:04.353+0530][gc,phases   ] GC(23)   Other: 0.11ms
[2026-02-17T20:43:04.353+0530][gc,heap     ] GC(23) Eden regions: 47->0(48)
[2026-02-17T20:43:04.353+0530][gc,heap     ] GC(23) Survivor regions: 4->3(7)
[2026-02-17T20:43:04.353+0530][gc,heap     ] GC(23) Old regions: 32->33
[2026-02-17T20:43:04.353+0530][gc,heap     ] GC(23) Archive regions: 2->2
[2026-02-17T20:43:04.353+0530][gc,heap     ] GC(23) Humongous regions: 129->129
[2026-02-17T20:43:04.353+0530][gc,metaspace] GC(23) Metaspace: 42648K(43072K)->42648K(43072K) NonClass: 37908K(38144K)->37908K(38144K) Class: 4739K(4928K)->4739K(4928K)
[2026-02-17T20:43:04.353+0530][gc          ] GC(23) Pause Young (Normal) (G1 Evacuation Pause) 212M->165M(1024M) 29.103ms
[2026-02-17T20:43:04.353+0530][gc,cpu      ] GC(23) User=0.01s Sys=0.00s Real=0.03s
[2026-02-17T20:45:16.508+0530][gc,start    ] GC(24) Pause Young (Normal) (G1 Evacuation Pause)
[2026-02-17T20:45:16.508+0530][gc,task     ] GC(24) Using 1 workers of 1 for evacuation
[2026-02-17T20:45:16.520+0530][gc,phases   ] GC(24)   Pre Evacuate Collection Set: 0.06ms
[2026-02-17T20:45:16.520+0530][gc,phases   ] GC(24)   Merge Heap Roots: 0.24ms
[2026-02-17T20:45:16.520+0530][gc,phases   ] GC(24)   Evacuate Collection Set: 11.29ms
[2026-02-17T20:45:16.520+0530][gc,phases   ] GC(24)   Post Evacuate Collection Set: 0.24ms
[2026-02-17T20:45:16.520+0530][gc,phases   ] GC(24)   Other: 0.25ms
[2026-02-17T20:45:16.520+0530][gc,heap     ] GC(24) Eden regions: 48->0(44)
[2026-02-17T20:45:16.520+0530][gc,heap     ] GC(24) Survivor regions: 3->7(7)
[2026-02-17T20:45:16.520+0530][gc,heap     ] GC(24) Old regions: 33->33
[2026-02-17T20:45:16.520+0530][gc,heap     ] GC(24) Archive regions: 2->2
[2026-02-17T20:45:16.520+0530][gc,heap     ] GC(24) Humongous regions: 129->129
[2026-02-17T20:45:16.520+0530][gc,metaspace] GC(24) Metaspace: 42659K(43136K)->42659K(43136K) NonClass: 37919K(38208K)->37919K(38208K) Class: 4739K(4928K)->4739K(4928K)
[2026-02-17T20:45:16.520+0530][gc          ] GC(24) Pause Young (Normal) (G1 Evacuation Pause) 213M->169M(1024M) 12.201ms
[2026-02-17T20:45:16.520+0530][gc,cpu      ] GC(24) User=0.01s Sys=0.00s Real=0.01s
[2026-02-17T20:47:17.680+0530][gc,start    ] GC(25) Pause Young (Normal) (G1 Evacuation Pause)
[2026-02-17T20:47:17.680+0530][gc,task     ] GC(25) Using 1 workers of 1 for evacuation
[2026-02-17T20:47:17.698+0530][gc,phases   ] GC(25)   Pre Evacuate Collection Set: 0.14ms
[2026-02-17T20:47:17.698+0530][gc,phases   ] GC(25)   Merge Heap Roots: 0.25ms
[2026-02-17T20:47:17.698+0530][gc,phases   ] GC(25)   Evacuate Collection Set: 16.75ms
[2026-02-17T20:47:17.698+0530][gc,phases   ] GC(25)   Post Evacuate Collection Set: 0.32ms
[2026-02-17T20:47:17.698+0530][gc,phases   ] GC(25)   Other: 0.10ms
[2026-02-17T20:47:17.698+0530][gc,heap     ] GC(25) Eden regions: 44->0(47)
[2026-02-17T20:47:17.698+0530][gc,heap     ] GC(25) Survivor regions: 7->4(7)
[2026-02-17T20:47:17.698+0530][gc,heap     ] GC(25) Old regions: 33->37
[2026-02-17T20:47:17.698+0530][gc,heap     ] GC(25) Archive regions: 2->2
[2026-02-17T20:47:17.698+0530][gc,heap     ] GC(25) Humongous regions: 129->129
[2026-02-17T20:47:17.698+0530][gc,metaspace] GC(25) Metaspace: 42670K(43136K)->42670K(43136K) NonClass: 37930K(38208K)->37930K(38208K) Class: 4739K(4928K)->4739K(4928K)
[2026-02-17T20:47:17.698+0530][gc          ] GC(25) Pause Young (Normal) (G1 Evacuation Pause) 213M->170M(1024M) 17.618ms
[2026-02-17T20:47:17.698+0530][gc,cpu      ] GC(25) User=0.01s Sys=0.00s Real=0.02s
[2026-02-17T20:49:26.922+0530][gc,start    ] GC(26) Pause Young (Normal) (G1 Evacuation Pause)
[2026-02-17T20:49:26.922+0530][gc,task     ] GC(26) Using 1 workers of 1 for evacuation
[2026-02-17T20:49:26.931+0530][gc,phases   ] GC(26)   Pre Evacuate Collection Set: 0.48ms
[2026-02-17T20:49:26.931+0530][gc,phases   ] GC(26)   Merge Heap Roots: 0.09ms
[2026-02-17T20:49:26.931+0530][gc,phases   ] GC(26)   Evacuate Collection Set: 8.51ms
[2026-02-17T20:49:26.931+0530][gc,phases   ] GC(26)   Post Evacuate Collection Set: 0.23ms
[2026-02-17T20:49:26.931+0530][gc,phases   ] GC(26)   Other: 0.09ms
[2026-02-17T20:49:26.931+0530][gc,heap     ] GC(26) Eden regions: 47->0(47)
[2026-02-17T20:49:26.931+0530][gc,heap     ] GC(26) Survivor regions: 4->4(7)
[2026-02-17T20:49:26.931+0530][gc,heap     ] GC(26) Old regions: 37->37
[2026-02-17T20:49:26.931+0530][gc,heap     ] GC(26) Archive regions: 2->2
[2026-02-17T20:49:26.931+0530][gc,heap     ] GC(26) Humongous regions: 129->129
[2026-02-17T20:49:26.931+0530][gc,metaspace] GC(26) Metaspace: 42684K(43136K)->42684K(43136K) NonClass: 37944K(38208K)->37944K(38208K) Class: 4739K(4928K)->4739K(4928K)
[2026-02-17T20:49:26.931+0530][gc          ] GC(26) Pause Young (Normal) (G1 Evacuation Pause) 217M->170M(1024M) 9.444ms
[2026-02-17T20:49:26.931+0530][gc,cpu      ] GC(26) User=0.01s Sys=0.00s Real=0.01s
[2026-02-17T20:51:26.647+0530][gc,start    ] GC(27) Pause Young (Normal) (G1 Evacuation Pause)
[2026-02-17T20:51:26.647+0530][gc,task     ] GC(27) Using 1 workers of 1 for evacuation
[2026-02-17T20:51:26.675+0530][gc,mmu      ] GC(27) MMU target violated: 21.0ms (20.0ms/21.0ms)
[2026-02-17T20:51:26.675+0530][gc,phases   ] GC(27)   Pre Evacuate Collection Set: 0.07ms
[2026-02-17T20:51:26.675+0530][gc,phases   ] GC(27)   Merge Heap Roots: 0.08ms
[2026-02-17T20:51:26.675+0530][gc,phases   ] GC(27)   Evacuate Collection Set: 26.16ms
[2026-02-17T20:51:26.675+0530][gc,phases   ] GC(27)   Post Evacuate Collection Set: 1.22ms
[2026-02-17T20:51:26.675+0530][gc,phases   ] GC(27)   Other: 0.46ms
[2026-02-17T20:51:26.675+0530][gc,heap     ] GC(27) Eden regions: 47->0(47)
[2026-02-17T20:51:26.675+0530][gc,heap     ] GC(27) Survivor regions: 4->4(7)
[2026-02-17T20:51:26.675+0530][gc,heap     ] GC(27) Old regions: 37->38
[2026-02-17T20:51:26.675+0530][gc,heap     ] GC(27) Archive regions: 2->2
[2026-02-17T20:51:26.675+0530][gc,heap     ] GC(27) Humongous regions: 129->129
[2026-02-17T20:51:26.675+0530][gc,metaspace] GC(27) Metaspace: 43353K(43776K)->43353K(43776K) NonClass: 38486K(38720K)->38486K(38720K) Class: 4866K(5056K)->4866K(5056K)
[2026-02-17T20:51:26.675+0530][gc          ] GC(27) Pause Young (Normal) (G1 Evacuation Pause) 217M->171M(1024M) 28.030ms
[2026-02-17T20:51:26.675+0530][gc,cpu      ] GC(27) User=0.01s Sys=0.00s Real=0.02s
[2026-02-17T20:53:41.677+0530][gc,start    ] GC(28) Pause Young (Normal) (G1 Evacuation Pause)
[2026-02-17T20:53:41.677+0530][gc,task     ] GC(28) Using 1 workers of 1 for evacuation
[2026-02-17T20:53:41.689+0530][gc,phases   ] GC(28)   Pre Evacuate Collection Set: 0.14ms
[2026-02-17T20:53:41.689+0530][gc,phases   ] GC(28)   Merge Heap Roots: 0.06ms
[2026-02-17T20:53:41.689+0530][gc,phases   ] GC(28)   Evacuate Collection Set: 11.13ms
[2026-02-17T20:53:41.689+0530][gc,phases   ] GC(28)   Post Evacuate Collection Set: 0.25ms
[2026-02-17T20:53:41.689+0530][gc,phases   ] GC(28)   Other: 0.08ms
[2026-02-17T20:53:41.689+0530][gc,heap     ] GC(28) Eden regions: 47->0(44)
[2026-02-17T20:53:41.689+0530][gc,heap     ] GC(28) Survivor regions: 4->7(7)
[2026-02-17T20:53:41.689+0530][gc,heap     ] GC(28) Old regions: 38->38
[2026-02-17T20:53:41.689+0530][gc,heap     ] GC(28) Archive regions: 2->2
[2026-02-17T20:53:41.689+0530][gc,heap     ] GC(28) Humongous regions: 129->129
[2026-02-17T20:53:41.689+0530][gc,metaspace] GC(28) Metaspace: 43434K(43904K)->43434K(43904K) NonClass: 38550K(38784K)->38550K(38784K) Class: 4883K(5120K)->4883K(5120K)
[2026-02-17T20:53:41.689+0530][gc          ] GC(28) Pause Young (Normal) (G1 Evacuation Pause) 218M->174M(1024M) 11.712ms
[2026-02-17T20:53:41.689+0530][gc,cpu      ] GC(28) User=0.01s Sys=0.00s Real=0.01s
[2026-02-17T20:55:45.058+0530][gc,start    ] GC(29) Pause Young (Normal) (G1 Evacuation Pause)
[2026-02-17T20:55:45.058+0530][gc,task     ] GC(29) Using 1 workers of 1 for evacuation
[2026-02-17T20:55:45.070+0530][gc,phases   ] GC(29)   Pre Evacuate Collection Set: 0.13ms
[2026-02-17T20:55:45.070+0530][gc,phases   ] GC(29)   Merge Heap Roots: 0.13ms
[2026-02-17T20:55:45.070+0530][gc,phases   ] GC(29)   Evacuate Collection Set: 11.85ms
[2026-02-17T20:55:45.070+0530][gc,phases   ] GC(29)   Post Evacuate Collection Set: 0.30ms
[2026-02-17T20:55:45.070+0530][gc,phases   ] GC(29)   Other: 0.08ms
[2026-02-17T20:55:45.070+0530][gc,heap     ] GC(29) Eden regions: 44->0(61)
[2026-02-17T20:55:45.070+0530][gc,heap     ] GC(29) Survivor regions: 7->4(7)
[2026-02-17T20:55:45.071+0530][gc,heap     ] GC(29) Old regions: 38->41
[2026-02-17T20:55:45.071+0530][gc,heap     ] GC(29) Archive regions: 2->2
[2026-02-17T20:55:45.071+0530][gc,heap     ] GC(29) Humongous regions: 129->129
[2026-02-17T20:55:45.071+0530][gc,metaspace] GC(29) Metaspace: 43482K(43968K)->43482K(43968K) NonClass: 38589K(38848K)->38589K(38848K) Class: 4892K(5120K)->4892K(5120K)
[2026-02-17T20:55:45.071+0530][gc          ] GC(29) Pause Young (Normal) (G1 Evacuation Pause) 218M->174M(1024M) 12.547ms
[2026-02-17T20:55:45.071+0530][gc,cpu      ] GC(29) User=0.02s Sys=0.00s Real=0.01s
[2026-02-17T20:58:28.199+0530][gc,start    ] GC(30) Pause Young (Normal) (G1 Evacuation Pause)
[2026-02-17T20:58:28.199+0530][gc,task     ] GC(30) Using 1 workers of 1 for evacuation
[2026-02-17T20:58:28.418+0530][gc,mmu      ] GC(30) MMU target violated: 21.0ms (20.0ms/21.0ms)
[2026-02-17T20:58:28.418+0530][gc,phases   ] GC(30)   Pre Evacuate Collection Set: 4.61ms
[2026-02-17T20:58:28.418+0530][gc,phases   ] GC(30)   Merge Heap Roots: 0.07ms
[2026-02-17T20:58:28.418+0530][gc,phases   ] GC(30)   Evacuate Collection Set: 205.16ms
[2026-02-17T20:58:28.418+0530][gc,phases   ] GC(30)   Post Evacuate Collection Set: 8.32ms
[2026-02-17T20:58:28.418+0530][gc,phases   ] GC(30)   Other: 0.13ms
[2026-02-17T20:58:28.418+0530][gc,heap     ] GC(30) Eden regions: 61->0(46)
[2026-02-17T20:58:28.418+0530][gc,heap     ] GC(30) Survivor regions: 4->5(9)
[2026-02-17T20:58:28.418+0530][gc,heap     ] GC(30) Old regions: 41->41
[2026-02-17T20:58:28.418+0530][gc,heap     ] GC(30) Archive regions: 2->2
[2026-02-17T20:58:28.418+0530][gc,heap     ] GC(30) Humongous regions: 129->129
[2026-02-17T20:58:28.418+0530][gc,metaspace] GC(30) Metaspace: 43515K(44032K)->43515K(44032K) NonClass: 38621K(38912K)->38621K(38912K) Class: 4894K(5120K)->4894K(5120K)
[2026-02-17T20:58:28.418+0530][gc          ] GC(30) Pause Young (Normal) (G1 Evacuation Pause) 235M->175M(1024M) 218.314ms
[2026-02-17T20:58:28.418+0530][gc,cpu      ] GC(30) User=0.02s Sys=0.00s Real=0.22s
[2026-02-17T21:00:19.729+0530][gc,start    ] GC(31) Pause Young (Normal) (G1 Evacuation Pause)
[2026-02-17T21:00:19.729+0530][gc,task     ] GC(31) Using 1 workers of 1 for evacuation
[2026-02-17T21:00:19.742+0530][gc,phases   ] GC(31)   Pre Evacuate Collection Set: 0.20ms
[2026-02-17T21:00:19.742+0530][gc,phases   ] GC(31)   Merge Heap Roots: 0.06ms
[2026-02-17T21:00:19.742+0530][gc,phases   ] GC(31)   Evacuate Collection Set: 12.73ms
[2026-02-17T21:00:19.742+0530][gc,phases   ] GC(31)   Post Evacuate Collection Set: 0.32ms
[2026-02-17T21:00:19.742+0530][gc,phases   ] GC(31)   Other: 0.10ms
[2026-02-17T21:00:19.742+0530][gc,heap     ] GC(31) Eden regions: 46->0(45)
[2026-02-17T21:00:19.742+0530][gc,heap     ] GC(31) Survivor regions: 5->6(7)
[2026-02-17T21:00:19.742+0530][gc,heap     ] GC(31) Old regions: 41->43
[2026-02-17T21:00:19.742+0530][gc,heap     ] GC(31) Archive regions: 2->2
[2026-02-17T21:00:19.742+0530][gc,heap     ] GC(31) Humongous regions: 147->147
[2026-02-17T21:00:19.742+0530][gc,metaspace] GC(31) Metaspace: 43760K(44288K)->43760K(44288K) NonClass: 38820K(39104K)->38820K(39104K) Class: 4940K(5184K)->4940K(5184K)
[2026-02-17T21:00:19.742+0530][gc          ] GC(31) Pause Young (Normal) (G1 Evacuation Pause) 239M->196M(1024M) 13.475ms
[2026-02-17T21:00:19.743+0530][gc,cpu      ] GC(31) User=0.01s Sys=0.00s Real=0.01s
[2026-02-17T21:02:22.261+0530][gc,start    ] GC(32) Pause Young (Normal) (G1 Evacuation Pause)
[2026-02-17T21:02:22.261+0530][gc,task     ] GC(32) Using 1 workers of 1 for evacuation
[2026-02-17T21:02:22.275+0530][gc,phases   ] GC(32)   Pre Evacuate Collection Set: 0.09ms
[2026-02-17T21:02:22.275+0530][gc,phases   ] GC(32)   Merge Heap Roots: 0.06ms
[2026-02-17T21:02:22.275+0530][gc,phases   ] GC(32)   Evacuate Collection Set: 14.38ms
[2026-02-17T21:02:22.275+0530][gc,phases   ] GC(32)   Post Evacuate Collection Set: 0.31ms
[2026-02-17T21:02:22.275+0530][gc,phases   ] GC(32)   Other: 0.08ms
[2026-02-17T21:02:22.275+0530][gc,heap     ] GC(32) Eden regions: 45->0(47)
[2026-02-17T21:02:22.275+0530][gc,heap     ] GC(32) Survivor regions: 6->4(7)
[2026-02-17T21:02:22.275+0530][gc,heap     ] GC(32) Old regions: 43->48
[2026-02-17T21:02:22.275+0530][gc,heap     ] GC(32) Archive regions: 2->2
[2026-02-17T21:02:22.275+0530][gc,heap     ] GC(32) Humongous regions: 147->147
[2026-02-17T21:02:22.275+0530][gc,metaspace] GC(32) Metaspace: 43792K(44288K)->43792K(44288K) NonClass: 38844K(39104K)->38844K(39104K) Class: 4948K(5184K)->4948K(5184K)
[2026-02-17T21:02:22.276+0530][gc          ] GC(32) Pause Young (Normal) (G1 Evacuation Pause) 241M->198M(1024M) 14.962ms
[2026-02-17T21:02:22.276+0530][gc,cpu      ] GC(32) User=0.01s Sys=0.00s Real=0.01s
[2026-02-17T21:04:30.014+0530][gc,start    ] GC(33) Pause Young (Normal) (G1 Evacuation Pause)
[2026-02-17T21:04:30.014+0530][gc,task     ] GC(33) Using 1 workers of 1 for evacuation
[2026-02-17T21:04:30.026+0530][gc,phases   ] GC(33)   Pre Evacuate Collection Set: 0.13ms
[2026-02-17T21:04:30.026+0530][gc,phases   ] GC(33)   Merge Heap Roots: 0.04ms
[2026-02-17T21:04:30.026+0530][gc,phases   ] GC(33)   Evacuate Collection Set: 10.97ms
[2026-02-17T21:04:30.026+0530][gc,phases   ] GC(33)   Post Evacuate Collection Set: 0.23ms
[2026-02-17T21:04:30.026+0530][gc,phases   ] GC(33)   Other: 0.07ms
[2026-02-17T21:04:30.026+0530][gc,heap     ] GC(33) Eden regions: 47->0(46)
[2026-02-17T21:04:30.026+0530][gc,heap     ] GC(33) Survivor regions: 4->5(7)
[2026-02-17T21:04:30.026+0530][gc,heap     ] GC(33) Old regions: 48->48
[2026-02-17T21:04:30.026+0530][gc,heap     ] GC(33) Archive regions: 2->2
[2026-02-17T21:04:30.026+0530][gc,heap     ] GC(33) Humongous regions: 147->147
[2026-02-17T21:04:30.026+0530][gc,metaspace] GC(33) Metaspace: 43826K(44352K)->43826K(44352K) NonClass: 38878K(39168K)->38878K(39168K) Class: 4948K(5184K)->4948K(5184K)
[2026-02-17T21:04:30.026+0530][gc          ] GC(33) Pause Young (Normal) (G1 Evacuation Pause) 245M->199M(1024M) 11.498ms
[2026-02-17T21:04:30.026+0530][gc,cpu      ] GC(33) User=0.01s Sys=0.00s Real=0.01s
[2026-02-17T21:06:34.558+0530][gc,start    ] GC(34) Pause Young (Normal) (G1 Evacuation Pause)
[2026-02-17T21:06:34.558+0530][gc,task     ] GC(34) Using 1 workers of 1 for evacuation
[2026-02-17T21:06:34.665+0530][gc,mmu      ] GC(34) MMU target violated: 21.0ms (20.0ms/21.0ms)
[2026-02-17T21:06:34.665+0530][gc,phases   ] GC(34)   Pre Evacuate Collection Set: 0.92ms
[2026-02-17T21:06:34.665+0530][gc,phases   ] GC(34)   Merge Heap Roots: 0.15ms
[2026-02-17T21:06:34.665+0530][gc,phases   ] GC(34)   Evacuate Collection Set: 98.46ms
[2026-02-17T21:06:34.665+0530][gc,phases   ] GC(34)   Post Evacuate Collection Set: 7.47ms
[2026-02-17T21:06:34.665+0530][gc,phases   ] GC(34)   Other: 0.13ms
[2026-02-17T21:06:34.666+0530][gc,heap     ] GC(34) Eden regions: 46->0(47)
[2026-02-17T21:06:34.666+0530][gc,heap     ] GC(34) Survivor regions: 5->4(7)
[2026-02-17T21:06:34.666+0530][gc,heap     ] GC(34) Old regions: 48->49
[2026-02-17T21:06:34.666+0530][gc,heap     ] GC(34) Archive regions: 2->2
[2026-02-17T21:06:34.666+0530][gc,heap     ] GC(34) Humongous regions: 147->147
[2026-02-17T21:06:34.666+0530][gc,metaspace] GC(34) Metaspace: 43830K(44352K)->43830K(44352K) NonClass: 38881K(39168K)->38881K(39168K) Class: 4948K(5184K)->4948K(5184K)
[2026-02-17T21:06:34.666+0530][gc          ] GC(34) Pause Young (Normal) (G1 Evacuation Pause) 245M->199M(1024M) 107.161ms
[2026-02-17T21:06:34.666+0530][gc,cpu      ] GC(34) User=0.01s Sys=0.00s Real=0.10s
[2026-02-17T21:08:43.574+0530][gc,start    ] GC(35) Pause Young (Normal) (G1 Evacuation Pause)
[2026-02-17T21:08:43.574+0530][gc,task     ] GC(35) Using 1 workers of 1 for evacuation
[2026-02-17T21:08:43.583+0530][gc,phases   ] GC(35)   Pre Evacuate Collection Set: 0.15ms
[2026-02-17T21:08:43.583+0530][gc,phases   ] GC(35)   Merge Heap Roots: 0.07ms
[2026-02-17T21:08:43.583+0530][gc,phases   ] GC(35)   Evacuate Collection Set: 7.56ms
[2026-02-17T21:08:43.583+0530][gc,phases   ] GC(35)   Post Evacuate Collection Set: 0.21ms
[2026-02-17T21:08:43.583+0530][gc,phases   ] GC(35)   Other: 0.07ms
[2026-02-17T21:08:43.583+0530][gc,heap     ] GC(35) Eden regions: 47->0(47)
[2026-02-17T21:08:43.583+0530][gc,heap     ] GC(35) Survivor regions: 4->4(7)
[2026-02-17T21:08:43.583+0530][gc,heap     ] GC(35) Old regions: 49->49
[2026-02-17T21:08:43.583+0530][gc,heap     ] GC(35) Archive regions: 2->2
[2026-02-17T21:08:43.583+0530][gc,heap     ] GC(35) Humongous regions: 147->147
[2026-02-17T21:08:43.583+0530][gc,metaspace] GC(35) Metaspace: 43840K(44352K)->43840K(44352K) NonClass: 38891K(39168K)->38891K(39168K) Class: 4948K(5184K)->4948K(5184K)
[2026-02-17T21:08:43.583+0530][gc          ] GC(35) Pause Young (Normal) (G1 Evacuation Pause) 246M->200M(1024M) 8.114ms
[2026-02-17T21:08:43.583+0530][gc,cpu      ] GC(35) User=0.01s Sys=0.00s Real=0.01s
[2026-02-17T21:10:52.073+0530][gc,start    ] GC(36) Pause Young (Normal) (G1 Evacuation Pause)
[2026-02-17T21:10:52.073+0530][gc,task     ] GC(36) Using 1 workers of 1 for evacuation
[2026-02-17T21:10:52.087+0530][gc,phases   ] GC(36)   Pre Evacuate Collection Set: 0.15ms
[2026-02-17T21:10:52.087+0530][gc,phases   ] GC(36)   Merge Heap Roots: 0.14ms
[2026-02-17T21:10:52.087+0530][gc,phases   ] GC(36)   Evacuate Collection Set: 13.13ms
[2026-02-17T21:10:52.087+0530][gc,phases   ] GC(36)   Post Evacuate Collection Set: 0.24ms
[2026-02-17T21:10:52.087+0530][gc,phases   ] GC(36)   Other: 0.09ms
[2026-02-17T21:10:52.087+0530][gc,heap     ] GC(36) Eden regions: 47->0(44)
[2026-02-17T21:10:52.087+0530][gc,heap     ] GC(36) Survivor regions: 4->7(7)
[2026-02-17T21:10:52.087+0530][gc,heap     ] GC(36) Old regions: 49->50
[2026-02-17T21:10:52.087+0530][gc,heap     ] GC(36) Archive regions: 2->2
[2026-02-17T21:10:52.087+0530][gc,heap     ] GC(36) Humongous regions: 147->147
[2026-02-17T21:10:52.087+0530][gc,metaspace] GC(36) Metaspace: 43853K(44352K)->43853K(44352K) NonClass: 38904K(39168K)->38904K(39168K) Class: 4948K(5184K)->4948K(5184K)
[2026-02-17T21:10:52.087+0530][gc          ] GC(36) Pause Young (Normal) (G1 Evacuation Pause) 247M->204M(1024M) 13.824ms
[2026-02-17T21:10:52.087+0530][gc,cpu      ] GC(36) User=0.02s Sys=0.00s Real=0.02s
[2026-02-17T21:12:53.132+0530][gc,start    ] GC(37) Pause Young (Normal) (G1 Evacuation Pause)
[2026-02-17T21:12:53.132+0530][gc,task     ] GC(37) Using 1 workers of 1 for evacuation
[2026-02-17T21:12:53.149+0530][gc,phases   ] GC(37)   Pre Evacuate Collection Set: 0.27ms
[2026-02-17T21:12:53.149+0530][gc,phases   ] GC(37)   Merge Heap Roots: 0.06ms
[2026-02-17T21:12:53.149+0530][gc,phases   ] GC(37)   Evacuate Collection Set: 16.23ms
[2026-02-17T21:12:53.149+0530][gc,phases   ] GC(37)   Post Evacuate Collection Set: 0.30ms
[2026-02-17T21:12:53.149+0530][gc,phases   ] GC(37)   Other: 0.09ms
[2026-02-17T21:12:53.149+0530][gc,heap     ] GC(37) Eden regions: 44->0(48)
[2026-02-17T21:12:53.149+0530][gc,heap     ] GC(37) Survivor regions: 7->3(7)
[2026-02-17T21:12:53.149+0530][gc,heap     ] GC(37) Old regions: 50->54
[2026-02-17T21:12:53.149+0530][gc,heap     ] GC(37) Archive regions: 2->2
[2026-02-17T21:12:53.149+0530][gc,heap     ] GC(37) Humongous regions: 147->147
[2026-02-17T21:12:53.149+0530][gc,metaspace] GC(37) Metaspace: 43854K(44352K)->43854K(44352K) NonClass: 38905K(39168K)->38905K(39168K) Class: 4948K(5184K)->4948K(5184K)
[2026-02-17T21:12:53.149+0530][gc          ] GC(37) Pause Young (Normal) (G1 Evacuation Pause) 248M->204M(1024M) 17.008ms
[2026-02-17T21:12:53.149+0530][gc,cpu      ] GC(37) User=0.01s Sys=0.00s Real=0.02s
[2026-02-17T21:15:03.235+0530][gc,start    ] GC(38) Pause Young (Normal) (G1 Evacuation Pause)
[2026-02-17T21:15:03.235+0530][gc,task     ] GC(38) Using 1 workers of 1 for evacuation
[2026-02-17T21:15:03.244+0530][gc,phases   ] GC(38)   Pre Evacuate Collection Set: 0.22ms
[2026-02-17T21:15:03.244+0530][gc,phases   ] GC(38)   Merge Heap Roots: 0.06ms
[2026-02-17T21:15:03.244+0530][gc,phases   ] GC(38)   Evacuate Collection Set: 8.44ms
[2026-02-17T21:15:03.244+0530][gc,phases   ] GC(38)   Post Evacuate Collection Set: 0.30ms
[2026-02-17T21:15:03.244+0530][gc,phases   ] GC(38)   Other: 0.18ms
[2026-02-17T21:15:03.244+0530][gc,heap     ] GC(38) Eden regions: 48->0(47)
[2026-02-17T21:15:03.244+0530][gc,heap     ] GC(38) Survivor regions: 3->4(7)
[2026-02-17T21:15:03.244+0530][gc,heap     ] GC(38) Old regions: 54->54
[2026-02-17T21:15:03.244+0530][gc,heap     ] GC(38) Archive regions: 2->2
[2026-02-17T21:15:03.244+0530][gc,heap     ] GC(38) Humongous regions: 147->147
[2026-02-17T21:15:03.244+0530][gc,metaspace] GC(38) Metaspace: 43858K(44352K)->43858K(44352K) NonClass: 38910K(39168K)->38910K(39168K) Class: 4948K(5184K)->4948K(5184K)
[2026-02-17T21:15:03.244+0530][gc          ] GC(38) Pause Young (Normal) (G1 Evacuation Pause) 252M->205M(1024M) 9.422ms
[2026-02-17T21:15:03.244+0530][gc,cpu      ] GC(38) User=0.01s Sys=0.00s Real=0.01s
