[2026-02-17T21:29:46.895+0530][gc] Using G1
[2026-02-17T21:29:46.930+0530][gc,init] Version: 17.0.18+8-Ubuntu-124.04.1 (release)
[2026-02-17T21:29:46.930+0530][gc,init] CPUs: 1 total, 1 available
[2026-02-17T21:29:46.930+0530][gc,init] Memory: 15805M
[2026-02-17T21:29:46.930+0530][gc,init] Large Page Support: Disabled
[2026-02-17T21:29:46.930+0530][gc,init] NUMA Support: Disabled
[2026-02-17T21:29:46.930+0530][gc,init] Compressed Oops: Enabled (32-bit)
[2026-02-17T21:29:46.930+0530][gc,init] Heap Region Size: 1M
[2026-02-17T21:29:46.930+0530][gc,init] Heap Min Capacity: 1G
[2026-02-17T21:29:46.930+0530][gc,init] Heap Initial Capacity: 1G
[2026-02-17T21:29:46.930+0530][gc,init] Heap Max Capacity: 1G
[2026-02-17T21:29:46.930+0530][gc,init] Pre-touch: Disabled
[2026-02-17T21:29:46.930+0530][gc,init] Parallel Workers: 1
[2026-02-17T21:29:46.930+0530][gc,init] Concurrent Workers: 1
[2026-02-17T21:29:46.930+0530][gc,init] Concurrent Refinement Workers: 1
[2026-02-17T21:29:46.930+0530][gc,init] Periodic GC: Disabled
[2026-02-17T21:29:46.986+0530][gc,metaspace] CDS archive(s) mapped at: [0x00007f588b000000-0x00007f588bbca000-0x00007f588bbca000), size 12361728, SharedBaseAddress: 0x00007f588b000000, ArchiveRelocationMode: 1.
[2026-02-17T21:29:46.986+0530][gc,metaspace] Compressed class space mapped at: 0x00007f588c000000-0x00007f58cc000000, reserved size: 1073741824
[2026-02-17T21:29:46.986+0530][gc,metaspace] Narrow klass base: 0x00007f588b000000, Narrow klass shift: 0, Narrow klass range: 0x100000000
[2026-02-17T21:29:52.872+0530][gc,start    ] GC(0) Pause Young (Normal) (G1 Evacuation Pause)
[2026-02-17T21:29:52.872+0530][gc,task     ] GC(0) Using 1 workers of 1 for evacuation
[2026-02-17T21:29:53.016+0530][gc,mmu      ] GC(0) MMU target violated: 21.0ms (20.0ms/21.0ms)
[2026-02-17T21:29:53.016+0530][gc,phases   ] GC(0)   Pre Evacuate Collection Set: 2.95ms
[2026-02-17T21:29:53.016+0530][gc,phases   ] GC(0)   Merge Heap Roots: 0.13ms
[2026-02-17T21:29:53.016+0530][gc,phases   ] GC(0)   Evacuate Collection Set: 130.59ms
[2026-02-17T21:29:53.016+0530][gc,phases   ] GC(0)   Post Evacuate Collection Set: 9.40ms
[2026-02-17T21:29:53.016+0530][gc,phases   ] GC(0)   Other: 0.10ms
[2026-02-17T21:29:53.016+0530][gc,heap     ] GC(0) Eden regions: 51->0(44)
[2026-02-17T21:29:53.016+0530][gc,heap     ] GC(0) Survivor regions: 0->7(7)
[2026-02-17T21:29:53.016+0530][gc,heap     ] GC(0) Old regions: 0->2
[2026-02-17T21:29:53.016+0530][gc,heap     ] GC(0) Archive regions: 2->2
[2026-02-17T21:29:53.016+0530][gc,heap     ] GC(0) Humongous regions: 0->0
[2026-02-17T21:29:53.016+0530][gc,metaspace] GC(0) Metaspace: 18394K(18560K)->18394K(18560K) NonClass: 16358K(16448K)->16358K(16448K) Class: 2035K(2112K)->2035K(2112K)
[2026-02-17T21:29:53.016+0530][gc          ] GC(0) Pause Young (Normal) (G1 Evacuation Pause) 51M->9M(1024M) 143.202ms
[2026-02-17T21:29:53.016+0530][gc,cpu      ] GC(0) User=0.01s Sys=0.00s Real=0.14s
[2026-02-17T21:29:54.323+0530][gc,start    ] GC(1) Pause Young (Concurrent Start) (Metadata GC Threshold)
[2026-02-17T21:29:54.323+0530][gc,task     ] GC(1) Using 1 workers of 1 for evacuation
[2026-02-17T21:29:54.379+0530][gc,mmu      ] GC(1) MMU target violated: 21.0ms (20.0ms/21.0ms)
[2026-02-17T21:29:54.379+0530][gc,phases   ] GC(1)   Pre Evacuate Collection Set: 0.06ms
[2026-02-17T21:29:54.379+0530][gc,phases   ] GC(1)   Merge Heap Roots: 0.03ms
[2026-02-17T21:29:54.379+0530][gc,phases   ] GC(1)   Evacuate Collection Set: 52.77ms
[2026-02-17T21:29:54.379+0530][gc,phases   ] GC(1)   Post Evacuate Collection Set: 3.70ms
[2026-02-17T21:29:54.379+0530][gc,phases   ] GC(1)   Other: 0.14ms
[2026-02-17T21:29:54.379+0530][gc,heap     ] GC(1) Eden regions: 12->0(50)
[2026-02-17T21:29:54.379+0530][gc,heap     ] GC(1) Survivor regions: 7->1(7)
[2026-02-17T21:29:54.379+0530][gc,heap     ] GC(1) Old regions: 2->9
[2026-02-17T21:29:54.379+0530][gc,heap     ] GC(1) Archive regions: 2->2
[2026-02-17T21:29:54.379+0530][gc,heap     ] GC(1) Humongous regions: 0->0
[2026-02-17T21:29:54.379+0530][gc,metaspace] GC(1) Metaspace: 21307K(21504K)->21307K(21504K) NonClass: 18913K(19008K)->18913K(19008K) Class: 2394K(2496K)->2394K(2496K)
[2026-02-17T21:29:54.379+0530][gc          ] GC(1) Pause Young (Concurrent Start) (Metadata GC Threshold) 20M->10M(1024M) 56.757ms
[2026-02-17T21:29:54.379+0530][gc,cpu      ] GC(1) User=0.01s Sys=0.00s Real=0.06s
[2026-02-17T21:29:54.380+0530][gc          ] GC(2) Concurrent Mark Cycle
[2026-02-17T21:29:54.380+0530][gc,marking  ] GC(2) Concurrent Clear Claimed Marks
[2026-02-17T21:29:54.380+0530][gc,marking  ] GC(2) Concurrent Clear Claimed Marks 0.008ms
[2026-02-17T21:29:54.380+0530][gc,marking  ] GC(2) Concurrent Scan Root Regions
[2026-02-17T21:29:54.389+0530][gc,marking  ] GC(2) Concurrent Scan Root Regions 9.435ms
[2026-02-17T21:29:54.389+0530][gc,marking  ] GC(2) Concurrent Mark
[2026-02-17T21:29:54.389+0530][gc,marking  ] GC(2) Concurrent Mark From Roots
[2026-02-17T21:29:54.389+0530][gc,task     ] GC(2) Using 1 workers of 1 for marking
[2026-02-17T21:29:54.407+0530][gc,marking  ] GC(2) Concurrent Mark From Roots 17.970ms
[2026-02-17T21:29:54.407+0530][gc,marking  ] GC(2) Concurrent Preclean
[2026-02-17T21:29:54.407+0530][gc,marking  ] GC(2) Concurrent Preclean 0.026ms
[2026-02-17T21:29:54.410+0530][gc,start    ] GC(2) Pause Remark
[2026-02-17T21:29:54.419+0530][gc          ] GC(2) Pause Remark 10M->10M(1024M) 8.061ms
[2026-02-17T21:29:54.419+0530][gc,cpu      ] GC(2) User=0.00s Sys=0.00s Real=0.01s
[2026-02-17T21:29:54.419+0530][gc,marking  ] GC(2) Concurrent Mark 29.598ms
[2026-02-17T21:29:54.419+0530][gc,marking  ] GC(2) Concurrent Rebuild Remembered Sets
[2026-02-17T21:29:54.448+0530][gc,marking  ] GC(2) Concurrent Rebuild Remembered Sets 29.638ms
[2026-02-17T21:29:54.460+0530][gc,start    ] GC(2) Pause Cleanup
[2026-02-17T21:29:54.460+0530][gc          ] GC(2) Pause Cleanup 11M->11M(1024M) 0.149ms
[2026-02-17T21:29:54.460+0530][gc,cpu      ] GC(2) User=0.00s Sys=0.00s Real=0.00s
[2026-02-17T21:29:54.460+0530][gc,marking  ] GC(2) Concurrent Cleanup for Next Mark
[2026-02-17T21:29:54.514+0530][gc,marking  ] GC(2) Concurrent Cleanup for Next Mark 54.001ms
[2026-02-17T21:29:54.514+0530][gc          ] GC(2) Concurrent Mark Cycle 134.754ms
[2026-02-17T21:29:58.407+0530][gc,start    ] GC(3) Pause Young (Normal) (G1 Evacuation Pause)
[2026-02-17T21:29:58.407+0530][gc,task     ] GC(3) Using 1 workers of 1 for evacuation
[2026-02-17T21:29:58.485+0530][gc,mmu      ] GC(3) MMU target violated: 21.0ms (20.0ms/21.0ms)
[2026-02-17T21:29:58.485+0530][gc,phases   ] GC(3)   Pre Evacuate Collection Set: 0.17ms
[2026-02-17T21:29:58.485+0530][gc,phases   ] GC(3)   Merge Heap Roots: 0.03ms
[2026-02-17T21:29:58.485+0530][gc,phases   ] GC(3)   Evacuate Collection Set: 74.99ms
[2026-02-17T21:29:58.485+0530][gc,phases   ] GC(3)   Post Evacuate Collection Set: 2.02ms
[2026-02-17T21:29:58.485+0530][gc,phases   ] GC(3)   Other: 0.09ms
[2026-02-17T21:29:58.485+0530][gc,heap     ] GC(3) Eden regions: 50->0(47)
[2026-02-17T21:29:58.485+0530][gc,heap     ] GC(3) Survivor regions: 1->4(7)
[2026-02-17T21:29:58.485+0530][gc,heap     ] GC(3) Old regions: 9->9
[2026-02-17T21:29:58.485+0530][gc,heap     ] GC(3) Archive regions: 2->2
[2026-02-17T21:29:58.485+0530][gc,heap     ] GC(3) Humongous regions: 0->0
[2026-02-17T21:29:58.485+0530][gc,metaspace] GC(3) Metaspace: 30968K(31232K)->30968K(31232K) NonClass: 27479K(27584K)->27479K(27584K) Class: 3488K(3648K)->3488K(3648K)
[2026-02-17T21:29:58.485+0530][gc          ] GC(3) Pause Young (Normal) (G1 Evacuation Pause) 60M->12M(1024M) 77.334ms
[2026-02-17T21:29:58.485+0530][gc,cpu      ] GC(3) User=0.01s Sys=0.01s Real=0.07s
[2026-02-17T21:30:01.895+0530][gc,start    ] GC(4) Pause Young (Concurrent Start) (Metadata GC Threshold)
[2026-02-17T21:30:01.895+0530][gc,task     ] GC(4) Using 1 workers of 1 for evacuation
[2026-02-17T21:30:02.129+0530][gc,mmu      ] GC(4) MMU target violated: 21.0ms (20.0ms/21.0ms)
[2026-02-17T21:30:02.129+0530][gc,phases   ] GC(4)   Pre Evacuate Collection Set: 12.58ms
[2026-02-17T21:30:02.130+0530][gc,phases   ] GC(4)   Merge Heap Roots: 0.04ms
[2026-02-17T21:30:02.130+0530][gc,phases   ] GC(4)   Evacuate Collection Set: 206.10ms
[2026-02-17T21:30:02.130+0530][gc,phases   ] GC(4)   Post Evacuate Collection Set: 15.94ms
[2026-02-17T21:30:02.130+0530][gc,phases   ] GC(4)   Other: 0.16ms
[2026-02-17T21:30:02.130+0530][gc,heap     ] GC(4) Eden regions: 35->0(44)
[2026-02-17T21:30:02.130+0530][gc,heap     ] GC(4) Survivor regions: 4->7(7)
[2026-02-17T21:30:02.130+0530][gc,heap     ] GC(4) Old regions: 9->9
[2026-02-17T21:30:02.130+0530][gc,heap     ] GC(4) Archive regions: 2->2
[2026-02-17T21:30:02.130+0530][gc,heap     ] GC(4) Humongous regions: 0->0
[2026-02-17T21:30:02.130+0530][gc,metaspace] GC(4) Metaspace: 35678K(35968K)->35678K(35968K) NonClass: 31773K(31936K)->31773K(31936K) Class: 3904K(4032K)->3904K(4032K)
[2026-02-17T21:30:02.130+0530][gc          ] GC(4) Pause Young (Concurrent Start) (Metadata GC Threshold) 46M->15M(1024M) 234.981ms
[2026-02-17T21:30:02.130+0530][gc,cpu      ] GC(4) User=0.01s Sys=0.00s Real=0.24s
[2026-02-17T21:30:02.132+0530][gc          ] GC(5) Concurrent Mark Cycle
[2026-02-17T21:30:02.132+0530][gc,marking  ] GC(5) Concurrent Clear Claimed Marks
[2026-02-17T21:30:02.132+0530][gc,marking  ] GC(5) Concurrent Clear Claimed Marks 0.017ms
[2026-02-17T21:30:02.132+0530][gc,marking  ] GC(5) Concurrent Scan Root Regions
[2026-02-17T21:30:02.227+0530][gc,marking  ] GC(5) Concurrent Scan Root Regions 94.769ms
[2026-02-17T21:30:02.227+0530][gc,marking  ] GC(5) Concurrent Mark
[2026-02-17T21:30:02.227+0530][gc,marking  ] GC(5) Concurrent Mark From Roots
[2026-02-17T21:30:02.227+0530][gc,task     ] GC(5) Using 1 workers of 1 for marking
[2026-02-17T21:30:02.353+0530][gc,marking  ] GC(5) Concurrent Mark From Roots 126.034ms
[2026-02-17T21:30:02.353+0530][gc,marking  ] GC(5) Concurrent Preclean
[2026-02-17T21:30:02.353+0530][gc,marking  ] GC(5) Concurrent Preclean 0.049ms
[2026-02-17T21:30:02.365+0530][gc,start    ] GC(5) Pause Remark
[2026-02-17T21:30:02.392+0530][gc,mmu      ] GC(5) MMU target violated: 21.0ms (20.0ms/21.0ms)
[2026-02-17T21:30:02.392+0530][gc          ] GC(5) Pause Remark 19M->19M(1024M) 27.308ms
[2026-02-17T21:30:02.392+0530][gc,cpu      ] GC(5) User=0.00s Sys=0.00s Real=0.03s
[2026-02-17T21:30:02.392+0530][gc,marking  ] GC(5) Concurrent Mark 164.813ms
[2026-02-17T21:30:02.392+0530][gc,marking  ] GC(5) Concurrent Rebuild Remembered Sets
[2026-02-17T21:30:02.428+0530][gc,marking  ] GC(5) Concurrent Rebuild Remembered Sets 36.542ms
[2026-02-17T21:30:02.434+0530][gc,start    ] GC(5) Pause Cleanup
[2026-02-17T21:30:02.434+0530][gc          ] GC(5) Pause Cleanup 20M->20M(1024M) 0.134ms
[2026-02-17T21:30:02.434+0530][gc,cpu      ] GC(5) User=0.00s Sys=0.00s Real=0.00s
[2026-02-17T21:30:02.434+0530][gc,marking  ] GC(5) Concurrent Cleanup for Next Mark
[2026-02-17T21:30:02.482+0530][gc,marking  ] GC(5) Concurrent Cleanup for Next Mark 47.509ms
[2026-02-17T21:30:02.482+0530][gc          ] GC(5) Concurrent Mark Cycle 349.664ms
[2026-02-17T21:30:15.754+0530][gc,start    ] GC(6) Pause Young (Normal) (G1 Evacuation Pause)
[2026-02-17T21:30:15.754+0530][gc,task     ] GC(6) Using 1 workers of 1 for evacuation
[2026-02-17T21:30:15.893+0530][gc,mmu      ] GC(6) MMU target violated: 21.0ms (20.0ms/21.0ms)
[2026-02-17T21:30:15.893+0530][gc,phases   ] GC(6)   Pre Evacuate Collection Set: 0.10ms
[2026-02-17T21:30:15.893+0530][gc,phases   ] GC(6)   Merge Heap Roots: 0.03ms
[2026-02-17T21:30:15.893+0530][gc,phases   ] GC(6)   Evacuate Collection Set: 132.95ms
[2026-02-17T21:30:15.893+0530][gc,phases   ] GC(6)   Post Evacuate Collection Set: 5.90ms
[2026-02-17T21:30:15.893+0530][gc,phases   ] GC(6)   Other: 0.13ms
[2026-02-17T21:30:15.893+0530][gc,heap     ] GC(6) Eden regions: 44->0(48)
[2026-02-17T21:30:15.893+0530][gc,heap     ] GC(6) Survivor regions: 7->3(7)
[2026-02-17T21:30:15.893+0530][gc,heap     ] GC(6) Old regions: 9->15
[2026-02-17T21:30:15.893+0530][gc,heap     ] GC(6) Archive regions: 2->2
[2026-02-17T21:30:15.893+0530][gc,heap     ] GC(6) Humongous regions: 141->129
[2026-02-17T21:30:15.893+0530][gc,metaspace] GC(6) Metaspace: 39427K(39872K)->39427K(39872K) NonClass: 34965K(35200K)->34965K(35200K) Class: 4461K(4672K)->4461K(4672K)
[2026-02-17T21:30:15.893+0530][gc          ] GC(6) Pause Young (Normal) (G1 Evacuation Pause) 200M->146M(1024M) 139.154ms
[2026-02-17T21:30:15.893+0530][gc,cpu      ] GC(6) User=0.01s Sys=0.00s Real=0.14s
[2026-02-17T21:35:09.535+0530][gc,start    ] GC(7) Pause Young (Normal) (G1 Evacuation Pause)
[2026-02-17T21:35:09.535+0530][gc,task     ] GC(7) Using 1 workers of 1 for evacuation
[2026-02-17T21:35:09.540+0530][gc,phases   ] GC(7)   Pre Evacuate Collection Set: 0.17ms
[2026-02-17T21:35:09.540+0530][gc,phases   ] GC(7)   Merge Heap Roots: 0.05ms
[2026-02-17T21:35:09.540+0530][gc,phases   ] GC(7)   Evacuate Collection Set: 5.07ms
[2026-02-17T21:35:09.540+0530][gc,phases   ] GC(7)   Post Evacuate Collection Set: 0.33ms
[2026-02-17T21:35:09.540+0530][gc,phases   ] GC(7)   Other: 0.09ms
[2026-02-17T21:35:09.540+0530][gc,heap     ] GC(7) Eden regions: 48->0(48)
[2026-02-17T21:35:09.540+0530][gc,heap     ] GC(7) Survivor regions: 3->3(7)
[2026-02-17T21:35:09.540+0530][gc,heap     ] GC(7) Old regions: 15->15
[2026-02-17T21:35:09.540+0530][gc,heap     ] GC(7) Archive regions: 2->2
[2026-02-17T21:35:09.540+0530][gc,heap     ] GC(7) Humongous regions: 129->129
[2026-02-17T21:35:09.540+0530][gc,metaspace] GC(7) Metaspace: 40752K(41152K)->40752K(41152K) NonClass: 36233K(36480K)->36233K(36480K) Class: 4518K(4672K)->4518K(4672K)
[2026-02-17T21:35:09.540+0530][gc          ] GC(7) Pause Young (Normal) (G1 Evacuation Pause) 194M->147M(1024M) 5.762ms
[2026-02-17T21:35:09.540+0530][gc,cpu      ] GC(7) User=0.01s Sys=0.00s Real=0.01s
[2026-02-17T21:36:43.132+0530][gc,start    ] GC(8) Pause Young (Normal) (G1 Evacuation Pause)
[2026-02-17T21:36:43.132+0530][gc,task     ] GC(8) Using 1 workers of 1 for evacuation
[2026-02-17T21:36:43.144+0530][gc,phases   ] GC(8)   Pre Evacuate Collection Set: 1.00ms
[2026-02-17T21:36:43.144+0530][gc,phases   ] GC(8)   Merge Heap Roots: 0.06ms
[2026-02-17T21:36:43.144+0530][gc,phases   ] GC(8)   Evacuate Collection Set: 10.75ms
[2026-02-17T21:36:43.144+0530][gc,phases   ] GC(8)   Post Evacuate Collection Set: 0.40ms
[2026-02-17T21:36:43.144+0530][gc,phases   ] GC(8)   Other: 0.17ms
[2026-02-17T21:36:43.144+0530][gc,heap     ] GC(8) Eden regions: 48->0(45)
[2026-02-17T21:36:43.144+0530][gc,heap     ] GC(8) Survivor regions: 3->6(7)
[2026-02-17T21:36:43.144+0530][gc,heap     ] GC(8) Old regions: 15->15
[2026-02-17T21:36:43.144+0530][gc,heap     ] GC(8) Archive regions: 2->2
[2026-02-17T21:36:43.144+0530][gc,heap     ] GC(8) Humongous regions: 135->129
[2026-02-17T21:36:43.144+0530][gc,metaspace] GC(8) Metaspace: 42083K(42496K)->42083K(42496K) NonClass: 37438K(37632K)->37438K(37632K) Class: 4645K(4864K)->4645K(4864K)
[2026-02-17T21:36:43.144+0530][gc          ] GC(8) Pause Young (Normal) (G1 Evacuation Pause) 201M->149M(1024M) 12.462ms
[2026-02-17T21:36:43.144+0530][gc,cpu      ] GC(8) User=0.01s Sys=0.00s Real=0.01s
[2026-02-17T21:38:33.332+0530][gc,start    ] GC(9) Pause Young (Normal) (G1 Evacuation Pause)
[2026-02-17T21:38:33.332+0530][gc,task     ] GC(9) Using 1 workers of 1 for evacuation
[2026-02-17T21:38:33.342+0530][gc,phases   ] GC(9)   Pre Evacuate Collection Set: 0.15ms
[2026-02-17T21:38:33.342+0530][gc,phases   ] GC(9)   Merge Heap Roots: 0.08ms
[2026-02-17T21:38:33.342+0530][gc,phases   ] GC(9)   Evacuate Collection Set: 9.25ms
[2026-02-17T21:38:33.342+0530][gc,phases   ] GC(9)   Post Evacuate Collection Set: 0.30ms
[2026-02-17T21:38:33.342+0530][gc,phases   ] GC(9)   Other: 0.08ms
[2026-02-17T21:38:33.342+0530][gc,heap     ] GC(9) Eden regions: 45->0(48)
[2026-02-17T21:38:33.342+0530][gc,heap     ] GC(9) Survivor regions: 6->3(7)
[2026-02-17T21:38:33.342+0530][gc,heap     ] GC(9) Old regions: 15->17
[2026-02-17T21:38:33.342+0530][gc,heap     ] GC(9) Archive regions: 2->2
[2026-02-17T21:38:33.342+0530][gc,heap     ] GC(9) Humongous regions: 129->129
[2026-02-17T21:38:33.342+0530][gc,metaspace] GC(9) Metaspace: 42331K(42816K)->42331K(42816K) NonClass: 37643K(37952K)->37643K(37952K) Class: 4687K(4864K)->4687K(4864K)
[2026-02-17T21:38:33.342+0530][gc          ] GC(9) Pause Young (Normal) (G1 Evacuation Pause) 194M->149M(1024M) 9.900ms
[2026-02-17T21:38:33.342+0530][gc,cpu      ] GC(9) User=0.01s Sys=0.00s Real=0.01s
[2026-02-17T21:40:33.575+0530][gc,start    ] GC(10) Pause Young (Normal) (G1 Evacuation Pause)
[2026-02-17T21:40:33.575+0530][gc,task     ] GC(10) Using 1 workers of 1 for evacuation
[2026-02-17T21:40:33.587+0530][gc,phases   ] GC(10)   Pre Evacuate Collection Set: 0.16ms
[2026-02-17T21:40:33.587+0530][gc,phases   ] GC(10)   Merge Heap Roots: 0.19ms
[2026-02-17T21:40:33.587+0530][gc,phases   ] GC(10)   Evacuate Collection Set: 10.81ms
[2026-02-17T21:40:33.587+0530][gc,phases   ] GC(10)   Post Evacuate Collection Set: 0.44ms
[2026-02-17T21:40:33.587+0530][gc,phases   ] GC(10)   Other: 0.16ms
[2026-02-17T21:40:33.587+0530][gc,heap     ] GC(10) Eden regions: 48->0(45)
[2026-02-17T21:40:33.587+0530][gc,heap     ] GC(10) Survivor regions: 3->6(7)
[2026-02-17T21:40:33.587+0530][gc,heap     ] GC(10) Old regions: 17->17
[2026-02-17T21:40:33.587+0530][gc,heap     ] GC(10) Archive regions: 2->2
[2026-02-17T21:40:33.587+0530][gc,heap     ] GC(10) Humongous regions: 129->129
[2026-02-17T21:40:33.587+0530][gc,metaspace] GC(10) Metaspace: 42408K(42880K)->42408K(42880K) NonClass: 37709K(37952K)->37709K(37952K) Class: 4699K(4928K)->4699K(4928K)
[2026-02-17T21:40:33.587+0530][gc          ] GC(10) Pause Young (Normal) (G1 Evacuation Pause) 197M->152M(1024M) 11.824ms
[2026-02-17T21:40:33.587+0530][gc,cpu      ] GC(10) User=0.01s Sys=0.00s Real=0.02s
[2026-02-17T21:42:30.109+0530][gc,start    ] GC(11) Pause Young (Normal) (G1 Evacuation Pause)
[2026-02-17T21:42:30.109+0530][gc,task     ] GC(11) Using 1 workers of 1 for evacuation
[2026-02-17T21:42:30.121+0530][gc,phases   ] GC(11)   Pre Evacuate Collection Set: 0.29ms
[2026-02-17T21:42:30.121+0530][gc,phases   ] GC(11)   Merge Heap Roots: 0.13ms
[2026-02-17T21:42:30.121+0530][gc,phases   ] GC(11)   Evacuate Collection Set: 11.37ms
[2026-02-17T21:42:30.121+0530][gc,phases   ] GC(11)   Post Evacuate Collection Set: 0.27ms
[2026-02-17T21:42:30.121+0530][gc,phases   ] GC(11)   Other: 0.09ms
[2026-02-17T21:42:30.121+0530][gc,heap     ] GC(11) Eden regions: 45->0(47)
[2026-02-17T21:42:30.121+0530][gc,heap     ] GC(11) Survivor regions: 6->4(7)
[2026-02-17T21:42:30.121+0530][gc,heap     ] GC(11) Old regions: 17->19
[2026-02-17T21:42:30.121+0530][gc,heap     ] GC(11) Archive regions: 2->2
[2026-02-17T21:42:30.121+0530][gc,heap     ] GC(11) Humongous regions: 129->129
[2026-02-17T21:42:30.121+0530][gc,metaspace] GC(11) Metaspace: 42445K(42944K)->42445K(42944K) NonClass: 37745K(38016K)->37745K(38016K) Class: 4699K(4928K)->4699K(4928K)
[2026-02-17T21:42:30.121+0530][gc          ] GC(11) Pause Young (Normal) (G1 Evacuation Pause) 197M->152M(1024M) 12.271ms
[2026-02-17T21:42:30.121+0530][gc,cpu      ] GC(11) User=0.01s Sys=0.00s Real=0.01s
[2026-02-17T21:44:33.484+0530][gc,start    ] GC(12) Pause Young (Normal) (G1 Evacuation Pause)
[2026-02-17T21:44:33.484+0530][gc,task     ] GC(12) Using 1 workers of 1 for evacuation
[2026-02-17T21:44:33.492+0530][gc,phases   ] GC(12)   Pre Evacuate Collection Set: 0.16ms
[2026-02-17T21:44:33.492+0530][gc,phases   ] GC(12)   Merge Heap Roots: 0.04ms
[2026-02-17T21:44:33.492+0530][gc,phases   ] GC(12)   Evacuate Collection Set: 7.57ms
[2026-02-17T21:44:33.492+0530][gc,phases   ] GC(12)   Post Evacuate Collection Set: 0.21ms
[2026-02-17T21:44:33.492+0530][gc,phases   ] GC(12)   Other: 0.09ms
[2026-02-17T21:44:33.492+0530][gc,heap     ] GC(12) Eden regions: 47->0(47)
[2026-02-17T21:44:33.492+0530][gc,heap     ] GC(12) Survivor regions: 4->4(7)
[2026-02-17T21:44:33.492+0530][gc,heap     ] GC(12) Old regions: 19->19
[2026-02-17T21:44:33.492+0530][gc,heap     ] GC(12) Archive regions: 2->2
[2026-02-17T21:44:33.492+0530][gc,heap     ] GC(12) Humongous regions: 129->129
[2026-02-17T21:44:33.492+0530][gc,metaspace] GC(12) Metaspace: 42465K(42944K)->42465K(42944K) NonClass: 37765K(38016K)->37765K(38016K) Class: 4699K(4928K)->4699K(4928K)
[2026-02-17T21:44:33.492+0530][gc          ] GC(12) Pause Young (Normal) (G1 Evacuation Pause) 199M->152M(1024M) 8.215ms
[2026-02-17T21:44:33.492+0530][gc,cpu      ] GC(12) User=0.01s Sys=0.00s Real=0.01s
[2026-02-17T21:46:30.752+0530][gc,start    ] GC(13) Pause Young (Normal) (G1 Evacuation Pause)
[2026-02-17T21:46:30.752+0530][gc,task     ] GC(13) Using 1 workers of 1 for evacuation
[2026-02-17T21:46:30.773+0530][gc,mmu      ] GC(13) MMU target violated: 20.8ms (20.0ms/21.0ms)
[2026-02-17T21:46:30.773+0530][gc,phases   ] GC(13)   Pre Evacuate Collection Set: 0.28ms
[2026-02-17T21:46:30.773+0530][gc,phases   ] GC(13)   Merge Heap Roots: 0.13ms
[2026-02-17T21:46:30.773+0530][gc,phases   ] GC(13)   Evacuate Collection Set: 18.50ms
[2026-02-17T21:46:30.773+0530][gc,phases   ] GC(13)   Post Evacuate Collection Set: 2.00ms
[2026-02-17T21:46:30.773+0530][gc,phases   ] GC(13)   Other: 0.39ms
[2026-02-17T21:46:30.773+0530][gc,heap     ] GC(13) Eden regions: 47->0(47)
[2026-02-17T21:46:30.773+0530][gc,heap     ] GC(13) Survivor regions: 4->4(7)
[2026-02-17T21:46:30.773+0530][gc,heap     ] GC(13) Old regions: 19->19
[2026-02-17T21:46:30.773+0530][gc,heap     ] GC(13) Archive regions: 2->2
[2026-02-17T21:46:30.773+0530][gc,heap     ] GC(13) Humongous regions: 129->129
[2026-02-17T21:46:30.773+0530][gc,metaspace] GC(13) Metaspace: 42702K(43200K)->42702K(43200K) NonClass: 37950K(38208K)->37950K(38208K) Class: 4751K(4992K)->4751K(4992K)
[2026-02-17T21:46:30.773+0530][gc          ] GC(13) Pause Young (Normal) (G1 Evacuation Pause) 199M->152M(1024M) 21.332ms
[2026-02-17T21:46:30.773+0530][gc,cpu      ] GC(13) User=0.01s Sys=0.00s Real=0.02s
[2026-02-17T21:48:28.197+0530][gc,start    ] GC(14) Pause Young (Normal) (G1 Evacuation Pause)
[2026-02-17T21:48:28.197+0530][gc,task     ] GC(14) Using 1 workers of 1 for evacuation
[2026-02-17T21:48:28.282+0530][gc,mmu      ] GC(14) MMU target violated: 21.0ms (20.0ms/21.0ms)
[2026-02-17T21:48:28.282+0530][gc,phases   ] GC(14)   Pre Evacuate Collection Set: 0.28ms
[2026-02-17T21:48:28.282+0530][gc,phases   ] GC(14)   Merge Heap Roots: 0.05ms
[2026-02-17T21:48:28.282+0530][gc,phases   ] GC(14)   Evacuate Collection Set: 75.10ms
[2026-02-17T21:48:28.282+0530][gc,phases   ] GC(14)   Post Evacuate Collection Set: 9.55ms
[2026-02-17T21:48:28.282+0530][gc,phases   ] GC(14)   Other: 0.30ms
[2026-02-17T21:48:28.282+0530][gc,heap     ] GC(14) Eden regions: 47->0(44)
[2026-02-17T21:48:28.282+0530][gc,heap     ] GC(14) Survivor regions: 4->7(7)
[2026-02-17T21:48:28.282+0530][gc,heap     ] GC(14) Old regions: 19->19
[2026-02-17T21:48:28.282+0530][gc,heap     ] GC(14) Archive regions: 2->2
[2026-02-17T21:48:28.282+0530][gc,heap     ] GC(14) Humongous regions: 129->129
[2026-02-17T21:48:28.282+0530][gc,metaspace] GC(14) Metaspace: 42718K(43264K)->42718K(43264K) NonClass: 37966K(38272K)->37966K(38272K) Class: 4751K(4992K)->4751K(4992K)
[2026-02-17T21:48:28.282+0530][gc          ] GC(14) Pause Young (Normal) (G1 Evacuation Pause) 199M->155M(1024M) 85.309ms
[2026-02-17T21:48:28.282+0530][gc,cpu      ] GC(14) User=0.02s Sys=0.00s Real=0.08s
[2026-02-17T21:50:19.129+0530][gc,start    ] GC(15) Pause Young (Normal) (G1 Evacuation Pause)
[2026-02-17T21:50:19.129+0530][gc,task     ] GC(15) Using 1 workers of 1 for evacuation
[2026-02-17T21:50:19.149+0530][gc,phases   ] GC(15)   Pre Evacuate Collection Set: 0.25ms
[2026-02-17T21:50:19.149+0530][gc,phases   ] GC(15)   Merge Heap Roots: 0.05ms
[2026-02-17T21:50:19.149+0530][gc,phases   ] GC(15)   Evacuate Collection Set: 17.93ms
[2026-02-17T21:50:19.149+0530][gc,phases   ] GC(15)   Post Evacuate Collection Set: 1.25ms
[2026-02-17T21:50:19.149+0530][gc,phases   ] GC(15)   Other: 0.74ms
[2026-02-17T21:50:19.149+0530][gc,heap     ] GC(15) Eden regions: 44->0(47)
[2026-02-17T21:50:19.149+0530][gc,heap     ] GC(15) Survivor regions: 7->4(7)
[2026-02-17T21:50:19.149+0530][gc,heap     ] GC(15) Old regions: 19->22
[2026-02-17T21:50:19.149+0530][gc,heap     ] GC(15) Archive regions: 2->2
[2026-02-17T21:50:19.149+0530][gc,heap     ] GC(15) Humongous regions: 129->129
[2026-02-17T21:50:19.149+0530][gc,metaspace] GC(15) Metaspace: 42755K(43264K)->42755K(43264K) NonClass: 38003K(38272K)->38003K(38272K) Class: 4751K(4992K)->4751K(4992K)
[2026-02-17T21:50:19.149+0530][gc          ] GC(15) Pause Young (Normal) (G1 Evacuation Pause) 199M->155M(1024M) 20.352ms
[2026-02-17T21:50:19.149+0530][gc,cpu      ] GC(15) User=0.01s Sys=0.00s Real=0.02s
[2026-02-17T21:52:18.323+0530][gc,start    ] GC(16) Pause Young (Normal) (G1 Evacuation Pause)
[2026-02-17T21:52:18.323+0530][gc,task     ] GC(16) Using 1 workers of 1 for evacuation
[2026-02-17T21:52:18.351+0530][gc,mmu      ] GC(16) MMU target violated: 21.0ms (20.0ms/21.0ms)
[2026-02-17T21:52:18.351+0530][gc,phases   ] GC(16)   Pre Evacuate Collection Set: 0.07ms
[2026-02-17T21:52:18.351+0530][gc,phases   ] GC(16)   Merge Heap Roots: 0.12ms
[2026-02-17T21:52:18.351+0530][gc,phases   ] GC(16)   Evacuate Collection Set: 27.88ms
[2026-02-17T21:52:18.351+0530][gc,phases   ] GC(16)   Post Evacuate Collection Set: 0.26ms
[2026-02-17T21:52:18.351+0530][gc,phases   ] GC(16)   Other: 0.12ms
[2026-02-17T21:52:18.351+0530][gc,heap     ] GC(16) Eden regions: 47->0(48)
[2026-02-17T21:52:18.351+0530][gc,heap     ] GC(16) Survivor regions: 4->3(7)
[2026-02-17T21:52:18.351+0530][gc,heap     ] GC(16) Old regions: 22->24
[2026-02-17T21:52:18.351+0530][gc,heap     ] GC(16) Archive regions: 2->2
[2026-02-17T21:52:18.351+0530][gc,heap     ] GC(16) Humongous regions: 129->129
[2026-02-17T21:52:18.351+0530][gc,metaspace] GC(16) Metaspace: 42759K(43264K)->42759K(43264K) NonClass: 38007K(38272K)->38007K(38272K) Class: 4751K(4992K)->4751K(4992K)
[2026-02-17T21:52:18.351+0530][gc          ] GC(16) Pause Young (Normal) (G1 Evacuation Pause) 202M->156M(1024M) 28.486ms
[2026-02-17T21:52:18.351+0530][gc,cpu      ] GC(16) User=0.01s Sys=0.00s Real=0.03s
[2026-02-17T21:54:21.207+0530][gc,start    ] GC(17) Pause Young (Normal) (G1 Evacuation Pause)
[2026-02-17T21:54:21.208+0530][gc,task     ] GC(17) Using 1 workers of 1 for evacuation
[2026-02-17T21:54:21.232+0530][gc,mmu      ] GC(17) MMU target violated: 21.0ms (20.0ms/21.0ms)
[2026-02-17T21:54:21.232+0530][gc,phases   ] GC(17)   Pre Evacuate Collection Set: 0.17ms
[2026-02-17T21:54:21.232+0530][gc,phases   ] GC(17)   Merge Heap Roots: 0.05ms
[2026-02-17T21:54:21.232+0530][gc,phases   ] GC(17)   Evacuate Collection Set: 23.50ms
[2026-02-17T21:54:21.232+0530][gc,phases   ] GC(17)   Post Evacuate Collection Set: 0.32ms
[2026-02-17T21:54:21.232+0530][gc,phases   ] GC(17)   Other: 0.12ms
[2026-02-17T21:54:21.232+0530][gc,heap     ] GC(17) Eden regions: 48->0(44)
[2026-02-17T21:54:21.232+0530][gc,heap     ] GC(17) Survivor regions: 3->7(7)
[2026-02-17T21:54:21.232+0530][gc,heap     ] GC(17) Old regions: 24->24
[2026-02-17T21:54:21.232+0530][gc,heap     ] GC(17) Archive regions: 2->2
[2026-02-17T21:54:21.232+0530][gc,heap     ] GC(17) Humongous regions: 129->129
[2026-02-17T21:54:21.232+0530][gc,metaspace] GC(17) Metaspace: 42760K(43264K)->42760K(43264K) NonClass: 38008K(38272K)->38008K(38272K) Class: 4751K(4992K)->4751K(4992K)
[2026-02-17T21:54:21.232+0530][gc          ] GC(17) Pause Young (Normal) (G1 Evacuation Pause) 204M->159M(1024M) 24.191ms
[2026-02-17T21:54:21.232+0530][gc,cpu      ] GC(17) User=0.01s Sys=0.00s Real=0.02s
[2026-02-17T21:56:14.489+0530][gc,start    ] GC(18) Pause Young (Normal) (G1 Evacuation Pause)
[2026-02-17T21:56:14.489+0530][gc,task     ] GC(18) Using 1 workers of 1 for evacuation
[2026-02-17T21:56:14.570+0530][gc,mmu      ] GC(18) MMU target violated: 21.0ms (20.0ms/21.0ms)
[2026-02-17T21:56:14.570+0530][gc,phases   ] GC(18)   Pre Evacuate Collection Set: 2.46ms
[2026-02-17T21:56:14.570+0530][gc,phases   ] GC(18)   Merge Heap Roots: 0.51ms
[2026-02-17T21:56:14.570+0530][gc,phases   ] GC(18)   Evacuate Collection Set: 75.70ms
[2026-02-17T21:56:14.570+0530][gc,phases   ] GC(18)   Post Evacuate Collection Set: 2.10ms
[2026-02-17T21:56:14.570+0530][gc,phases   ] GC(18)   Other: 0.19ms
[2026-02-17T21:56:14.570+0530][gc,heap     ] GC(18) Eden regions: 44->0(48)
[2026-02-17T21:56:14.570+0530][gc,heap     ] GC(18) Survivor regions: 7->3(7)
[2026-02-17T21:56:14.570+0530][gc,heap     ] GC(18) Old regions: 24->27
[2026-02-17T21:56:14.570+0530][gc,heap     ] GC(18) Archive regions: 2->2
[2026-02-17T21:56:14.570+0530][gc,heap     ] GC(18) Humongous regions: 129->129
[2026-02-17T21:56:14.570+0530][gc,metaspace] GC(18) Metaspace: 42767K(43264K)->42767K(43264K) NonClass: 38015K(38272K)->38015K(38272K) Class: 4751K(4992K)->4751K(4992K)
[2026-02-17T21:56:14.570+0530][gc          ] GC(18) Pause Young (Normal) (G1 Evacuation Pause) 203M->159M(1024M) 80.942ms
[2026-02-17T21:56:14.570+0530][gc,cpu      ] GC(18) User=0.01s Sys=0.00s Real=0.08s
[2026-02-17T21:58:18.485+0530][gc,start    ] GC(19) Pause Young (Normal) (G1 Evacuation Pause)
[2026-02-17T21:58:18.485+0530][gc,task     ] GC(19) Using 1 workers of 1 for evacuation
[2026-02-17T21:58:18.500+0530][gc,phases   ] GC(19)   Pre Evacuate Collection Set: 0.16ms
[2026-02-17T21:58:18.500+0530][gc,phases   ] GC(19)   Merge Heap Roots: 0.14ms
[2026-02-17T21:58:18.500+0530][gc,phases   ] GC(19)   Evacuate Collection Set: 13.28ms
[2026-02-17T21:58:18.500+0530][gc,phases   ] GC(19)   Post Evacuate Collection Set: 1.84ms
[2026-02-17T21:58:18.500+0530][gc,phases   ] GC(19)   Other: 0.10ms
[2026-02-17T21:58:18.500+0530][gc,heap     ] GC(19) Eden regions: 48->0(47)
[2026-02-17T21:58:18.500+0530][gc,heap     ] GC(19) Survivor regions: 3->4(7)
[2026-02-17T21:58:18.500+0530][gc,heap     ] GC(19) Old regions: 27->27
[2026-02-17T21:58:18.500+0530][gc,heap     ] GC(19) Archive regions: 2->2
[2026-02-17T21:58:18.500+0530][gc,heap     ] GC(19) Humongous regions: 129->129
[2026-02-17T21:58:18.500+0530][gc,metaspace] GC(19) Metaspace: 42770K(43264K)->42770K(43264K) NonClass: 38018K(38272K)->38018K(38272K) Class: 4751K(4992K)->4751K(4992K)
[2026-02-17T21:58:18.500+0530][gc          ] GC(19) Pause Young (Normal) (G1 Evacuation Pause) 207M->160M(1024M) 15.571ms
[2026-02-17T21:58:18.501+0530][gc,cpu      ] GC(19) User=0.01s Sys=0.00s Real=0.02s
[2026-02-17T22:00:19.715+0530][gc,start    ] GC(20) Pause Young (Normal) (G1 Evacuation Pause)
[2026-02-17T22:00:19.715+0530][gc,task     ] GC(20) Using 1 workers of 1 for evacuation
[2026-02-17T22:00:19.726+0530][gc,phases   ] GC(20)   Pre Evacuate Collection Set: 0.11ms
[2026-02-17T22:00:19.726+0530][gc,phases   ] GC(20)   Merge Heap Roots: 0.21ms
[2026-02-17T22:00:19.726+0530][gc,phases   ] GC(20)   Evacuate Collection Set: 9.97ms
[2026-02-17T22:00:19.726+0530][gc,phases   ] GC(20)   Post Evacuate Collection Set: 0.21ms
[2026-02-17T22:00:19.726+0530][gc,phases   ] GC(20)   Other: 0.38ms
[2026-02-17T22:00:19.726+0530][gc,heap     ] GC(20) Eden regions: 47->0(44)
[2026-02-17T22:00:19.726+0530][gc,heap     ] GC(20) Survivor regions: 4->7(7)
[2026-02-17T22:00:19.726+0530][gc,heap     ] GC(20) Old regions: 27->27
[2026-02-17T22:00:19.726+0530][gc,heap     ] GC(20) Archive regions: 2->2
[2026-02-17T22:00:19.726+0530][gc,heap     ] GC(20) Humongous regions: 129->129
[2026-02-17T22:00:19.726+0530][gc,metaspace] GC(20) Metaspace: 42773K(43264K)->42773K(43264K) NonClass: 38021K(38272K)->38021K(38272K) Class: 4751K(4992K)->4751K(4992K)
[2026-02-17T22:00:19.726+0530][gc          ] GC(20) Pause Young (Normal) (G1 Evacuation Pause) 207M->163M(1024M) 11.242ms
[2026-02-17T22:00:19.726+0530][gc,cpu      ] GC(20) User=0.02s Sys=0.00s Real=0.01s
[2026-02-17T22:02:12.879+0530][gc,start    ] GC(21) Pause Young (Normal) (G1 Evacuation Pause)
[2026-02-17T22:02:12.879+0530][gc,task     ] GC(21) Using 1 workers of 1 for evacuation
[2026-02-17T22:02:12.891+0530][gc,phases   ] GC(21)   Pre Evacuate Collection Set: 0.41ms
[2026-02-17T22:02:12.891+0530][gc,phases   ] GC(21)   Merge Heap Roots: 0.13ms
[2026-02-17T22:02:12.891+0530][gc,phases   ] GC(21)   Evacuate Collection Set: 11.46ms
[2026-02-17T22:02:12.891+0530][gc,phases   ] GC(21)   Post Evacuate Collection Set: 0.29ms
[2026-02-17T22:02:12.891+0530][gc,phases   ] GC(21)   Other: 0.09ms
[2026-02-17T22:02:12.891+0530][gc,heap     ] GC(21) Eden regions: 44->0(46)
[2026-02-17T22:02:12.891+0530][gc,heap     ] GC(21) Survivor regions: 7->5(7)
[2026-02-17T22:02:12.891+0530][gc,heap     ] GC(21) Old regions: 27->30
[2026-02-17T22:02:12.891+0530][gc,heap     ] GC(21) Archive regions: 2->2
[2026-02-17T22:02:12.891+0530][gc,heap     ] GC(21) Humongous regions: 129->129
[2026-02-17T22:02:12.891+0530][gc,metaspace] GC(21) Metaspace: 42784K(43264K)->42784K(43264K) NonClass: 38032K(38272K)->38032K(38272K) Class: 4751K(4992K)->4751K(4992K)
[2026-02-17T22:02:12.891+0530][gc          ] GC(21) Pause Young (Normal) (G1 Evacuation Pause) 207M->164M(1024M) 12.433ms
[2026-02-17T22:02:12.891+0530][gc,cpu      ] GC(21) User=0.01s Sys=0.00s Real=0.01s
[2026-02-17T22:04:11.483+0530][gc,start    ] GC(22) Pause Young (Normal) (G1 Evacuation Pause)
[2026-02-17T22:04:11.483+0530][gc,task     ] GC(22) Using 1 workers of 1 for evacuation
[2026-02-17T22:04:11.493+0530][gc,phases   ] GC(22)   Pre Evacuate Collection Set: 0.25ms
[2026-02-17T22:04:11.493+0530][gc,phases   ] GC(22)   Merge Heap Roots: 0.06ms
[2026-02-17T22:04:11.493+0530][gc,phases   ] GC(22)   Evacuate Collection Set: 9.06ms
[2026-02-17T22:04:11.493+0530][gc,phases   ] GC(22)   Post Evacuate Collection Set: 0.23ms
[2026-02-17T22:04:11.493+0530][gc,phases   ] GC(22)   Other: 0.08ms
[2026-02-17T22:04:11.493+0530][gc,heap     ] GC(22) Eden regions: 46->0(47)
[2026-02-17T22:04:11.493+0530][gc,heap     ] GC(22) Survivor regions: 5->4(7)
[2026-02-17T22:04:11.493+0530][gc,heap     ] GC(22) Old regions: 30->31
[2026-02-17T22:04:11.493+0530][gc,heap     ] GC(22) Archive regions: 2->2
[2026-02-17T22:04:11.493+0530][gc,heap     ] GC(22) Humongous regions: 129->129
[2026-02-17T22:04:11.493+0530][gc,metaspace] GC(22) Metaspace: 42786K(43264K)->42786K(43264K) NonClass: 38035K(38272K)->38035K(38272K) Class: 4751K(4992K)->4751K(4992K)
[2026-02-17T22:04:11.493+0530][gc          ] GC(22) Pause Young (Normal) (G1 Evacuation Pause) 210M->164M(1024M) 9.730ms
[2026-02-17T22:04:11.493+0530][gc,cpu      ] GC(22) User=0.01s Sys=0.00s Real=0.01s
[2026-02-17T22:06:12.585+0530][gc,start    ] GC(23) Pause Young (Normal) (G1 Evacuation Pause)
[2026-02-17T22:06:12.585+0530][gc,task     ] GC(23) Using 1 workers of 1 for evacuation
[2026-02-17T22:06:12.593+0530][gc,phases   ] GC(23)   Pre Evacuate Collection Set: 0.34ms
[2026-02-17T22:06:12.593+0530][gc,phases   ] GC(23)   Merge Heap Roots: 0.07ms
[2026-02-17T22:06:12.593+0530][gc,phases   ] GC(23)   Evacuate Collection Set: 7.46ms
[2026-02-17T22:06:12.593+0530][gc,phases   ] GC(23)   Post Evacuate Collection Set: 0.22ms
[2026-02-17T22:06:12.593+0530][gc,phases   ] GC(23)   Other: 0.07ms
[2026-02-17T22:06:12.593+0530][gc,heap     ] GC(23) Eden regions: 47->0(48)
[2026-02-17T22:06:12.593+0530][gc,heap     ] GC(23) Survivor regions: 4->3(7)
[2026-02-17T22:06:12.593+0530][gc,heap     ] GC(23) Old regions: 31->32
[2026-02-17T22:06:12.593+0530][gc,heap     ] GC(23) Archive regions: 2->2
[2026-02-17T22:06:12.593+0530][gc,heap     ] GC(23) Humongous regions: 129->129
[2026-02-17T22:06:12.593+0530][gc,metaspace] GC(23) Metaspace: 42791K(43264K)->42791K(43264K) NonClass: 38039K(38272K)->38039K(38272K) Class: 4751K(4992K)->4751K(4992K)
[2026-02-17T22:06:12.593+0530][gc          ] GC(23) Pause Young (Normal) (G1 Evacuation Pause) 211M->164M(1024M) 8.339ms
[2026-02-17T22:06:12.593+0530][gc,cpu      ] GC(23) User=0.01s Sys=0.00s Real=0.01s
[2026-02-17T22:08:17.297+0530][gc,start    ] GC(24) Pause Young (Normal) (G1 Evacuation Pause)
[2026-02-17T22:08:17.297+0530][gc,task     ] GC(24) Using 1 workers of 1 for evacuation
[2026-02-17T22:08:17.308+0530][gc,phases   ] GC(24)   Pre Evacuate Collection Set: 0.20ms
[2026-02-17T22:08:17.308+0530][gc,phases   ] GC(24)   Merge Heap Roots: 0.09ms
[2026-02-17T22:08:17.308+0530][gc,phases   ] GC(24)   Evacuate Collection Set: 10.39ms
[2026-02-17T22:08:17.308+0530][gc,phases   ] GC(24)   Post Evacuate Collection Set: 0.22ms
[2026-02-17T22:08:17.308+0530][gc,phases   ] GC(24)   Other: 0.08ms
[2026-02-17T22:08:17.308+0530][gc,heap     ] GC(24) Eden regions: 48->0(44)
[2026-02-17T22:08:17.308+0530][gc,heap     ] GC(24) Survivor regions: 3->7(7)
[2026-02-17T22:08:17.308+0530][gc,heap     ] GC(24) Old regions: 32->32
[2026-02-17T22:08:17.308+0530][gc,heap     ] GC(24) Archive regions: 2->2
[2026-02-17T22:08:17.308+0530][gc,heap     ] GC(24) Humongous regions: 129->129
[2026-02-17T22:08:17.308+0530][gc,metaspace] GC(24) Metaspace: 42793K(43264K)->42793K(43264K) NonClass: 38041K(38272K)->38041K(38272K) Class: 4751K(4992K)->4751K(4992K)
[2026-02-17T22:08:17.308+0530][gc          ] GC(24) Pause Young (Normal) (G1 Evacuation Pause) 212M->168M(1024M) 11.043ms
[2026-02-17T22:08:17.308+0530][gc,cpu      ] GC(24) User=0.01s Sys=0.00s Real=0.01s
[2026-02-17T22:10:09.962+0530][gc,start    ] GC(25) Pause Young (Normal) (G1 Evacuation Pause)
[2026-02-17T22:10:09.962+0530][gc,task     ] GC(25) Using 1 workers of 1 for evacuation
[2026-02-17T22:10:09.974+0530][gc,phases   ] GC(25)   Pre Evacuate Collection Set: 0.25ms
[2026-02-17T22:10:09.974+0530][gc,phases   ] GC(25)   Merge Heap Roots: 0.13ms
[2026-02-17T22:10:09.974+0530][gc,phases   ] GC(25)   Evacuate Collection Set: 11.56ms
[2026-02-17T22:10:09.974+0530][gc,phases   ] GC(25)   Post Evacuate Collection Set: 0.28ms
[2026-02-17T22:10:09.974+0530][gc,phases   ] GC(25)   Other: 0.08ms
[2026-02-17T22:10:09.974+0530][gc,heap     ] GC(25) Eden regions: 44->0(57)
[2026-02-17T22:10:09.974+0530][gc,heap     ] GC(25) Survivor regions: 7->3(7)
[2026-02-17T22:10:09.974+0530][gc,heap     ] GC(25) Old regions: 32->36
[2026-02-17T22:10:09.974+0530][gc,heap     ] GC(25) Archive regions: 2->2
[2026-02-17T22:10:09.974+0530][gc,heap     ] GC(25) Humongous regions: 129->129
[2026-02-17T22:10:09.974+0530][gc,metaspace] GC(25) Metaspace: 42800K(43264K)->42800K(43264K) NonClass: 38048K(38272K)->38048K(38272K) Class: 4751K(4992K)->4751K(4992K)
[2026-02-17T22:10:09.974+0530][gc          ] GC(25) Pause Young (Normal) (G1 Evacuation Pause) 212M->168M(1024M) 12.365ms
[2026-02-17T22:10:09.974+0530][gc,cpu      ] GC(25) User=0.02s Sys=0.00s Real=0.01s
[2026-02-17T22:12:19.145+0530][gc,start    ] GC(26) Pause Young (Normal) (G1 Evacuation Pause)
[2026-02-17T22:12:19.145+0530][gc,task     ] GC(26) Using 1 workers of 1 for evacuation
[2026-02-17T22:12:19.154+0530][gc,phases   ] GC(26)   Pre Evacuate Collection Set: 0.16ms
[2026-02-17T22:12:19.154+0530][gc,phases   ] GC(26)   Merge Heap Roots: 0.22ms
[2026-02-17T22:12:19.154+0530][gc,phases   ] GC(26)   Evacuate Collection Set: 8.43ms
[2026-02-17T22:12:19.154+0530][gc,phases   ] GC(26)   Post Evacuate Collection Set: 0.23ms
[2026-02-17T22:12:19.154+0530][gc,phases   ] GC(26)   Other: 0.08ms
[2026-02-17T22:12:19.154+0530][gc,heap     ] GC(26) Eden regions: 50->0(66)
[2026-02-17T22:12:19.154+0530][gc,heap     ] GC(26) Survivor regions: 3->4(7)
[2026-02-17T22:12:19.154+0530][gc,heap     ] GC(26) Old regions: 36->36
[2026-02-17T22:12:19.154+0530][gc,heap     ] GC(26) Archive regions: 2->2
[2026-02-17T22:12:19.154+0530][gc,heap     ] GC(26) Humongous regions: 129->129
[2026-02-17T22:12:19.154+0530][gc,metaspace] GC(26) Metaspace: 42817K(43328K)->42817K(43328K) NonClass: 38065K(38336K)->38065K(38336K) Class: 4751K(4992K)->4751K(4992K)
[2026-02-17T22:12:19.154+0530][gc          ] GC(26) Pause Young (Normal) (G1 Evacuation Pause) 218M->168M(1024M) 9.175ms
[2026-02-17T22:12:19.154+0530][gc,cpu      ] GC(26) User=0.01s Sys=0.00s Real=0.01s
[2026-02-17T22:15:10.499+0530][gc,start    ] GC(27) Pause Young (Normal) (G1 Evacuation Pause)
[2026-02-17T22:15:10.499+0530][gc,task     ] GC(27) Using 1 workers of 1 for evacuation
[2026-02-17T22:15:10.510+0530][gc,phases   ] GC(27)   Pre Evacuate Collection Set: 0.20ms
[2026-02-17T22:15:10.510+0530][gc,phases   ] GC(27)   Merge Heap Roots: 0.07ms
[2026-02-17T22:15:10.510+0530][gc,phases   ] GC(27)   Evacuate Collection Set: 10.26ms
[2026-02-17T22:15:10.510+0530][gc,phases   ] GC(27)   Post Evacuate Collection Set: 0.22ms
[2026-02-17T22:15:10.510+0530][gc,phases   ] GC(27)   Other: 0.08ms
[2026-02-17T22:15:10.510+0530][gc,heap     ] GC(27) Eden regions: 66->0(45)
[2026-02-17T22:15:10.510+0530][gc,heap     ] GC(27) Survivor regions: 4->6(9)
[2026-02-17T22:15:10.510+0530][gc,heap     ] GC(27) Old regions: 36->36
[2026-02-17T22:15:10.510+0530][gc,heap     ] GC(27) Archive regions: 2->2
[2026-02-17T22:15:10.510+0530][gc,heap     ] GC(27) Humongous regions: 129->129
[2026-02-17T22:15:10.510+0530][gc,metaspace] GC(27) Metaspace: 42824K(43328K)->42824K(43328K) NonClass: 38072K(38336K)->38072K(38336K) Class: 4751K(4992K)->4751K(4992K)
[2026-02-17T22:15:10.510+0530][gc          ] GC(27) Pause Young (Normal) (G1 Evacuation Pause) 234M->170M(1024M) 10.892ms
[2026-02-17T22:15:10.510+0530][gc,cpu      ] GC(27) User=0.01s Sys=0.00s Real=0.01s
[2026-02-17T22:17:06.321+0530][gc,start    ] GC(28) Pause Young (Normal) (G1 Evacuation Pause)
[2026-02-17T22:17:06.321+0530][gc,task     ] GC(28) Using 1 workers of 1 for evacuation
[2026-02-17T22:17:06.331+0530][gc,phases   ] GC(28)   Pre Evacuate Collection Set: 0.20ms
[2026-02-17T22:17:06.331+0530][gc,phases   ] GC(28)   Merge Heap Roots: 0.06ms
[2026-02-17T22:17:06.331+0530][gc,phases   ] GC(28)   Evacuate Collection Set: 9.42ms
[2026-02-17T22:17:06.331+0530][gc,phases   ] GC(28)   Post Evacuate Collection Set: 0.22ms
[2026-02-17T22:17:06.331+0530][gc,phases   ] GC(28)   Other: 0.14ms
[2026-02-17T22:17:06.331+0530][gc,heap     ] GC(28) Eden regions: 45->0(113)
[2026-02-17T22:17:06.331+0530][gc,heap     ] GC(28) Survivor regions: 6->3(7)
[2026-02-17T22:17:06.331+0530][gc,heap     ] GC(28) Old regions: 36->38
[2026-02-17T22:17:06.331+0530][gc,heap     ] GC(28) Archive regions: 2->2
[2026-02-17T22:17:06.331+0530][gc,heap     ] GC(28) Humongous regions: 129->129
[2026-02-17T22:17:06.331+0530][gc,metaspace] GC(28) Metaspace: 42825K(43328K)->42825K(43328K) NonClass: 38073K(38336K)->38073K(38336K) Class: 4751K(4992K)->4751K(4992K)
[2026-02-17T22:17:06.331+0530][gc          ] GC(28) Pause Young (Normal) (G1 Evacuation Pause) 215M->170M(1024M) 10.088ms
[2026-02-17T22:17:06.331+0530][gc,cpu      ] GC(28) User=0.01s Sys=0.00s Real=0.01s
[2026-02-17T22:22:03.572+0530][gc,start    ] GC(29) Pause Young (Normal) (G1 Evacuation Pause)
[2026-02-17T22:22:03.572+0530][gc,task     ] GC(29) Using 1 workers of 1 for evacuation
[2026-02-17T22:22:03.589+0530][gc,phases   ] GC(29)   Pre Evacuate Collection Set: 0.17ms
[2026-02-17T22:22:03.589+0530][gc,phases   ] GC(29)   Merge Heap Roots: 0.23ms
[2026-02-17T22:22:03.589+0530][gc,phases   ] GC(29)   Evacuate Collection Set: 16.25ms
[2026-02-17T22:22:03.589+0530][gc,phases   ] GC(29)   Post Evacuate Collection Set: 0.35ms
[2026-02-17T22:22:03.589+0530][gc,phases   ] GC(29)   Other: 0.08ms
[2026-02-17T22:22:03.589+0530][gc,heap     ] GC(29) Eden regions: 113->0(42)
[2026-02-17T22:22:03.589+0530][gc,heap     ] GC(29) Survivor regions: 3->9(15)
[2026-02-17T22:22:03.589+0530][gc,heap     ] GC(29) Old regions: 38->38
[2026-02-17T22:22:03.589+0530][gc,heap     ] GC(29) Archive regions: 2->2
[2026-02-17T22:22:03.589+0530][gc,heap     ] GC(29) Humongous regions: 129->129
[2026-02-17T22:22:03.589+0530][gc,metaspace] GC(29) Metaspace: 42846K(43328K)->42846K(43328K) NonClass: 38094K(38336K)->38094K(38336K) Class: 4751K(4992K)->4751K(4992K)
[2026-02-17T22:22:03.589+0530][gc          ] GC(29) Pause Young (Normal) (G1 Evacuation Pause) 283M->176M(1024M) 17.208ms
[2026-02-17T22:22:03.589+0530][gc,cpu      ] GC(29) User=0.01s Sys=0.00s Real=0.02s
[2026-02-17T22:23:51.651+0530][gc,start    ] GC(30) Pause Young (Normal) (G1 Evacuation Pause)
[2026-02-17T22:23:51.651+0530][gc,task     ] GC(30) Using 1 workers of 1 for evacuation
[2026-02-17T22:23:51.699+0530][gc,mmu      ] GC(30) MMU target violated: 21.0ms (20.0ms/21.0ms)
[2026-02-17T22:23:51.700+0530][gc,phases   ] GC(30)   Pre Evacuate Collection Set: 1.24ms
[2026-02-17T22:23:51.700+0530][gc,phases   ] GC(30)   Merge Heap Roots: 0.13ms
[2026-02-17T22:23:51.700+0530][gc,phases   ] GC(30)   Evacuate Collection Set: 46.00ms
[2026-02-17T22:23:51.700+0530][gc,phases   ] GC(30)   Post Evacuate Collection Set: 0.26ms
[2026-02-17T22:23:51.700+0530][gc,phases   ] GC(30)   Other: 1.27ms
[2026-02-17T22:23:51.700+0530][gc,heap     ] GC(30) Eden regions: 42->0(48)
[2026-02-17T22:23:51.700+0530][gc,heap     ] GC(30) Survivor regions: 9->3(7)
[2026-02-17T22:23:51.700+0530][gc,heap     ] GC(30) Old regions: 38->44
[2026-02-17T22:23:51.700+0530][gc,heap     ] GC(30) Archive regions: 2->2
[2026-02-17T22:23:51.700+0530][gc,heap     ] GC(30) Humongous regions: 129->129
[2026-02-17T22:23:51.700+0530][gc,metaspace] GC(30) Metaspace: 42846K(43328K)->42846K(43328K) NonClass: 38094K(38336K)->38094K(38336K) Class: 4751K(4992K)->4751K(4992K)
[2026-02-17T22:23:51.700+0530][gc          ] GC(30) Pause Young (Normal) (G1 Evacuation Pause) 218M->176M(1024M) 48.960ms
[2026-02-17T22:23:51.700+0530][gc,cpu      ] GC(30) User=0.02s Sys=0.00s Real=0.05s
[2026-02-17T22:25:56.190+0530][gc,start    ] GC(31) Pause Young (Normal) (G1 Evacuation Pause)
[2026-02-17T22:25:56.190+0530][gc,task     ] GC(31) Using 1 workers of 1 for evacuation
[2026-02-17T22:25:56.198+0530][gc,phases   ] GC(31)   Pre Evacuate Collection Set: 0.08ms
[2026-02-17T22:25:56.198+0530][gc,phases   ] GC(31)   Merge Heap Roots: 0.05ms
[2026-02-17T22:25:56.198+0530][gc,phases   ] GC(31)   Evacuate Collection Set: 7.84ms
[2026-02-17T22:25:56.198+0530][gc,phases   ] GC(31)   Post Evacuate Collection Set: 0.25ms
[2026-02-17T22:25:56.198+0530][gc,phases   ] GC(31)   Other: 0.39ms
[2026-02-17T22:25:56.198+0530][gc,heap     ] GC(31) Eden regions: 48->0(65)
[2026-02-17T22:25:56.199+0530][gc,heap     ] GC(31) Survivor regions: 3->3(7)
[2026-02-17T22:25:56.199+0530][gc,heap     ] GC(31) Old regions: 44->44
[2026-02-17T22:25:56.199+0530][gc,heap     ] GC(31) Archive regions: 2->2
[2026-02-17T22:25:56.199+0530][gc,heap     ] GC(31) Humongous regions: 129->129
[2026-02-17T22:25:56.199+0530][gc,metaspace] GC(31) Metaspace: 42858K(43328K)->42858K(43328K) NonClass: 38104K(38336K)->38104K(38336K) Class: 4753K(4992K)->4753K(4992K)
[2026-02-17T22:25:56.199+0530][gc          ] GC(31) Pause Young (Normal) (G1 Evacuation Pause) 224M->176M(1024M) 8.868ms
[2026-02-17T22:25:56.199+0530][gc,cpu      ] GC(31) User=0.01s Sys=0.00s Real=0.01s
[2026-02-17T22:28:45.619+0530][gc,start    ] GC(32) Pause Young (Normal) (G1 Evacuation Pause)
[2026-02-17T22:28:45.619+0530][gc,task     ] GC(32) Using 1 workers of 1 for evacuation
[2026-02-17T22:28:45.660+0530][gc,mmu      ] GC(32) MMU target violated: 21.0ms (20.0ms/21.0ms)
[2026-02-17T22:28:45.660+0530][gc,phases   ] GC(32)   Pre Evacuate Collection Set: 0.78ms
[2026-02-17T22:28:45.660+0530][gc,phases   ] GC(32)   Merge Heap Roots: 0.56ms
[2026-02-17T22:28:45.660+0530][gc,phases   ] GC(32)   Evacuate Collection Set: 39.29ms
[2026-02-17T22:28:45.660+0530][gc,phases   ] GC(32)   Post Evacuate Collection Set: 0.56ms
[2026-02-17T22:28:45.660+0530][gc,phases   ] GC(32)   Other: 0.12ms
[2026-02-17T22:28:45.660+0530][gc,heap     ] GC(32) Eden regions: 65->0(46)
[2026-02-17T22:28:45.660+0530][gc,heap     ] GC(32) Survivor regions: 3->5(9)
[2026-02-17T22:28:45.660+0530][gc,heap     ] GC(32) Old regions: 44->44
[2026-02-17T22:28:45.660+0530][gc,heap     ] GC(32) Archive regions: 2->2
[2026-02-17T22:28:45.660+0530][gc,heap     ] GC(32) Humongous regions: 129->129
[2026-02-17T22:28:45.660+0530][gc,metaspace] GC(32) Metaspace: 42861K(43328K)->42861K(43328K) NonClass: 38107K(38336K)->38107K(38336K) Class: 4753K(4992K)->4753K(4992K)
[2026-02-17T22:28:45.660+0530][gc          ] GC(32) Pause Young (Normal) (G1 Evacuation Pause) 241M->178M(1024M) 41.339ms
[2026-02-17T22:28:45.660+0530][gc,cpu      ] GC(32) User=0.01s Sys=0.00s Real=0.04s
[2026-02-17T22:30:34.314+0530][gc,start    ] GC(33) Pause Young (Normal) (G1 Evacuation Pause)
[2026-02-17T22:30:34.314+0530][gc,task     ] GC(33) Using 1 workers of 1 for evacuation
[2026-02-17T22:30:34.334+0530][gc,mmu      ] GC(33) MMU target violated: 20.2ms (20.0ms/21.0ms)
[2026-02-17T22:30:34.335+0530][gc,phases   ] GC(33)   Pre Evacuate Collection Set: 0.40ms
[2026-02-17T22:30:34.335+0530][gc,phases   ] GC(33)   Merge Heap Roots: 0.05ms
[2026-02-17T22:30:34.335+0530][gc,phases   ] GC(33)   Evacuate Collection Set: 17.77ms
[2026-02-17T22:30:34.335+0530][gc,phases   ] GC(33)   Post Evacuate Collection Set: 2.04ms
[2026-02-17T22:30:34.335+0530][gc,phases   ] GC(33)   Other: 0.24ms
[2026-02-17T22:30:34.335+0530][gc,heap     ] GC(33) Eden regions: 46->0(44)
[2026-02-17T22:30:34.335+0530][gc,heap     ] GC(33) Survivor regions: 5->7(7)
[2026-02-17T22:30:34.335+0530][gc,heap     ] GC(33) Old regions: 44->47
[2026-02-17T22:30:34.335+0530][gc,heap     ] GC(33) Archive regions: 2->2
[2026-02-17T22:30:34.335+0530][gc,heap     ] GC(33) Humongous regions: 147->147
[2026-02-17T22:30:34.335+0530][gc,metaspace] GC(33) Metaspace: 43060K(43520K)->43060K(43520K) NonClass: 38275K(38528K)->38275K(38528K) Class: 4785K(4992K)->4785K(4992K)
[2026-02-17T22:30:34.335+0530][gc          ] GC(33) Pause Young (Normal) (G1 Evacuation Pause) 242M->201M(1024M) 20.547ms
[2026-02-17T22:30:34.335+0530][gc,cpu      ] GC(33) User=0.02s Sys=0.00s Real=0.02s
[2026-02-17T22:32:27.567+0530][gc,start    ] GC(34) Pause Young (Normal) (G1 Evacuation Pause)
[2026-02-17T22:32:27.567+0530][gc,task     ] GC(34) Using 1 workers of 1 for evacuation
[2026-02-17T22:32:27.587+0530][gc,mmu      ] GC(34) MMU target violated: 20.0ms (20.0ms/21.0ms)
[2026-02-17T22:32:27.587+0530][gc,phases   ] GC(34)   Pre Evacuate Collection Set: 0.32ms
[2026-02-17T22:32:27.587+0530][gc,phases   ] GC(34)   Merge Heap Roots: 0.05ms
[2026-02-17T22:32:27.587+0530][gc,phases   ] GC(34)   Evacuate Collection Set: 19.34ms
[2026-02-17T22:32:27.588+0530][gc,phases   ] GC(34)   Post Evacuate Collection Set: 0.32ms
[2026-02-17T22:32:27.588+0530][gc,phases   ] GC(34)   Other: 0.13ms
[2026-02-17T22:32:27.588+0530][gc,heap     ] GC(34) Eden regions: 44->0(48)
[2026-02-17T22:32:27.588+0530][gc,heap     ] GC(34) Survivor regions: 7->3(7)
[2026-02-17T22:32:27.588+0530][gc,heap     ] GC(34) Old regions: 47->50
[2026-02-17T22:32:27.588+0530][gc,heap     ] GC(34) Archive regions: 2->2
[2026-02-17T22:32:27.588+0530][gc,heap     ] GC(34) Humongous regions: 147->147
[2026-02-17T22:32:27.588+0530][gc,metaspace] GC(34) Metaspace: 43184K(43648K)->43184K(43648K) NonClass: 38377K(38656K)->38377K(38656K) Class: 4807K(4992K)->4807K(4992K)
[2026-02-17T22:32:27.588+0530][gc          ] GC(34) Pause Young (Normal) (G1 Evacuation Pause) 245M->200M(1024M) 20.191ms
[2026-02-17T22:32:27.588+0530][gc,cpu      ] GC(34) User=0.01s Sys=0.00s Real=0.02s
[2026-02-17T22:34:31.872+0530][gc,start    ] GC(35) Pause Young (Normal) (G1 Evacuation Pause)
[2026-02-17T22:34:31.872+0530][gc,task     ] GC(35) Using 1 workers of 1 for evacuation
[2026-02-17T22:34:31.892+0530][gc,mmu      ] GC(35) MMU target violated: 20.0ms (20.0ms/21.0ms)
[2026-02-17T22:34:31.892+0530][gc,phases   ] GC(35)   Pre Evacuate Collection Set: 1.22ms
[2026-02-17T22:34:31.892+0530][gc,phases   ] GC(35)   Merge Heap Roots: 0.06ms
[2026-02-17T22:34:31.892+0530][gc,phases   ] GC(35)   Evacuate Collection Set: 17.57ms
[2026-02-17T22:34:31.892+0530][gc,phases   ] GC(35)   Post Evacuate Collection Set: 1.18ms
[2026-02-17T22:34:31.892+0530][gc,phases   ] GC(35)   Other: 0.19ms
[2026-02-17T22:34:31.892+0530][gc,heap     ] GC(35) Eden regions: 48->0(47)
[2026-02-17T22:34:31.892+0530][gc,heap     ] GC(35) Survivor regions: 3->4(7)
[2026-02-17T22:34:31.892+0530][gc,heap     ] GC(35) Old regions: 50->50
[2026-02-17T22:34:31.892+0530][gc,heap     ] GC(35) Archive regions: 2->2
[2026-02-17T22:34:31.892+0530][gc,heap     ] GC(35) Humongous regions: 147->147
[2026-02-17T22:34:31.892+0530][gc,metaspace] GC(35) Metaspace: 43203K(43648K)->43203K(43648K) NonClass: 38396K(38656K)->38396K(38656K) Class: 4807K(4992K)->4807K(4992K)
[2026-02-17T22:34:31.892+0530][gc          ] GC(35) Pause Young (Normal) (G1 Evacuation Pause) 248M->201M(1024M) 20.260ms
[2026-02-17T22:34:31.892+0530][gc,cpu      ] GC(35) User=0.01s Sys=0.00s Real=0.02s
[2026-02-17T22:36:33.624+0530][gc,start    ] GC(36) Pause Young (Normal) (G1 Evacuation Pause)
[2026-02-17T22:36:33.624+0530][gc,task     ] GC(36) Using 1 workers of 1 for evacuation
[2026-02-17T22:36:33.642+0530][gc,phases   ] GC(36)   Pre Evacuate Collection Set: 0.29ms
[2026-02-17T22:36:33.642+0530][gc,phases   ] GC(36)   Merge Heap Roots: 0.08ms
[2026-02-17T22:36:33.642+0530][gc,phases   ] GC(36)   Evacuate Collection Set: 16.71ms
[2026-02-17T22:36:33.642+0530][gc,phases   ] GC(36)   Post Evacuate Collection Set: 0.33ms
[2026-02-17T22:36:33.642+0530][gc,phases   ] GC(36)   Other: 0.23ms
[2026-02-17T22:36:33.642+0530][gc,heap     ] GC(36) Eden regions: 47->0(44)
[2026-02-17T22:36:33.642+0530][gc,heap     ] GC(36) Survivor regions: 4->7(7)
[2026-02-17T22:36:33.642+0530][gc,heap     ] GC(36) Old regions: 50->50
[2026-02-17T22:36:33.642+0530][gc,heap     ] GC(36) Archive regions: 2->2
[2026-02-17T22:36:33.642+0530][gc,heap     ] GC(36) Humongous regions: 147->147
[2026-02-17T22:36:33.642+0530][gc,metaspace] GC(36) Metaspace: 43208K(43648K)->43208K(43648K) NonClass: 38400K(38656K)->38400K(38656K) Class: 4807K(4992K)->4807K(4992K)
[2026-02-17T22:36:33.642+0530][gc          ] GC(36) Pause Young (Normal) (G1 Evacuation Pause) 248M->204M(1024M) 17.712ms
[2026-02-17T22:36:33.642+0530][gc,cpu      ] GC(36) User=0.01s Sys=0.00s Real=0.02s
[2026-02-17T22:38:31.372+0530][gc,start    ] GC(37) Pause Young (Normal) (G1 Evacuation Pause)
[2026-02-17T22:38:31.372+0530][gc,task     ] GC(37) Using 1 workers of 1 for evacuation
[2026-02-17T22:38:31.417+0530][gc,mmu      ] GC(37) MMU target violated: 21.0ms (20.0ms/21.0ms)
[2026-02-17T22:38:31.417+0530][gc,phases   ] GC(37)   Pre Evacuate Collection Set: 0.26ms
[2026-02-17T22:38:31.417+0530][gc,phases   ] GC(37)   Merge Heap Roots: 0.05ms
[2026-02-17T22:38:31.417+0530][gc,phases   ] GC(37)   Evacuate Collection Set: 42.59ms
[2026-02-17T22:38:31.417+0530][gc,phases   ] GC(37)   Post Evacuate Collection Set: 1.42ms
[2026-02-17T22:38:31.417+0530][gc,phases   ] GC(37)   Other: 0.13ms
[2026-02-17T22:38:31.417+0530][gc,heap     ] GC(37) Eden regions: 44->0(47)
[2026-02-17T22:38:31.417+0530][gc,heap     ] GC(37) Survivor regions: 7->4(7)
[2026-02-17T22:38:31.417+0530][gc,heap     ] GC(37) Old regions: 50->54
[2026-02-17T22:38:31.417+0530][gc,heap     ] GC(37) Archive regions: 2->2
[2026-02-17T22:38:31.417+0530][gc,heap     ] GC(37) Humongous regions: 147->147
[2026-02-17T22:38:31.417+0530][gc,metaspace] GC(37) Metaspace: 43229K(43712K)->43229K(43712K) NonClass: 38419K(38720K)->38419K(38720K) Class: 4810K(4992K)->4810K(4992K)
[2026-02-17T22:38:31.417+0530][gc          ] GC(37) Pause Young (Normal) (G1 Evacuation Pause) 248M->204M(1024M) 44.477ms
[2026-02-17T22:38:31.417+0530][gc,cpu      ] GC(37) User=0.01s Sys=0.00s Real=0.05s
[2026-02-17T22:40:32.846+0530][gc,start    ] GC(38) Pause Young (Normal) (G1 Evacuation Pause)
[2026-02-17T22:40:32.846+0530][gc,task     ] GC(38) Using 1 workers of 1 for evacuation
[2026-02-17T22:40:32.855+0530][gc,phases   ] GC(38)   Pre Evacuate Collection Set: 0.08ms
[2026-02-17T22:40:32.855+0530][gc,phases   ] GC(38)   Merge Heap Roots: 0.14ms
[2026-02-17T22:40:32.855+0530][gc,phases   ] GC(38)   Evacuate Collection Set: 8.48ms
[2026-02-17T22:40:32.855+0530][gc,phases   ] GC(38)   Post Evacuate Collection Set: 0.26ms
[2026-02-17T22:40:32.855+0530][gc,phases   ] GC(38)   Other: 0.08ms
[2026-02-17T22:40:32.855+0530][gc,heap     ] GC(38) Eden regions: 47->0(47)
[2026-02-17T22:40:32.855+0530][gc,heap     ] GC(38) Survivor regions: 4->4(7)
[2026-02-17T22:40:32.855+0530][gc,heap     ] GC(38) Old regions: 54->54
[2026-02-17T22:40:32.855+0530][gc,heap     ] GC(38) Archive regions: 2->2
[2026-02-17T22:40:32.855+0530][gc,heap     ] GC(38) Humongous regions: 147->147
[2026-02-17T22:40:32.855+0530][gc,metaspace] GC(38) Metaspace: 43265K(43712K)->43265K(43712K) NonClass: 38446K(38720K)->38446K(38720K) Class: 4819K(4992K)->4819K(4992K)
[2026-02-17T22:40:32.855+0530][gc          ] GC(38) Pause Young (Normal) (G1 Evacuation Pause) 251M->204M(1024M) 9.225ms
[2026-02-17T22:40:32.855+0530][gc,cpu      ] GC(38) User=0.01s Sys=0.00s Real=0.01s
[2026-02-17T22:42:35.466+0530][gc,start    ] GC(39) Pause Young (Normal) (G1 Evacuation Pause)
[2026-02-17T22:42:35.466+0530][gc,task     ] GC(39) Using 1 workers of 1 for evacuation
[2026-02-17T22:42:35.516+0530][gc,mmu      ] GC(39) MMU target violated: 21.0ms (20.0ms/21.0ms)
[2026-02-17T22:42:35.516+0530][gc,phases   ] GC(39)   Pre Evacuate Collection Set: 0.42ms
[2026-02-17T22:42:35.516+0530][gc,phases   ] GC(39)   Merge Heap Roots: 0.37ms
[2026-02-17T22:42:35.516+0530][gc,phases   ] GC(39)   Evacuate Collection Set: 46.84ms
[2026-02-17T22:42:35.516+0530][gc,phases   ] GC(39)   Post Evacuate Collection Set: 1.43ms
[2026-02-17T22:42:35.516+0530][gc,phases   ] GC(39)   Other: 0.12ms
[2026-02-17T22:42:35.516+0530][gc,heap     ] GC(39) Eden regions: 47->0(44)
[2026-02-17T22:42:35.516+0530][gc,heap     ] GC(39) Survivor regions: 4->7(7)
[2026-02-17T22:42:35.516+0530][gc,heap     ] GC(39) Old regions: 54->54
[2026-02-17T22:42:35.516+0530][gc,heap     ] GC(39) Archive regions: 2->2
[2026-02-17T22:42:35.516+0530][gc,heap     ] GC(39) Humongous regions: 147->147
[2026-02-17T22:42:35.516+0530][gc,metaspace] GC(39) Metaspace: 43266K(43712K)->43266K(43712K) NonClass: 38447K(38720K)->38447K(38720K) Class: 4819K(4992K)->4819K(4992K)
[2026-02-17T22:42:35.516+0530][gc          ] GC(39) Pause Young (Normal) (G1 Evacuation Pause) 251M->208M(1024M) 49.220ms
[2026-02-17T22:42:35.516+0530][gc,cpu      ] GC(39) User=0.02s Sys=0.00s Real=0.04s
[2026-02-17T22:44:37.766+0530][gc,start    ] GC(40) Pause Young (Normal) (G1 Evacuation Pause)
[2026-02-17T22:44:37.766+0530][gc,task     ] GC(40) Using 1 workers of 1 for evacuation
[2026-02-17T22:44:37.787+0530][gc,mmu      ] GC(40) MMU target violated: 20.8ms (20.0ms/21.0ms)
[2026-02-17T22:44:37.787+0530][gc,phases   ] GC(40)   Pre Evacuate Collection Set: 0.19ms
[2026-02-17T22:44:37.787+0530][gc,phases   ] GC(40)   Merge Heap Roots: 0.05ms
[2026-02-17T22:44:37.787+0530][gc,phases   ] GC(40)   Evacuate Collection Set: 19.20ms
[2026-02-17T22:44:37.787+0530][gc,phases   ] GC(40)   Post Evacuate Collection Set: 1.38ms
[2026-02-17T22:44:37.787+0530][gc,phases   ] GC(40)   Other: 0.13ms
[2026-02-17T22:44:37.787+0530][gc,heap     ] GC(40) Eden regions: 44->0(46)
[2026-02-17T22:44:37.787+0530][gc,heap     ] GC(40) Survivor regions: 7->5(7)
[2026-02-17T22:44:37.787+0530][gc,heap     ] GC(40) Old regions: 54->56
[2026-02-17T22:44:37.787+0530][gc,heap     ] GC(40) Archive regions: 2->2
[2026-02-17T22:44:37.787+0530][gc,heap     ] GC(40) Humongous regions: 147->147
[2026-02-17T22:44:37.787+0530][gc,metaspace] GC(40) Metaspace: 43267K(43712K)->43267K(43712K) NonClass: 38448K(38720K)->38448K(38720K) Class: 4819K(4992K)->4819K(4992K)
[2026-02-17T22:44:37.787+0530][gc          ] GC(40) Pause Young (Normal) (G1 Evacuation Pause) 252M->207M(1024M) 20.979ms
[2026-02-17T22:44:37.787+0530][gc,cpu      ] GC(40) User=0.01s Sys=0.00s Real=0.03s
[2026-02-17T22:46:46.567+0530][gc,start    ] GC(41) Pause Young (Normal) (G1 Evacuation Pause)
[2026-02-17T22:46:46.567+0530][gc,task     ] GC(41) Using 1 workers of 1 for evacuation
[2026-02-17T22:46:46.592+0530][gc,mmu      ] GC(41) MMU target violated: 21.0ms (20.0ms/21.0ms)
[2026-02-17T22:46:46.592+0530][gc,phases   ] GC(41)   Pre Evacuate Collection Set: 0.22ms
[2026-02-17T22:46:46.592+0530][gc,phases   ] GC(41)   Merge Heap Roots: 0.05ms
[2026-02-17T22:46:46.592+0530][gc,phases   ] GC(41)   Evacuate Collection Set: 24.74ms
[2026-02-17T22:46:46.592+0530][gc,phases   ] GC(41)   Post Evacuate Collection Set: 0.31ms
[2026-02-17T22:46:46.592+0530][gc,phases   ] GC(41)   Other: 0.13ms
[2026-02-17T22:46:46.592+0530][gc,heap     ] GC(41) Eden regions: 46->0(45)
[2026-02-17T22:46:46.592+0530][gc,heap     ] GC(41) Survivor regions: 5->6(7)
[2026-02-17T22:46:46.592+0530][gc,heap     ] GC(41) Old regions: 56->57
[2026-02-17T22:46:46.592+0530][gc,heap     ] GC(41) Archive regions: 2->2
[2026-02-17T22:46:46.592+0530][gc,heap     ] GC(41) Humongous regions: 147->147
[2026-02-17T22:46:46.593+0530][gc,metaspace] GC(41) Metaspace: 43269K(43712K)->43269K(43712K) NonClass: 38450K(38720K)->38450K(38720K) Class: 4819K(4992K)->4819K(4992K)
[2026-02-17T22:46:46.593+0530][gc          ] GC(41) Pause Young (Normal) (G1 Evacuation Pause) 253M->210M(1024M) 25.482ms
[2026-02-17T22:46:46.593+0530][gc,cpu      ] GC(41) User=0.01s Sys=0.00s Real=0.02s
[2026-02-17T22:48:42.432+0530][gc,start    ] GC(42) Pause Young (Normal) (G1 Evacuation Pause)
[2026-02-17T22:48:42.432+0530][gc,task     ] GC(42) Using 1 workers of 1 for evacuation
[2026-02-17T22:48:42.444+0530][gc,phases   ] GC(42)   Pre Evacuate Collection Set: 0.14ms
[2026-02-17T22:48:42.444+0530][gc,phases   ] GC(42)   Merge Heap Roots: 0.06ms
[2026-02-17T22:48:42.444+0530][gc,phases   ] GC(42)   Evacuate Collection Set: 12.01ms
[2026-02-17T22:48:42.444+0530][gc,phases   ] GC(42)   Post Evacuate Collection Set: 0.34ms
[2026-02-17T22:48:42.444+0530][gc,phases   ] GC(42)   Other: 0.09ms
[2026-02-17T22:48:42.444+0530][gc,heap     ] GC(42) Eden regions: 45->0(46)
[2026-02-17T22:48:42.444+0530][gc,heap     ] GC(42) Survivor regions: 6->5(7)
[2026-02-17T22:48:42.444+0530][gc,heap     ] GC(42) Old regions: 57->58
[2026-02-17T22:48:42.444+0530][gc,heap     ] GC(42) Archive regions: 2->2
[2026-02-17T22:48:42.444+0530][gc,heap     ] GC(42) Humongous regions: 147->147
[2026-02-17T22:48:42.444+0530][gc,metaspace] GC(42) Metaspace: 43273K(43712K)->43273K(43712K) NonClass: 38453K(38720K)->38453K(38720K) Class: 4819K(4992K)->4819K(4992K)
[2026-02-17T22:48:42.444+0530][gc          ] GC(42) Pause Young (Normal) (G1 Evacuation Pause) 255M->209M(1024M) 12.756ms
[2026-02-17T22:48:42.444+0530][gc,cpu      ] GC(42) User=0.01s Sys=0.00s Real=0.01s
[2026-02-17T22:50:45.727+0530][gc,start    ] GC(43) Pause Young (Normal) (G1 Evacuation Pause)
[2026-02-17T22:50:45.727+0530][gc,task     ] GC(43) Using 1 workers of 1 for evacuation
[2026-02-17T22:50:45.745+0530][gc,phases   ] GC(43)   Pre Evacuate Collection Set: 0.17ms
[2026-02-17T22:50:45.745+0530][gc,phases   ] GC(43)   Merge Heap Roots: 0.06ms
[2026-02-17T22:50:45.745+0530][gc,phases   ] GC(43)   Evacuate Collection Set: 17.33ms
[2026-02-17T22:50:45.745+0530][gc,phases   ] GC(43)   Post Evacuate Collection Set: 0.27ms
[2026-02-17T22:50:45.745+0530][gc,phases   ] GC(43)   Other: 0.08ms
[2026-02-17T22:50:45.745+0530][gc,heap     ] GC(43) Eden regions: 46->0(47)
[2026-02-17T22:50:45.745+0530][gc,heap     ] GC(43) Survivor regions: 5->4(7)
[2026-02-17T22:50:45.745+0530][gc,heap     ] GC(43) Old regions: 58->59
[2026-02-17T22:50:45.745+0530][gc,heap     ] GC(43) Archive regions: 2->2
[2026-02-17T22:50:45.745+0530][gc,heap     ] GC(43) Humongous regions: 147->147
[2026-02-17T22:50:45.745+0530][gc,metaspace] GC(43) Metaspace: 43275K(43712K)->43275K(43712K) NonClass: 38456K(38720K)->38456K(38720K) Class: 4819K(4992K)->4819K(4992K)
[2026-02-17T22:50:45.745+0530][gc          ] GC(43) Pause Young (Normal) (G1 Evacuation Pause) 255M->209M(1024M) 18.585ms
[2026-02-17T22:50:45.745+0530][gc,cpu      ] GC(43) User=0.01s Sys=0.00s Real=0.01s
[2026-02-17T22:52:47.292+0530][gc,start    ] GC(44) Pause Young (Normal) (G1 Evacuation Pause)
[2026-02-17T22:52:47.292+0530][gc,task     ] GC(44) Using 1 workers of 1 for evacuation
[2026-02-17T22:52:47.300+0530][gc,phases   ] GC(44)   Pre Evacuate Collection Set: 0.08ms
[2026-02-17T22:52:47.300+0530][gc,phases   ] GC(44)   Merge Heap Roots: 0.06ms
[2026-02-17T22:52:47.300+0530][gc,phases   ] GC(44)   Evacuate Collection Set: 6.83ms
[2026-02-17T22:52:47.300+0530][gc,phases   ] GC(44)   Post Evacuate Collection Set: 0.25ms
[2026-02-17T22:52:47.300+0530][gc,phases   ] GC(44)   Other: 0.47ms
[2026-02-17T22:52:47.300+0530][gc,heap     ] GC(44) Eden regions: 47->0(47)
[2026-02-17T22:52:47.300+0530][gc,heap     ] GC(44) Survivor regions: 4->4(7)
[2026-02-17T22:52:47.300+0530][gc,heap     ] GC(44) Old regions: 59->59
[2026-02-17T22:52:47.300+0530][gc,heap     ] GC(44) Archive regions: 2->2
[2026-02-17T22:52:47.300+0530][gc,heap     ] GC(44) Humongous regions: 147->147
[2026-02-17T22:52:47.300+0530][gc,metaspace] GC(44) Metaspace: 43275K(43712K)->43275K(43712K) NonClass: 38456K(38720K)->38456K(38720K) Class: 4819K(4992K)->4819K(4992K)
[2026-02-17T22:52:47.300+0530][gc          ] GC(44) Pause Young (Normal) (G1 Evacuation Pause) 256M->210M(1024M) 7.734ms
[2026-02-17T22:52:47.300+0530][gc,cpu      ] GC(44) User=0.01s Sys=0.00s Real=0.01s
[2026-02-17T22:54:59.033+0530][gc,start    ] GC(45) Pause Young (Normal) (G1 Evacuation Pause)
[2026-02-17T22:54:59.033+0530][gc,task     ] GC(45) Using 1 workers of 1 for evacuation
[2026-02-17T22:54:59.050+0530][gc,phases   ] GC(45)   Pre Evacuate Collection Set: 0.15ms
[2026-02-17T22:54:59.050+0530][gc,phases   ] GC(45)   Merge Heap Roots: 0.20ms
[2026-02-17T22:54:59.050+0530][gc,phases   ] GC(45)   Evacuate Collection Set: 16.74ms
[2026-02-17T22:54:59.050+0530][gc,phases   ] GC(45)   Post Evacuate Collection Set: 0.27ms
[2026-02-17T22:54:59.050+0530][gc,phases   ] GC(45)   Other: 0.10ms
[2026-02-17T22:54:59.050+0530][gc,heap     ] GC(45) Eden regions: 47->0(45)
[2026-02-17T22:54:59.050+0530][gc,heap     ] GC(45) Survivor regions: 4->6(7)
[2026-02-17T22:54:59.050+0530][gc,heap     ] GC(45) Old regions: 59->60
[2026-02-17T22:54:59.050+0530][gc,heap     ] GC(45) Archive regions: 2->2
[2026-02-17T22:54:59.050+0530][gc,heap     ] GC(45) Humongous regions: 147->147
[2026-02-17T22:54:59.050+0530][gc,metaspace] GC(45) Metaspace: 43277K(43712K)->43277K(43712K) NonClass: 38458K(38720K)->38458K(38720K) Class: 4819K(4992K)->4819K(4992K)
[2026-02-17T22:54:59.050+0530][gc          ] GC(45) Pause Young (Normal) (G1 Evacuation Pause) 257M->212M(1024M) 17.574ms
[2026-02-17T22:54:59.050+0530][gc,cpu      ] GC(45) User=0.01s Sys=0.00s Real=0.02s
[2026-02-17T22:57:04.894+0530][gc,start    ] GC(46) Pause Young (Normal) (G1 Evacuation Pause)
[2026-02-17T22:57:04.894+0530][gc,task     ] GC(46) Using 1 workers of 1 for evacuation
[2026-02-17T22:57:04.926+0530][gc,mmu      ] GC(46) MMU target violated: 21.0ms (20.0ms/21.0ms)
[2026-02-17T22:57:04.926+0530][gc,phases   ] GC(46)   Pre Evacuate Collection Set: 0.08ms
[2026-02-17T22:57:04.926+0530][gc,phases   ] GC(46)   Merge Heap Roots: 0.06ms
[2026-02-17T22:57:04.926+0530][gc,phases   ] GC(46)   Evacuate Collection Set: 31.20ms
[2026-02-17T22:57:04.926+0530][gc,phases   ] GC(46)   Post Evacuate Collection Set: 0.28ms
[2026-02-17T22:57:04.926+0530][gc,phases   ] GC(46)   Other: 0.13ms
[2026-02-17T22:57:04.926+0530][gc,heap     ] GC(46) Eden regions: 45->0(48)
[2026-02-17T22:57:04.926+0530][gc,heap     ] GC(46) Survivor regions: 6->3(7)
[2026-02-17T22:57:04.926+0530][gc,heap     ] GC(46) Old regions: 60->62
[2026-02-17T22:57:04.926+0530][gc,heap     ] GC(46) Archive regions: 2->2
[2026-02-17T22:57:04.926+0530][gc,heap     ] GC(46) Humongous regions: 147->147
[2026-02-17T22:57:04.926+0530][gc,metaspace] GC(46) Metaspace: 43277K(43712K)->43277K(43712K) NonClass: 38458K(38720K)->38458K(38720K) Class: 4819K(4992K)->4819K(4992K)
[2026-02-17T22:57:04.926+0530][gc          ] GC(46) Pause Young (Normal) (G1 Evacuation Pause) 257M->212M(1024M) 31.790ms
[2026-02-17T22:57:04.926+0530][gc,cpu      ] GC(46) User=0.01s Sys=0.00s Real=0.03s
[2026-02-17T22:59:20.236+0530][gc,start    ] GC(47) Pause Young (Normal) (G1 Evacuation Pause)
[2026-02-17T22:59:20.236+0530][gc,task     ] GC(47) Using 1 workers of 1 for evacuation
[2026-02-17T22:59:20.275+0530][gc,mmu      ] GC(47) MMU target violated: 21.0ms (20.0ms/21.0ms)
[2026-02-17T22:59:20.275+0530][gc,phases   ] GC(47)   Pre Evacuate Collection Set: 0.90ms
[2026-02-17T22:59:20.275+0530][gc,phases   ] GC(47)   Merge Heap Roots: 0.06ms
[2026-02-17T22:59:20.275+0530][gc,phases   ] GC(47)   Evacuate Collection Set: 34.38ms
[2026-02-17T22:59:20.275+0530][gc,phases   ] GC(47)   Post Evacuate Collection Set: 3.98ms
[2026-02-17T22:59:20.275+0530][gc,phases   ] GC(47)   Other: 0.15ms
[2026-02-17T22:59:20.275+0530][gc,heap     ] GC(47) Eden regions: 48->0(45)
[2026-02-17T22:59:20.275+0530][gc,heap     ] GC(47) Survivor regions: 3->6(7)
[2026-02-17T22:59:20.275+0530][gc,heap     ] GC(47) Old regions: 62->62
[2026-02-17T22:59:20.275+0530][gc,heap     ] GC(47) Archive regions: 2->2
[2026-02-17T22:59:20.275+0530][gc,heap     ] GC(47) Humongous regions: 147->147
[2026-02-17T22:59:20.275+0530][gc,metaspace] GC(47) Metaspace: 43279K(43712K)->43279K(43712K) NonClass: 38459K(38720K)->38459K(38720K) Class: 4819K(4992K)->4819K(4992K)
[2026-02-17T22:59:20.275+0530][gc          ] GC(47) Pause Young (Normal) (G1 Evacuation Pause) 260M->215M(1024M) 39.497ms
[2026-02-17T22:59:20.275+0530][gc,cpu      ] GC(47) User=0.01s Sys=0.00s Real=0.04s
[2026-02-17T23:01:25.587+0530][gc,start    ] GC(48) Pause Young (Normal) (G1 Evacuation Pause)
[2026-02-17T23:01:25.587+0530][gc,task     ] GC(48) Using 1 workers of 1 for evacuation
[2026-02-17T23:01:25.641+0530][gc,mmu      ] GC(48) MMU target violated: 21.0ms (20.0ms/21.0ms)
[2026-02-17T23:01:25.641+0530][gc,phases   ] GC(48)   Pre Evacuate Collection Set: 0.18ms
[2026-02-17T23:01:25.641+0530][gc,phases   ] GC(48)   Merge Heap Roots: 0.04ms
[2026-02-17T23:01:25.641+0530][gc,phases   ] GC(48)   Evacuate Collection Set: 53.32ms
[2026-02-17T23:01:25.641+0530][gc,phases   ] GC(48)   Post Evacuate Collection Set: 1.09ms
[2026-02-17T23:01:25.641+0530][gc,phases   ] GC(48)   Other: 0.13ms
[2026-02-17T23:01:25.641+0530][gc,heap     ] GC(48) Eden regions: 45->0(48)
[2026-02-17T23:01:25.641+0530][gc,heap     ] GC(48) Survivor regions: 6->3(7)
[2026-02-17T23:01:25.641+0530][gc,heap     ] GC(48) Old regions: 62->64
[2026-02-17T23:01:25.641+0530][gc,heap     ] GC(48) Archive regions: 2->2
[2026-02-17T23:01:25.641+0530][gc,heap     ] GC(48) Humongous regions: 147->147
[2026-02-17T23:01:25.641+0530][gc,metaspace] GC(48) Metaspace: 43279K(43712K)->43279K(43712K) NonClass: 38459K(38720K)->38459K(38720K) Class: 4819K(4992K)->4819K(4992K)
[2026-02-17T23:01:25.641+0530][gc          ] GC(48) Pause Young (Normal) (G1 Evacuation Pause) 260M->214M(1024M) 54.802ms
[2026-02-17T23:01:25.641+0530][gc,cpu      ] GC(48) User=0.00s Sys=0.00s Real=0.05s
[2026-02-17T23:03:40.011+0530][gc,start    ] GC(49) Pause Young (Normal) (G1 Evacuation Pause)
[2026-02-17T23:03:40.011+0530][gc,task     ] GC(49) Using 1 workers of 1 for evacuation
[2026-02-17T23:03:40.021+0530][gc,phases   ] GC(49)   Pre Evacuate Collection Set: 0.32ms
[2026-02-17T23:03:40.021+0530][gc,phases   ] GC(49)   Merge Heap Roots: 0.05ms
[2026-02-17T23:03:40.021+0530][gc,phases   ] GC(49)   Evacuate Collection Set: 8.84ms
[2026-02-17T23:03:40.021+0530][gc,phases   ] GC(49)   Post Evacuate Collection Set: 0.22ms
[2026-02-17T23:03:40.021+0530][gc,phases   ] GC(49)   Other: 0.09ms
[2026-02-17T23:03:40.021+0530][gc,heap     ] GC(49) Eden regions: 48->0(45)
[2026-02-17T23:03:40.021+0530][gc,heap     ] GC(49) Survivor regions: 3->6(7)
[2026-02-17T23:03:40.021+0530][gc,heap     ] GC(49) Old regions: 64->64
[2026-02-17T23:03:40.021+0530][gc,heap     ] GC(49) Archive regions: 2->2
[2026-02-17T23:03:40.021+0530][gc,heap     ] GC(49) Humongous regions: 147->147
[2026-02-17T23:03:40.021+0530][gc,metaspace] GC(49) Metaspace: 43281K(43712K)->43281K(43712K) NonClass: 38462K(38720K)->38462K(38720K) Class: 4819K(4992K)->4819K(4992K)
[2026-02-17T23:03:40.021+0530][gc          ] GC(49) Pause Young (Normal) (G1 Evacuation Pause) 262M->217M(1024M) 9.569ms
[2026-02-17T23:03:40.021+0530][gc,cpu      ] GC(49) User=0.01s Sys=0.00s Real=0.01s
[2026-02-17T23:05:46.372+0530][gc,start    ] GC(50) Pause Young (Normal) (G1 Evacuation Pause)
[2026-02-17T23:05:46.372+0530][gc,task     ] GC(50) Using 1 workers of 1 for evacuation
[2026-02-17T23:05:46.380+0530][gc,phases   ] GC(50)   Pre Evacuate Collection Set: 0.16ms
[2026-02-17T23:05:46.380+0530][gc,phases   ] GC(50)   Merge Heap Roots: 0.14ms
[2026-02-17T23:05:46.380+0530][gc,phases   ] GC(50)   Evacuate Collection Set: 7.41ms
[2026-02-17T23:05:46.380+0530][gc,phases   ] GC(50)   Post Evacuate Collection Set: 0.28ms
[2026-02-17T23:05:46.380+0530][gc,phases   ] GC(50)   Other: 0.08ms
[2026-02-17T23:05:46.380+0530][gc,heap     ] GC(50) Eden regions: 45->0(48)
[2026-02-17T23:05:46.380+0530][gc,heap     ] GC(50) Survivor regions: 6->3(7)
[2026-02-17T23:05:46.380+0530][gc,heap     ] GC(50) Old regions: 64->66
[2026-02-17T23:05:46.380+0530][gc,heap     ] GC(50) Archive regions: 2->2
[2026-02-17T23:05:46.380+0530][gc,heap     ] GC(50) Humongous regions: 147->147
[2026-02-17T23:05:46.380+0530][gc,metaspace] GC(50) Metaspace: 43281K(43712K)->43281K(43712K) NonClass: 38462K(38720K)->38462K(38720K) Class: 4819K(4992K)->4819K(4992K)
[2026-02-17T23:05:46.380+0530][gc          ] GC(50) Pause Young (Normal) (G1 Evacuation Pause) 262M->215M(1024M) 8.117ms
[2026-02-17T23:05:46.380+0530][gc,cpu      ] GC(50) User=0.01s Sys=0.00s Real=0.01s
[2026-02-17T23:08:00.833+0530][gc,start    ] GC(51) Pause Young (Normal) (G1 Evacuation Pause)
[2026-02-17T23:08:00.833+0530][gc,task     ] GC(51) Using 1 workers of 1 for evacuation
[2026-02-17T23:08:00.843+0530][gc,phases   ] GC(51)   Pre Evacuate Collection Set: 0.08ms
[2026-02-17T23:08:00.843+0530][gc,phases   ] GC(51)   Merge Heap Roots: 0.05ms
[2026-02-17T23:08:00.843+0530][gc,phases   ] GC(51)   Evacuate Collection Set: 8.88ms
[2026-02-17T23:08:00.843+0530][gc,phases   ] GC(51)   Post Evacuate Collection Set: 0.30ms
[2026-02-17T23:08:00.843+0530][gc,phases   ] GC(51)   Other: 0.35ms
[2026-02-17T23:08:00.843+0530][gc,heap     ] GC(51) Eden regions: 48->0(45)
[2026-02-17T23:08:00.843+0530][gc,heap     ] GC(51) Survivor regions: 3->6(7)
[2026-02-17T23:08:00.843+0530][gc,heap     ] GC(51) Old regions: 66->66
[2026-02-17T23:08:00.843+0530][gc,heap     ] GC(51) Archive regions: 2->2
[2026-02-17T23:08:00.843+0530][gc,heap     ] GC(51) Humongous regions: 147->147
[2026-02-17T23:08:00.843+0530][gc,metaspace] GC(51) Metaspace: 43296K(43712K)->43296K(43712K) NonClass: 38477K(38720K)->38477K(38720K) Class: 4819K(4992K)->4819K(4992K)
[2026-02-17T23:08:00.843+0530][gc          ] GC(51) Pause Young (Normal) (G1 Evacuation Pause) 263M->219M(1024M) 9.706ms
[2026-02-17T23:08:00.843+0530][gc,cpu      ] GC(51) User=0.01s Sys=0.00s Real=0.01s
[2026-02-17T23:10:06.626+0530][gc,start    ] GC(52) Pause Young (Normal) (G1 Evacuation Pause)
[2026-02-17T23:10:06.626+0530][gc,task     ] GC(52) Using 1 workers of 1 for evacuation
[2026-02-17T23:10:06.634+0530][gc,phases   ] GC(52)   Pre Evacuate Collection Set: 0.16ms
[2026-02-17T23:10:06.634+0530][gc,phases   ] GC(52)   Merge Heap Roots: 0.22ms
[2026-02-17T23:10:06.634+0530][gc,phases   ] GC(52)   Evacuate Collection Set: 7.64ms
[2026-02-17T23:10:06.634+0530][gc,phases   ] GC(52)   Post Evacuate Collection Set: 0.24ms
[2026-02-17T23:10:06.634+0530][gc,phases   ] GC(52)   Other: 0.14ms
[2026-02-17T23:10:06.634+0530][gc,heap     ] GC(52) Eden regions: 45->0(66)
[2026-02-17T23:10:06.634+0530][gc,heap     ] GC(52) Survivor regions: 6->3(7)
[2026-02-17T23:10:06.634+0530][gc,heap     ] GC(52) Old regions: 66->68
[2026-02-17T23:10:06.634+0530][gc,heap     ] GC(52) Archive regions: 2->2
[2026-02-17T23:10:06.634+0530][gc,heap     ] GC(52) Humongous regions: 147->147
[2026-02-17T23:10:06.634+0530][gc,metaspace] GC(52) Metaspace: 43298K(43712K)->43298K(43712K) NonClass: 38479K(38720K)->38479K(38720K) Class: 4819K(4992K)->4819K(4992K)
[2026-02-17T23:10:06.634+0530][gc          ] GC(52) Pause Young (Normal) (G1 Evacuation Pause) 264M->218M(1024M) 8.446ms
[2026-02-17T23:10:06.634+0530][gc,cpu      ] GC(52) User=0.00s Sys=0.00s Real=0.01s
[2026-02-17T23:13:12.269+0530][gc,start    ] GC(53) Pause Young (Normal) (G1 Evacuation Pause)
[2026-02-17T23:13:12.269+0530][gc,task     ] GC(53) Using 1 workers of 1 for evacuation
[2026-02-17T23:13:12.296+0530][gc,mmu      ] GC(53) MMU target violated: 21.0ms (20.0ms/21.0ms)
[2026-02-17T23:13:12.296+0530][gc,phases   ] GC(53)   Pre Evacuate Collection Set: 0.10ms
[2026-02-17T23:13:12.296+0530][gc,phases   ] GC(53)   Merge Heap Roots: 0.05ms
[2026-02-17T23:13:12.296+0530][gc,phases   ] GC(53)   Evacuate Collection Set: 25.94ms
[2026-02-17T23:13:12.296+0530][gc,phases   ] GC(53)   Post Evacuate Collection Set: 0.30ms
[2026-02-17T23:13:12.296+0530][gc,phases   ] GC(53)   Other: 0.49ms
[2026-02-17T23:13:12.296+0530][gc,heap     ] GC(53) Eden regions: 66->0(44)
[2026-02-17T23:13:12.296+0530][gc,heap     ] GC(53) Survivor regions: 3->7(9)
[2026-02-17T23:13:12.296+0530][gc,heap     ] GC(53) Old regions: 68->68
[2026-02-17T23:13:12.296+0530][gc,heap     ] GC(53) Archive regions: 2->2
[2026-02-17T23:13:12.296+0530][gc,heap     ] GC(53) Humongous regions: 147->147
[2026-02-17T23:13:12.296+0530][gc,metaspace] GC(53) Metaspace: 43302K(43776K)->43302K(43776K) NonClass: 38482K(38784K)->38482K(38784K) Class: 4819K(4992K)->4819K(4992K)
[2026-02-17T23:13:12.296+0530][gc          ] GC(53) Pause Young (Normal) (G1 Evacuation Pause) 284M->222M(1024M) 26.916ms
[2026-02-17T23:13:12.296+0530][gc,cpu      ] GC(53) User=0.01s Sys=0.00s Real=0.02s
[2026-02-17T23:15:15.683+0530][gc,start    ] GC(54) Pause Young (Normal) (G1 Evacuation Pause)
[2026-02-17T23:15:15.683+0530][gc,task     ] GC(54) Using 1 workers of 1 for evacuation
[2026-02-17T23:15:15.696+0530][gc,phases   ] GC(54)   Pre Evacuate Collection Set: 0.32ms
[2026-02-17T23:15:15.696+0530][gc,phases   ] GC(54)   Merge Heap Roots: 0.04ms
[2026-02-17T23:15:15.696+0530][gc,phases   ] GC(54)   Evacuate Collection Set: 13.00ms
[2026-02-17T23:15:15.696+0530][gc,phases   ] GC(54)   Post Evacuate Collection Set: 0.29ms
[2026-02-17T23:15:15.696+0530][gc,phases   ] GC(54)   Other: 0.17ms
[2026-02-17T23:15:15.696+0530][gc,heap     ] GC(54) Eden regions: 44->0(69)
[2026-02-17T23:15:15.696+0530][gc,heap     ] GC(54) Survivor regions: 7->3(7)
[2026-02-17T23:15:15.697+0530][gc,heap     ] GC(54) Old regions: 68->71
[2026-02-17T23:15:15.697+0530][gc,heap     ] GC(54) Archive regions: 2->2
[2026-02-17T23:15:15.697+0530][gc,heap     ] GC(54) Humongous regions: 147->147
[2026-02-17T23:15:15.697+0530][gc,metaspace] GC(54) Metaspace: 43302K(43776K)->43302K(43776K) NonClass: 38482K(38784K)->38482K(38784K) Class: 4819K(4992K)->4819K(4992K)
[2026-02-17T23:15:15.697+0530][gc          ] GC(54) Pause Young (Normal) (G1 Evacuation Pause) 266M->221M(1024M) 13.811ms
[2026-02-17T23:15:15.697+0530][gc,cpu      ] GC(54) User=0.01s Sys=0.00s Real=0.02s
[2026-02-17T23:18:29.600+0530][gc,start    ] GC(55) Pause Young (Normal) (G1 Evacuation Pause)
[2026-02-17T23:18:29.600+0530][gc,task     ] GC(55) Using 1 workers of 1 for evacuation
[2026-02-17T23:18:29.612+0530][gc,phases   ] GC(55)   Pre Evacuate Collection Set: 0.23ms
[2026-02-17T23:18:29.612+0530][gc,phases   ] GC(55)   Merge Heap Roots: 0.08ms
[2026-02-17T23:18:29.612+0530][gc,phases   ] GC(55)   Evacuate Collection Set: 10.99ms
[2026-02-17T23:18:29.612+0530][gc,phases   ] GC(55)   Post Evacuate Collection Set: 0.26ms
[2026-02-17T23:18:29.612+0530][gc,phases   ] GC(55)   Other: 0.10ms
[2026-02-17T23:18:29.612+0530][gc,heap     ] GC(55) Eden regions: 69->0(84)
[2026-02-17T23:18:29.612+0530][gc,heap     ] GC(55) Survivor regions: 3->3(9)
[2026-02-17T23:18:29.612+0530][gc,heap     ] GC(55) Old regions: 71->71
[2026-02-17T23:18:29.612+0530][gc,heap     ] GC(55) Archive regions: 2->2
[2026-02-17T23:18:29.612+0530][gc,heap     ] GC(55) Humongous regions: 147->147
[2026-02-17T23:18:29.612+0530][gc,metaspace] GC(55) Metaspace: 43303K(43776K)->43303K(43776K) NonClass: 38483K(38784K)->38483K(38784K) Class: 4819K(4992K)->4819K(4992K)
[2026-02-17T23:18:29.612+0530][gc          ] GC(55) Pause Young (Normal) (G1 Evacuation Pause) 290M->221M(1024M) 11.731ms
[2026-02-17T23:18:29.612+0530][gc,cpu      ] GC(55) User=0.00s Sys=0.00s Real=0.01s
[2026-02-17T23:22:27.478+0530][gc,start    ] GC(56) Pause Young (Normal) (G1 Evacuation Pause)
[2026-02-17T23:22:27.478+0530][gc,task     ] GC(56) Using 1 workers of 1 for evacuation
[2026-02-17T23:22:27.487+0530][gc,phases   ] GC(56)   Pre Evacuate Collection Set: 0.10ms
[2026-02-17T23:22:27.487+0530][gc,phases   ] GC(56)   Merge Heap Roots: 0.11ms
[2026-02-17T23:22:27.487+0530][gc,phases   ] GC(56)   Evacuate Collection Set: 7.78ms
[2026-02-17T23:22:27.487+0530][gc,phases   ] GC(56)   Post Evacuate Collection Set: 1.26ms
[2026-02-17T23:22:27.487+0530][gc,phases   ] GC(56)   Other: 0.09ms
[2026-02-17T23:22:27.487+0530][gc,heap     ] GC(56) Eden regions: 84->0(91)
[2026-02-17T23:22:27.487+0530][gc,heap     ] GC(56) Survivor regions: 3->5(11)
[2026-02-17T23:22:27.487+0530][gc,heap     ] GC(56) Old regions: 71->71
[2026-02-17T23:22:27.487+0530][gc,heap     ] GC(56) Archive regions: 2->2
[2026-02-17T23:22:27.487+0530][gc,heap     ] GC(56) Humongous regions: 147->147
[2026-02-17T23:22:27.487+0530][gc,metaspace] GC(56) Metaspace: 43304K(43776K)->43304K(43776K) NonClass: 38485K(38784K)->38485K(38784K) Class: 4819K(4992K)->4819K(4992K)
[2026-02-17T23:22:27.487+0530][gc          ] GC(56) Pause Young (Normal) (G1 Evacuation Pause) 305M->222M(1024M) 9.391ms
[2026-02-17T23:22:27.487+0530][gc,cpu      ] GC(56) User=0.01s Sys=0.00s Real=0.01s
[2026-02-17T23:26:42.899+0530][gc,start    ] GC(57) Pause Young (Normal) (G1 Evacuation Pause)
[2026-02-17T23:26:42.900+0530][gc,task     ] GC(57) Using 1 workers of 1 for evacuation
[2026-02-17T23:26:42.916+0530][gc,phases   ] GC(57)   Pre Evacuate Collection Set: 0.08ms
[2026-02-17T23:26:42.916+0530][gc,phases   ] GC(57)   Merge Heap Roots: 0.05ms
[2026-02-17T23:26:42.916+0530][gc,phases   ] GC(57)   Evacuate Collection Set: 15.59ms
[2026-02-17T23:26:42.916+0530][gc,phases   ] GC(57)   Post Evacuate Collection Set: 0.27ms
[2026-02-17T23:26:42.916+0530][gc,phases   ] GC(57)   Other: 0.35ms
[2026-02-17T23:26:42.916+0530][gc,heap     ] GC(57) Eden regions: 91->0(49)
[2026-02-17T23:26:42.916+0530][gc,heap     ] GC(57) Survivor regions: 5->7(12)
[2026-02-17T23:26:42.916+0530][gc,heap     ] GC(57) Old regions: 71->71
[2026-02-17T23:26:42.916+0530][gc,heap     ] GC(57) Archive regions: 2->2
[2026-02-17T23:26:42.916+0530][gc,heap     ] GC(57) Humongous regions: 147->147
[2026-02-17T23:26:42.916+0530][gc,metaspace] GC(57) Metaspace: 43420K(43904K)->43420K(43904K) NonClass: 38577K(38848K)->38577K(38848K) Class: 4842K(5056K)->4842K(5056K)
[2026-02-17T23:26:42.916+0530][gc          ] GC(57) Pause Young (Normal) (G1 Evacuation Pause) 313M->224M(1024M) 16.428ms
[2026-02-17T23:26:42.916+0530][gc,cpu      ] GC(57) User=0.01s Sys=0.00s Real=0.01s
[2026-02-17T23:29:00.407+0530][gc,start    ] GC(58) Pause Young (Normal) (G1 Evacuation Pause)
[2026-02-17T23:29:00.407+0530][gc,task     ] GC(58) Using 1 workers of 1 for evacuation
[2026-02-17T23:29:00.441+0530][gc,mmu      ] GC(58) MMU target violated: 21.0ms (20.0ms/21.0ms)
[2026-02-17T23:29:00.441+0530][gc,phases   ] GC(58)   Pre Evacuate Collection Set: 1.02ms
[2026-02-17T23:29:00.441+0530][gc,phases   ] GC(58)   Merge Heap Roots: 0.13ms
[2026-02-17T23:29:00.441+0530][gc,phases   ] GC(58)   Evacuate Collection Set: 33.04ms
[2026-02-17T23:29:00.441+0530][gc,phases   ] GC(58)   Post Evacuate Collection Set: 0.49ms
[2026-02-17T23:29:00.441+0530][gc,phases   ] GC(58)   Other: 0.12ms
[2026-02-17T23:29:00.441+0530][gc,heap     ] GC(58) Eden regions: 49->0(45)
[2026-02-17T23:29:00.441+0530][gc,heap     ] GC(58) Survivor regions: 7->6(7)
[2026-02-17T23:29:00.441+0530][gc,heap     ] GC(58) Old regions: 71->74
[2026-02-17T23:29:00.441+0530][gc,heap     ] GC(58) Archive regions: 2->2
[2026-02-17T23:29:00.441+0530][gc,heap     ] GC(58) Humongous regions: 147->147
[2026-02-17T23:29:00.441+0530][gc,metaspace] GC(58) Metaspace: 43421K(43904K)->43421K(43904K) NonClass: 38578K(38848K)->38578K(38848K) Class: 4842K(5056K)->4842K(5056K)
[2026-02-17T23:29:00.442+0530][gc          ] GC(58) Pause Young (Normal) (G1 Evacuation Pause) 273M->227M(1024M) 34.838ms
[2026-02-17T23:29:00.442+0530][gc,cpu      ] GC(58) User=0.02s Sys=0.00s Real=0.03s
[2026-02-17T23:30:59.406+0530][gc,start    ] GC(59) Pause Young (Normal) (G1 Evacuation Pause)
[2026-02-17T23:30:59.406+0530][gc,task     ] GC(59) Using 1 workers of 1 for evacuation
[2026-02-17T23:30:59.419+0530][gc,phases   ] GC(59)   Pre Evacuate Collection Set: 0.28ms
[2026-02-17T23:30:59.419+0530][gc,phases   ] GC(59)   Merge Heap Roots: 0.06ms
[2026-02-17T23:30:59.419+0530][gc,phases   ] GC(59)   Evacuate Collection Set: 11.98ms
[2026-02-17T23:30:59.419+0530][gc,phases   ] GC(59)   Post Evacuate Collection Set: 0.25ms
[2026-02-17T23:30:59.419+0530][gc,phases   ] GC(59)   Other: 0.09ms
[2026-02-17T23:30:59.419+0530][gc,heap     ] GC(59) Eden regions: 45->0(68)
[2026-02-17T23:30:59.419+0530][gc,heap     ] GC(59) Survivor regions: 6->4(7)
[2026-02-17T23:30:59.419+0530][gc,heap     ] GC(59) Old regions: 74->76
[2026-02-17T23:30:59.419+0530][gc,heap     ] GC(59) Archive regions: 2->2
[2026-02-17T23:30:59.419+0530][gc,heap     ] GC(59) Humongous regions: 147->147
[2026-02-17T23:30:59.419+0530][gc,metaspace] GC(59) Metaspace: 43430K(43904K)->43430K(43904K) NonClass: 38585K(38848K)->38585K(38848K) Class: 4845K(5056K)->4845K(5056K)
[2026-02-17T23:30:59.419+0530][gc          ] GC(59) Pause Young (Normal) (G1 Evacuation Pause) 272M->227M(1024M) 12.782ms
[2026-02-17T23:30:59.419+0530][gc,cpu      ] GC(59) User=0.01s Sys=0.01s Real=0.02s
[2026-02-17T23:34:07.710+0530][gc,start    ] GC(60) Pause Young (Normal) (G1 Evacuation Pause)
[2026-02-17T23:34:07.710+0530][gc,task     ] GC(60) Using 1 workers of 1 for evacuation
[2026-02-17T23:34:07.723+0530][gc,phases   ] GC(60)   Pre Evacuate Collection Set: 0.12ms
[2026-02-17T23:34:07.723+0530][gc,phases   ] GC(60)   Merge Heap Roots: 0.11ms
[2026-02-17T23:34:07.723+0530][gc,phases   ] GC(60)   Evacuate Collection Set: 11.65ms
[2026-02-17T23:34:07.723+0530][gc,phases   ] GC(60)   Post Evacuate Collection Set: 1.37ms
[2026-02-17T23:34:07.723+0530][gc,phases   ] GC(60)   Other: 0.37ms
[2026-02-17T23:34:07.723+0530][gc,heap     ] GC(60) Eden regions: 67->0(43)
[2026-02-17T23:34:07.723+0530][gc,heap     ] GC(60) Survivor regions: 4->8(9)
[2026-02-17T23:34:07.723+0530][gc,heap     ] GC(60) Old regions: 76->76
[2026-02-17T23:34:07.723+0530][gc,heap     ] GC(60) Archive regions: 2->2
[2026-02-17T23:34:07.723+0530][gc,heap     ] GC(60) Humongous regions: 147->147
[2026-02-17T23:34:07.723+0530][gc,metaspace] GC(60) Metaspace: 43436K(43904K)->43436K(43904K) NonClass: 38591K(38848K)->38591K(38848K) Class: 4845K(5056K)->4845K(5056K)
[2026-02-17T23:34:07.723+0530][gc          ] GC(60) Pause Young (Normal) (G1 Evacuation Pause) 294M->231M(1024M) 13.670ms
[2026-02-17T23:34:07.723+0530][gc,cpu      ] GC(60) User=0.01s Sys=0.00s Real=0.01s
[2026-02-17T23:36:08.058+0530][gc,start    ] GC(61) Pause Young (Normal) (G1 Evacuation Pause)
[2026-02-17T23:36:08.058+0530][gc,task     ] GC(61) Using 1 workers of 1 for evacuation
[2026-02-17T23:36:08.068+0530][gc,phases   ] GC(61)   Pre Evacuate Collection Set: 0.18ms
[2026-02-17T23:36:08.068+0530][gc,phases   ] GC(61)   Merge Heap Roots: 0.11ms
[2026-02-17T23:36:08.068+0530][gc,phases   ] GC(61)   Evacuate Collection Set: 9.30ms
[2026-02-17T23:36:08.068+0530][gc,phases   ] GC(61)   Post Evacuate Collection Set: 0.33ms
[2026-02-17T23:36:08.068+0530][gc,phases   ] GC(61)   Other: 0.10ms
[2026-02-17T23:36:08.068+0530][gc,heap     ] GC(61) Eden regions: 43->0(118)
[2026-02-17T23:36:08.068+0530][gc,heap     ] GC(61) Survivor regions: 8->3(7)
[2026-02-17T23:36:08.068+0530][gc,heap     ] GC(61) Old regions: 76->79
[2026-02-17T23:36:08.068+0530][gc,heap     ] GC(61) Archive regions: 2->2
[2026-02-17T23:36:08.068+0530][gc,heap     ] GC(61) Humongous regions: 147->147
[2026-02-17T23:36:08.068+0530][gc,metaspace] GC(61) Metaspace: 43440K(43904K)->43440K(43904K) NonClass: 38595K(38848K)->38595K(38848K) Class: 4845K(5056K)->4845K(5056K)
[2026-02-17T23:36:08.068+0530][gc          ] GC(61) Pause Young (Normal) (G1 Evacuation Pause) 274M->229M(1024M) 10.059ms
[2026-02-17T23:36:08.068+0530][gc,cpu      ] GC(61) User=0.01s Sys=0.00s Real=0.01s
[2026-02-17T23:38:36.159+0530][gc,start    ] GC(62) Pause Young (Normal) (G1 Evacuation Pause)
[2026-02-17T23:38:36.159+0530][gc,task     ] GC(62) Using 1 workers of 1 for evacuation
[2026-02-17T23:38:36.234+0530][gc,mmu      ] GC(62) MMU target violated: 21.0ms (20.0ms/21.0ms)
[2026-02-17T23:38:36.234+0530][gc,phases   ] GC(62)   Pre Evacuate Collection Set: 1.51ms
[2026-02-17T23:38:36.234+0530][gc,phases   ] GC(62)   Merge Heap Roots: 1.53ms
[2026-02-17T23:38:36.234+0530][gc,phases   ] GC(62)   Evacuate Collection Set: 63.28ms
[2026-02-17T23:38:36.234+0530][gc,phases   ] GC(62)   Post Evacuate Collection Set: 8.14ms
[2026-02-17T23:38:36.234+0530][gc,phases   ] GC(62)   Other: 0.24ms
[2026-02-17T23:38:36.234+0530][gc,heap     ] GC(62) Eden regions: 118->0(43)
[2026-02-17T23:38:36.234+0530][gc,heap     ] GC(62) Survivor regions: 3->8(16)
[2026-02-17T23:38:36.234+0530][gc,heap     ] GC(62) Old regions: 79->79
[2026-02-17T23:38:36.234+0530][gc,heap     ] GC(62) Archive regions: 2->2
[2026-02-17T23:38:36.234+0530][gc,heap     ] GC(62) Humongous regions: 147->147
[2026-02-17T23:38:36.234+0530][gc,metaspace] GC(62) Metaspace: 44337K(44864K)->44337K(44864K) NonClass: 39433K(39744K)->39433K(39744K) Class: 4903K(5120K)->4903K(5120K)
[2026-02-17T23:38:36.234+0530][gc          ] GC(62) Pause Young (Normal) (G1 Evacuation Pause) 347M->234M(1024M) 74.666ms
[2026-02-17T23:38:36.234+0530][gc,cpu      ] GC(62) User=0.02s Sys=0.00s Real=0.07s
[2026-02-17T23:39:00.427+0530][gc,start    ] GC(63) Pause Young (Normal) (G1 Evacuation Pause)
[2026-02-17T23:39:00.427+0530][gc,task     ] GC(63) Using 1 workers of 1 for evacuation
[2026-02-17T23:39:00.443+0530][gc,phases   ] GC(63)   Pre Evacuate Collection Set: 0.13ms
[2026-02-17T23:39:00.443+0530][gc,phases   ] GC(63)   Merge Heap Roots: 0.04ms
[2026-02-17T23:39:00.443+0530][gc,phases   ] GC(63)   Evacuate Collection Set: 15.93ms
[2026-02-17T23:39:00.443+0530][gc,phases   ] GC(63)   Post Evacuate Collection Set: 0.24ms
[2026-02-17T23:39:00.443+0530][gc,phases   ] GC(63)   Other: 0.08ms
[2026-02-17T23:39:00.443+0530][gc,heap     ] GC(63) Eden regions: 43->0(49)
[2026-02-17T23:39:00.443+0530][gc,heap     ] GC(63) Survivor regions: 8->2(7)
[2026-02-17T23:39:00.443+0530][gc,heap     ] GC(63) Old regions: 79->87
[2026-02-17T23:39:00.443+0530][gc,heap     ] GC(63) Archive regions: 2->2
[2026-02-17T23:39:00.443+0530][gc,heap     ] GC(63) Humongous regions: 147->147
[2026-02-17T23:39:00.443+0530][gc,metaspace] GC(63) Metaspace: 44389K(44864K)->44389K(44864K) NonClass: 39485K(39744K)->39485K(39744K) Class: 4903K(5120K)->4903K(5120K)
[2026-02-17T23:39:00.443+0530][gc          ] GC(63) Pause Young (Normal) (G1 Evacuation Pause) 277M->235M(1024M) 16.892ms
[2026-02-17T23:39:00.443+0530][gc,cpu      ] GC(63) User=0.01s Sys=0.00s Real=0.01s
[2026-02-17T23:39:30.443+0530][gc,start    ] GC(64) Pause Young (Normal) (G1 Evacuation Pause)
[2026-02-17T23:39:30.443+0530][gc,task     ] GC(64) Using 1 workers of 1 for evacuation
[2026-02-17T23:39:30.450+0530][gc,phases   ] GC(64)   Pre Evacuate Collection Set: 0.12ms
[2026-02-17T23:39:30.450+0530][gc,phases   ] GC(64)   Merge Heap Roots: 0.05ms
[2026-02-17T23:39:30.450+0530][gc,phases   ] GC(64)   Evacuate Collection Set: 6.62ms
[2026-02-17T23:39:30.450+0530][gc,phases   ] GC(64)   Post Evacuate Collection Set: 0.21ms
[2026-02-17T23:39:30.450+0530][gc,phases   ] GC(64)   Other: 0.07ms
[2026-02-17T23:39:30.450+0530][gc,heap     ] GC(64) Eden regions: 49->0(48)
[2026-02-17T23:39:30.450+0530][gc,heap     ] GC(64) Survivor regions: 2->3(7)
[2026-02-17T23:39:30.450+0530][gc,heap     ] GC(64) Old regions: 87->87
[2026-02-17T23:39:30.450+0530][gc,heap     ] GC(64) Archive regions: 2->2
[2026-02-17T23:39:30.450+0530][gc,heap     ] GC(64) Humongous regions: 147->147
[2026-02-17T23:39:30.450+0530][gc,metaspace] GC(64) Metaspace: 44411K(44928K)->44411K(44928K) NonClass: 39507K(39808K)->39507K(39808K) Class: 4903K(5120K)->4903K(5120K)
[2026-02-17T23:39:30.450+0530][gc          ] GC(64) Pause Young (Normal) (G1 Evacuation Pause) 284M->237M(1024M) 7.114ms
[2026-02-17T23:39:30.450+0530][gc,cpu      ] GC(64) User=0.00s Sys=0.00s Real=0.01s
[2026-02-17T23:40:00.457+0530][gc,start    ] GC(65) Pause Young (Normal) (G1 Evacuation Pause)
[2026-02-17T23:40:00.457+0530][gc,task     ] GC(65) Using 1 workers of 1 for evacuation
[2026-02-17T23:40:00.468+0530][gc,phases   ] GC(65)   Pre Evacuate Collection Set: 0.20ms
[2026-02-17T23:40:00.468+0530][gc,phases   ] GC(65)   Merge Heap Roots: 0.11ms
[2026-02-17T23:40:00.468+0530][gc,phases   ] GC(65)   Evacuate Collection Set: 10.53ms
[2026-02-17T23:40:00.468+0530][gc,phases   ] GC(65)   Post Evacuate Collection Set: 0.26ms
[2026-02-17T23:40:00.468+0530][gc,phases   ] GC(65)   Other: 0.17ms
[2026-02-17T23:40:00.468+0530][gc,heap     ] GC(65) Eden regions: 48->0(47)
[2026-02-17T23:40:00.468+0530][gc,heap     ] GC(65) Survivor regions: 3->4(7)
[2026-02-17T23:40:00.468+0530][gc,heap     ] GC(65) Old regions: 87->87
[2026-02-17T23:40:00.468+0530][gc,heap     ] GC(65) Archive regions: 2->2
[2026-02-17T23:40:00.468+0530][gc,heap     ] GC(65) Humongous regions: 147->147
[2026-02-17T23:40:00.468+0530][gc,metaspace] GC(65) Metaspace: 44445K(44928K)->44445K(44928K) NonClass: 39541K(39808K)->39541K(39808K) Class: 4904K(5120K)->4904K(5120K)
[2026-02-17T23:40:00.468+0530][gc          ] GC(65) Pause Young (Normal) (G1 Evacuation Pause) 285M->238M(1024M) 11.321ms
[2026-02-17T23:40:00.468+0530][gc,cpu      ] GC(65) User=0.01s Sys=0.00s Real=0.01s
[2026-02-17T23:40:29.758+0530][gc,start    ] GC(66) Pause Young (Normal) (G1 Evacuation Pause)
[2026-02-17T23:40:29.758+0530][gc,task     ] GC(66) Using 1 workers of 1 for evacuation
[2026-02-17T23:40:29.768+0530][gc,phases   ] GC(66)   Pre Evacuate Collection Set: 0.13ms
[2026-02-17T23:40:29.768+0530][gc,phases   ] GC(66)   Merge Heap Roots: 0.05ms
[2026-02-17T23:40:29.768+0530][gc,phases   ] GC(66)   Evacuate Collection Set: 9.32ms
[2026-02-17T23:40:29.768+0530][gc,phases   ] GC(66)   Post Evacuate Collection Set: 0.25ms
[2026-02-17T23:40:29.768+0530][gc,phases   ] GC(66)   Other: 0.14ms
[2026-02-17T23:40:29.768+0530][gc,heap     ] GC(66) Eden regions: 47->0(62)
[2026-02-17T23:40:29.768+0530][gc,heap     ] GC(66) Survivor regions: 4->4(7)
[2026-02-17T23:40:29.768+0530][gc,heap     ] GC(66) Old regions: 87->88
[2026-02-17T23:40:29.768+0530][gc,heap     ] GC(66) Archive regions: 2->2
[2026-02-17T23:40:29.768+0530][gc,heap     ] GC(66) Humongous regions: 147->147
[2026-02-17T23:40:29.768+0530][gc,metaspace] GC(66) Metaspace: 44468K(44992K)->44468K(44992K) NonClass: 39564K(39872K)->39564K(39872K) Class: 4904K(5120K)->4904K(5120K)
[2026-02-17T23:40:29.768+0530][gc          ] GC(66) Pause Young (Normal) (G1 Evacuation Pause) 285M->239M(1024M) 9.944ms
[2026-02-17T23:40:29.768+0530][gc,cpu      ] GC(66) User=0.01s Sys=0.00s Real=0.01s
[2026-02-17T23:41:04.582+0530][gc,start    ] GC(67) Pause Young (Normal) (G1 Evacuation Pause)
[2026-02-17T23:41:04.582+0530][gc,task     ] GC(67) Using 1 workers of 1 for evacuation
[2026-02-17T23:41:04.592+0530][gc,phases   ] GC(67)   Pre Evacuate Collection Set: 0.13ms
[2026-02-17T23:41:04.592+0530][gc,phases   ] GC(67)   Merge Heap Roots: 0.07ms
[2026-02-17T23:41:04.592+0530][gc,phases   ] GC(67)   Evacuate Collection Set: 10.13ms
[2026-02-17T23:41:04.592+0530][gc,phases   ] GC(67)   Post Evacuate Collection Set: 0.37ms
[2026-02-17T23:41:04.592+0530][gc,phases   ] GC(67)   Other: 0.07ms
[2026-02-17T23:41:04.592+0530][gc,heap     ] GC(67) Eden regions: 59->0(45)
[2026-02-17T23:41:04.592+0530][gc,heap     ] GC(67) Survivor regions: 4->6(8)
[2026-02-17T23:41:04.592+0530][gc,heap     ] GC(67) Old regions: 88->88
[2026-02-17T23:41:04.592+0530][gc,heap     ] GC(67) Archive regions: 2->2
[2026-02-17T23:41:04.592+0530][gc,heap     ] GC(67) Humongous regions: 147->147
[2026-02-17T23:41:04.592+0530][gc,metaspace] GC(67) Metaspace: 44475K(44992K)->44475K(44992K) NonClass: 39570K(39872K)->39570K(39872K) Class: 4904K(5120K)->4904K(5120K)
[2026-02-17T23:41:04.592+0530][gc          ] GC(67) Pause Young (Normal) (G1 Evacuation Pause) 298M->241M(1024M) 10.819ms
[2026-02-17T23:41:04.592+0530][gc,cpu      ] GC(67) User=0.01s Sys=0.00s Real=0.01s
[2026-02-17T23:41:30.185+0530][gc,start    ] GC(68) Pause Young (Normal) (G1 Evacuation Pause)
[2026-02-17T23:41:30.185+0530][gc,task     ] GC(68) Using 1 workers of 1 for evacuation
[2026-02-17T23:41:30.197+0530][gc,phases   ] GC(68)   Pre Evacuate Collection Set: 0.07ms
[2026-02-17T23:41:30.198+0530][gc,phases   ] GC(68)   Merge Heap Roots: 0.05ms
[2026-02-17T23:41:30.198+0530][gc,phases   ] GC(68)   Evacuate Collection Set: 12.06ms
[2026-02-17T23:41:30.198+0530][gc,phases   ] GC(68)   Post Evacuate Collection Set: 0.32ms
[2026-02-17T23:41:30.198+0530][gc,phases   ] GC(68)   Other: 0.16ms
[2026-02-17T23:41:30.198+0530][gc,heap     ] GC(68) Eden regions: 45->0(87)
[2026-02-17T23:41:30.198+0530][gc,heap     ] GC(68) Survivor regions: 6->5(7)
[2026-02-17T23:41:30.198+0530][gc,heap     ] GC(68) Old regions: 88->91
[2026-02-17T23:41:30.198+0530][gc,heap     ] GC(68) Archive regions: 2->2
[2026-02-17T23:41:30.198+0530][gc,heap     ] GC(68) Humongous regions: 147->147
[2026-02-17T23:41:30.198+0530][gc,metaspace] GC(68) Metaspace: 44487K(44992K)->44487K(44992K) NonClass: 39582K(39872K)->39582K(39872K) Class: 4904K(5120K)->4904K(5120K)
[2026-02-17T23:41:30.198+0530][gc          ] GC(68) Pause Young (Normal) (G1 Evacuation Pause) 286M->242M(1024M) 12.820ms
[2026-02-17T23:41:30.198+0530][gc,cpu      ] GC(68) User=0.01s Sys=0.00s Real=0.02s
[2026-02-17T23:42:24.217+0530][gc,start    ] GC(69) Pause Young (Normal) (G1 Evacuation Pause)
[2026-02-17T23:42:24.217+0530][gc,task     ] GC(69) Using 1 workers of 1 for evacuation
[2026-02-17T23:42:24.236+0530][gc,phases   ] GC(69)   Pre Evacuate Collection Set: 0.11ms
[2026-02-17T23:42:24.236+0530][gc,phases   ] GC(69)   Merge Heap Roots: 0.08ms
[2026-02-17T23:42:24.236+0530][gc,phases   ] GC(69)   Evacuate Collection Set: 18.32ms
[2026-02-17T23:42:24.236+0530][gc,phases   ] GC(69)   Post Evacuate Collection Set: 0.26ms
[2026-02-17T23:42:24.236+0530][gc,phases   ] GC(69)   Other: 0.08ms
[2026-02-17T23:42:24.236+0530][gc,heap     ] GC(69) Eden regions: 85->0(44)
[2026-02-17T23:42:24.236+0530][gc,heap     ] GC(69) Survivor regions: 5->7(12)
[2026-02-17T23:42:24.236+0530][gc,heap     ] GC(69) Old regions: 91->91
[2026-02-17T23:42:24.236+0530][gc,heap     ] GC(69) Archive regions: 2->2
[2026-02-17T23:42:24.236+0530][gc,heap     ] GC(69) Humongous regions: 147->147
[2026-02-17T23:42:24.236+0530][gc,metaspace] GC(69) Metaspace: 44517K(44992K)->44517K(44992K) NonClass: 39613K(39872K)->39613K(39872K) Class: 4904K(5120K)->4904K(5120K)
[2026-02-17T23:42:24.236+0530][gc          ] GC(69) Pause Young (Normal) (G1 Evacuation Pause) 327M->244M(1024M) 19.184ms
[2026-02-17T23:42:24.236+0530][gc,cpu      ] GC(69) User=0.01s Sys=0.00s Real=0.02s
[2026-02-17T23:42:50.915+0530][gc,start    ] GC(70) Pause Young (Normal) (G1 Evacuation Pause)
[2026-02-17T23:42:50.915+0530][gc,task     ] GC(70) Using 1 workers of 1 for evacuation
[2026-02-17T23:42:50.930+0530][gc,phases   ] GC(70)   Pre Evacuate Collection Set: 0.11ms
[2026-02-17T23:42:50.930+0530][gc,phases   ] GC(70)   Merge Heap Roots: 0.08ms
[2026-02-17T23:42:50.930+0530][gc,phases   ] GC(70)   Evacuate Collection Set: 13.71ms
[2026-02-17T23:42:50.930+0530][gc,phases   ] GC(70)   Post Evacuate Collection Set: 0.26ms
[2026-02-17T23:42:50.930+0530][gc,phases   ] GC(70)   Other: 0.07ms
[2026-02-17T23:42:50.930+0530][gc,heap     ] GC(70) Eden regions: 44->0(93)
[2026-02-17T23:42:50.930+0530][gc,heap     ] GC(70) Survivor regions: 7->5(7)
[2026-02-17T23:42:50.930+0530][gc,heap     ] GC(70) Old regions: 91->93
[2026-02-17T23:42:50.930+0530][gc,heap     ] GC(70) Archive regions: 2->2
[2026-02-17T23:42:50.930+0530][gc,heap     ] GC(70) Humongous regions: 147->147
[2026-02-17T23:42:50.930+0530][gc,metaspace] GC(70) Metaspace: 44521K(44992K)->44521K(44992K) NonClass: 39617K(39872K)->39617K(39872K) Class: 4904K(5120K)->4904K(5120K)
[2026-02-17T23:42:50.930+0530][gc          ] GC(70) Pause Young (Normal) (G1 Evacuation Pause) 288M->245M(1024M) 14.300ms
[2026-02-17T23:42:50.930+0530][gc,cpu      ] GC(70) User=0.01s Sys=0.00s Real=0.02s
[2026-02-17T23:43:46.533+0530][gc,start    ] GC(71) Pause Young (Normal) (G1 Evacuation Pause)
[2026-02-17T23:43:46.533+0530][gc,task     ] GC(71) Using 1 workers of 1 for evacuation
[2026-02-17T23:43:46.550+0530][gc,phases   ] GC(71)   Pre Evacuate Collection Set: 0.08ms
[2026-02-17T23:43:46.550+0530][gc,phases   ] GC(71)   Merge Heap Roots: 0.09ms
[2026-02-17T23:43:46.550+0530][gc,phases   ] GC(71)   Evacuate Collection Set: 17.17ms
[2026-02-17T23:43:46.550+0530][gc,phases   ] GC(71)   Post Evacuate Collection Set: 0.33ms
[2026-02-17T23:43:46.550+0530][gc,phases   ] GC(71)   Other: 0.15ms
[2026-02-17T23:43:46.550+0530][gc,heap     ] GC(71) Eden regions: 91->0(52)
[2026-02-17T23:43:46.550+0530][gc,heap     ] GC(71) Survivor regions: 5->7(12)
[2026-02-17T23:43:46.550+0530][gc,heap     ] GC(71) Old regions: 93->93
[2026-02-17T23:43:46.550+0530][gc,heap     ] GC(71) Archive regions: 2->2
[2026-02-17T23:43:46.550+0530][gc,heap     ] GC(71) Humongous regions: 147->147
[2026-02-17T23:43:46.550+0530][gc,metaspace] GC(71) Metaspace: 44536K(45056K)->44536K(45056K) NonClass: 39631K(39936K)->39631K(39936K) Class: 4904K(5120K)->4904K(5120K)
[2026-02-17T23:43:46.550+0530][gc          ] GC(71) Pause Young (Normal) (G1 Evacuation Pause) 336M->247M(1024M) 17.883ms
[2026-02-17T23:43:46.550+0530][gc,cpu      ] GC(71) User=0.02s Sys=0.00s Real=0.02s
[2026-02-17T23:44:19.320+0530][gc,start    ] GC(72) Pause Young (Normal) (G1 Evacuation Pause)
[2026-02-17T23:44:19.320+0530][gc,task     ] GC(72) Using 1 workers of 1 for evacuation
[2026-02-17T23:44:19.340+0530][gc,mmu      ] GC(72) MMU target violated: 20.4ms (20.0ms/21.0ms)
[2026-02-17T23:44:19.340+0530][gc,phases   ] GC(72)   Pre Evacuate Collection Set: 0.17ms
[2026-02-17T23:44:19.340+0530][gc,phases   ] GC(72)   Merge Heap Roots: 0.07ms
[2026-02-17T23:44:19.340+0530][gc,phases   ] GC(72)   Evacuate Collection Set: 19.78ms
[2026-02-17T23:44:19.340+0530][gc,phases   ] GC(72)   Post Evacuate Collection Set: 0.41ms
[2026-02-17T23:44:19.340+0530][gc,phases   ] GC(72)   Other: 0.12ms
[2026-02-17T23:44:19.340+0530][gc,heap     ] GC(72) Eden regions: 52->0(106)
[2026-02-17T23:44:19.340+0530][gc,heap     ] GC(72) Survivor regions: 7->5(8)
[2026-02-17T23:44:19.340+0530][gc,heap     ] GC(72) Old regions: 93->97
[2026-02-17T23:44:19.340+0530][gc,heap     ] GC(72) Archive regions: 2->2
[2026-02-17T23:44:19.340+0530][gc,heap     ] GC(72) Humongous regions: 147->147
[2026-02-17T23:44:19.340+0530][gc,metaspace] GC(72) Metaspace: 44541K(45056K)->44541K(45056K) NonClass: 39636K(39936K)->39636K(39936K) Class: 4905K(5120K)->4905K(5120K)
[2026-02-17T23:44:19.340+0530][gc          ] GC(72) Pause Young (Normal) (G1 Evacuation Pause) 299M->249M(1024M) 20.586ms
[2026-02-17T23:44:19.340+0530][gc,cpu      ] GC(72) User=0.01s Sys=0.00s Real=0.02s
[2026-02-17T23:45:24.506+0530][gc,start    ] GC(73) Pause Young (Normal) (G1 Evacuation Pause)
[2026-02-17T23:45:24.507+0530][gc,task     ] GC(73) Using 1 workers of 1 for evacuation
[2026-02-17T23:45:24.525+0530][gc,phases   ] GC(73)   Pre Evacuate Collection Set: 0.14ms
[2026-02-17T23:45:24.525+0530][gc,phases   ] GC(73)   Merge Heap Roots: 0.10ms
[2026-02-17T23:45:24.525+0530][gc,phases   ] GC(73)   Evacuate Collection Set: 17.50ms
[2026-02-17T23:45:24.525+0530][gc,phases   ] GC(73)   Post Evacuate Collection Set: 0.28ms
[2026-02-17T23:45:24.525+0530][gc,phases   ] GC(73)   Other: 0.09ms
[2026-02-17T23:45:24.525+0530][gc,heap     ] GC(73) Eden regions: 99->0(45)
[2026-02-17T23:45:24.525+0530][gc,heap     ] GC(73) Survivor regions: 5->8(13)
[2026-02-17T23:45:24.525+0530][gc,heap     ] GC(73) Old regions: 97->97
[2026-02-17T23:45:24.525+0530][gc,heap     ] GC(73) Archive regions: 2->2
[2026-02-17T23:45:24.525+0530][gc,heap     ] GC(73) Humongous regions: 147->147
[2026-02-17T23:45:24.525+0530][gc,metaspace] GC(73) Metaspace: 44583K(45056K)->44583K(45056K) NonClass: 39677K(39936K)->39677K(39936K) Class: 4905K(5120K)->4905K(5120K)
[2026-02-17T23:45:24.525+0530][gc          ] GC(73) Pause Young (Normal) (G1 Evacuation Pause) 348M->251M(1024M) 18.187ms
[2026-02-17T23:45:24.525+0530][gc,cpu      ] GC(73) User=0.02s Sys=0.00s Real=0.01s
[2026-02-17T23:45:52.427+0530][gc,start    ] GC(74) Pause Young (Normal) (G1 Evacuation Pause)
[2026-02-17T23:45:52.427+0530][gc,task     ] GC(74) Using 1 workers of 1 for evacuation
[2026-02-17T23:45:52.443+0530][gc,phases   ] GC(74)   Pre Evacuate Collection Set: 0.11ms
[2026-02-17T23:45:52.443+0530][gc,phases   ] GC(74)   Merge Heap Roots: 0.07ms
[2026-02-17T23:45:52.443+0530][gc,phases   ] GC(74)   Evacuate Collection Set: 15.52ms
[2026-02-17T23:45:52.443+0530][gc,phases   ] GC(74)   Post Evacuate Collection Set: 0.34ms
[2026-02-17T23:45:52.443+0530][gc,phases   ] GC(74)   Other: 0.09ms
[2026-02-17T23:45:52.443+0530][gc,heap     ] GC(74) Eden regions: 45->0(148)
[2026-02-17T23:45:52.443+0530][gc,heap     ] GC(74) Survivor regions: 8->4(7)
[2026-02-17T23:45:52.443+0530][gc,heap     ] GC(74) Old regions: 97->102
[2026-02-17T23:45:52.443+0530][gc,heap     ] GC(74) Archive regions: 2->2
[2026-02-17T23:45:52.443+0530][gc,heap     ] GC(74) Humongous regions: 147->147
[2026-02-17T23:45:52.443+0530][gc,metaspace] GC(74) Metaspace: 44595K(45056K)->44595K(45056K) NonClass: 39689K(39936K)->39689K(39936K) Class: 4906K(5120K)->4906K(5120K)
[2026-02-17T23:45:52.444+0530][gc          ] GC(74) Pause Young (Normal) (G1 Evacuation Pause) 296M->253M(1024M) 16.196ms
[2026-02-17T23:45:52.444+0530][gc,cpu      ] GC(74) User=0.01s Sys=0.00s Real=0.01s
[2026-02-17T23:47:19.156+0530][gc,start    ] GC(75) Pause Young (Normal) (G1 Evacuation Pause)
[2026-02-17T23:47:19.156+0530][gc,task     ] GC(75) Using 1 workers of 1 for evacuation
[2026-02-17T23:47:19.179+0530][gc,mmu      ] GC(75) MMU target violated: 21.0ms (20.0ms/21.0ms)
[2026-02-17T23:47:19.179+0530][gc,phases   ] GC(75)   Pre Evacuate Collection Set: 0.17ms
[2026-02-17T23:47:19.179+0530][gc,phases   ] GC(75)   Merge Heap Roots: 0.94ms
[2026-02-17T23:47:19.179+0530][gc,phases   ] GC(75)   Evacuate Collection Set: 21.81ms
[2026-02-17T23:47:19.180+0530][gc,phases   ] GC(75)   Post Evacuate Collection Set: 0.37ms
[2026-02-17T23:47:19.180+0530][gc,phases   ] GC(75)   Other: 0.12ms
[2026-02-17T23:47:19.180+0530][gc,heap     ] GC(75) Eden regions: 140->0(43)
[2026-02-17T23:47:19.180+0530][gc,heap     ] GC(75) Survivor regions: 4->8(18)
[2026-02-17T23:47:19.180+0530][gc,heap     ] GC(75) Old regions: 102->102
[2026-02-17T23:47:19.180+0530][gc,heap     ] GC(75) Archive regions: 2->2
[2026-02-17T23:47:19.180+0530][gc,heap     ] GC(75) Humongous regions: 147->147
[2026-02-17T23:47:19.180+0530][gc,metaspace] GC(75) Metaspace: 44651K(45120K)->44651K(45120K) NonClass: 39744K(40000K)->39744K(40000K) Class: 4906K(5120K)->4906K(5120K)
[2026-02-17T23:47:19.180+0530][gc          ] GC(75) Pause Young (Normal) (G1 Evacuation Pause) 393M->256M(1024M) 23.443ms
[2026-02-17T23:47:19.180+0530][gc,cpu      ] GC(75) User=0.01s Sys=0.00s Real=0.03s
[2026-02-17T23:47:44.088+0530][gc,start    ] GC(76) Pause Young (Normal) (G1 Evacuation Pause)
[2026-02-17T23:47:44.088+0530][gc,task     ] GC(76) Using 1 workers of 1 for evacuation
[2026-02-17T23:47:44.105+0530][gc,phases   ] GC(76)   Pre Evacuate Collection Set: 0.59ms
[2026-02-17T23:47:44.105+0530][gc,phases   ] GC(76)   Merge Heap Roots: 0.07ms
[2026-02-17T23:47:44.105+0530][gc,phases   ] GC(76)   Evacuate Collection Set: 15.47ms
[2026-02-17T23:47:44.105+0530][gc,phases   ] GC(76)   Post Evacuate Collection Set: 0.94ms
[2026-02-17T23:47:44.105+0530][gc,phases   ] GC(76)   Other: 0.16ms
[2026-02-17T23:47:44.105+0530][gc,heap     ] GC(76) Eden regions: 43->0(169)
[2026-02-17T23:47:44.105+0530][gc,heap     ] GC(76) Survivor regions: 8->1(7)
[2026-02-17T23:47:44.105+0530][gc,heap     ] GC(76) Old regions: 102->108
[2026-02-17T23:47:44.105+0530][gc,heap     ] GC(76) Archive regions: 2->2
[2026-02-17T23:47:44.105+0530][gc,heap     ] GC(76) Humongous regions: 147->147
[2026-02-17T23:47:44.105+0530][gc,metaspace] GC(76) Metaspace: 44652K(45120K)->44652K(45120K) NonClass: 39745K(40000K)->39745K(40000K) Class: 4906K(5120K)->4906K(5120K)
[2026-02-17T23:47:44.105+0530][gc          ] GC(76) Pause Young (Normal) (G1 Evacuation Pause) 299M->256M(1024M) 17.292ms
[2026-02-17T23:47:44.105+0530][gc,cpu      ] GC(76) User=0.01s Sys=0.01s Real=0.01s
[2026-02-17T23:49:27.905+0530][gc,start    ] GC(77) Pause Young (Normal) (G1 Evacuation Pause)
[2026-02-17T23:49:27.905+0530][gc,task     ] GC(77) Using 1 workers of 1 for evacuation
[2026-02-17T23:49:27.922+0530][gc,phases   ] GC(77)   Pre Evacuate Collection Set: 0.26ms
[2026-02-17T23:49:27.922+0530][gc,phases   ] GC(77)   Merge Heap Roots: 0.12ms
[2026-02-17T23:49:27.922+0530][gc,phases   ] GC(77)   Evacuate Collection Set: 16.06ms
[2026-02-17T23:49:27.922+0530][gc,phases   ] GC(77)   Post Evacuate Collection Set: 0.45ms
[2026-02-17T23:49:27.922+0530][gc,phases   ] GC(77)   Other: 0.09ms
[2026-02-17T23:49:27.922+0530][gc,heap     ] GC(77) Eden regions: 165->0(82)
[2026-02-17T23:49:27.922+0530][gc,heap     ] GC(77) Survivor regions: 1->6(21)
[2026-02-17T23:49:27.922+0530][gc,heap     ] GC(77) Old regions: 108->108
[2026-02-17T23:49:27.922+0530][gc,heap     ] GC(77) Archive regions: 2->2
[2026-02-17T23:49:27.922+0530][gc,heap     ] GC(77) Humongous regions: 147->147
[2026-02-17T23:49:27.922+0530][gc,metaspace] GC(77) Metaspace: 44682K(45184K)->44682K(45184K) NonClass: 39776K(40064K)->39776K(40064K) Class: 4906K(5120K)->4906K(5120K)
[2026-02-17T23:49:27.922+0530][gc          ] GC(77) Pause Young (Normal) (G1 Evacuation Pause) 421M->260M(1024M) 17.047ms
[2026-02-17T23:49:27.922+0530][gc,cpu      ] GC(77) User=0.02s Sys=0.00s Real=0.02s
[2026-02-17T23:50:20.474+0530][gc,start    ] GC(78) Pause Young (Normal) (G1 Evacuation Pause)
[2026-02-17T23:50:20.474+0530][gc,task     ] GC(78) Using 1 workers of 1 for evacuation
[2026-02-17T23:50:20.489+0530][gc,phases   ] GC(78)   Pre Evacuate Collection Set: 0.14ms
[2026-02-17T23:50:20.489+0530][gc,phases   ] GC(78)   Merge Heap Roots: 0.07ms
[2026-02-17T23:50:20.489+0530][gc,phases   ] GC(78)   Evacuate Collection Set: 14.73ms
[2026-02-17T23:50:20.489+0530][gc,phases   ] GC(78)   Post Evacuate Collection Set: 0.27ms
[2026-02-17T23:50:20.489+0530][gc,phases   ] GC(78)   Other: 0.14ms
[2026-02-17T23:50:20.489+0530][gc,heap     ] GC(78) Eden regions: 82->0(43)
[2026-02-17T23:50:20.489+0530][gc,heap     ] GC(78) Survivor regions: 6->8(11)
[2026-02-17T23:50:20.489+0530][gc,heap     ] GC(78) Old regions: 108->108
[2026-02-17T23:50:20.489+0530][gc,heap     ] GC(78) Archive regions: 2->2
[2026-02-17T23:50:20.489+0530][gc,heap     ] GC(78) Humongous regions: 147->147
[2026-02-17T23:50:20.489+0530][gc,metaspace] GC(78) Metaspace: 44687K(45184K)->44687K(45184K) NonClass: 39781K(40064K)->39781K(40064K) Class: 4906K(5120K)->4906K(5120K)
[2026-02-17T23:50:20.489+0530][gc          ] GC(78) Pause Young (Normal) (G1 Evacuation Pause) 342M->262M(1024M) 15.423ms
[2026-02-17T23:50:20.489+0530][gc,cpu      ] GC(78) User=0.01s Sys=0.00s Real=0.02s
[2026-02-17T23:50:47.179+0530][gc,start    ] GC(79) Pause Young (Normal) (G1 Evacuation Pause)
[2026-02-17T23:50:47.179+0530][gc,task     ] GC(79) Using 1 workers of 1 for evacuation
[2026-02-17T23:50:47.195+0530][gc,phases   ] GC(79)   Pre Evacuate Collection Set: 0.12ms
[2026-02-17T23:50:47.195+0530][gc,phases   ] GC(79)   Merge Heap Roots: 0.07ms
[2026-02-17T23:50:47.195+0530][gc,phases   ] GC(79)   Evacuate Collection Set: 15.35ms
[2026-02-17T23:50:47.195+0530][gc,phases   ] GC(79)   Post Evacuate Collection Set: 0.27ms
[2026-02-17T23:50:47.195+0530][gc,phases   ] GC(79)   Other: 0.08ms
[2026-02-17T23:50:47.195+0530][gc,heap     ] GC(79) Eden regions: 43->0(155)
[2026-02-17T23:50:47.195+0530][gc,heap     ] GC(79) Survivor regions: 8->4(7)
[2026-02-17T23:50:47.195+0530][gc,heap     ] GC(79) Old regions: 108->113
[2026-02-17T23:50:47.195+0530][gc,heap     ] GC(79) Archive regions: 2->2
[2026-02-17T23:50:47.195+0530][gc,heap     ] GC(79) Humongous regions: 147->147
[2026-02-17T23:50:47.195+0530][gc,metaspace] GC(79) Metaspace: 44688K(45184K)->44688K(45184K) NonClass: 39782K(40064K)->39782K(40064K) Class: 4906K(5120K)->4906K(5120K)
[2026-02-17T23:50:47.195+0530][gc          ] GC(79) Pause Young (Normal) (G1 Evacuation Pause) 305M->264M(1024M) 15.988ms
[2026-02-17T23:50:47.195+0530][gc,cpu      ] GC(79) User=0.02s Sys=0.00s Real=0.01s
[2026-02-17T23:52:19.393+0530][gc,start    ] GC(80) Pause Young (Normal) (G1 Evacuation Pause)
[2026-02-17T23:52:19.393+0530][gc,task     ] GC(80) Using 1 workers of 1 for evacuation
[2026-02-17T23:52:19.410+0530][gc,phases   ] GC(80)   Pre Evacuate Collection Set: 0.17ms
[2026-02-17T23:52:19.410+0530][gc,phases   ] GC(80)   Merge Heap Roots: 1.28ms
[2026-02-17T23:52:19.410+0530][gc,phases   ] GC(80)   Evacuate Collection Set: 15.24ms
[2026-02-17T23:52:19.410+0530][gc,phases   ] GC(80)   Post Evacuate Collection Set: 0.31ms
[2026-02-17T23:52:19.410+0530][gc,phases   ] GC(80)   Other: 0.10ms
[2026-02-17T23:52:19.410+0530][gc,heap     ] GC(80) Eden regions: 148->0(63)
[2026-02-17T23:52:19.410+0530][gc,heap     ] GC(80) Survivor regions: 4->8(19)
[2026-02-17T23:52:19.410+0530][gc,heap     ] GC(80) Old regions: 113->113
[2026-02-17T23:52:19.410+0530][gc,heap     ] GC(80) Archive regions: 2->2
[2026-02-17T23:52:19.410+0530][gc,heap     ] GC(80) Humongous regions: 147->147
[2026-02-17T23:52:19.410+0530][gc,metaspace] GC(80) Metaspace: 44706K(45184K)->44706K(45184K) NonClass: 39800K(40064K)->39800K(40064K) Class: 4906K(5120K)->4906K(5120K)
[2026-02-17T23:52:19.410+0530][gc          ] GC(80) Pause Young (Normal) (G1 Evacuation Pause) 412M->268M(1024M) 17.168ms
[2026-02-17T23:52:19.410+0530][gc,cpu      ] GC(80) User=0.02s Sys=0.00s Real=0.02s
[2026-02-17T23:52:57.843+0530][gc,start    ] GC(81) Pause Young (Normal) (G1 Evacuation Pause)
[2026-02-17T23:52:57.843+0530][gc,task     ] GC(81) Using 1 workers of 1 for evacuation
[2026-02-17T23:52:57.862+0530][gc,phases   ] GC(81)   Pre Evacuate Collection Set: 0.07ms
[2026-02-17T23:52:57.862+0530][gc,phases   ] GC(81)   Merge Heap Roots: 0.06ms
[2026-02-17T23:52:57.862+0530][gc,phases   ] GC(81)   Evacuate Collection Set: 17.82ms
[2026-02-17T23:52:57.862+0530][gc,phases   ] GC(81)   Post Evacuate Collection Set: 0.28ms
[2026-02-17T23:52:57.862+0530][gc,phases   ] GC(81)   Other: 0.08ms
[2026-02-17T23:52:57.862+0530][gc,heap     ] GC(81) Eden regions: 63->0(115)
[2026-02-17T23:52:57.862+0530][gc,heap     ] GC(81) Survivor regions: 8->6(9)
[2026-02-17T23:52:57.862+0530][gc,heap     ] GC(81) Old regions: 113->117
[2026-02-17T23:52:57.862+0530][gc,heap     ] GC(81) Archive regions: 2->2
[2026-02-17T23:52:57.862+0530][gc,heap     ] GC(81) Humongous regions: 147->147
[2026-02-17T23:52:57.862+0530][gc,metaspace] GC(81) Metaspace: 44736K(45248K)->44736K(45248K) NonClass: 39830K(40128K)->39830K(40128K) Class: 4906K(5120K)->4906K(5120K)
[2026-02-17T23:52:57.862+0530][gc          ] GC(81) Pause Young (Normal) (G1 Evacuation Pause) 331M->270M(1024M) 18.380ms
[2026-02-17T23:52:57.862+0530][gc,cpu      ] GC(81) User=0.01s Sys=0.00s Real=0.02s
[2026-02-17T23:54:08.439+0530][gc,start    ] GC(82) Pause Young (Normal) (G1 Evacuation Pause)
[2026-02-17T23:54:08.439+0530][gc,task     ] GC(82) Using 1 workers of 1 for evacuation
[2026-02-17T23:54:08.458+0530][gc,phases   ] GC(82)   Pre Evacuate Collection Set: 0.10ms
[2026-02-17T23:54:08.458+0530][gc,phases   ] GC(82)   Merge Heap Roots: 0.09ms
[2026-02-17T23:54:08.458+0530][gc,phases   ] GC(82)   Evacuate Collection Set: 18.44ms
[2026-02-17T23:54:08.458+0530][gc,phases   ] GC(82)   Post Evacuate Collection Set: 0.30ms
[2026-02-17T23:54:08.458+0530][gc,phases   ] GC(82)   Other: 0.08ms
[2026-02-17T23:54:08.458+0530][gc,heap     ] GC(82) Eden regions: 108->0(46)
[2026-02-17T23:54:08.458+0530][gc,heap     ] GC(82) Survivor regions: 6->9(15)
[2026-02-17T23:54:08.458+0530][gc,heap     ] GC(82) Old regions: 117->117
[2026-02-17T23:54:08.458+0530][gc,heap     ] GC(82) Archive regions: 2->2
[2026-02-17T23:54:08.458+0530][gc,heap     ] GC(82) Humongous regions: 147->147
[2026-02-17T23:54:08.458+0530][gc,metaspace] GC(82) Metaspace: 44767K(45248K)->44767K(45248K) NonClass: 39860K(40128K)->39860K(40128K) Class: 4906K(5120K)->4906K(5120K)
[2026-02-17T23:54:08.458+0530][gc          ] GC(82) Pause Young (Normal) (G1 Evacuation Pause) 378M->272M(1024M) 19.277ms
[2026-02-17T23:54:08.458+0530][gc,cpu      ] GC(82) User=0.01s Sys=0.00s Real=0.02s
[2026-02-17T23:54:36.372+0530][gc,start    ] GC(83) Pause Young (Normal) (G1 Evacuation Pause)
[2026-02-17T23:54:36.372+0530][gc,task     ] GC(83) Using 1 workers of 1 for evacuation
[2026-02-17T23:54:36.390+0530][gc,phases   ] GC(83)   Pre Evacuate Collection Set: 0.15ms
[2026-02-17T23:54:36.390+0530][gc,phases   ] GC(83)   Merge Heap Roots: 0.08ms
[2026-02-17T23:54:36.390+0530][gc,phases   ] GC(83)   Evacuate Collection Set: 17.09ms
[2026-02-17T23:54:36.390+0530][gc,phases   ] GC(83)   Post Evacuate Collection Set: 0.28ms
[2026-02-17T23:54:36.390+0530][gc,phases   ] GC(83)   Other: 0.18ms
[2026-02-17T23:54:36.390+0530][gc,heap     ] GC(83) Eden regions: 46->0(156)
[2026-02-17T23:54:36.390+0530][gc,heap     ] GC(83) Survivor regions: 9->5(7)
[2026-02-17T23:54:36.390+0530][gc,heap     ] GC(83) Old regions: 117->122
[2026-02-17T23:54:36.390+0530][gc,heap     ] GC(83) Archive regions: 2->2
[2026-02-17T23:54:36.390+0530][gc,heap     ] GC(83) Humongous regions: 147->147
[2026-02-17T23:54:36.390+0530][gc,metaspace] GC(83) Metaspace: 44767K(45248K)->44767K(45248K) NonClass: 39860K(40128K)->39860K(40128K) Class: 4906K(5120K)->4906K(5120K)
[2026-02-17T23:54:36.390+0530][gc          ] GC(83) Pause Young (Normal) (G1 Evacuation Pause) 318M->274M(1024M) 17.966ms
[2026-02-17T23:54:36.390+0530][gc,cpu      ] GC(83) User=0.02s Sys=0.00s Real=0.02s
[2026-02-17T23:56:10.427+0530][gc,start    ] GC(84) Pause Young (Normal) (G1 Evacuation Pause)
[2026-02-17T23:56:10.427+0530][gc,task     ] GC(84) Using 1 workers of 1 for evacuation
[2026-02-17T23:56:10.446+0530][gc,phases   ] GC(84)   Pre Evacuate Collection Set: 0.07ms
[2026-02-17T23:56:10.446+0530][gc,phases   ] GC(84)   Merge Heap Roots: 0.09ms
[2026-02-17T23:56:10.446+0530][gc,phases   ] GC(84)   Evacuate Collection Set: 18.28ms
[2026-02-17T23:56:10.446+0530][gc,phases   ] GC(84)   Post Evacuate Collection Set: 0.40ms
[2026-02-17T23:56:10.446+0530][gc,phases   ] GC(84)   Other: 0.37ms
[2026-02-17T23:56:10.446+0530][gc,heap     ] GC(84) Eden regions: 150->0(80)
[2026-02-17T23:56:10.446+0530][gc,heap     ] GC(84) Survivor regions: 5->7(20)
[2026-02-17T23:56:10.446+0530][gc,heap     ] GC(84) Old regions: 122->122
[2026-02-17T23:56:10.446+0530][gc,heap     ] GC(84) Archive regions: 2->2
[2026-02-17T23:56:10.446+0530][gc,heap     ] GC(84) Humongous regions: 147->147
[2026-02-17T23:56:10.446+0530][gc,metaspace] GC(84) Metaspace: 44769K(45248K)->44769K(45248K) NonClass: 39862K(40128K)->39862K(40128K) Class: 4906K(5120K)->4906K(5120K)
[2026-02-17T23:56:10.446+0530][gc          ] GC(84) Pause Young (Normal) (G1 Evacuation Pause) 424M->276M(1024M) 19.278ms
[2026-02-17T23:56:10.447+0530][gc,cpu      ] GC(84) User=0.01s Sys=0.00s Real=0.02s
[2026-02-17T23:56:59.963+0530][gc,start    ] GC(85) Pause Young (Normal) (G1 Evacuation Pause)
[2026-02-17T23:56:59.963+0530][gc,task     ] GC(85) Using 1 workers of 1 for evacuation
[2026-02-17T23:56:59.981+0530][gc,phases   ] GC(85)   Pre Evacuate Collection Set: 0.13ms
[2026-02-17T23:56:59.981+0530][gc,phases   ] GC(85)   Merge Heap Roots: 0.06ms
[2026-02-17T23:56:59.981+0530][gc,phases   ] GC(85)   Evacuate Collection Set: 17.27ms
[2026-02-17T23:56:59.981+0530][gc,phases   ] GC(85)   Post Evacuate Collection Set: 0.29ms
[2026-02-17T23:56:59.981+0530][gc,phases   ] GC(85)   Other: 0.14ms
[2026-02-17T23:56:59.981+0530][gc,heap     ] GC(85) Eden regions: 80->0(92)
[2026-02-17T23:56:59.981+0530][gc,heap     ] GC(85) Survivor regions: 7->7(11)
[2026-02-17T23:56:59.981+0530][gc,heap     ] GC(85) Old regions: 122->125
[2026-02-17T23:56:59.981+0530][gc,heap     ] GC(85) Archive regions: 2->2
[2026-02-17T23:56:59.981+0530][gc,heap     ] GC(85) Humongous regions: 147->147
[2026-02-17T23:56:59.981+0530][gc,metaspace] GC(85) Metaspace: 44769K(45248K)->44769K(45248K) NonClass: 39863K(40128K)->39863K(40128K) Class: 4906K(5120K)->4906K(5120K)
[2026-02-17T23:56:59.981+0530][gc          ] GC(85) Pause Young (Normal) (G1 Evacuation Pause) 356M->278M(1024M) 17.957ms
[2026-02-17T23:56:59.981+0530][gc,cpu      ] GC(85) User=0.02s Sys=0.00s Real=0.02s
[2026-02-17T23:57:54.623+0530][gc,start    ] GC(86) Pause Young (Normal) (G1 Evacuation Pause)
[2026-02-17T23:57:54.623+0530][gc,task     ] GC(86) Using 1 workers of 1 for evacuation
[2026-02-17T23:57:54.640+0530][gc,phases   ] GC(86)   Pre Evacuate Collection Set: 0.17ms
[2026-02-17T23:57:54.640+0530][gc,phases   ] GC(86)   Merge Heap Roots: 0.09ms
[2026-02-17T23:57:54.640+0530][gc,phases   ] GC(86)   Evacuate Collection Set: 16.31ms
[2026-02-17T23:57:54.640+0530][gc,phases   ] GC(86)   Post Evacuate Collection Set: 0.28ms
[2026-02-17T23:57:54.640+0530][gc,phases   ] GC(86)   Other: 0.12ms
[2026-02-17T23:57:54.640+0530][gc,heap     ] GC(86) Eden regions: 88->0(78)
[2026-02-17T23:57:54.640+0530][gc,heap     ] GC(86) Survivor regions: 7->8(12)
[2026-02-17T23:57:54.640+0530][gc,heap     ] GC(86) Old regions: 125->126
[2026-02-17T23:57:54.640+0530][gc,heap     ] GC(86) Archive regions: 2->2
[2026-02-17T23:57:54.640+0530][gc,heap     ] GC(86) Humongous regions: 147->147
[2026-02-17T23:57:54.640+0530][gc,metaspace] GC(86) Metaspace: 44772K(45248K)->44772K(45248K) NonClass: 39865K(40128K)->39865K(40128K) Class: 4906K(5120K)->4906K(5120K)
[2026-02-17T23:57:54.640+0530][gc          ] GC(86) Pause Young (Normal) (G1 Evacuation Pause) 366M->281M(1024M) 17.027ms
[2026-02-17T23:57:54.640+0530][gc,cpu      ] GC(86) User=0.01s Sys=0.00s Real=0.02s
[2026-02-17T23:58:40.630+0530][gc,start    ] GC(87) Pause Young (Normal) (G1 Evacuation Pause)
[2026-02-17T23:58:40.630+0530][gc,task     ] GC(87) Using 1 workers of 1 for evacuation
[2026-02-17T23:58:40.649+0530][gc,phases   ] GC(87)   Pre Evacuate Collection Set: 0.13ms
[2026-02-17T23:58:40.649+0530][gc,phases   ] GC(87)   Merge Heap Roots: 0.09ms
[2026-02-17T23:58:40.649+0530][gc,phases   ] GC(87)   Evacuate Collection Set: 18.74ms
[2026-02-17T23:58:40.649+0530][gc,phases   ] GC(87)   Post Evacuate Collection Set: 0.29ms
[2026-02-17T23:58:40.649+0530][gc,phases   ] GC(87)   Other: 0.09ms
[2026-02-17T23:58:40.649+0530][gc,heap     ] GC(87) Eden regions: 71->0(109)
[2026-02-17T23:58:40.649+0530][gc,heap     ] GC(87) Survivor regions: 8->7(10)
[2026-02-17T23:58:40.649+0530][gc,heap     ] GC(87) Old regions: 126->129
[2026-02-17T23:58:40.649+0530][gc,heap     ] GC(87) Archive regions: 2->2
[2026-02-17T23:58:40.649+0530][gc,heap     ] GC(87) Humongous regions: 147->147
[2026-02-17T23:58:40.649+0530][gc,metaspace] GC(87) Metaspace: 44777K(45248K)->44777K(45248K) NonClass: 39871K(40128K)->39871K(40128K) Class: 4906K(5120K)->4906K(5120K)
[2026-02-17T23:58:40.649+0530][gc          ] GC(87) Pause Young (Normal) (G1 Evacuation Pause) 352M->283M(1024M) 19.402ms
[2026-02-17T23:58:40.649+0530][gc,cpu      ] GC(87) User=0.02s Sys=0.00s Real=0.02s
[2026-02-17T23:59:49.748+0530][gc,start    ] GC(88) Pause Young (Normal) (G1 Evacuation Pause)
[2026-02-17T23:59:49.748+0530][gc,task     ] GC(88) Using 1 workers of 1 for evacuation
[2026-02-17T23:59:49.768+0530][gc,phases   ] GC(88)   Pre Evacuate Collection Set: 0.20ms
[2026-02-17T23:59:49.768+0530][gc,phases   ] GC(88)   Merge Heap Roots: 0.08ms
[2026-02-17T23:59:49.768+0530][gc,phases   ] GC(88)   Evacuate Collection Set: 19.28ms
[2026-02-17T23:59:49.768+0530][gc,phases   ] GC(88)   Post Evacuate Collection Set: 0.29ms
[2026-02-17T23:59:49.768+0530][gc,phases   ] GC(88)   Other: 0.12ms
[2026-02-17T23:59:49.768+0530][gc,heap     ] GC(88) Eden regions: 105->0(66)
[2026-02-17T23:59:49.768+0530][gc,heap     ] GC(88) Survivor regions: 7->9(14)
[2026-02-17T23:59:49.768+0530][gc,heap     ] GC(88) Old regions: 129->129
[2026-02-17T23:59:49.768+0530][gc,heap     ] GC(88) Archive regions: 2->2
[2026-02-17T23:59:49.768+0530][gc,heap     ] GC(88) Humongous regions: 147->147
[2026-02-17T23:59:49.768+0530][gc,metaspace] GC(88) Metaspace: 44777K(45248K)->44777K(45248K) NonClass: 39871K(40128K)->39871K(40128K) Class: 4906K(5120K)->4906K(5120K)
[2026-02-17T23:59:49.768+0530][gc          ] GC(88) Pause Young (Normal) (G1 Evacuation Pause) 388M->285M(1024M) 20.116ms
[2026-02-17T23:59:49.768+0530][gc,cpu      ] GC(88) User=0.02s Sys=0.00s Real=0.02s
[2026-02-18T00:00:31.134+0530][gc,start    ] GC(89) Pause Young (Normal) (G1 Evacuation Pause)
[2026-02-18T00:00:31.134+0530][gc,task     ] GC(89) Using 1 workers of 1 for evacuation
[2026-02-18T00:00:31.155+0530][gc,mmu      ] GC(89) MMU target violated: 21.0ms (20.0ms/21.0ms)
[2026-02-18T00:00:31.155+0530][gc,phases   ] GC(89)   Pre Evacuate Collection Set: 0.11ms
[2026-02-18T00:00:31.155+0530][gc,phases   ] GC(89)   Merge Heap Roots: 0.07ms
[2026-02-18T00:00:31.155+0530][gc,phases   ] GC(89)   Evacuate Collection Set: 20.96ms
[2026-02-18T00:00:31.155+0530][gc,phases   ] GC(89)   Post Evacuate Collection Set: 0.34ms
[2026-02-18T00:00:31.155+0530][gc,phases   ] GC(89)   Other: 0.17ms
[2026-02-18T00:00:31.155+0530][gc,heap     ] GC(89) Eden regions: 66->0(112)
[2026-02-18T00:00:31.155+0530][gc,heap     ] GC(89) Survivor regions: 9->7(10)
[2026-02-18T00:00:31.155+0530][gc,heap     ] GC(89) Old regions: 129->134
[2026-02-18T00:00:31.155+0530][gc,heap     ] GC(89) Archive regions: 2->2
[2026-02-18T00:00:31.155+0530][gc,heap     ] GC(89) Humongous regions: 147->147
[2026-02-18T00:00:31.155+0530][gc,metaspace] GC(89) Metaspace: 44789K(45248K)->44789K(45248K) NonClass: 39882K(40128K)->39882K(40128K) Class: 4906K(5120K)->4906K(5120K)
[2026-02-18T00:00:31.155+0530][gc          ] GC(89) Pause Young (Normal) (G1 Evacuation Pause) 351M->287M(1024M) 21.691ms
[2026-02-18T00:00:31.155+0530][gc,cpu      ] GC(89) User=0.02s Sys=0.00s Real=0.02s
[2026-02-18T00:01:36.165+0530][gc,start    ] GC(90) Pause Young (Normal) (G1 Evacuation Pause)
[2026-02-18T00:01:36.165+0530][gc,task     ] GC(90) Using 1 workers of 1 for evacuation
[2026-02-18T00:01:36.185+0530][gc,phases   ] GC(90)   Pre Evacuate Collection Set: 0.15ms
[2026-02-18T00:01:36.185+0530][gc,phases   ] GC(90)   Merge Heap Roots: 0.09ms
[2026-02-18T00:01:36.185+0530][gc,phases   ] GC(90)   Evacuate Collection Set: 18.69ms
[2026-02-18T00:01:36.185+0530][gc,phases   ] GC(90)   Post Evacuate Collection Set: 0.28ms
[2026-02-18T00:01:36.185+0530][gc,phases   ] GC(90)   Other: 0.09ms
[2026-02-18T00:01:36.185+0530][gc,heap     ] GC(90) Eden regions: 105->0(71)
[2026-02-18T00:01:36.185+0530][gc,heap     ] GC(90) Survivor regions: 7->10(14)
[2026-02-18T00:01:36.185+0530][gc,heap     ] GC(90) Old regions: 134->134
[2026-02-18T00:01:36.185+0530][gc,heap     ] GC(90) Archive regions: 2->2
[2026-02-18T00:01:36.185+0530][gc,heap     ] GC(90) Humongous regions: 147->147
[2026-02-18T00:01:36.185+0530][gc,metaspace] GC(90) Metaspace: 44812K(45248K)->44812K(45248K) NonClass: 39906K(40128K)->39906K(40128K) Class: 4906K(5120K)->4906K(5120K)
[2026-02-18T00:01:36.185+0530][gc          ] GC(90) Pause Young (Normal) (G1 Evacuation Pause) 392M->290M(1024M) 19.396ms
[2026-02-18T00:01:36.185+0530][gc,cpu      ] GC(90) User=0.01s Sys=0.00s Real=0.02s
[2026-02-18T00:02:20.415+0530][gc,start    ] GC(91) Pause Young (Normal) (G1 Evacuation Pause)
[2026-02-18T00:02:20.415+0530][gc,task     ] GC(91) Using 1 workers of 1 for evacuation
[2026-02-18T00:02:20.434+0530][gc,phases   ] GC(91)   Pre Evacuate Collection Set: 0.07ms
[2026-02-18T00:02:20.434+0530][gc,phases   ] GC(91)   Merge Heap Roots: 0.07ms
[2026-02-18T00:02:20.434+0530][gc,phases   ] GC(91)   Evacuate Collection Set: 19.10ms
[2026-02-18T00:02:20.434+0530][gc,phases   ] GC(91)   Post Evacuate Collection Set: 0.28ms
[2026-02-18T00:02:20.434+0530][gc,phases   ] GC(91)   Other: 0.08ms
[2026-02-18T00:02:20.434+0530][gc,heap     ] GC(91) Eden regions: 71->0(119)
[2026-02-18T00:02:20.434+0530][gc,heap     ] GC(91) Survivor regions: 10->7(11)
[2026-02-18T00:02:20.434+0530][gc,heap     ] GC(91) Old regions: 134->138
[2026-02-18T00:02:20.434+0530][gc,heap     ] GC(91) Archive regions: 2->2
[2026-02-18T00:02:20.434+0530][gc,heap     ] GC(91) Humongous regions: 147->147
[2026-02-18T00:02:20.434+0530][gc,metaspace] GC(91) Metaspace: 44812K(45248K)->44812K(45248K) NonClass: 39906K(40128K)->39906K(40128K) Class: 4906K(5120K)->4906K(5120K)
[2026-02-18T00:02:20.434+0530][gc          ] GC(91) Pause Young (Normal) (G1 Evacuation Pause) 361M->292M(1024M) 19.744ms
[2026-02-18T00:02:20.434+0530][gc,cpu      ] GC(91) User=0.01s Sys=0.00s Real=0.02s
[2026-02-18T00:03:30.559+0530][gc,start    ] GC(92) Pause Young (Normal) (G1 Evacuation Pause)
[2026-02-18T00:03:30.559+0530][gc,task     ] GC(92) Using 1 workers of 1 for evacuation
[2026-02-18T00:03:30.580+0530][gc,mmu      ] GC(92) MMU target violated: 20.8ms (20.0ms/21.0ms)
[2026-02-18T00:03:30.580+0530][gc,phases   ] GC(92)   Pre Evacuate Collection Set: 0.13ms
[2026-02-18T00:03:30.580+0530][gc,phases   ] GC(92)   Merge Heap Roots: 0.15ms
[2026-02-18T00:03:30.580+0530][gc,phases   ] GC(92)   Evacuate Collection Set: 20.25ms
[2026-02-18T00:03:30.580+0530][gc,phases   ] GC(92)   Post Evacuate Collection Set: 0.28ms
[2026-02-18T00:03:30.580+0530][gc,phases   ] GC(92)   Other: 0.17ms
[2026-02-18T00:03:30.580+0530][gc,heap     ] GC(92) Eden regions: 112->0(44)
[2026-02-18T00:03:30.580+0530][gc,heap     ] GC(92) Survivor regions: 7->10(15)
[2026-02-18T00:03:30.580+0530][gc,heap     ] GC(92) Old regions: 138->138
[2026-02-18T00:03:30.580+0530][gc,heap     ] GC(92) Archive regions: 2->2
[2026-02-18T00:03:30.580+0530][gc,heap     ] GC(92) Humongous regions: 147->147
[2026-02-18T00:03:30.580+0530][gc,metaspace] GC(92) Metaspace: 44812K(45248K)->44812K(45248K) NonClass: 39906K(40128K)->39906K(40128K) Class: 4906K(5120K)->4906K(5120K)
[2026-02-18T00:03:30.580+0530][gc          ] GC(92) Pause Young (Normal) (G1 Evacuation Pause) 404M->295M(1024M) 21.295ms
[2026-02-18T00:03:30.580+0530][gc,cpu      ] GC(92) User=0.01s Sys=0.00s Real=0.02s
[2026-02-18T00:03:57.398+0530][gc,start    ] GC(93) Pause Young (Normal) (G1 Evacuation Pause)
[2026-02-18T00:03:57.398+0530][gc,task     ] GC(93) Using 1 workers of 1 for evacuation
[2026-02-18T00:03:57.418+0530][gc,mmu      ] GC(93) MMU target violated: 20.4ms (20.0ms/21.0ms)
[2026-02-18T00:03:57.419+0530][gc,phases   ] GC(93)   Pre Evacuate Collection Set: 0.25ms
[2026-02-18T00:03:57.419+0530][gc,phases   ] GC(93)   Merge Heap Roots: 0.09ms
[2026-02-18T00:03:57.419+0530][gc,phases   ] GC(93)   Evacuate Collection Set: 19.68ms
[2026-02-18T00:03:57.419+0530][gc,phases   ] GC(93)   Post Evacuate Collection Set: 0.35ms
[2026-02-18T00:03:57.419+0530][gc,phases   ] GC(93)   Other: 0.11ms
[2026-02-18T00:03:57.419+0530][gc,heap     ] GC(93) Eden regions: 44->0(153)
[2026-02-18T00:03:57.419+0530][gc,heap     ] GC(93) Survivor regions: 10->5(7)
[2026-02-18T00:03:57.419+0530][gc,heap     ] GC(93) Old regions: 138->145
[2026-02-18T00:03:57.419+0530][gc,heap     ] GC(93) Archive regions: 2->2
[2026-02-18T00:03:57.419+0530][gc,heap     ] GC(93) Humongous regions: 147->147
[2026-02-18T00:03:57.419+0530][gc,metaspace] GC(93) Metaspace: 44812K(45248K)->44812K(45248K) NonClass: 39906K(40128K)->39906K(40128K) Class: 4906K(5120K)->4906K(5120K)
[2026-02-18T00:03:57.419+0530][gc          ] GC(93) Pause Young (Normal) (G1 Evacuation Pause) 339M->296M(1024M) 20.499ms
[2026-02-18T00:03:57.419+0530][gc,cpu      ] GC(93) User=0.02s Sys=0.00s Real=0.02s
[2026-02-18T00:05:34.795+0530][gc,start    ] GC(94) Pause Young (Normal) (G1 Evacuation Pause)
[2026-02-18T00:05:34.795+0530][gc,task     ] GC(94) Using 1 workers of 1 for evacuation
[2026-02-18T00:05:34.812+0530][gc,phases   ] GC(94)   Pre Evacuate Collection Set: 0.12ms
[2026-02-18T00:05:34.812+0530][gc,phases   ] GC(94)   Merge Heap Roots: 0.15ms
[2026-02-18T00:05:34.812+0530][gc,phases   ] GC(94)   Evacuate Collection Set: 16.10ms
[2026-02-18T00:05:34.812+0530][gc,phases   ] GC(94)   Post Evacuate Collection Set: 0.31ms
[2026-02-18T00:05:34.812+0530][gc,phases   ] GC(94)   Other: 0.10ms
[2026-02-18T00:05:34.812+0530][gc,heap     ] GC(94) Eden regions: 153->0(98)
[2026-02-18T00:05:34.812+0530][gc,heap     ] GC(94) Survivor regions: 5->8(20)
[2026-02-18T00:05:34.812+0530][gc,heap     ] GC(94) Old regions: 145->145
[2026-02-18T00:05:34.812+0530][gc,heap     ] GC(94) Archive regions: 2->2
[2026-02-18T00:05:34.812+0530][gc,heap     ] GC(94) Humongous regions: 147->147
[2026-02-18T00:05:34.812+0530][gc,metaspace] GC(94) Metaspace: 44812K(45248K)->44812K(45248K) NonClass: 39906K(40128K)->39906K(40128K) Class: 4906K(5120K)->4906K(5120K)
[2026-02-18T00:05:34.812+0530][gc          ] GC(94) Pause Young (Normal) (G1 Evacuation Pause) 449M->299M(1024M) 16.861ms
[2026-02-18T00:05:34.812+0530][gc,cpu      ] GC(94) User=0.01s Sys=0.00s Real=0.02s
[2026-02-18T00:06:37.122+0530][gc,start    ] GC(95) Pause Young (Normal) (G1 Evacuation Pause)
[2026-02-18T00:06:37.122+0530][gc,task     ] GC(95) Using 1 workers of 1 for evacuation
[2026-02-18T00:06:37.143+0530][gc,mmu      ] GC(95) MMU target violated: 21.0ms (20.0ms/21.0ms)
[2026-02-18T00:06:37.143+0530][gc,phases   ] GC(95)   Pre Evacuate Collection Set: 0.12ms
[2026-02-18T00:06:37.143+0530][gc,phases   ] GC(95)   Merge Heap Roots: 0.09ms
[2026-02-18T00:06:37.143+0530][gc,phases   ] GC(95)   Evacuate Collection Set: 20.42ms
[2026-02-18T00:06:37.143+0530][gc,phases   ] GC(95)   Post Evacuate Collection Set: 0.39ms
[2026-02-18T00:06:37.143+0530][gc,phases   ] GC(95)   Other: 0.22ms
[2026-02-18T00:06:37.143+0530][gc,heap     ] GC(95) Eden regions: 98->0(93)
[2026-02-18T00:06:37.143+0530][gc,heap     ] GC(95) Survivor regions: 8->8(14)
[2026-02-18T00:06:37.143+0530][gc,heap     ] GC(95) Old regions: 145->147
[2026-02-18T00:06:37.143+0530][gc,heap     ] GC(95) Archive regions: 2->2
[2026-02-18T00:06:37.143+0530][gc,heap     ] GC(95) Humongous regions: 147->147
[2026-02-18T00:06:37.143+0530][gc,metaspace] GC(95) Metaspace: 44816K(45312K)->44816K(45312K) NonClass: 39909K(40192K)->39909K(40192K) Class: 4906K(5120K)->4906K(5120K)
[2026-02-18T00:06:37.143+0530][gc          ] GC(95) Pause Young (Normal) (G1 Evacuation Pause) 397M->302M(1024M) 21.286ms
[2026-02-18T00:06:37.143+0530][gc,cpu      ] GC(95) User=0.02s Sys=0.00s Real=0.02s
[2026-02-18T00:07:29.042+0530][gc,start    ] GC(96) Pause Young (Normal) (G1 Evacuation Pause)
[2026-02-18T00:07:29.043+0530][gc,task     ] GC(96) Using 1 workers of 1 for evacuation
[2026-02-18T00:07:29.063+0530][gc,mmu      ] GC(96) MMU target violated: 20.4ms (20.0ms/21.0ms)
[2026-02-18T00:07:29.063+0530][gc,phases   ] GC(96)   Pre Evacuate Collection Set: 0.11ms
[2026-02-18T00:07:29.063+0530][gc,phases   ] GC(96)   Merge Heap Roots: 0.08ms
[2026-02-18T00:07:29.063+0530][gc,phases   ] GC(96)   Evacuate Collection Set: 19.92ms
[2026-02-18T00:07:29.063+0530][gc,phases   ] GC(96)   Post Evacuate Collection Set: 0.28ms
[2026-02-18T00:07:29.063+0530][gc,phases   ] GC(96)   Other: 0.17ms
[2026-02-18T00:07:29.063+0530][gc,heap     ] GC(96) Eden regions: 82->0(146)
[2026-02-18T00:07:29.063+0530][gc,heap     ] GC(96) Survivor regions: 8->5(12)
[2026-02-18T00:07:29.063+0530][gc,heap     ] GC(96) Old regions: 147->152
[2026-02-18T00:07:29.063+0530][gc,heap     ] GC(96) Archive regions: 2->2
[2026-02-18T00:07:29.063+0530][gc,heap     ] GC(96) Humongous regions: 147->147
[2026-02-18T00:07:29.063+0530][gc,metaspace] GC(96) Metaspace: 44816K(45312K)->44816K(45312K) NonClass: 39909K(40192K)->39909K(40192K) Class: 4906K(5120K)->4906K(5120K)
[2026-02-18T00:07:29.063+0530][gc          ] GC(96) Pause Young (Normal) (G1 Evacuation Pause) 384M->304M(1024M) 20.596ms
[2026-02-18T00:07:29.063+0530][gc,cpu      ] GC(96) User=0.02s Sys=0.00s Real=0.02s
[2026-02-18T00:08:57.435+0530][gc,start    ] GC(97) Pause Young (Normal) (G1 Evacuation Pause)
[2026-02-18T00:08:57.435+0530][gc,task     ] GC(97) Using 1 workers of 1 for evacuation
[2026-02-18T00:08:57.457+0530][gc,mmu      ] GC(97) MMU target violated: 21.0ms (20.0ms/21.0ms)
[2026-02-18T00:08:57.457+0530][gc,phases   ] GC(97)   Pre Evacuate Collection Set: 0.07ms
[2026-02-18T00:08:57.457+0530][gc,phases   ] GC(97)   Merge Heap Roots: 0.09ms
[2026-02-18T00:08:57.457+0530][gc,phases   ] GC(97)   Evacuate Collection Set: 21.98ms
[2026-02-18T00:08:57.457+0530][gc,phases   ] GC(97)   Post Evacuate Collection Set: 0.38ms
[2026-02-18T00:08:57.457+0530][gc,phases   ] GC(97)   Other: 0.18ms
[2026-02-18T00:08:57.457+0530][gc,heap     ] GC(97) Eden regions: 141->0(46)
[2026-02-18T00:08:57.457+0530][gc,heap     ] GC(97) Survivor regions: 5->9(19)
[2026-02-18T00:08:57.457+0530][gc,heap     ] GC(97) Old regions: 152->152
[2026-02-18T00:08:57.457+0530][gc,heap     ] GC(97) Archive regions: 2->2
[2026-02-18T00:08:57.457+0530][gc,heap     ] GC(97) Humongous regions: 147->147
[2026-02-18T00:08:57.458+0530][gc,metaspace] GC(97) Metaspace: 44823K(45312K)->44823K(45312K) NonClass: 39917K(40192K)->39917K(40192K) Class: 4906K(5120K)->4906K(5120K)
[2026-02-18T00:08:57.458+0530][gc          ] GC(97) Pause Young (Normal) (G1 Evacuation Pause) 445M->308M(1024M) 22.810ms
[2026-02-18T00:08:57.458+0530][gc,cpu      ] GC(97) User=0.02s Sys=0.00s Real=0.03s
[2026-02-18T00:09:26.325+0530][gc,start    ] GC(98) Pause Young (Normal) (G1 Evacuation Pause)
[2026-02-18T00:09:26.325+0530][gc,task     ] GC(98) Using 1 workers of 1 for evacuation
[2026-02-18T00:09:26.374+0530][gc,mmu      ] GC(98) MMU target violated: 21.0ms (20.0ms/21.0ms)
[2026-02-18T00:09:26.374+0530][gc,phases   ] GC(98)   Pre Evacuate Collection Set: 1.28ms
[2026-02-18T00:09:26.374+0530][gc,phases   ] GC(98)   Merge Heap Roots: 0.07ms
[2026-02-18T00:09:26.374+0530][gc,phases   ] GC(98)   Evacuate Collection Set: 46.19ms
[2026-02-18T00:09:26.374+0530][gc,phases   ] GC(98)   Post Evacuate Collection Set: 1.18ms
[2026-02-18T00:09:26.374+0530][gc,phases   ] GC(98)   Other: 0.18ms
[2026-02-18T00:09:26.374+0530][gc,heap     ] GC(98) Eden regions: 46->0(114)
[2026-02-18T00:09:26.374+0530][gc,heap     ] GC(98) Survivor regions: 9->2(7)
[2026-02-18T00:09:26.374+0530][gc,heap     ] GC(98) Old regions: 152->161
[2026-02-18T00:09:26.374+0530][gc,heap     ] GC(98) Archive regions: 2->2
[2026-02-18T00:09:26.374+0530][gc,heap     ] GC(98) Humongous regions: 147->147
[2026-02-18T00:09:26.374+0530][gc,metaspace] GC(98) Metaspace: 44823K(45312K)->44823K(45312K) NonClass: 39917K(40192K)->39917K(40192K) Class: 4906K(5120K)->4906K(5120K)
[2026-02-18T00:09:26.374+0530][gc          ] GC(98) Pause Young (Normal) (G1 Evacuation Pause) 354M->309M(1024M) 48.937ms
[2026-02-18T00:09:26.374+0530][gc,cpu      ] GC(98) User=0.02s Sys=0.01s Real=0.05s
[2026-02-18T00:10:35.375+0530][gc,start    ] GC(99) Pause Young (Normal) (G1 Evacuation Pause)
[2026-02-18T00:10:35.375+0530][gc,task     ] GC(99) Using 1 workers of 1 for evacuation
[2026-02-18T00:10:35.390+0530][gc,phases   ] GC(99)   Pre Evacuate Collection Set: 0.13ms
[2026-02-18T00:10:35.390+0530][gc,phases   ] GC(99)   Merge Heap Roots: 0.11ms
[2026-02-18T00:10:35.390+0530][gc,phases   ] GC(99)   Evacuate Collection Set: 14.52ms
[2026-02-18T00:10:35.390+0530][gc,phases   ] GC(99)   Post Evacuate Collection Set: 0.28ms
[2026-02-18T00:10:35.390+0530][gc,phases   ] GC(99)   Other: 0.08ms
[2026-02-18T00:10:35.390+0530][gc,heap     ] GC(99) Eden regions: 109->0(72)
[2026-02-18T00:10:35.390+0530][gc,heap     ] GC(99) Survivor regions: 2->4(14)
[2026-02-18T00:10:35.390+0530][gc,heap     ] GC(99) Old regions: 161->161
[2026-02-18T00:10:35.390+0530][gc,heap     ] GC(99) Archive regions: 2->2
[2026-02-18T00:10:35.390+0530][gc,heap     ] GC(99) Humongous regions: 147->147
[2026-02-18T00:10:35.390+0530][gc,metaspace] GC(99) Metaspace: 44823K(45312K)->44823K(45312K) NonClass: 39917K(40192K)->39917K(40192K) Class: 4906K(5120K)->4906K(5120K)
[2026-02-18T00:10:35.390+0530][gc          ] GC(99) Pause Young (Normal) (G1 Evacuation Pause) 418M->312M(1024M) 15.178ms
[2026-02-18T00:10:35.390+0530][gc,cpu      ] GC(99) User=0.01s Sys=0.00s Real=0.02s
[2026-02-18T00:11:18.742+0530][gc,start    ] GC(100) Pause Young (Normal) (G1 Evacuation Pause)
[2026-02-18T00:11:18.742+0530][gc,task     ] GC(100) Using 1 workers of 1 for evacuation
[2026-02-18T00:11:18.753+0530][gc,phases   ] GC(100)   Pre Evacuate Collection Set: 0.17ms
[2026-02-18T00:11:18.753+0530][gc,phases   ] GC(100)   Merge Heap Roots: 0.07ms
[2026-02-18T00:11:18.753+0530][gc,phases   ] GC(100)   Evacuate Collection Set: 10.68ms
[2026-02-18T00:11:18.753+0530][gc,phases   ] GC(100)   Post Evacuate Collection Set: 0.32ms
[2026-02-18T00:11:18.753+0530][gc,phases   ] GC(100)   Other: 0.07ms
[2026-02-18T00:11:18.753+0530][gc,heap     ] GC(100) Eden regions: 72->0(45)
[2026-02-18T00:11:18.753+0530][gc,heap     ] GC(100) Survivor regions: 4->6(10)
[2026-02-18T00:11:18.753+0530][gc,heap     ] GC(100) Old regions: 161->161
[2026-02-18T00:11:18.753+0530][gc,heap     ] GC(100) Archive regions: 2->2
[2026-02-18T00:11:18.753+0530][gc,heap     ] GC(100) Humongous regions: 147->147
[2026-02-18T00:11:18.753+0530][gc,metaspace] GC(100) Metaspace: 44823K(45312K)->44823K(45312K) NonClass: 39917K(40192K)->39917K(40192K) Class: 4906K(5120K)->4906K(5120K)
[2026-02-18T00:11:18.753+0530][gc          ] GC(100) Pause Young (Normal) (G1 Evacuation Pause) 384M->314M(1024M) 11.445ms
[2026-02-18T00:11:18.753+0530][gc,cpu      ] GC(100) User=0.02s Sys=0.00s Real=0.01s
[2026-02-18T00:11:48.215+0530][gc,start    ] GC(101) Pause Young (Normal) (G1 Evacuation Pause)
[2026-02-18T00:11:48.215+0530][gc,task     ] GC(101) Using 1 workers of 1 for evacuation
[2026-02-18T00:11:48.232+0530][gc,phases   ] GC(101)   Pre Evacuate Collection Set: 0.13ms
[2026-02-18T00:11:48.232+0530][gc,phases   ] GC(101)   Merge Heap Roots: 0.13ms
[2026-02-18T00:11:48.232+0530][gc,phases   ] GC(101)   Evacuate Collection Set: 16.04ms
[2026-02-18T00:11:48.232+0530][gc,phases   ] GC(101)   Post Evacuate Collection Set: 0.32ms
[2026-02-18T00:11:48.232+0530][gc,phases   ] GC(101)   Other: 0.08ms
[2026-02-18T00:11:48.232+0530][gc,heap     ] GC(101) Eden regions: 45->0(102)
[2026-02-18T00:11:48.232+0530][gc,heap     ] GC(101) Survivor regions: 6->4(7)
[2026-02-18T00:11:48.232+0530][gc,heap     ] GC(101) Old regions: 161->165
[2026-02-18T00:11:48.232+0530][gc,heap     ] GC(101) Archive regions: 2->2
[2026-02-18T00:11:48.232+0530][gc,heap     ] GC(101) Humongous regions: 147->147
[2026-02-18T00:11:48.232+0530][gc,metaspace] GC(101) Metaspace: 44824K(45312K)->44824K(45312K) NonClass: 39918K(40192K)->39918K(40192K) Class: 4906K(5120K)->4906K(5120K)
[2026-02-18T00:11:48.232+0530][gc          ] GC(101) Pause Young (Normal) (G1 Evacuation Pause) 359M->315M(1024M) 16.772ms
[2026-02-18T00:11:48.232+0530][gc,cpu      ] GC(101) User=0.01s Sys=0.00s Real=0.02s
[2026-02-18T00:12:45.211+0530][gc,start    ] GC(102) Pause Young (Normal) (G1 Evacuation Pause)
[2026-02-18T00:12:45.211+0530][gc,task     ] GC(102) Using 1 workers of 1 for evacuation
[2026-02-18T00:12:45.223+0530][gc,phases   ] GC(102)   Pre Evacuate Collection Set: 0.11ms
[2026-02-18T00:12:45.223+0530][gc,phases   ] GC(102)   Merge Heap Roots: 0.10ms
[2026-02-18T00:12:45.223+0530][gc,phases   ] GC(102)   Evacuate Collection Set: 10.92ms
[2026-02-18T00:12:45.223+0530][gc,phases   ] GC(102)   Post Evacuate Collection Set: 0.28ms
[2026-02-18T00:12:45.223+0530][gc,phases   ] GC(102)   Other: 0.12ms
[2026-02-18T00:12:45.223+0530][gc,heap     ] GC(102) Eden regions: 94->0(93)
[2026-02-18T00:12:45.223+0530][gc,heap     ] GC(102) Survivor regions: 4->5(13)
[2026-02-18T00:12:45.223+0530][gc,heap     ] GC(102) Old regions: 165->165
[2026-02-18T00:12:45.223+0530][gc,heap     ] GC(102) Archive regions: 2->2
[2026-02-18T00:12:45.223+0530][gc,heap     ] GC(102) Humongous regions: 147->147
[2026-02-18T00:12:45.223+0530][gc,metaspace] GC(102) Metaspace: 44824K(45312K)->44824K(45312K) NonClass: 39918K(40192K)->39918K(40192K) Class: 4906K(5120K)->4906K(5120K)
[2026-02-18T00:12:45.223+0530][gc          ] GC(102) Pause Young (Normal) (G1 Evacuation Pause) 409M->317M(1024M) 11.583ms
[2026-02-18T00:12:45.223+0530][gc,cpu      ] GC(102) User=0.01s Sys=0.00s Real=0.01s
[2026-02-18T00:13:40.913+0530][gc,start    ] GC(103) Pause Young (Normal) (G1 Evacuation Pause)
[2026-02-18T00:13:40.913+0530][gc,task     ] GC(103) Using 1 workers of 1 for evacuation
[2026-02-18T00:13:40.931+0530][gc,phases   ] GC(103)   Pre Evacuate Collection Set: 0.12ms
[2026-02-18T00:13:40.931+0530][gc,phases   ] GC(103)   Merge Heap Roots: 0.07ms
[2026-02-18T00:13:40.931+0530][gc,phases   ] GC(103)   Evacuate Collection Set: 17.58ms
[2026-02-18T00:13:40.931+0530][gc,phases   ] GC(103)   Post Evacuate Collection Set: 0.28ms
[2026-02-18T00:13:40.931+0530][gc,phases   ] GC(103)   Other: 0.11ms
[2026-02-18T00:13:40.931+0530][gc,heap     ] GC(103) Eden regions: 93->0(43)
[2026-02-18T00:13:40.931+0530][gc,heap     ] GC(103) Survivor regions: 5->8(13)
[2026-02-18T00:13:40.931+0530][gc,heap     ] GC(103) Old regions: 165->165
[2026-02-18T00:13:40.931+0530][gc,heap     ] GC(103) Archive regions: 2->2
[2026-02-18T00:13:40.931+0530][gc,heap     ] GC(103) Humongous regions: 147->147
[2026-02-18T00:13:40.931+0530][gc,metaspace] GC(103) Metaspace: 44825K(45312K)->44825K(45312K) NonClass: 39919K(40192K)->39919K(40192K) Class: 4906K(5120K)->4906K(5120K)
[2026-02-18T00:13:40.931+0530][gc          ] GC(103) Pause Young (Normal) (G1 Evacuation Pause) 410M->319M(1024M) 18.509ms
[2026-02-18T00:13:40.931+0530][gc,cpu      ] GC(103) User=0.01s Sys=0.00s Real=0.02s
[2026-02-18T00:14:07.630+0530][gc,start    ] GC(104) Pause Young (Normal) (G1 Evacuation Pause)
[2026-02-18T00:14:07.630+0530][gc,task     ] GC(104) Using 1 workers of 1 for evacuation
[2026-02-18T00:14:07.646+0530][gc,phases   ] GC(104)   Pre Evacuate Collection Set: 0.12ms
[2026-02-18T00:14:07.646+0530][gc,phases   ] GC(104)   Merge Heap Roots: 0.14ms
[2026-02-18T00:14:07.646+0530][gc,phases   ] GC(104)   Evacuate Collection Set: 14.71ms
[2026-02-18T00:14:07.646+0530][gc,phases   ] GC(104)   Post Evacuate Collection Set: 0.27ms
[2026-02-18T00:14:07.646+0530][gc,phases   ] GC(104)   Other: 0.07ms
[2026-02-18T00:14:07.646+0530][gc,heap     ] GC(104) Eden regions: 43->0(135)
[2026-02-18T00:14:07.646+0530][gc,heap     ] GC(104) Survivor regions: 8->4(7)
[2026-02-18T00:14:07.646+0530][gc,heap     ] GC(104) Old regions: 165->169
[2026-02-18T00:14:07.646+0530][gc,heap     ] GC(104) Archive regions: 2->2
[2026-02-18T00:14:07.646+0530][gc,heap     ] GC(104) Humongous regions: 147->147
[2026-02-18T00:14:07.646+0530][gc,metaspace] GC(104) Metaspace: 44829K(45312K)->44829K(45312K) NonClass: 39923K(40192K)->39923K(40192K) Class: 4906K(5120K)->4906K(5120K)
[2026-02-18T00:14:07.646+0530][gc          ] GC(104) Pause Young (Normal) (G1 Evacuation Pause) 362M->320M(1024M) 15.707ms
[2026-02-18T00:14:07.646+0530][gc,cpu      ] GC(104) User=0.01s Sys=0.00s Real=0.01s
[2026-02-18T00:15:28.906+0530][gc,start    ] GC(105) Pause Young (Normal) (G1 Evacuation Pause)
[2026-02-18T00:15:28.906+0530][gc,task     ] GC(105) Using 1 workers of 1 for evacuation
[2026-02-18T00:15:28.920+0530][gc,phases   ] GC(105)   Pre Evacuate Collection Set: 0.12ms
[2026-02-18T00:15:28.920+0530][gc,phases   ] GC(105)   Merge Heap Roots: 0.09ms
[2026-02-18T00:15:28.920+0530][gc,phases   ] GC(105)   Evacuate Collection Set: 13.74ms
[2026-02-18T00:15:28.920+0530][gc,phases   ] GC(105)   Post Evacuate Collection Set: 0.28ms
[2026-02-18T00:15:28.920+0530][gc,phases   ] GC(105)   Other: 0.08ms
[2026-02-18T00:15:28.920+0530][gc,heap     ] GC(105) Eden regions: 128->0(80)
[2026-02-18T00:15:28.920+0530][gc,heap     ] GC(105) Survivor regions: 4->7(17)
[2026-02-18T00:15:28.920+0530][gc,heap     ] GC(105) Old regions: 169->169
[2026-02-18T00:15:28.920+0530][gc,heap     ] GC(105) Archive regions: 2->2
[2026-02-18T00:15:28.920+0530][gc,heap     ] GC(105) Humongous regions: 147->147
[2026-02-18T00:15:28.920+0530][gc,metaspace] GC(105) Metaspace: 44831K(45312K)->44831K(45312K) NonClass: 39924K(40192K)->39924K(40192K) Class: 4906K(5120K)->4906K(5120K)
[2026-02-18T00:15:28.920+0530][gc          ] GC(105) Pause Young (Normal) (G1 Evacuation Pause) 448M->323M(1024M) 14.457ms
[2026-02-18T00:15:28.920+0530][gc,cpu      ] GC(105) User=0.02s Sys=0.00s Real=0.02s
[2026-02-18T00:16:21.107+0530][gc,start    ] GC(106) Pause Young (Normal) (G1 Evacuation Pause)
[2026-02-18T00:16:21.107+0530][gc,task     ] GC(106) Using 1 workers of 1 for evacuation
[2026-02-18T00:16:21.126+0530][gc,phases   ] GC(106)   Pre Evacuate Collection Set: 0.11ms
[2026-02-18T00:16:21.126+0530][gc,phases   ] GC(106)   Merge Heap Roots: 0.07ms
[2026-02-18T00:16:21.126+0530][gc,phases   ] GC(106)   Evacuate Collection Set: 18.14ms
[2026-02-18T00:16:21.126+0530][gc,phases   ] GC(106)   Post Evacuate Collection Set: 0.42ms
[2026-02-18T00:16:21.126+0530][gc,phases   ] GC(106)   Other: 0.16ms
[2026-02-18T00:16:21.126+0530][gc,heap     ] GC(106) Eden regions: 80->0(92)
[2026-02-18T00:16:21.126+0530][gc,heap     ] GC(106) Survivor regions: 7->7(11)
[2026-02-18T00:16:21.126+0530][gc,heap     ] GC(106) Old regions: 169->172
[2026-02-18T00:16:21.126+0530][gc,heap     ] GC(106) Archive regions: 2->2
[2026-02-18T00:16:21.126+0530][gc,heap     ] GC(106) Humongous regions: 147->147
[2026-02-18T00:16:21.126+0530][gc,metaspace] GC(106) Metaspace: 44831K(45312K)->44831K(45312K) NonClass: 39924K(40192K)->39924K(40192K) Class: 4906K(5120K)->4906K(5120K)
[2026-02-18T00:16:21.126+0530][gc          ] GC(106) Pause Young (Normal) (G1 Evacuation Pause) 403M->325M(1024M) 19.135ms
[2026-02-18T00:16:21.126+0530][gc,cpu      ] GC(106) User=0.01s Sys=0.00s Real=0.02s
[2026-02-18T00:17:13.031+0530][gc,start    ] GC(107) Pause Young (Normal) (G1 Evacuation Pause)
[2026-02-18T00:17:13.031+0530][gc,task     ] GC(107) Using 1 workers of 1 for evacuation
[2026-02-18T00:17:13.051+0530][gc,phases   ] GC(107)   Pre Evacuate Collection Set: 0.13ms
[2026-02-18T00:17:13.051+0530][gc,phases   ] GC(107)   Merge Heap Roots: 0.10ms
[2026-02-18T00:17:13.051+0530][gc,phases   ] GC(107)   Evacuate Collection Set: 18.85ms
[2026-02-18T00:17:13.051+0530][gc,phases   ] GC(107)   Post Evacuate Collection Set: 0.28ms
[2026-02-18T00:17:13.051+0530][gc,phases   ] GC(107)   Other: 0.14ms
[2026-02-18T00:17:13.051+0530][gc,heap     ] GC(107) Eden regions: 84->0(65)
[2026-02-18T00:17:13.051+0530][gc,heap     ] GC(107) Survivor regions: 7->8(12)
[2026-02-18T00:17:13.051+0530][gc,heap     ] GC(107) Old regions: 172->173
[2026-02-18T00:17:13.051+0530][gc,heap     ] GC(107) Archive regions: 2->2
[2026-02-18T00:17:13.051+0530][gc,heap     ] GC(107) Humongous regions: 147->147
[2026-02-18T00:17:13.051+0530][gc,metaspace] GC(107) Metaspace: 44831K(45312K)->44831K(45312K) NonClass: 39924K(40192K)->39924K(40192K) Class: 4906K(5120K)->4906K(5120K)
[2026-02-18T00:17:13.051+0530][gc          ] GC(107) Pause Young (Normal) (G1 Evacuation Pause) 409M->328M(1024M) 19.569ms
[2026-02-18T00:17:13.051+0530][gc,cpu      ] GC(107) User=0.02s Sys=0.00s Real=0.02s
                                                                                                                                                                                                                                                                                                                                                                                                                                                                                                                                                                                                                                                                                                                                                                                                                                                                                                                                                                                                                                                                                                                                                                                                                                                                                                                                                                                                                           