[2026-02-17T19:59:29.121+0530][gc] Using G1
[2026-02-17T19:59:29.176+0530][gc,init] Version: 17.0.18+8-Ubuntu-124.04.1 (release)
[2026-02-17T19:59:29.176+0530][gc,init] CPUs: 1 total, 1 available
[2026-02-17T19:59:29.176+0530][gc,init] Memory: 15805M
[2026-02-17T19:59:29.176+0530][gc,init] Large Page Support: Disabled
[2026-02-17T19:59:29.176+0530][gc,init] NUMA Support: Disabled
[2026-02-17T19:59:29.176+0530][gc,init] Compressed Oops: Enabled (32-bit)
[2026-02-17T19:59:29.176+0530][gc,init] Heap Region Size: 1M
[2026-02-17T19:59:29.176+0530][gc,init] Heap Min Capacity: 1G
[2026-02-17T19:59:29.176+0530][gc,init] Heap Initial Capacity: 1G
[2026-02-17T19:59:29.176+0530][gc,init] Heap Max Capacity: 1G
[2026-02-17T19:59:29.176+0530][gc,init] Pre-touch: Disabled
[2026-02-17T19:59:29.176+0530][gc,init] Parallel Workers: 1
[2026-02-17T19:59:29.176+0530][gc,init] Concurrent Workers: 1
[2026-02-17T19:59:29.176+0530][gc,init] Concurrent Refinement Workers: 1
[2026-02-17T19:59:29.176+0530][gc,init] Periodic GC: Disabled
[2026-02-17T19:59:29.218+0530][gc,metaspace] CDS archive(s) mapped at: [0x0000729b7b000000-0x0000729b7bbca000-0x0000729b7bbca000), size 12361728, SharedBaseAddress: 0x0000729b7b000000, ArchiveRelocationMode: 1.
[2026-02-17T19:59:29.218+0530][gc,metaspace] Compressed class space mapped at: 0x0000729b7c000000-0x0000729bbc000000, reserved size: 1073741824
[2026-02-17T19:59:29.218+0530][gc,metaspace] Narrow klass base: 0x0000729b7b000000, Narrow klass shift: 0, Narrow klass range: 0x100000000
[2026-02-17T19:59:33.157+0530][gc,start    ] GC(0) Pause Young (Normal) (G1 Evacuation Pause)
[2026-02-17T19:59:33.157+0530][gc,task     ] GC(0) Using 1 workers of 1 for evacuation
[2026-02-17T19:59:33.269+0530][gc,mmu      ] GC(0) MMU target violated: 21.0ms (20.0ms/21.0ms)
[2026-02-17T19:59:33.269+0530][gc,phases   ] GC(0)   Pre Evacuate Collection Set: 2.73ms
[2026-02-17T19:59:33.269+0530][gc,phases   ] GC(0)   Merge Heap Roots: 1.20ms
[2026-02-17T19:59:33.269+0530][gc,phases   ] GC(0)   Evacuate Collection Set: 105.58ms
[2026-02-17T19:59:33.269+0530][gc,phases   ] GC(0)   Post Evacuate Collection Set: 2.31ms
[2026-02-17T19:59:33.269+0530][gc,phases   ] GC(0)   Other: 0.10ms
[2026-02-17T19:59:33.269+0530][gc,heap     ] GC(0) Eden regions: 51->0(44)
[2026-02-17T19:59:33.269+0530][gc,heap     ] GC(0) Survivor regions: 0->7(7)
[2026-02-17T19:59:33.269+0530][gc,heap     ] GC(0) Old regions: 0->2
[2026-02-17T19:59:33.269+0530][gc,heap     ] GC(0) Archive regions: 2->2
[2026-02-17T19:59:33.269+0530][gc,heap     ] GC(0) Humongous regions: 0->0
[2026-02-17T19:59:33.269+0530][gc,metaspace] GC(0) Metaspace: 18371K(18560K)->18371K(18560K) NonClass: 16337K(16448K)->16337K(16448K) Class: 2033K(2112K)->2033K(2112K)
[2026-02-17T19:59:33.269+0530][gc          ] GC(0) Pause Young (Normal) (G1 Evacuation Pause) 51M->9M(1024M) 111.973ms
[2026-02-17T19:59:33.269+0530][gc,cpu      ] GC(0) User=0.02s Sys=0.00s Real=0.11s
[2026-02-17T19:59:34.551+0530][gc,start    ] GC(1) Pause Young (Concurrent Start) (Metadata GC Threshold)
[2026-02-17T19:59:34.551+0530][gc,task     ] GC(1) Using 1 workers of 1 for evacuation
[2026-02-17T19:59:34.696+0530][gc,mmu      ] GC(1) MMU target violated: 21.0ms (20.0ms/21.0ms)
[2026-02-17T19:59:34.696+0530][gc,phases   ] GC(1)   Pre Evacuate Collection Set: 1.45ms
[2026-02-17T19:59:34.696+0530][gc,phases   ] GC(1)   Merge Heap Roots: 0.03ms
[2026-02-17T19:59:34.696+0530][gc,phases   ] GC(1)   Evacuate Collection Set: 123.08ms
[2026-02-17T19:59:34.696+0530][gc,phases   ] GC(1)   Post Evacuate Collection Set: 20.19ms
[2026-02-17T19:59:34.696+0530][gc,phases   ] GC(1)   Other: 0.15ms
[2026-02-17T19:59:34.696+0530][gc,heap     ] GC(1) Eden regions: 12->0(49)
[2026-02-17T19:59:34.696+0530][gc,heap     ] GC(1) Survivor regions: 7->2(7)
[2026-02-17T19:59:34.696+0530][gc,heap     ] GC(1) Old regions: 2->9
[2026-02-17T19:59:34.696+0530][gc,heap     ] GC(1) Archive regions: 2->2
[2026-02-17T19:59:34.696+0530][gc,heap     ] GC(1) Humongous regions: 0->0
[2026-02-17T19:59:34.696+0530][gc,metaspace] GC(1) Metaspace: 21314K(21504K)->21314K(21504K) NonClass: 18920K(19008K)->18920K(19008K) Class: 2394K(2496K)->2394K(2496K)
[2026-02-17T19:59:34.696+0530][gc          ] GC(1) Pause Young (Concurrent Start) (Metadata GC Threshold) 21M->10M(1024M) 144.944ms
[2026-02-17T19:59:34.696+0530][gc,cpu      ] GC(1) User=0.01s Sys=0.00s Real=0.15s
[2026-02-17T19:59:34.696+0530][gc          ] GC(2) Concurrent Mark Cycle
[2026-02-17T19:59:34.696+0530][gc,marking  ] GC(2) Concurrent Clear Claimed Marks
[2026-02-17T19:59:34.696+0530][gc,marking  ] GC(2) Concurrent Clear Claimed Marks 0.009ms
[2026-02-17T19:59:34.696+0530][gc,marking  ] GC(2) Concurrent Scan Root Regions
[2026-02-17T19:59:34.733+0530][gc,marking  ] GC(2) Concurrent Scan Root Regions 36.898ms
[2026-02-17T19:59:34.733+0530][gc,marking  ] GC(2) Concurrent Mark
[2026-02-17T19:59:34.733+0530][gc,marking  ] GC(2) Concurrent Mark From Roots
[2026-02-17T19:59:34.733+0530][gc,task     ] GC(2) Using 1 workers of 1 for marking
[2026-02-17T19:59:34.765+0530][gc,marking  ] GC(2) Concurrent Mark From Roots 31.639ms
[2026-02-17T19:59:34.765+0530][gc,marking  ] GC(2) Concurrent Preclean
[2026-02-17T19:59:34.765+0530][gc,marking  ] GC(2) Concurrent Preclean 0.022ms
[2026-02-17T19:59:34.771+0530][gc,start    ] GC(2) Pause Remark
[2026-02-17T19:59:34.790+0530][gc          ] GC(2) Pause Remark 11M->11M(1024M) 18.448ms
[2026-02-17T19:59:34.790+0530][gc,cpu      ] GC(2) User=0.00s Sys=0.00s Real=0.02s
[2026-02-17T19:59:34.790+0530][gc,marking  ] GC(2) Concurrent Mark 56.300ms
[2026-02-17T19:59:34.790+0530][gc,marking  ] GC(2) Concurrent Rebuild Remembered Sets
[2026-02-17T19:59:34.813+0530][gc,marking  ] GC(2) Concurrent Rebuild Remembered Sets 23.197ms
[2026-02-17T19:59:34.829+0530][gc,start    ] GC(2) Pause Cleanup
[2026-02-17T19:59:34.830+0530][gc          ] GC(2) Pause Cleanup 11M->11M(1024M) 1.003ms
[2026-02-17T19:59:34.830+0530][gc,cpu      ] GC(2) User=0.00s Sys=0.00s Real=0.00s
[2026-02-17T19:59:34.830+0530][gc,marking  ] GC(2) Concurrent Cleanup for Next Mark
[2026-02-17T19:59:34.884+0530][gc,marking  ] GC(2) Concurrent Cleanup for Next Mark 53.796ms
[2026-02-17T19:59:34.884+0530][gc          ] GC(2) Concurrent Mark Cycle 187.849ms
[2026-02-17T19:59:36.486+0530][gc,start    ] GC(3) Pause Young (Normal) (G1 Evacuation Pause)
[2026-02-17T19:59:36.487+0530][gc,task     ] GC(3) Using 1 workers of 1 for evacuation
[2026-02-17T19:59:36.508+0530][gc,mmu      ] GC(3) MMU target violated: 21.0ms (20.0ms/21.0ms)
[2026-02-17T19:59:36.508+0530][gc,phases   ] GC(3)   Pre Evacuate Collection Set: 0.13ms
[2026-02-17T19:59:36.508+0530][gc,phases   ] GC(3)   Merge Heap Roots: 0.03ms
[2026-02-17T19:59:36.508+0530][gc,phases   ] GC(3)   Evacuate Collection Set: 21.00ms
[2026-02-17T19:59:36.508+0530][gc,phases   ] GC(3)   Post Evacuate Collection Set: 0.29ms
[2026-02-17T19:59:36.508+0530][gc,phases   ] GC(3)   Other: 0.11ms
[2026-02-17T19:59:36.508+0530][gc,heap     ] GC(3) Eden regions: 49->0(47)
[2026-02-17T19:59:36.508+0530][gc,heap     ] GC(3) Survivor regions: 2->4(7)
[2026-02-17T19:59:36.508+0530][gc,heap     ] GC(3) Old regions: 9->9
[2026-02-17T19:59:36.508+0530][gc,heap     ] GC(3) Archive regions: 2->2
[2026-02-17T19:59:36.508+0530][gc,heap     ] GC(3) Humongous regions: 0->0
[2026-02-17T19:59:36.508+0530][gc,metaspace] GC(3) Metaspace: 30526K(30720K)->30526K(30720K) NonClass: 27108K(27200K)->27108K(27200K) Class: 3418K(3520K)->3418K(3520K)
[2026-02-17T19:59:36.508+0530][gc          ] GC(3) Pause Young (Normal) (G1 Evacuation Pause) 59M->13M(1024M) 21.610ms
[2026-02-17T19:59:36.508+0530][gc,cpu      ] GC(3) User=0.01s Sys=0.00s Real=0.02s
[2026-02-17T19:59:37.433+0530][gc,start    ] GC(4) Pause Young (Concurrent Start) (Metadata GC Threshold)
[2026-02-17T19:59:37.433+0530][gc,task     ] GC(4) Using 1 workers of 1 for evacuation
[2026-02-17T19:59:37.456+0530][gc,mmu      ] GC(4) MMU target violated: 21.0ms (20.0ms/21.0ms)
[2026-02-17T19:59:37.456+0530][gc,phases   ] GC(4)   Pre Evacuate Collection Set: 0.13ms
[2026-02-17T19:59:37.456+0530][gc,phases   ] GC(4)   Merge Heap Roots: 0.04ms
[2026-02-17T19:59:37.456+0530][gc,phases   ] GC(4)   Evacuate Collection Set: 22.27ms
[2026-02-17T19:59:37.456+0530][gc,phases   ] GC(4)   Post Evacuate Collection Set: 0.46ms
[2026-02-17T19:59:37.456+0530][gc,phases   ] GC(4)   Other: 0.15ms
[2026-02-17T19:59:37.456+0530][gc,heap     ] GC(4) Eden regions: 31->0(45)
[2026-02-17T19:59:37.456+0530][gc,heap     ] GC(4) Survivor regions: 4->6(7)
[2026-02-17T19:59:37.456+0530][gc,heap     ] GC(4) Old regions: 9->10
[2026-02-17T19:59:37.456+0530][gc,heap     ] GC(4) Archive regions: 2->2
[2026-02-17T19:59:37.456+0530][gc,heap     ] GC(4) Humongous regions: 129->129
[2026-02-17T19:59:37.456+0530][gc,metaspace] GC(4) Metaspace: 35690K(35968K)->35690K(35968K) NonClass: 31723K(31872K)->31723K(31872K) Class: 3967K(4096K)->3967K(4096K)
[2026-02-17T19:59:37.456+0530][gc          ] GC(4) Pause Young (Concurrent Start) (Metadata GC Threshold) 172M->145M(1024M) 23.089ms
[2026-02-17T19:59:37.456+0530][gc,cpu      ] GC(4) User=0.01s Sys=0.00s Real=0.03s
[2026-02-17T19:59:37.457+0530][gc          ] GC(5) Concurrent Mark Cycle
[2026-02-17T19:59:37.457+0530][gc,marking  ] GC(5) Concurrent Clear Claimed Marks
[2026-02-17T19:59:37.457+0530][gc,marking  ] GC(5) Concurrent Clear Claimed Marks 0.014ms
[2026-02-17T19:59:37.457+0530][gc,marking  ] GC(5) Concurrent Scan Root Regions
[2026-02-17T19:59:37.473+0530][gc,marking  ] GC(5) Concurrent Scan Root Regions 16.267ms
[2026-02-17T19:59:37.473+0530][gc,marking  ] GC(5) Concurrent Mark
[2026-02-17T19:59:37.473+0530][gc,marking  ] GC(5) Concurrent Mark From Roots
[2026-02-17T19:59:37.473+0530][gc,task     ] GC(5) Using 1 workers of 1 for marking
[2026-02-17T19:59:37.502+0530][gc,marking  ] GC(5) Concurrent Mark From Roots 29.066ms
[2026-02-17T19:59:37.502+0530][gc,marking  ] GC(5) Concurrent Preclean
[2026-02-17T19:59:37.504+0530][gc,marking  ] GC(5) Concurrent Preclean 1.446ms
[2026-02-17T19:59:37.505+0530][gc,start    ] GC(5) Pause Remark
[2026-02-17T19:59:37.511+0530][gc          ] GC(5) Pause Remark 148M->148M(1024M) 5.768ms
[2026-02-17T19:59:37.511+0530][gc,cpu      ] GC(5) User=0.00s Sys=0.00s Real=0.01s
[2026-02-17T19:59:37.511+0530][gc,marking  ] GC(5) Concurrent Mark 37.737ms
[2026-02-17T19:59:37.511+0530][gc,marking  ] GC(5) Concurrent Rebuild Remembered Sets
[2026-02-17T19:59:37.520+0530][gc,marking  ] GC(5) Concurrent Rebuild Remembered Sets 9.220ms
[2026-02-17T19:59:37.520+0530][gc,start    ] GC(5) Pause Cleanup
[2026-02-17T19:59:37.522+0530][gc          ] GC(5) Pause Cleanup 148M->148M(1024M) 1.269ms
[2026-02-17T19:59:37.522+0530][gc,cpu      ] GC(5) User=0.00s Sys=0.00s Real=0.00s
[2026-02-17T19:59:37.522+0530][gc,marking  ] GC(5) Concurrent Cleanup for Next Mark
[2026-02-17T19:59:37.545+0530][gc,marking  ] GC(5) Concurrent Cleanup for Next Mark 22.916ms
[2026-02-17T19:59:37.545+0530][gc          ] GC(5) Concurrent Mark Cycle 87.622ms
[2026-02-17T20:06:22.447+0530][gc,start    ] GC(6) Pause Young (Concurrent Start) (G1 Evacuation Pause)
[2026-02-17T20:06:22.447+0530][gc,task     ] GC(6) Using 1 workers of 1 for evacuation
[2026-02-17T20:06:22.460+0530][gc,phases   ] GC(6)   Pre Evacuate Collection Set: 0.30ms
[2026-02-17T20:06:22.460+0530][gc,phases   ] GC(6)   Merge Heap Roots: 0.04ms
[2026-02-17T20:06:22.460+0530][gc,phases   ] GC(6)   Evacuate Collection Set: 11.52ms
[2026-02-17T20:06:22.460+0530][gc,phases   ] GC(6)   Post Evacuate Collection Set: 0.29ms
[2026-02-17T20:06:22.460+0530][gc,phases   ] GC(6)   Other: 0.11ms
[2026-02-17T20:06:22.460+0530][gc,heap     ] GC(6) Eden regions: 45->0(47)
[2026-02-17T20:06:22.460+0530][gc,heap     ] GC(6) Survivor regions: 6->4(7)
[2026-02-17T20:06:22.460+0530][gc,heap     ] GC(6) Old regions: 10->13
[2026-02-17T20:06:22.460+0530][gc,heap     ] GC(6) Archive regions: 2->2
[2026-02-17T20:06:22.460+0530][gc,heap     ] GC(6) Humongous regions: 129->129
[2026-02-17T20:06:22.460+0530][gc,metaspace] GC(6) Metaspace: 37668K(37952K)->37668K(37952K) NonClass: 33599K(33728K)->33599K(33728K) Class: 4069K(4224K)->4069K(4224K)
[2026-02-17T20:06:22.460+0530][gc          ] GC(6) Pause Young (Concurrent Start) (G1 Evacuation Pause) 190M->145M(1024M) 12.311ms
[2026-02-17T20:06:22.460+0530][gc,cpu      ] GC(6) User=0.01s Sys=0.00s Real=0.01s
[2026-02-17T20:06:22.460+0530][gc          ] GC(7) Concurrent Mark Cycle
[2026-02-17T20:06:22.460+0530][gc,marking  ] GC(7) Concurrent Clear Claimed Marks
[2026-02-17T20:06:22.460+0530][gc,marking  ] GC(7) Concurrent Clear Claimed Marks 0.008ms
[2026-02-17T20:06:22.460+0530][gc,marking  ] GC(7) Concurrent Scan Root Regions
[2026-02-17T20:06:22.467+0530][gc,marking  ] GC(7) Concurrent Scan Root Regions 7.661ms
[2026-02-17T20:06:22.467+0530][gc,marking  ] GC(7) Concurrent Mark
[2026-02-17T20:06:22.468+0530][gc,marking  ] GC(7) Concurrent Mark From Roots
[2026-02-17T20:06:22.468+0530][gc,task     ] GC(7) Using 1 workers of 1 for marking
[2026-02-17T20:06:22.479+0530][gc,marking  ] GC(7) Concurrent Mark From Roots 11.793ms
[2026-02-17T20:06:22.479+0530][gc,marking  ] GC(7) Concurrent Preclean
[2026-02-17T20:06:22.479+0530][gc,marking  ] GC(7) Concurrent Preclean 0.030ms
[2026-02-17T20:06:22.479+0530][gc,start    ] GC(7) Pause Remark
[2026-02-17T20:06:22.486+0530][gc          ] GC(7) Pause Remark 146M->146M(1024M) 6.343ms
[2026-02-17T20:06:22.486+0530][gc,cpu      ] GC(7) User=0.00s Sys=0.00s Real=0.00s
[2026-02-17T20:06:22.486+0530][gc,marking  ] GC(7) Concurrent Mark 18.521ms
[2026-02-17T20:06:22.486+0530][gc,marking  ] GC(7) Concurrent Rebuild Remembered Sets
[2026-02-17T20:06:22.492+0530][gc,marking  ] GC(7) Concurrent Rebuild Remembered Sets 5.537ms
[2026-02-17T20:06:22.492+0530][gc,start    ] GC(7) Pause Cleanup
[2026-02-17T20:06:22.492+0530][gc          ] GC(7) Pause Cleanup 146M->146M(1024M) 0.069ms
[2026-02-17T20:06:22.492+0530][gc,cpu      ] GC(7) User=0.00s Sys=0.00s Real=0.00s
[2026-02-17T20:06:22.492+0530][gc,marking  ] GC(7) Concurrent Cleanup for Next Mark
[2026-02-17T20:06:22.493+0530][gc,marking  ] GC(7) Concurrent Cleanup for Next Mark 1.339ms
[2026-02-17T20:06:22.493+0530][gc          ] GC(7) Concurrent Mark Cycle 33.347ms
[2026-02-17T20:11:54.579+0530][gc,start    ] GC(8) Pause Young (Prepare Mixed) (G1 Evacuation Pause)
[2026-02-17T20:11:54.579+0530][gc,task     ] GC(8) Using 1 workers of 1 for evacuation
[2026-02-17T20:11:54.589+0530][gc,phases   ] GC(8)   Pre Evacuate Collection Set: 0.16ms
[2026-02-17T20:11:54.589+0530][gc,phases   ] GC(8)   Merge Heap Roots: 0.05ms
[2026-02-17T20:11:54.589+0530][gc,phases   ] GC(8)   Evacuate Collection Set: 8.88ms
[2026-02-17T20:11:54.589+0530][gc,phases   ] GC(8)   Post Evacuate Collection Set: 1.23ms
[2026-02-17T20:11:54.589+0530][gc,phases   ] GC(8)   Other: 0.08ms
[2026-02-17T20:11:54.589+0530][gc,heap     ] GC(8) Eden regions: 47->0(46)
[2026-02-17T20:11:54.589+0530][gc,heap     ] GC(8) Survivor regions: 4->5(7)
[2026-02-17T20:11:54.589+0530][gc,heap     ] GC(8) Old regions: 13->13
[2026-02-17T20:11:54.589+0530][gc,heap     ] GC(8) Archive regions: 2->2
[2026-02-17T20:11:54.589+0530][gc,heap     ] GC(8) Humongous regions: 129->129
[2026-02-17T20:11:54.589+0530][gc,metaspace] GC(8) Metaspace: 39863K(40320K)->39863K(40320K) NonClass: 35386K(35648K)->35386K(35648K) Class: 4476K(4672K)->4476K(4672K)
[2026-02-17T20:11:54.589+0530][gc          ] GC(8) Pause Young (Prepare Mixed) (G1 Evacuation Pause) 192M->147M(1024M) 10.468ms
[2026-02-17T20:11:54.589+0530][gc,cpu      ] GC(8) User=0.01s Sys=0.00s Real=0.01s
[2026-02-17T20:13:36.527+0530][gc,start    ] GC(9) Pause Young (Mixed) (G1 Evacuation Pause)
[2026-02-17T20:13:36.535+0530][gc,task     ] GC(9) Using 1 workers of 1 for evacuation
[2026-02-17T20:13:36.615+0530][gc,mmu      ] GC(9) MMU target violated: 21.0ms (20.0ms/21.0ms)
[2026-02-17T20:13:36.615+0530][gc,phases   ] GC(9)   Pre Evacuate Collection Set: 3.55ms
[2026-02-17T20:13:36.615+0530][gc,phases   ] GC(9)   Merge Heap Roots: 0.07ms
[2026-02-17T20:13:36.615+0530][gc,phases   ] GC(9)   Evacuate Collection Set: 73.76ms
[2026-02-17T20:13:36.615+0530][gc,phases   ] GC(9)   Post Evacuate Collection Set: 2.34ms
[2026-02-17T20:13:36.615+0530][gc,phases   ] GC(9)   Other: 7.68ms
[2026-02-17T20:13:36.615+0530][gc,heap     ] GC(9) Eden regions: 46->0(46)
[2026-02-17T20:13:36.615+0530][gc,heap     ] GC(9) Survivor regions: 5->5(7)
[2026-02-17T20:13:36.615+0530][gc,heap     ] GC(9) Old regions: 13->16
[2026-02-17T20:13:36.615+0530][gc,heap     ] GC(9) Archive regions: 2->2
[2026-02-17T20:13:36.615+0530][gc,heap     ] GC(9) Humongous regions: 129->129
[2026-02-17T20:13:36.615+0530][gc,metaspace] GC(9) Metaspace: 42328K(42816K)->42328K(42816K) NonClass: 37538K(37824K)->37538K(37824K) Class: 4790K(4992K)->4790K(4992K)
[2026-02-17T20:13:36.615+0530][gc          ] GC(9) Pause Young (Mixed) (G1 Evacuation Pause) 193M->149M(1024M) 87.448ms
[2026-02-17T20:13:36.615+0530][gc,cpu      ] GC(9) User=0.01s Sys=0.00s Real=0.08s
[2026-02-17T20:15:23.236+0530][gc,start    ] GC(10) Pause Young (Normal) (G1 Evacuation Pause)
[2026-02-17T20:15:23.236+0530][gc,task     ] GC(10) Using 1 workers of 1 for evacuation
[2026-02-17T20:15:23.248+0530][gc,phases   ] GC(10)   Pre Evacuate Collection Set: 0.08ms
[2026-02-17T20:15:23.248+0530][gc,phases   ] GC(10)   Merge Heap Roots: 0.13ms
[2026-02-17T20:15:23.248+0530][gc,phases   ] GC(10)   Evacuate Collection Set: 10.72ms
[2026-02-17T20:15:23.248+0530][gc,phases   ] GC(10)   Post Evacuate Collection Set: 0.57ms
[2026-02-17T20:15:23.248+0530][gc,phases   ] GC(10)   Other: 0.33ms
[2026-02-17T20:15:23.248+0530][gc,heap     ] GC(10) Eden regions: 46->0(47)
[2026-02-17T20:15:23.248+0530][gc,heap     ] GC(10) Survivor regions: 5->4(7)
[2026-02-17T20:15:23.248+0530][gc,heap     ] GC(10) Old regions: 16->17
[2026-02-17T20:15:23.248+0530][gc,heap     ] GC(10) Archive regions: 2->2
[2026-02-17T20:15:23.248+0530][gc,heap     ] GC(10) Humongous regions: 129->129
[2026-02-17T20:15:23.248+0530][gc,metaspace] GC(10) Metaspace: 42965K(43456K)->42965K(43456K) NonClass: 38068K(38336K)->38068K(38336K) Class: 4897K(5120K)->4897K(5120K)
[2026-02-17T20:15:23.248+0530][gc          ] GC(10) Pause Young (Normal) (G1 Evacuation Pause) 195M->150M(1024M) 11.886ms
[2026-02-17T20:15:23.248+0530][gc,cpu      ] GC(10) User=0.01s Sys=0.00s Real=0.02s
[2026-02-17T20:17:25.063+0530][gc,start    ] GC(11) Pause Young (Normal) (G1 Evacuation Pause)
[2026-02-17T20:17:25.063+0530][gc,task     ] GC(11) Using 1 workers of 1 for evacuation
[2026-02-17T20:17:25.079+0530][gc,phases   ] GC(11)   Pre Evacuate Collection Set: 0.12ms
[2026-02-17T20:17:25.079+0530][gc,phases   ] GC(11)   Merge Heap Roots: 0.31ms
[2026-02-17T20:17:25.079+0530][gc,phases   ] GC(11)   Evacuate Collection Set: 15.66ms
[2026-02-17T20:17:25.079+0530][gc,phases   ] GC(11)   Post Evacuate Collection Set: 0.34ms
[2026-02-17T20:17:25.079+0530][gc,phases   ] GC(11)   Other: 0.31ms
[2026-02-17T20:17:25.079+0530][gc,heap     ] GC(11) Eden regions: 47->0(45)
[2026-02-17T20:17:25.079+0530][gc,heap     ] GC(11) Survivor regions: 4->6(7)
[2026-02-17T20:17:25.079+0530][gc,heap     ] GC(11) Old regions: 17->19
[2026-02-17T20:17:25.079+0530][gc,heap     ] GC(11) Archive regions: 2->2
[2026-02-17T20:17:25.080+0530][gc,heap     ] GC(11) Humongous regions: 129->129
[2026-02-17T20:17:25.080+0530][gc,metaspace] GC(11) Metaspace: 43071K(43584K)->43071K(43584K) NonClass: 38172K(38464K)->38172K(38464K) Class: 4898K(5120K)->4898K(5120K)
[2026-02-17T20:17:25.080+0530][gc          ] GC(11) Pause Young (Normal) (G1 Evacuation Pause) 197M->154M(1024M) 16.713ms
[2026-02-17T20:17:25.080+0530][gc,cpu      ] GC(11) User=0.01s Sys=0.00s Real=0.02s
[2026-02-17T20:19:24.645+0530][gc,start    ] GC(12) Pause Young (Normal) (G1 Evacuation Pause)
[2026-02-17T20:19:24.645+0530][gc,task     ] GC(12) Using 1 workers of 1 for evacuation
[2026-02-17T20:19:24.656+0530][gc,phases   ] GC(12)   Pre Evacuate Collection Set: 0.18ms
[2026-02-17T20:19:24.656+0530][gc,phases   ] GC(12)   Merge Heap Roots: 0.05ms
[2026-02-17T20:19:24.656+0530][gc,phases   ] GC(12)   Evacuate Collection Set: 10.58ms
[2026-02-17T20:19:24.656+0530][gc,phases   ] GC(12)   Post Evacuate Collection Set: 0.34ms
[2026-02-17T20:19:24.656+0530][gc,phases   ] GC(12)   Other: 0.40ms
[2026-02-17T20:19:24.657+0530][gc,heap     ] GC(12) Eden regions: 45->0(47)
[2026-02-17T20:19:24.657+0530][gc,heap     ] GC(12) Survivor regions: 6->4(7)
[2026-02-17T20:19:24.657+0530][gc,heap     ] GC(12) Old regions: 19->22
[2026-02-17T20:19:24.657+0530][gc,heap     ] GC(12) Archive regions: 2->2
[2026-02-17T20:19:24.657+0530][gc,heap     ] GC(12) Humongous regions: 129->129
[2026-02-17T20:19:24.657+0530][gc,metaspace] GC(12) Metaspace: 43128K(43648K)->43128K(43648K) NonClass: 38230K(38528K)->38230K(38528K) Class: 4898K(5120K)->4898K(5120K)
[2026-02-17T20:19:24.657+0530][gc          ] GC(12) Pause Young (Normal) (G1 Evacuation Pause) 199M->154M(1024M) 11.678ms
[2026-02-17T20:19:24.657+0530][gc,cpu      ] GC(12) User=0.01s Sys=0.00s Real=0.02s
[2026-02-17T20:21:29.099+0530][gc,start    ] GC(13) Pause Young (Normal) (G1 Evacuation Pause)
[2026-02-17T20:21:29.099+0530][gc,task     ] GC(13) Using 1 workers of 1 for evacuation
[2026-02-17T20:21:29.165+0530][gc,mmu      ] GC(13) MMU target violated: 21.0ms (20.0ms/21.0ms)
[2026-02-17T20:21:29.165+0530][gc,phases   ] GC(13)   Pre Evacuate Collection Set: 0.37ms
[2026-02-17T20:21:29.165+0530][gc,phases   ] GC(13)   Merge Heap Roots: 0.44ms
[2026-02-17T20:21:29.165+0530][gc,phases   ] GC(13)   Evacuate Collection Set: 63.52ms
[2026-02-17T20:21:29.165+0530][gc,phases   ] GC(13)   Post Evacuate Collection Set: 1.16ms
[2026-02-17T20:21:29.165+0530][gc,phases   ] GC(13)   Other: 0.21ms
[2026-02-17T20:21:29.165+0530][gc,heap     ] GC(13) Eden regions: 47->0(47)
[2026-02-17T20:21:29.165+0530][gc,heap     ] GC(13) Survivor regions: 4->4(7)
[2026-02-17T20:21:29.165+0530][gc,heap     ] GC(13) Old regions: 22->22
[2026-02-17T20:21:29.165+0530][gc,heap     ] GC(13) Archive regions: 2->2
[2026-02-17T20:21:29.165+0530][gc,heap     ] GC(13) Humongous regions: 129->129
[2026-02-17T20:21:29.165+0530][gc,metaspace] GC(13) Metaspace: 43224K(43712K)->43224K(43712K) NonClass: 38307K(38592K)->38307K(38592K) Class: 4916K(5120K)->4916K(5120K)
[2026-02-17T20:21:29.165+0530][gc          ] GC(13) Pause Young (Normal) (G1 Evacuation Pause) 201M->155M(1024M) 65.739ms
[2026-02-17T20:21:29.165+0530][gc,cpu      ] GC(13) User=0.01s Sys=0.00s Real=0.06s
[2026-02-17T20:23:35.999+0530][gc,start    ] GC(14) Pause Young (Normal) (G1 Evacuation Pause)
[2026-02-17T20:23:35.999+0530][gc,task     ] GC(14) Using 1 workers of 1 for evacuation
[2026-02-17T20:23:36.010+0530][gc,phases   ] GC(14)   Pre Evacuate Collection Set: 0.38ms
[2026-02-17T20:23:36.010+0530][gc,phases   ] GC(14)   Merge Heap Roots: 0.05ms
[2026-02-17T20:23:36.010+0530][gc,phases   ] GC(14)   Evacuate Collection Set: 10.85ms
[2026-02-17T20:23:36.010+0530][gc,phases   ] GC(14)   Post Evacuate Collection Set: 0.40ms
[2026-02-17T20:23:36.010+0530][gc,phases   ] GC(14)   Other: 0.11ms
[2026-02-17T20:23:36.010+0530][gc,heap     ] GC(14) Eden regions: 47->0(48)
[2026-02-17T20:23:36.010+0530][gc,heap     ] GC(14) Survivor regions: 4->3(7)
[2026-02-17T20:23:36.010+0530][gc,heap     ] GC(14) Old regions: 22->23
[2026-02-17T20:23:36.010+0530][gc,heap     ] GC(14) Archive regions: 2->2
[2026-02-17T20:23:36.010+0530][gc,heap     ] GC(14) Humongous regions: 129->129
[2026-02-17T20:23:36.010+0530][gc,metaspace] GC(14) Metaspace: 43261K(43776K)->43261K(43776K) NonClass: 38344K(38656K)->38344K(38656K) Class: 4916K(5120K)->4916K(5120K)
[2026-02-17T20:23:36.010+0530][gc          ] GC(14) Pause Young (Normal) (G1 Evacuation Pause) 202M->155M(1024M) 11.849ms
[2026-02-17T20:23:36.010+0530][gc,cpu      ] GC(14) User=0.01s Sys=0.00s Real=0.01s
[2026-02-17T20:25:46.081+0530][gc,start    ] GC(15) Pause Young (Normal) (G1 Evacuation Pause)
[2026-02-17T20:25:46.081+0530][gc,task     ] GC(15) Using 1 workers of 1 for evacuation
[2026-02-17T20:25:46.099+0530][gc,phases   ] GC(15)   Pre Evacuate Collection Set: 0.23ms
[2026-02-17T20:25:46.099+0530][gc,phases   ] GC(15)   Merge Heap Roots: 0.14ms
[2026-02-17T20:25:46.099+0530][gc,phases   ] GC(15)   Evacuate Collection Set: 17.63ms
[2026-02-17T20:25:46.099+0530][gc,phases   ] GC(15)   Post Evacuate Collection Set: 0.32ms
[2026-02-17T20:25:46.099+0530][gc,phases   ] GC(15)   Other: 0.15ms
[2026-02-17T20:25:46.099+0530][gc,heap     ] GC(15) Eden regions: 48->0(44)
[2026-02-17T20:25:46.099+0530][gc,heap     ] GC(15) Survivor regions: 3->7(7)
[2026-02-17T20:25:46.099+0530][gc,heap     ] GC(15) Old regions: 23->23
[2026-02-17T20:25:46.099+0530][gc,heap     ] GC(15) Archive regions: 2->2
[2026-02-17T20:25:46.099+0530][gc,heap     ] GC(15) Humongous regions: 129->129
[2026-02-17T20:25:46.099+0530][gc,metaspace] GC(15) Metaspace: 43287K(43776K)->43287K(43776K) NonClass: 38370K(38656K)->38370K(38656K) Class: 4916K(5120K)->4916K(5120K)
[2026-02-17T20:25:46.099+0530][gc          ] GC(15) Pause Young (Normal) (G1 Evacuation Pause) 203M->159M(1024M) 18.539ms
[2026-02-17T20:25:46.099+0530][gc,cpu      ] GC(15) User=0.01s Sys=0.00s Real=0.02s
[2026-02-17T20:27:44.413+0530][gc,start    ] GC(16) Pause Young (Normal) (G1 Evacuation Pause)
[2026-02-17T20:27:44.413+0530][gc,task     ] GC(16) Using 1 workers of 1 for evacuation
[2026-02-17T20:27:44.431+0530][gc,phases   ] GC(16)   Pre Evacuate Collection Set: 0.14ms
[2026-02-17T20:27:44.431+0530][gc,phases   ] GC(16)   Merge Heap Roots: 0.07ms
[2026-02-17T20:27:44.431+0530][gc,phases   ] GC(16)   Evacuate Collection Set: 17.53ms
[2026-02-17T20:27:44.431+0530][gc,phases   ] GC(16)   Post Evacuate Collection Set: 0.62ms
[2026-02-17T20:27:44.431+0530][gc,phases   ] GC(16)   Other: 0.08ms
[2026-02-17T20:27:44.431+0530][gc,heap     ] GC(16) Eden regions: 44->0(47)
[2026-02-17T20:27:44.431+0530][gc,heap     ] GC(16) Survivor regions: 7->4(7)
[2026-02-17T20:27:44.431+0530][gc,heap     ] GC(16) Old regions: 23->27
[2026-02-17T20:27:44.431+0530][gc,heap     ] GC(16) Archive regions: 2->2
[2026-02-17T20:27:44.431+0530][gc,heap     ] GC(16) Humongous regions: 129->129
[2026-02-17T20:27:44.431+0530][gc,metaspace] GC(16) Metaspace: 43343K(43840K)->43343K(43840K) NonClass: 38426K(38720K)->38426K(38720K) Class: 4916K(5120K)->4916K(5120K)
[2026-02-17T20:27:44.431+0530][gc          ] GC(16) Pause Young (Normal) (G1 Evacuation Pause) 203M->159M(1024M) 18.509ms
[2026-02-17T20:27:44.431+0530][gc,cpu      ] GC(16) User=0.02s Sys=0.00s Real=0.02s
[2026-02-17T20:29:51.509+0530][gc,start    ] GC(17) Pause Young (Normal) (G1 Evacuation Pause)
[2026-02-17T20:29:51.509+0530][gc,task     ] GC(17) Using 1 workers of 1 for evacuation
[2026-02-17T20:29:51.525+0530][gc,phases   ] GC(17)   Pre Evacuate Collection Set: 0.13ms
[2026-02-17T20:29:51.525+0530][gc,phases   ] GC(17)   Merge Heap Roots: 0.15ms
[2026-02-17T20:29:51.525+0530][gc,phases   ] GC(17)   Evacuate Collection Set: 15.55ms
[2026-02-17T20:29:51.525+0530][gc,phases   ] GC(17)   Post Evacuate Collection Set: 0.25ms
[2026-02-17T20:29:51.525+0530][gc,phases   ] GC(17)   Other: 0.09ms
[2026-02-17T20:29:51.525+0530][gc,heap     ] GC(17) Eden regions: 47->0(47)
[2026-02-17T20:29:51.525+0530][gc,heap     ] GC(17) Survivor regions: 4->4(7)
[2026-02-17T20:29:51.525+0530][gc,heap     ] GC(17) Old regions: 27->27
[2026-02-17T20:29:51.525+0530][gc,heap     ] GC(17) Archive regions: 2->2
[2026-02-17T20:29:51.525+0530][gc,heap     ] GC(17) Humongous regions: 129->129
[2026-02-17T20:29:51.525+0530][gc,metaspace] GC(17) Metaspace: 43379K(43904K)->43379K(43904K) NonClass: 38462K(38784K)->38462K(38784K) Class: 4916K(5120K)->4916K(5120K)
[2026-02-17T20:29:51.525+0530][gc          ] GC(17) Pause Young (Normal) (G1 Evacuation Pause) 206M->160M(1024M) 16.220ms
[2026-02-17T20:29:51.525+0530][gc,cpu      ] GC(17) User=0.00s Sys=0.00s Real=0.01s
[2026-02-17T20:31:59.105+0530][gc,start    ] GC(18) Pause Young (Normal) (G1 Evacuation Pause)
[2026-02-17T20:31:59.105+0530][gc,task     ] GC(18) Using 1 workers of 1 for evacuation
[2026-02-17T20:31:59.158+0530][gc,mmu      ] GC(18) MMU target violated: 21.0ms (20.0ms/21.0ms)
[2026-02-17T20:31:59.158+0530][gc,phases   ] GC(18)   Pre Evacuate Collection Set: 0.40ms
[2026-02-17T20:31:59.158+0530][gc,phases   ] GC(18)   Merge Heap Roots: 0.96ms
[2026-02-17T20:31:59.158+0530][gc,phases   ] GC(18)   Evacuate Collection Set: 49.27ms
[2026-02-17T20:31:59.158+0530][gc,phases   ] GC(18)   Post Evacuate Collection Set: 3.04ms
[2026-02-17T20:31:59.158+0530][gc,phases   ] GC(18)   Other: 0.13ms
[2026-02-17T20:31:59.158+0530][gc,heap     ] GC(18) Eden regions: 47->0(47)
[2026-02-17T20:31:59.158+0530][gc,heap     ] GC(18) Survivor regions: 4->4(7)
[2026-02-17T20:31:59.158+0530][gc,heap     ] GC(18) Old regions: 27->28
[2026-02-17T20:31:59.158+0530][gc,heap     ] GC(18) Archive regions: 2->2
[2026-02-17T20:31:59.158+0530][gc,heap     ] GC(18) Humongous regions: 129->129
[2026-02-17T20:31:59.158+0530][gc,metaspace] GC(18) Metaspace: 43404K(43904K)->43404K(43904K) NonClass: 38487K(38784K)->38487K(38784K) Class: 4916K(5120K)->4916K(5120K)
[2026-02-17T20:31:59.158+0530][gc          ] GC(18) Pause Young (Normal) (G1 Evacuation Pause) 207M->161M(1024M) 53.840ms
[2026-02-17T20:31:59.158+0530][gc,cpu      ] GC(18) User=0.01s Sys=0.00s Real=0.06s
[2026-02-17T20:34:07.618+0530][gc,start    ] GC(19) Pause Young (Normal) (G1 Evacuation Pause)
[2026-02-17T20:34:07.618+0530][gc,task     ] GC(19) Using 1 workers of 1 for evacuation
[2026-02-17T20:34:07.630+0530][gc,phases   ] GC(19)   Pre Evacuate Collection Set: 0.13ms
[2026-02-17T20:34:07.630+0530][gc,phases   ] GC(19)   Merge Heap Roots: 0.15ms
[2026-02-17T20:34:07.630+0530][gc,phases   ] GC(19)   Evacuate Collection Set: 11.37ms
[2026-02-17T20:34:07.630+0530][gc,phases   ] GC(19)   Post Evacuate Collection Set: 0.31ms
[2026-02-17T20:34:07.630+0530][gc,phases   ] GC(19)   Other: 0.26ms
[2026-02-17T20:34:07.630+0530][gc,heap     ] GC(19) Eden regions: 47->0(44)
[2026-02-17T20:34:07.630+0530][gc,heap     ] GC(19) Survivor regions: 4->7(7)
[2026-02-17T20:34:07.630+0530][gc,heap     ] GC(19) Old regions: 28->28
[2026-02-17T20:34:07.630+0530][gc,heap     ] GC(19) Archive regions: 2->2
[2026-02-17T20:34:07.630+0530][gc,heap     ] GC(19) Humongous regions: 129->129
[2026-02-17T20:34:07.630+0530][gc,metaspace] GC(19) Metaspace: 43419K(43968K)->43419K(43968K) NonClass: 38502K(38848K)->38502K(38848K) Class: 4916K(5120K)->4916K(5120K)
[2026-02-17T20:34:07.630+0530][gc          ] GC(19) Pause Young (Normal) (G1 Evacuation Pause) 208M->164M(1024M) 12.273ms
[2026-02-17T20:34:07.630+0530][gc,cpu      ] GC(19) User=0.01s Sys=0.00s Real=0.01s
[2026-02-17T20:36:07.623+0530][gc,start    ] GC(20) Pause Young (Normal) (G1 Evacuation Pause)
[2026-02-17T20:36:07.623+0530][gc,task     ] GC(20) Using 1 workers of 1 for evacuation
[2026-02-17T20:36:07.637+0530][gc,phases   ] GC(20)   Pre Evacuate Collection Set: 0.64ms
[2026-02-17T20:36:07.637+0530][gc,phases   ] GC(20)   Merge Heap Roots: 0.08ms
[2026-02-17T20:36:07.637+0530][gc,phases   ] GC(20)   Evacuate Collection Set: 12.82ms
[2026-02-17T20:36:07.637+0530][gc,phases   ] GC(20)   Post Evacuate Collection Set: 0.22ms
[2026-02-17T20:36:07.637+0530][gc,phases   ] GC(20)   Other: 0.08ms
[2026-02-17T20:36:07.637+0530][gc,heap     ] GC(20) Eden regions: 44->0(47)
[2026-02-17T20:36:07.637+0530][gc,heap     ] GC(20) Survivor regions: 7->4(7)
[2026-02-17T20:36:07.637+0530][gc,heap     ] GC(20) Old regions: 28->32
[2026-02-17T20:36:07.637+0530][gc,heap     ] GC(20) Archive regions: 2->2
[2026-02-17T20:36:07.637+0530][gc,heap     ] GC(20) Humongous regions: 129->129
[2026-02-17T20:36:07.637+0530][gc,metaspace] GC(20) Metaspace: 43424K(43968K)->43424K(43968K) NonClass: 38507K(38848K)->38507K(38848K) Class: 4916K(5120K)->4916K(5120K)
[2026-02-17T20:36:07.637+0530][gc          ] GC(20) Pause Young (Normal) (G1 Evacuation Pause) 208M->164M(1024M) 13.893ms
[2026-02-17T20:36:07.637+0530][gc,cpu      ] GC(20) User=0.01s Sys=0.00s Real=0.02s
[2026-02-17T20:38:16.365+0530][gc,start    ] GC(21) Pause Young (Normal) (G1 Evacuation Pause)
[2026-02-17T20:38:16.365+0530][gc,task     ] GC(21) Using 1 workers of 1 for evacuation
[2026-02-17T20:38:16.384+0530][gc,phases   ] GC(21)   Pre Evacuate Collection Set: 0.18ms
[2026-02-17T20:38:16.384+0530][gc,phases   ] GC(21)   Merge Heap Roots: 0.06ms
[2026-02-17T20:38:16.384+0530][gc,phases   ] GC(21)   Evacuate Collection Set: 18.62ms
[2026-02-17T20:38:16.384+0530][gc,phases   ] GC(21)   Post Evacuate Collection Set: 0.70ms
[2026-02-17T20:38:16.384+0530][gc,phases   ] GC(21)   Other: 0.11ms
[2026-02-17T20:38:16.384+0530][gc,heap     ] GC(21) Eden regions: 47->0(47)
[2026-02-17T20:38:16.384+0530][gc,heap     ] GC(21) Survivor regions: 4->4(7)
[2026-02-17T20:38:16.384+0530][gc,heap     ] GC(21) Old regions: 32->32
[2026-02-17T20:38:16.384+0530][gc,heap     ] GC(21) Archive regions: 2->2
[2026-02-17T20:38:16.384+0530][gc,heap     ] GC(21) Humongous regions: 129->129
[2026-02-17T20:38:16.385+0530][gc,metaspace] GC(21) Metaspace: 43436K(43968K)->43436K(43968K) NonClass: 38519K(38848K)->38519K(38848K) Class: 4916K(5120K)->4916K(5120K)
[2026-02-17T20:38:16.385+0530][gc          ] GC(21) Pause Young (Normal) (G1 Evacuation Pause) 211M->165M(1024M) 19.737ms
[2026-02-17T20:38:16.385+0530][gc,cpu      ] GC(21) User=0.01s Sys=0.00s Real=0.02s
[2026-02-17T20:40:24.555+0530][gc,start    ] GC(22) Pause Young (Normal) (G1 Evacuation Pause)
[2026-02-17T20:40:24.555+0530][gc,task     ] GC(22) Using 1 workers of 1 for evacuation
[2026-02-17T20:40:24.564+0530][gc,phases   ] GC(22)   Pre Evacuate Collection Set: 0.14ms
[2026-02-17T20:40:24.564+0530][gc,phases   ] GC(22)   Merge Heap Roots: 0.05ms
[2026-02-17T20:40:24.564+0530][gc,phases   ] GC(22)   Evacuate Collection Set: 8.61ms
[2026-02-17T20:40:24.564+0530][gc,phases   ] GC(22)   Post Evacuate Collection Set: 0.30ms
[2026-02-17T20:40:24.564+0530][gc,phases   ] GC(22)   Other: 0.08ms
[2026-02-17T20:40:24.564+0530][gc,heap     ] GC(22) Eden regions: 47->0(47)
[2026-02-17T20:40:24.564+0530][gc,heap     ] GC(22) Survivor regions: 4->4(7)
[2026-02-17T20:40:24.564+0530][gc,heap     ] GC(22) Old regions: 32->33
[2026-02-17T20:40:24.564+0530][gc,heap     ] GC(22) Archive regions: 2->2
[2026-02-17T20:40:24.564+0530][gc,heap     ] GC(22) Humongous regions: 129->129
[2026-02-17T20:40:24.564+0530][gc,metaspace] GC(22) Metaspace: 43467K(43968K)->43467K(43968K) NonClass: 38550K(38848K)->38550K(38848K) Class: 4916K(5120K)->4916K(5120K)
[2026-02-17T20:40:24.565+0530][gc          ] GC(22) Pause Young (Normal) (G1 Evacuation Pause) 212M->166M(1024M) 9.239ms
[2026-02-17T20:40:24.565+0530][gc,cpu      ] GC(22) User=0.01s Sys=0.00s Real=0.01s
[2026-02-17T20:42:33.804+0530][gc,start    ] GC(23) Pause Young (Normal) (G1 Evacuation Pause)
[2026-02-17T20:42:33.804+0530][gc,task     ] GC(23) Using 1 workers of 1 for evacuation
[2026-02-17T20:42:33.819+0530][gc,phases   ] GC(23)   Pre Evacuate Collection Set: 0.73ms
[2026-02-17T20:42:33.819+0530][gc,phases   ] GC(23)   Merge Heap Roots: 0.14ms
[2026-02-17T20:42:33.819+0530][gc,phases   ] GC(23)   Evacuate Collection Set: 13.75ms
[2026-02-17T20:42:33.819+0530][gc,phases   ] GC(23)   Post Evacuate Collection Set: 0.27ms
[2026-02-17T20:42:33.819+0530][gc,phases   ] GC(23)   Other: 0.09ms
[2026-02-17T20:42:33.819+0530][gc,heap     ] GC(23) Eden regions: 47->0(44)
[2026-02-17T20:42:33.819+0530][gc,heap     ] GC(23) Survivor regions: 4->7(7)
[2026-02-17T20:42:33.819+0530][gc,heap     ] GC(23) Old regions: 33->33
[2026-02-17T20:42:33.819+0530][gc,heap     ] GC(23) Archive regions: 2->2
[2026-02-17T20:42:33.819+0530][gc,heap     ] GC(23) Humongous regions: 129->129
[2026-02-17T20:42:33.819+0530][gc,metaspace] GC(23) Metaspace: 43506K(43968K)->43506K(43968K) NonClass: 38589K(38848K)->38589K(38848K) Class: 4916K(5120K)->4916K(5120K)
[2026-02-17T20:42:33.819+0530][gc          ] GC(23) Pause Young (Normal) (G1 Evacuation Pause) 213M->169M(1024M) 15.039ms
[2026-02-17T20:42:33.819+0530][gc,cpu      ] GC(23) User=0.02s Sys=0.00s Real=0.02s
[2026-02-17T20:44:33.916+0530][gc,start    ] GC(24) Pause Young (Normal) (G1 Evacuation Pause)
[2026-02-17T20:44:33.916+0530][gc,task     ] GC(24) Using 1 workers of 1 for evacuation
[2026-02-17T20:44:33.933+0530][gc,phases   ] GC(24)   Pre Evacuate Collection Set: 0.58ms
[2026-02-17T20:44:33.933+0530][gc,phases   ] GC(24)   Merge Heap Roots: 0.16ms
[2026-02-17T20:44:33.933+0530][gc,phases   ] GC(24)   Evacuate Collection Set: 15.26ms
[2026-02-17T20:44:33.933+0530][gc,phases   ] GC(24)   Post Evacuate Collection Set: 1.01ms
[2026-02-17T20:44:33.933+0530][gc,phases   ] GC(24)   Other: 0.08ms
[2026-02-17T20:44:33.933+0530][gc,heap     ] GC(24) Eden regions: 44->0(47)
[2026-02-17T20:44:33.933+0530][gc,heap     ] GC(24) Survivor regions: 7->4(7)
[2026-02-17T20:44:33.933+0530][gc,heap     ] GC(24) Old regions: 33->37
[2026-02-17T20:44:33.933+0530][gc,heap     ] GC(24) Archive regions: 2->2
[2026-02-17T20:44:33.933+0530][gc,heap     ] GC(24) Humongous regions: 129->129
[2026-02-17T20:44:33.933+0530][gc,metaspace] GC(24) Metaspace: 43520K(43968K)->43520K(43968K) NonClass: 38603K(38848K)->38603K(38848K) Class: 4916K(5120K)->4916K(5120K)
[2026-02-17T20:44:33.933+0530][gc          ] GC(24) Pause Young (Normal) (G1 Evacuation Pause) 213M->170M(1024M) 17.154ms
[2026-02-17T20:44:33.933+0530][gc,cpu      ] GC(24) User=0.02s Sys=0.00s Real=0.02s
[2026-02-17T20:46:44.065+0530][gc,start    ] GC(25) Pause Young (Normal) (G1 Evacuation Pause)
[2026-02-17T20:46:44.065+0530][gc,task     ] GC(25) Using 1 workers of 1 for evacuation
[2026-02-17T20:46:44.086+0530][gc,mmu      ] GC(25) MMU target violated: 20.3ms (20.0ms/21.0ms)
[2026-02-17T20:46:44.086+0530][gc,phases   ] GC(25)   Pre Evacuate Collection Set: 0.33ms
[2026-02-17T20:46:44.086+0530][gc,phases   ] GC(25)   Merge Heap Roots: 0.09ms
[2026-02-17T20:46:44.086+0530][gc,phases   ] GC(25)   Evacuate Collection Set: 19.65ms
[2026-02-17T20:46:44.086+0530][gc,phases   ] GC(25)   Post Evacuate Collection Set: 0.28ms
[2026-02-17T20:46:44.086+0530][gc,phases   ] GC(25)   Other: 0.17ms
[2026-02-17T20:46:44.086+0530][gc,heap     ] GC(25) Eden regions: 47->0(47)
[2026-02-17T20:46:44.086+0530][gc,heap     ] GC(25) Survivor regions: 4->4(7)
[2026-02-17T20:46:44.086+0530][gc,heap     ] GC(25) Old regions: 37->37
[2026-02-17T20:46:44.086+0530][gc,heap     ] GC(25) Archive regions: 2->2
[2026-02-17T20:46:44.086+0530][gc,heap     ] GC(25) Humongous regions: 129->129
[2026-02-17T20:46:44.086+0530][gc,metaspace] GC(25) Metaspace: 43525K(44032K)->43525K(44032K) NonClass: 38608K(38912K)->38608K(38912K) Class: 4916K(5120K)->4916K(5120K)
[2026-02-17T20:46:44.086+0530][gc          ] GC(25) Pause Young (Normal) (G1 Evacuation Pause) 217M->170M(1024M) 20.551ms
[2026-02-17T20:46:44.086+0530][gc,cpu      ] GC(25) User=0.01s Sys=0.00s Real=0.02s
[2026-02-17T20:48:53.519+0530][gc,start    ] GC(26) Pause Young (Normal) (G1 Evacuation Pause)
[2026-02-17T20:48:53.520+0530][gc,task     ] GC(26) Using 1 workers of 1 for evacuation
[2026-02-17T20:48:53.529+0530][gc,phases   ] GC(26)   Pre Evacuate Collection Set: 0.12ms
[2026-02-17T20:48:53.529+0530][gc,phases   ] GC(26)   Merge Heap Roots: 0.06ms
[2026-02-17T20:48:53.529+0530][gc,phases   ] GC(26)   Evacuate Collection Set: 8.59ms
[2026-02-17T20:48:53.529+0530][gc,phases   ] GC(26)   Post Evacuate Collection Set: 0.25ms
[2026-02-17T20:48:53.529+0530][gc,phases   ] GC(26)   Other: 0.37ms
[2026-02-17T20:48:53.529+0530][gc,heap     ] GC(26) Eden regions: 47->0(47)
[2026-02-17T20:48:53.529+0530][gc,heap     ] GC(26) Survivor regions: 4->4(7)
[2026-02-17T20:48:53.529+0530][gc,heap     ] GC(26) Old regions: 37->38
[2026-02-17T20:48:53.529+0530][gc,heap     ] GC(26) Archive regions: 2->2
[2026-02-17T20:48:53.529+0530][gc,heap     ] GC(26) Humongous regions: 129->129
[2026-02-17T20:48:53.529+0530][gc,metaspace] GC(26) Metaspace: 43542K(44096K)->43542K(44096K) NonClass: 38625K(38976K)->38625K(38976K) Class: 4916K(5120K)->4916K(5120K)
[2026-02-17T20:48:53.529+0530][gc          ] GC(26) Pause Young (Normal) (G1 Evacuation Pause) 217M->171M(1024M) 9.499ms
[2026-02-17T20:48:53.529+0530][gc,cpu      ] GC(26) User=0.01s Sys=0.00s Real=0.01s
[2026-02-17T20:51:04.056+0530][gc,start    ] GC(27) Pause Young (Normal) (G1 Evacuation Pause)
[2026-02-17T20:51:04.056+0530][gc,task     ] GC(27) Using 1 workers of 1 for evacuation
[2026-02-17T20:51:04.069+0530][gc,phases   ] GC(27)   Pre Evacuate Collection Set: 0.31ms
[2026-02-17T20:51:04.069+0530][gc,phases   ] GC(27)   Merge Heap Roots: 0.07ms
[2026-02-17T20:51:04.069+0530][gc,phases   ] GC(27)   Evacuate Collection Set: 11.87ms
[2026-02-17T20:51:04.069+0530][gc,phases   ] GC(27)   Post Evacuate Collection Set: 0.24ms
[2026-02-17T20:51:04.069+0530][gc,phases   ] GC(27)   Other: 0.41ms
[2026-02-17T20:51:04.069+0530][gc,heap     ] GC(27) Eden regions: 47->0(44)
[2026-02-17T20:51:04.069+0530][gc,heap     ] GC(27) Survivor regions: 4->7(7)
[2026-02-17T20:51:04.069+0530][gc,heap     ] GC(27) Old regions: 38->38
[2026-02-17T20:51:04.069+0530][gc,heap     ] GC(27) Archive regions: 2->2
[2026-02-17T20:51:04.069+0530][gc,heap     ] GC(27) Humongous regions: 129->129
[2026-02-17T20:51:04.069+0530][gc,metaspace] GC(27) Metaspace: 43553K(44096K)->43553K(44096K) NonClass: 38637K(38976K)->38637K(38976K) Class: 4916K(5120K)->4916K(5120K)
[2026-02-17T20:51:04.069+0530][gc          ] GC(27) Pause Young (Normal) (G1 Evacuation Pause) 218M->174M(1024M) 12.958ms
[2026-02-17T20:51:04.069+0530][gc,cpu      ] GC(27) User=0.01s Sys=0.00s Real=0.02s
[2026-02-17T20:53:09.186+0530][gc,start    ] GC(28) Pause Young (Normal) (G1 Evacuation Pause)
[2026-02-17T20:53:09.186+0530][gc,task     ] GC(28) Using 1 workers of 1 for evacuation
[2026-02-17T20:53:09.199+0530][gc,phases   ] GC(28)   Pre Evacuate Collection Set: 0.24ms
[2026-02-17T20:53:09.199+0530][gc,phases   ] GC(28)   Merge Heap Roots: 0.06ms
[2026-02-17T20:53:09.199+0530][gc,phases   ] GC(28)   Evacuate Collection Set: 12.85ms
[2026-02-17T20:53:09.199+0530][gc,phases   ] GC(28)   Post Evacuate Collection Set: 0.25ms
[2026-02-17T20:53:09.199+0530][gc,phases   ] GC(28)   Other: 0.07ms
[2026-02-17T20:53:09.199+0530][gc,heap     ] GC(28) Eden regions: 44->0(54)
[2026-02-17T20:53:09.199+0530][gc,heap     ] GC(28) Survivor regions: 7->4(7)
[2026-02-17T20:53:09.199+0530][gc,heap     ] GC(28) Old regions: 38->42
[2026-02-17T20:53:09.199+0530][gc,heap     ] GC(28) Archive regions: 2->2
[2026-02-17T20:53:09.199+0530][gc,heap     ] GC(28) Humongous regions: 129->129
[2026-02-17T20:53:09.199+0530][gc,metaspace] GC(28) Metaspace: 43595K(44096K)->43595K(44096K) NonClass: 38669K(38976K)->38669K(38976K) Class: 4926K(5120K)->4926K(5120K)
[2026-02-17T20:53:09.199+0530][gc          ] GC(28) Pause Young (Normal) (G1 Evacuation Pause) 218M->175M(1024M) 13.717ms
[2026-02-17T20:53:09.199+0530][gc,cpu      ] GC(28) User=0.01s Sys=0.00s Real=0.02s
[2026-02-17T20:55:46.513+0530][gc,start    ] GC(29) Pause Young (Normal) (G1 Evacuation Pause)
[2026-02-17T20:55:46.513+0530][gc,task     ] GC(29) Using 1 workers of 1 for evacuation
[2026-02-17T20:55:46.522+0530][gc,phases   ] GC(29)   Pre Evacuate Collection Set: 0.55ms
[2026-02-17T20:55:46.522+0530][gc,phases   ] GC(29)   Merge Heap Roots: 0.08ms
[2026-02-17T20:55:46.522+0530][gc,phases   ] GC(29)   Evacuate Collection Set: 8.80ms
[2026-02-17T20:55:46.522+0530][gc,phases   ] GC(29)   Post Evacuate Collection Set: 0.29ms
[2026-02-17T20:55:46.522+0530][gc,phases   ] GC(29)   Other: 0.09ms
[2026-02-17T20:55:46.522+0530][gc,heap     ] GC(29) Eden regions: 54->0(77)
[2026-02-17T20:55:46.522+0530][gc,heap     ] GC(29) Survivor regions: 4->4(8)
[2026-02-17T20:55:46.522+0530][gc,heap     ] GC(29) Old regions: 42->42
[2026-02-17T20:55:46.522+0530][gc,heap     ] GC(29) Archive regions: 2->2
[2026-02-17T20:55:46.522+0530][gc,heap     ] GC(29) Humongous regions: 129->129
[2026-02-17T20:55:46.523+0530][gc,metaspace] GC(29) Metaspace: 43611K(44096K)->43611K(44096K) NonClass: 38685K(38976K)->38685K(38976K) Class: 4926K(5120K)->4926K(5120K)
[2026-02-17T20:55:46.523+0530][gc          ] GC(29) Pause Young (Normal) (G1 Evacuation Pause) 229M->175M(1024M) 9.930ms
[2026-02-17T20:55:46.523+0530][gc,cpu      ] GC(29) User=0.01s Sys=0.01s Real=0.01s
[2026-02-17T20:59:15.164+0530][gc,start    ] GC(30) Pause Young (Normal) (G1 Evacuation Pause)
[2026-02-17T20:59:15.164+0530][gc,task     ] GC(30) Using 1 workers of 1 for evacuation
[2026-02-17T20:59:15.180+0530][gc,phases   ] GC(30)   Pre Evacuate Collection Set: 0.32ms
[2026-02-17T20:59:15.180+0530][gc,phases   ] GC(30)   Merge Heap Roots: 0.15ms
[2026-02-17T20:59:15.180+0530][gc,phases   ] GC(30)   Evacuate Collection Set: 14.56ms
[2026-02-17T20:59:15.180+0530][gc,phases   ] GC(30)   Post Evacuate Collection Set: 0.26ms
[2026-02-17T20:59:15.180+0530][gc,phases   ] GC(30)   Other: 0.16ms
[2026-02-17T20:59:15.180+0530][gc,heap     ] GC(30) Eden regions: 77->0(44)
[2026-02-17T20:59:15.180+0530][gc,heap     ] GC(30) Survivor regions: 4->7(11)
[2026-02-17T20:59:15.180+0530][gc,heap     ] GC(30) Old regions: 42->42
[2026-02-17T20:59:15.180+0530][gc,heap     ] GC(30) Archive regions: 2->2
[2026-02-17T20:59:15.180+0530][gc,heap     ] GC(30) Humongous regions: 129->129
[2026-02-17T20:59:15.180+0530][gc,metaspace] GC(30) Metaspace: 43635K(44160K)->43635K(44160K) NonClass: 38707K(39040K)->38707K(39040K) Class: 4927K(5120K)->4927K(5120K)
[2026-02-17T20:59:15.180+0530][gc          ] GC(30) Pause Young (Normal) (G1 Evacuation Pause) 252M->178M(1024M) 15.501ms
[2026-02-17T20:59:15.180+0530][gc,cpu      ] GC(30) User=0.01s Sys=0.01s Real=0.02s
[2026-02-17T21:01:02.480+0530][gc,start    ] GC(31) Pause Young (Normal) (G1 Evacuation Pause)
[2026-02-17T21:01:02.480+0530][gc,task     ] GC(31) Using 1 workers of 1 for evacuation
[2026-02-17T21:01:02.496+0530][gc,phases   ] GC(31)   Pre Evacuate Collection Set: 0.32ms
[2026-02-17T21:01:02.496+0530][gc,phases   ] GC(31)   Merge Heap Roots: 0.19ms
[2026-02-17T21:01:02.496+0530][gc,phases   ] GC(31)   Evacuate Collection Set: 15.73ms
[2026-02-17T21:01:02.496+0530][gc,phases   ] GC(31)   Post Evacuate Collection Set: 0.34ms
[2026-02-17T21:01:02.496+0530][gc,phases   ] GC(31)   Other: 0.13ms
[2026-02-17T21:01:02.496+0530][gc,heap     ] GC(31) Eden regions: 44->0(59)
[2026-02-17T21:01:02.496+0530][gc,heap     ] GC(31) Survivor regions: 7->5(7)
[2026-02-17T21:01:02.496+0530][gc,heap     ] GC(31) Old regions: 42->47
[2026-02-17T21:01:02.496+0530][gc,heap     ] GC(31) Archive regions: 2->2
[2026-02-17T21:01:02.497+0530][gc,heap     ] GC(31) Humongous regions: 147->147
[2026-02-17T21:01:02.497+0530][gc,metaspace] GC(31) Metaspace: 43834K(44352K)->43834K(44352K) NonClass: 38870K(39168K)->38870K(39168K) Class: 4964K(5184K)->4964K(5184K)
[2026-02-17T21:01:02.497+0530][gc          ] GC(31) Pause Young (Normal) (G1 Evacuation Pause) 240M->198M(1024M) 16.765ms
[2026-02-17T21:01:02.497+0530][gc,cpu      ] GC(31) User=0.01s Sys=0.00s Real=0.02s
[2026-02-17T21:03:15.927+0530][gc,start    ] GC(32) Pause Young (Normal) (G1 Evacuation Pause)
[2026-02-17T21:03:15.927+0530][gc,task     ] GC(32) Using 1 workers of 1 for evacuation
[2026-02-17T21:03:15.937+0530][gc,phases   ] GC(32)   Pre Evacuate Collection Set: 0.34ms
[2026-02-17T21:03:15.937+0530][gc,phases   ] GC(32)   Merge Heap Roots: 0.16ms
[2026-02-17T21:03:15.937+0530][gc,phases   ] GC(32)   Evacuate Collection Set: 8.83ms
[2026-02-17T21:03:15.937+0530][gc,phases   ] GC(32)   Post Evacuate Collection Set: 0.24ms
[2026-02-17T21:03:15.937+0530][gc,phases   ] GC(32)   Other: 0.08ms
[2026-02-17T21:03:15.937+0530][gc,heap     ] GC(32) Eden regions: 49->0(147)
[2026-02-17T21:03:15.937+0530][gc,heap     ] GC(32) Survivor regions: 5->2(7)
[2026-02-17T21:03:15.937+0530][gc,heap     ] GC(32) Old regions: 47->50
[2026-02-17T21:03:15.937+0530][gc,heap     ] GC(32) Archive regions: 2->2
[2026-02-17T21:03:15.937+0530][gc,heap     ] GC(32) Humongous regions: 147->147
[2026-02-17T21:03:15.937+0530][gc,metaspace] GC(32) Metaspace: 43843K(44352K)->43843K(44352K) NonClass: 38879K(39168K)->38879K(39168K) Class: 4964K(5184K)->4964K(5184K)
[2026-02-17T21:03:15.937+0530][gc          ] GC(32) Pause Young (Normal) (G1 Evacuation Pause) 247M->198M(1024M) 9.695ms
[2026-02-17T21:03:15.937+0530][gc,cpu      ] GC(32) User=0.01s Sys=0.00s Real=0.01s
[2026-02-17T21:10:02.893+0530][gc,start    ] GC(33) Pause Young (Normal) (G1 Evacuation Pause)
[2026-02-17T21:10:02.893+0530][gc,task     ] GC(33) Using 1 workers of 1 for evacuation
[2026-02-17T21:10:02.911+0530][gc,phases   ] GC(33)   Pre Evacuate Collection Set: 0.23ms
[2026-02-17T21:10:02.911+0530][gc,phases   ] GC(33)   Merge Heap Roots: 0.06ms
[2026-02-17T21:10:02.911+0530][gc,phases   ] GC(33)   Evacuate Collection Set: 17.78ms
[2026-02-17T21:10:02.911+0530][gc,phases   ] GC(33)   Post Evacuate Collection Set: 0.29ms
[2026-02-17T21:10:02.911+0530][gc,phases   ] GC(33)   Other: 0.09ms
[2026-02-17T21:10:02.911+0530][gc,heap     ] GC(33) Eden regions: 147->0(44)
[2026-02-17T21:10:02.911+0530][gc,heap     ] GC(33) Survivor regions: 2->7(19)
[2026-02-17T21:10:02.911+0530][gc,heap     ] GC(33) Old regions: 50->50
[2026-02-17T21:10:02.911+0530][gc,heap     ] GC(33) Archive regions: 2->2
[2026-02-17T21:10:02.911+0530][gc,heap     ] GC(33) Humongous regions: 147->147
[2026-02-17T21:10:02.911+0530][gc,metaspace] GC(33) Metaspace: 43885K(44416K)->43885K(44416K) NonClass: 38920K(39232K)->38920K(39232K) Class: 4964K(5184K)->4964K(5184K)
[2026-02-17T21:10:02.911+0530][gc          ] GC(33) Pause Young (Normal) (G1 Evacuation Pause) 345M->204M(1024M) 18.534ms
[2026-02-17T21:10:02.911+0530][gc,cpu      ] GC(33) User=0.01s Sys=0.01s Real=0.02s
[2026-02-17T21:12:03.800+0530][gc,start    ] GC(34) Pause Young (Normal) (G1 Evacuation Pause)
[2026-02-17T21:12:03.801+0530][gc,task     ] GC(34) Using 1 workers of 1 for evacuation
[2026-02-17T21:12:03.870+0530][gc,mmu      ] GC(34) MMU target violated: 21.0ms (20.0ms/21.0ms)
[2026-02-17T21:12:03.871+0530][gc,phases   ] GC(34)   Pre Evacuate Collection Set: 1.02ms
[2026-02-17T21:12:03.871+0530][gc,phases   ] GC(34)   Merge Heap Roots: 0.88ms
[2026-02-17T21:12:03.871+0530][gc,phases   ] GC(34)   Evacuate Collection Set: 67.50ms
[2026-02-17T21:12:03.871+0530][gc,phases   ] GC(34)   Post Evacuate Collection Set: 0.56ms
[2026-02-17T21:12:03.871+0530][gc,phases   ] GC(34)   Other: 0.13ms
[2026-02-17T21:12:03.871+0530][gc,heap     ] GC(34) Eden regions: 44->0(49)
[2026-02-17T21:12:03.871+0530][gc,heap     ] GC(34) Survivor regions: 7->2(7)
[2026-02-17T21:12:03.871+0530][gc,heap     ] GC(34) Old regions: 50->55
[2026-02-17T21:12:03.871+0530][gc,heap     ] GC(34) Archive regions: 2->2
[2026-02-17T21:12:03.871+0530][gc,heap     ] GC(34) Humongous regions: 147->147
[2026-02-17T21:12:03.871+0530][gc,metaspace] GC(34) Metaspace: 43897K(44480K)->43897K(44480K) NonClass: 38933K(39296K)->38933K(39296K) Class: 4964K(5184K)->4964K(5184K)
[2026-02-17T21:12:03.871+0530][gc          ] GC(34) Pause Young (Normal) (G1 Evacuation Pause) 248M->204M(1024M) 70.122ms
[2026-02-17T21:12:03.871+0530][gc,cpu      ] GC(34) User=0.02s Sys=0.00s Real=0.07s
[2026-02-17T21:14:18.387+0530][gc,start    ] GC(35) Pause Young (Normal) (G1 Evacuation Pause)
[2026-02-17T21:14:18.387+0530][gc,task     ] GC(35) Using 1 workers of 1 for evacuation
[2026-02-17T21:14:18.395+0530][gc,phases   ] GC(35)   Pre Evacuate Collection Set: 0.29ms
[2026-02-17T21:14:18.395+0530][gc,phases   ] GC(35)   Merge Heap Roots: 0.07ms
[2026-02-17T21:14:18.395+0530][gc,phases   ] GC(35)   Evacuate Collection Set: 6.80ms
[2026-02-17T21:14:18.395+0530][gc,phases   ] GC(35)   Post Evacuate Collection Set: 0.22ms
[2026-02-17T21:14:18.395+0530][gc,phases   ] GC(35)   Other: 0.09ms
[2026-02-17T21:14:18.395+0530][gc,heap     ] GC(35) Eden regions: 49->0(48)
[2026-02-17T21:14:18.395+0530][gc,heap     ] GC(35) Survivor regions: 2->3(7)
[2026-02-17T21:14:18.395+0530][gc,heap     ] GC(35) Old regions: 55->55
[2026-02-17T21:14:18.395+0530][gc,heap     ] GC(35) Archive regions: 2->2
[2026-02-17T21:14:18.395+0530][gc,heap     ] GC(35) Humongous regions: 147->147
[2026-02-17T21:14:18.395+0530][gc,metaspace] GC(35) Metaspace: 43902K(44480K)->43902K(44480K) NonClass: 38937K(39296K)->38937K(39296K) Class: 4964K(5184K)->4964K(5184K)
[2026-02-17T21:14:18.395+0530][gc          ] GC(35) Pause Young (Normal) (G1 Evacuation Pause) 253M->205M(1024M) 7.513ms
[2026-02-17T21:14:18.395+0530][gc,cpu      ] GC(35) User=0.00s Sys=0.00s Real=0.00s
[2026-02-17T21:16:30.350+0530][gc,start    ] GC(36) Pause Young (Normal) (G1 Evacuation Pause)
[2026-02-17T21:16:30.350+0530][gc,task     ] GC(36) Using 1 workers of 1 for evacuation
[2026-02-17T21:16:30.375+0530][gc,mmu      ] GC(36) MMU target violated: 21.0ms (20.0ms/21.0ms)
[2026-02-17T21:16:30.375+0530][gc,phases   ] GC(36)   Pre Evacuate Collection Set: 0.73ms
[2026-02-17T21:16:30.375+0530][gc,phases   ] GC(36)   Merge Heap Roots: 0.05ms
[2026-02-17T21:16:30.375+0530][gc,phases   ] GC(36)   Evacuate Collection Set: 23.04ms
[2026-02-17T21:16:30.375+0530][gc,phases   ] GC(36)   Post Evacuate Collection Set: 1.82ms
[2026-02-17T21:16:30.375+0530][gc,phases   ] GC(36)   Other: 0.13ms
[2026-02-17T21:16:30.375+0530][gc,heap     ] GC(36) Eden regions: 48->0(44)
[2026-02-17T21:16:30.375+0530][gc,heap     ] GC(36) Survivor regions: 3->7(7)
[2026-02-17T21:16:30.376+0530][gc,heap     ] GC(36) Old regions: 55->55
[2026-02-17T21:16:30.376+0530][gc,heap     ] GC(36) Archive regions: 2->2
[2026-02-17T21:16:30.376+0530][gc,heap     ] GC(36) Humongous regions: 147->147
[2026-02-17T21:16:30.376+0530][gc,metaspace] GC(36) Metaspace: 43904K(44480K)->43904K(44480K) NonClass: 38940K(39296K)->38940K(39296K) Class: 4964K(5184K)->4964K(5184K)
[2026-02-17T21:16:30.376+0530][gc          ] GC(36) Pause Young (Normal) (G1 Evacuation Pause) 253M->209M(1024M) 25.809ms
[2026-02-17T21:16:30.376+0530][gc,cpu      ] GC(36) User=0.01s Sys=0.00s Real=0.02s
